REF: వీరిలో ప్రధానంగా [31mఏడుగురు[0m నోట్ల [31m********[0m [31mమార్పిడిలో[0m [31mక్రియాశీలకంగా[0m వ్యవహరించారని పేర్కొన్నారు
HYP: వీరిలో ప్రధానంగా [31mనీటి   [0m నోట్ల [31mమారిపేటు[0m [31mఫీఆర్ఎస్  [0m [31mలెంగా        [0m వ్యవహరించారని పేర్కొన్నారు
SENTENCE 1
Correct          =  62.5%    5   (     8)
Errors           =  50.0%    4   (     8)
REF: అందుకు [31mరాజు[0m [31mభార్య[0m [31mనందరాజుగారు [0m [31mవిహార      [0m [31mయాత్రకు   [0m వెళ్ళారు
HYP: అందుకు [31m****[0m [31m*****[0m [31mరాజీజ్యాన్ని[0m [31mఅంతరాజంగానే[0m [31mవ్యాఖ్యలకు[0m వెళ్ళారు
SENTENCE 2
Correct          =  28.6%    2   (     7)
Errors           =  71.4%    5   (     7)
REF: అసెంబ్లీలో రోజా వివాదంపై [31mప్రివిలేజ్[0m కమిటీ ఇచ్చిన [31m**[0m [31m*******[0m [31mనివేదికపై[0m నిర్వహించిన చర్చలో ఆయన [31mవివాదాస్పద[0m వ్యాఖ్యలు చేశారు
HYP: అసెంబ్లీలో రోజా వివాదంపై [31mప్రేమించిన[0m కమిటీ ఇచ్చిన [31mనవ[0m [31mయబ్బీర్[0m [31mఎక్కిపై  [0m నిర్వహించిన చర్చలో ఆయన [31mద్వారం    [0m వ్యాఖ్యలు చేశారు
SENTENCE 3
Correct          =  76.9%   10   (    13)
Errors           =  38.5%    5   (    13)
REF: ఈ నేపథ్యంలో [31mభూమా    [0m [31mనాగిరెడ్డి[0m కార్యకర్తలతో సమావేశం [31mకావడం  [0m చర్చనీయాంశమైంది
HYP: ఈ నేపథ్యంలో [31mభవనాన్ని[0m [31mరెడ్డి    [0m కార్యకర్తలతో సమావేశం [31mకావడంతో[0m చర్చనీయాంశమైంది
SENTENCE 4
Correct          =  62.5%    5   (     8)
Errors           =  37.5%    3   (     8)
REF: అంటే [31mఎందుకు  [0m [31mవస్తున్నాడు[0m అనేది మనము
HYP: అంటే [31mఎందుకోసం[0m [31mనాడు       [0m అనేది మనము
SENTENCE 5
Correct          =  60.0%    3   (     5)
Errors           =  40.0%    2   (     5)
REF: [31mఅవుతుంటాయి[0m
HYP: [31mఅవుతుంది  [0m
SENTENCE 6
Correct          =   0.0%    0   (     1)
Errors           = 100.0%    1   (     1)
REF: గత రెండు [31m******[0m [31m***[0m [31mనెలల్లో    [0m [31mశాంసంగ్  [0m [31mతన    [0m [31mఫోన్ల   [0m [31mఅమ్మకాలు[0m [31mఆపేయడం   [0m [31mఇది  [0m [31mరెండోసారి[0m
HYP: గత రెండు [31mనిమాతల[0m [31mనెల[0m [31mనిర్లక్ష్యం[0m [31mవహించడంతో[0m [31mప్రముఖ[0m [31mమంగళవారం[0m [31mఆవేదన   [0m [31mవ్యక్తిని[0m [31mఇక్కడ[0m [31mసాగి     [0m
SENTENCE 7
Correct          =  20.0%    2   (    10)
Errors           = 100.0%   10   (    10)
REF: అలా
HYP: అలా
SENTENCE 8
Correct          = 100.0%    1   (     1)
Errors           =   0.0%    0   (     1)
REF: [31m********[0m [31mఆమోదించి   [0m [31mకేంద్రానికి[0m [31mపంపిస్తామన్నారు[0m
HYP: [31mఆమోదించే[0m [31mకేంద్రాన్ని[0m [31mబంగం       [0m [31mఇస్తామన్నారు   [0m
SENTENCE 9
Correct          =   0.0%    0   (     3)
Errors           = 133.3%    4   (     3)
REF: [31mఅవునండి [0m చెప్పండి
HYP: [31mఅవునవును[0m చెప్పండి
SENTENCE 10
Correct          =  50.0%    1   (     2)
Errors           =  50.0%    1   (     2)
REF: అలా చేస్తారా
HYP: అలా చేస్తారా
SENTENCE 11
Correct          = 100.0%    2   (     2)
Errors           =   0.0%    0   (     2)
REF: [31mదీనితో[0m ప్రజావాణి
HYP: [31mదీంతో [0m ప్రజావాణి
SENTENCE 12
Correct          =  50.0%    1   (     2)
Errors           =  50.0%    1   (     2)
REF: [31mనువ్వు[0m [31mఇంట్లోనే[0m [31mఉన్నావు[0m [31mవచ్చేసావా[0m [31mఇంటికి[0m
HYP: [31mమీ    [0m [31mఇంట్లో  [0m [31mఎవ్వరు [0m [31mచూశావా   [0m [31mఇంకే  [0m
SENTENCE 13
Correct          =   0.0%    0   (     5)
Errors           = 100.0%    5   (     5)
REF: కాకినాడ వైజాగ్ [31m*****[0m [31mహైదరాబాద్[0m
HYP: కాకినాడ వైజాగ్ [31mఅనేది[0m [31mమరి      [0m
SENTENCE 14
Correct          =  66.7%    2   (     3)
Errors           =  66.7%    2   (     3)
REF: అంటే ఏమిటి
HYP: అంటే ఏమిటి
SENTENCE 15
Correct          = 100.0%    2   (     2)
Errors           =   0.0%    0   (     2)
REF: [31m******[0m [31mఒడిశా      [0m [31mపరిసరాల్లో[0m [31mఆవర్తనం   [0m [31mబలహీనమైనట్లు[0m అధికారులు [31mవివరిస్తున్నారు  [0m
HYP: [31mవైసాపి[0m [31mపరిశ్రాల్లో[0m [31mఆ         [0m [31mవార్తాన్ని[0m [31mవెలగపడి     [0m అధికారులు [31mనిర్వహిస్తున్నారు[0m
SENTENCE 16
Correct          =  16.7%    1   (     6)
Errors           = 100.0%    6   (     6)
REF: అవునవును
HYP: అవునవును
SENTENCE 17
Correct          = 100.0%    1   (     1)
Errors           =   0.0%    0   (     1)
REF: వాళ్ళకి [31m*******[0m [31mఇప్పటినుంచే[0m నేర్పిస్తే
HYP: వాళ్ళకి [31mఇప్పుడు[0m [31mనుంచి      [0m నేర్పిస్తే
SENTENCE 18
Correct          =  66.7%    2   (     3)
Errors           =  66.7%    2   (     3)
REF: అవును
HYP: అవును
SENTENCE 19
Correct          = 100.0%    1   (     1)
Errors           =   0.0%    0   (     1)
REF: ఆరోపణలు [31m*********[0m [31mచేసినంత[0m [31mమాత్రాన[0m [31mనేరగాళ్లు[0m [31mకాదని[0m జగన్ కేసును [31mఉధ్దేశించి[0m [31mఅంబటి [0m [31mరాంబాబు[0m [31mవ్యాఖ్యానించారు[0m
HYP: ఆరోపణలు [31mచేసేందుకు[0m [31mతమ     [0m [31mతనను   [0m [31mనిరాకరకు [0m [31mఆదాయం[0m జగన్ కేసును [31mఉద్దేశించి[0m [31mఉమ్మడి[0m [31mరంగంలో [0m [31mవిక్రయించారు   [0m
SENTENCE 20
Correct          =  27.3%    3   (    11)
Errors           =  81.8%    9   (    11)
REF: కానీ [31mఅయినకి[0m [31mమాన్   [0m [31mపిల్లలు[0m [31mఅంటే     [0m చాలా ప్రేమ [31mఅయినకి    [0m
HYP: కానీ [31m******[0m [31mఅయిపోయి[0m [31mమన     [0m [31mపిల్లలంటే[0m చాలా ప్రేమ [31mఅయిపొయింది[0m
SENTENCE 21
Correct          =  37.5%    3   (     8)
Errors           =  62.5%    5   (     8)
REF: [31mమామిడికాయ[0m [31mపచ్చడి [0m [31mఏస్కోని[0m [31mతింటే       [0m [31mచాలా[0m [31mబాగుంటాది[0m అండి నాకు చాలా ఇష్టం [31m***[0m [31mఅండి[0m [31mగోంగూర[0m [31mపప్పంటే[0m
HYP: [31mమా       [0m [31mఅబ్బాయి[0m [31mకి     [0m [31mపర్చేసుకుంది[0m [31mదాని[0m [31mబాగుంటది [0m అండి నాకు చాలా ఇష్టం [31mఅని[0m [31mఇది [0m [31mగురు  [0m [31mపండి   [0m
SENTENCE 22
Correct          =  30.8%    4   (    13)
Errors           =  76.9%   10   (    13)
REF: అవునవును
HYP: అవునవును
SENTENCE 23
Correct          = 100.0%    1   (     1)
Errors           =   0.0%    0   (     1)
REF: ఉదయం పదిన్నర గంటలకు [31m****[0m [31mకోరమంగళలోని[0m [31mకార్యాలయానికి    [0m చేరుకోవడానికి [31m******[0m [31mనగరబావిలోని[0m [31mఇంటి    [0m [31mనుంచి        [0m [31mబయలుదేరాడు[0m
HYP: ఉదయం పదిన్నర గంటలకు [31mకోరు[0m [31mమంగళలోని   [0m [31mకార్యాలయాన్నిచ్చి[0m చేరుకోవడానికి [31mకేంద్ర[0m [31mబాధలు      [0m [31mనిండించి[0m [31mబయలుదేరినట్టు[0m [31mతెలిపాడు  [0m
SENTENCE 24
Correct          =  40.0%    4   (    10)
Errors           =  80.0%    8   (    10)
REF: [31mకొంచం [0m [31mవ్యతిరేకంగా[0m [31mబ్రతుకుతున్నారు[0m కానీ
HYP: [31mకొంచెం[0m [31mవేతెయ్యిందో[0m [31mపెడుతున్నరు    [0m కానీ
SENTENCE 25
Correct          =  25.0%    1   (     4)
Errors           =  75.0%    3   (     4)
REF: చూడలేదండి
HYP: చూడలేదండి
SENTENCE 26
Correct          = 100.0%    1   (     1)
Errors           =   0.0%    0   (     1)
REF: ఇప్పుడు
HYP: ఇప్పుడు
SENTENCE 27
Correct          = 100.0%    1   (     1)
Errors           =   0.0%    0   (     1)
REF: [31m*********[0m [31mఅదండి[0m [31mసంగతి[0m
HYP: [31mరాజమండ్రి[0m [31mసాయం [0m [31mగది  [0m
SENTENCE 28
Correct          =   0.0%    0   (     2)
Errors           = 150.0%    3   (     2)
REF: అది నిజమే
HYP: అది నిజమే
SENTENCE 29
Correct          = 100.0%    2   (     2)
Errors           =   0.0%    0   (     2)
REF: [31mపది[0m [31mఅడుగుల  [0m [31mమేర    [0m [31mబయటకు[0m [31mదీన్ని      [0m [31mనిర్మించారంట[0m [31mఅండి[0m
HYP: [31mపదో[0m [31mరెడ్డితో[0m [31mమేరపైకి[0m [31mది   [0m [31mనిర్మించారని[0m [31mఅంటే        [0m [31mది  [0m
SENTENCE 30
Correct          =   0.0%    0   (     7)
Errors           = 100.0%    7   (     7)
REF: ఇదే తరహా [31m*******[0m [31mసౌలభ్యతం[0m [31mవిండోస్ [0m ఆధారిత [31m******[0m [31mపీసీలకు[0m [31mఅందుబాటులో[0m వచ్చింది
HYP: ఇదే తరహా [31mసోదరుడి[0m [31mపై      [0m [31mవిమర్శలు[0m ఆధారిత [31mపీస్తి[0m [31mలేకుండా[0m [31mపట్టులో   [0m వచ్చింది
SENTENCE 31
Correct          =  50.0%    4   (     8)
Errors           =  75.0%    6   (     8)
REF: చేసుకుంటూ వాళ్ళతో [31mఇది [0m [31mపెంచకుండా     [0m [31mఅదీ[0m [31mఅవుతుంది[0m కదా
HYP: చేసుకుంటూ వాళ్ళతో [31mఇంతి[0m [31mపెంచుకుంటున్నా[0m [31mఅది[0m [31mయువత    [0m కదా
SENTENCE 32
Correct          =  42.9%    3   (     7)
Errors           =  57.1%    4   (     7)
REF: ఆహా
HYP: ఆహా
SENTENCE 33
Correct          = 100.0%    1   (     1)
Errors           =   0.0%    0   (     1)
REF: అంటే
HYP: అంటే
SENTENCE 34
Correct          = 100.0%    1   (     1)
Errors           =   0.0%    0   (     1)
REF: అధికారులు అనుమానం వ్యక్తం చేస్తున్నారు
HYP: అధికారులు అనుమానం వ్యక్తం చేస్తున్నారు
SENTENCE 35
Correct          = 100.0%    4   (     4)
Errors           =   0.0%    0   (     4)
REF: అన్ని [31mవర్గాలు[0m కులాల [31mమతాల[0m [31mప్రజలు[0m శాంతి [31mసమక్షం[0m [31mతో[0m [31mపాటు[0m [31mస్వేచ్ఛగా [0m [31mజీవనం[0m [31mసాగించే [0m [31mవ్యవస్థ  [0m కోసం జాతీయ [31m******[0m [31mపిత   [0m [31mమహాత్మాగాంధీ[0m [31mపోరాటం [0m చేస్తున్నారన్నారు
HYP: అన్ని [31mవర్గాల [0m కులాల [31mభవన [0m [31mప్రజల [0m శాంతి [31m******[0m [31m**[0m [31m****[0m [31mసమర్పించిన[0m [31mతోటను[0m [31mసేకరించే[0m [31mవ్యక్తితో[0m కోసం జాతీయ [31mపెత్తత[0m [31mమాత్రం[0m [31mఅన్ని       [0m [31mపోర్టుల[0m చేస్తున్నారన్నారు
SENTENCE 36
Correct          =  31.6%    6   (    19)
Errors           =  73.7%   14   (    19)
REF: అలాగే [31mపెట్టారు    [0m
HYP: అలాగే [31mపెడుతున్నారు[0m
SENTENCE 37
Correct          =  50.0%    1   (     2)
Errors           =  50.0%    1   (     2)
REF: స్వచ్ఛ [31mతెలంగాణ  [0m [31mపోయి[0m దత్తత [31mతెలంగాణ [0m అంటున్నారని మండిపడ్డారు
HYP: స్వచ్ఛ [31mదరంగాన్ని[0m [31mపోగి[0m దత్తత [31mతెలంగాణా[0m అంటున్నారని మండిపడ్డారు
SENTENCE 38
Correct          =  57.1%    4   (     7)
Errors           =  42.9%    3   (     7)
REF: [31mబయటకి      [0m [31mవచ్చినప్పుడే[0m
HYP: [31mబయటకొచ్చినా[0m [31mఉడ్డేది     [0m
SENTENCE 39
Correct          =   0.0%    0   (     2)
Errors           = 100.0%    2   (     2)
REF: చాలా
HYP: చాలా
SENTENCE 40
Correct          = 100.0%    1   (     1)
Errors           =   0.0%    0   (     1)
REF: నేను [31mనా[0m దేశం [31mగురించ్చి[0m [31mఇలా[0m [31mచేశాను[0m [31mఅని   [0m చెప్పేసి
HYP: నేను [31m**[0m దేశం [31mగురించి  [0m [31mఎలా[0m [31mచేసారు[0m [31mచేసాను[0m చెప్పేసి
SENTENCE 41
Correct          =  37.5%    3   (     8)
Errors           =  62.5%    5   (     8)
REF: [31mకాని[0m [31mమన   [0m [31mదేశంలో [0m ఇంకా [31mఅయ్యే[0m [31mఉన్నయి  [0m [31mఎప్పుడు[0m చెప్పినా [31mఎంత[0m [31mమంది     [0m [31mఎన్ని [0m చట్టాలు తీసుకొచ్చినా
HYP: [31m****[0m [31mనన్ను[0m [31mఅదేశాలు[0m ఇంకా [31m*****[0m [31mఏమున్నయి[0m [31mఎక్కువ [0m చెప్పినా [31m***[0m [31mఏంట్లతోను[0m [31mదీనిని[0m చట్టాలు తీసుకొచ్చినా
SENTENCE 42
Correct          =  30.8%    4   (    13)
Errors           =  69.2%    9   (    13)
REF: తిరిగి [31mవెంకటరెడ్డిపల్లెకు[0m వచ్చిన తర్వాత ఆమె గర్భం దాల్చింది
HYP: తిరిగి [31mవెంకటరెడ్డి       [0m వచ్చిన తర్వాత ఆమె గర్భం దాల్చింది
SENTENCE 43
Correct          =  85.7%    6   (     7)
Errors           =  14.3%    1   (     7)
REF: [31mఅవును[0m [31mజీ[0m [31mతెలుగు  [0m [31mవస్తుందా          [0m మీకు
HYP: [31m*****[0m [31m**[0m [31mఆలోచించే[0m [31mతెలుగువాడ్తున్నారు[0m మీకు
SENTENCE 44
Correct          =  20.0%    1   (     5)
Errors           =  80.0%    4   (     5)
REF: కోస్తా తీరం వెంబడి అన్ని [31mఓడరేవుల్లోనూ[0m ప్రమాద [31m********[0m [31mహెచ్చరికలు[0m జారీ చేశామని చెప్పారు
HYP: కోస్తా తీరం వెంబడి అన్ని [31mఓటరేయుల్లో  [0m ప్రమాద [31mప్రమాదకర[0m [31mజల్లా     [0m జారీ చేశామని చెప్పారు
SENTENCE 45
Correct          =  80.0%    8   (    10)
Errors           =  30.0%    3   (    10)
REF: నా పేరు [31mకవిత [0m అండి
HYP: నా పేరు [31mకరీదా[0m అండి
SENTENCE 46
Correct          =  75.0%    3   (     4)
Errors           =  25.0%    1   (     4)
REF: [31mతుని[0m [31mఘటనలో[0m ఆయనకు [31mసిఐడి  [0m ఇటీవల [31mనోటీసులు[0m ఇచ్చింది
HYP: [31mతొలి[0m [31mఘటనల [0m ఆయనకు [31mసిఐటియు[0m ఇటీవల [31mనోటిసులు[0m ఇచ్చింది
SENTENCE 47
Correct          =  42.9%    3   (     7)
Errors           =  57.1%    4   (     7)
REF: మాట్లాడితే [31mఏమో   [0m [31mఎలా[0m
HYP: మాట్లాడితే [31mఉమ్మడి[0m [31mవా [0m
SENTENCE 48
Correct          =  33.3%    1   (     3)
Errors           =  66.7%    2   (     3)
REF: మీరు
HYP: మీరు
SENTENCE 49
Correct          = 100.0%    1   (     1)
Errors           =   0.0%    0   (     1)
REF: చాలా బావుంటది
HYP: చాలా బావుంటది
SENTENCE 50
Correct          = 100.0%    2   (     2)
Errors           =   0.0%    0   (     2)
REF: [31m******[0m [31mమొబైల్స్[0m [31mఅవి[0m ఎలా [31mఉంటాయి    [0m [31mమొబైల్స్[0m
HYP: [31mముపాయి[0m [31mసంవాగ్  [0m [31mలో [0m ఎలా [31mఉంటున్నారు[0m [31mబాగా    [0m
SENTENCE 51
Correct          =  20.0%    1   (     5)
Errors           = 100.0%    5   (     5)
REF: అభివృద్ధి పేరుతో భూమికి అనేక [31m*****[0m [31mరకాలుగా[0m [31mవిఘాతం[0m [31mకలిగిస్తున్నాం[0m
HYP: అభివృద్ధి పేరుతో భూమికి అనేక [31mరకాలు[0m [31mవివిధ  [0m [31mతరగతి [0m [31mకల్పిస్తున్నాం[0m
SENTENCE 52
Correct          =  57.1%    4   (     7)
Errors           =  57.1%    4   (     7)
REF: వేలాది మంది లేకపోవడం వారిని [31mతీవ్ర[0m [31mవేదనకు[0m [31mగురి  [0m చేసింది
HYP: వేలాది మంది లేకపోవడం వారిని [31mకిరణ్[0m [31mవేధనం [0m [31mగుర్తు[0m చేసింది
SENTENCE 53
Correct          =  62.5%    5   (     8)
Errors           =  37.5%    3   (     8)
REF: [31mచిదంబరాన్ని[0m [31mకలిసినట్లు[0m ఆరోపణలు [31mచేసి  [0m [31mసాక్షి[0m [31mదినపత్రిక[0m పెద్ద [31m******[0m [31mదుమారాన్నే[0m [31mరేపింది [0m
HYP: [31mచంద్రబాబును[0m [31mకలిసిన    [0m ఆరోపణలు [31mచేస్తే[0m [31mసాధ్యం[0m [31mపెద్దగా  [0m పెద్ద [31mఎత్తున[0m [31mభారం      [0m [31mజరిగింది[0m
SENTENCE 54
Correct          =  22.2%    2   (     9)
Errors           =  88.9%    8   (     9)
REF: అవును
HYP: అవును
SENTENCE 55
Correct          = 100.0%    1   (     1)
Errors           =   0.0%    0   (     1)
REF: అతని స్థానంలో [31m***********[0m [31mఆస్ట్రేలియాకు[0m [31mచెందిన [0m [31mనిక్[0m [31mమాడిసన్[0m [31mమైదానంలోకి[0m దిగుతున్నాడు
HYP: అతని స్థానంలో [31mఆస్ట్రేలియా[0m [31mజిల్లా       [0m [31mనియామడి[0m [31mసంబై[0m [31mమాట    [0m [31mఅటంలోకి   [0m దిగుతున్నాడు
SENTENCE 56
Correct          =  37.5%    3   (     8)
Errors           =  75.0%    6   (     8)
REF: [31m******[0m [31m*****[0m [31mఒక్కింటికెళ్ళినప్పుడు[0m [31mమంచిగా [0m ఉండాలని కోరుకుంటూ
HYP: [31mఒకేంటి[0m [31mఎన్నో[0m [31mఅక్కడ                [0m [31mమనిషిగా[0m ఉండాలని కోరుకుంటూ
SENTENCE 57
Correct          =  50.0%    2   (     4)
Errors           = 100.0%    4   (     4)
REF: [31mఅవేంటి[0m
HYP: [31mఅవేంటీ[0m
SENTENCE 58
Correct          =   0.0%    0   (     1)
Errors           = 100.0%    1   (     1)
REF: దాని వల్ల మారుతారని అంటున్నారు
HYP: దాని వల్ల మారుతారని అంటున్నారు
SENTENCE 59
Correct          = 100.0%    4   (     4)
Errors           =   0.0%    0   (     4)
REF: ఈ ఏడాది రాష్ట్రంలో [31mపర్యాటకుల[0m ముఖ్యంగా విదేశీ [31m*****[0m [31mపర్యాటకులు[0m [31mసంఖ్య   [0m [31mపెరిగిందని[0m చెప్పారు
HYP: ఈ ఏడాది రాష్ట్రంలో [31mపర్యటన   [0m ముఖ్యంగా విదేశీ [31mశాంతి[0m [31mపర్యటనకు  [0m [31mవాస్తిని[0m [31mకేలితేనే  [0m చెప్పారు
SENTENCE 60
Correct          =  60.0%    6   (    10)
Errors           =  50.0%    5   (    10)
REF: [31m*****[0m [31mచేయాల్సి[0m ఉంటుంది
HYP: [31mచివరి[0m [31mఅని     [0m ఉంటుంది
SENTENCE 61
Correct          =  50.0%    1   (     2)
Errors           = 100.0%    2   (     2)
REF: అంటే
HYP: అంటే
SENTENCE 62
Correct          = 100.0%    1   (     1)
Errors           =   0.0%    0   (     1)
REF: అంటే
HYP: అంటే
SENTENCE 63
Correct          = 100.0%    1   (     1)
Errors           =   0.0%    0   (     1)
REF: ఒక దేశాన్ని [31mమార్చే    [0m శక్తి [31m******[0m [31mయువతరానికే[0m ఉంది అని [31mచెప్పుతుంటారు[0m కదా
HYP: ఒక దేశాన్ని [31mమార్చోచ్చే[0m శక్తి [31mఉత్తరా[0m [31mఅనేది     [0m ఉంది అని [31mచెప్తుంటారు  [0m కదా
SENTENCE 64
Correct          =  66.7%    6   (     9)
Errors           =  44.4%    4   (     9)
REF: దాంతో [31m*[0m [31mఏ    [0m [31mమాత్రం[0m [31mజంకూ  [0m [31mగొంకూ[0m [31mలేకుండా[0m [31mఆయనను[0m పక్కకు పెట్టేశారు
HYP: దాంతో [31mఈ[0m [31mమేతరం[0m [31mదొంగ  [0m [31mఎక్కువ[0m [31mవల్లే[0m [31mఉన్నా  [0m [31mఆయనకు[0m పక్కకు పెట్టేశారు
SENTENCE 65
Correct          =  33.3%    3   (     9)
Errors           =  77.8%    7   (     9)
REF: నువ్వు [31m*******[0m వస్తావా
HYP: నువ్వు [31mఇప్పుడు[0m వస్తావా
SENTENCE 66
Correct          = 100.0%    2   (     2)
Errors           =  50.0%    1   (     2)
REF: ముగ్గురు
HYP: ముగ్గురు
SENTENCE 67
Correct          = 100.0%    1   (     1)
Errors           =   0.0%    0   (     1)
REF: [31m*****[0m [31mరెండొందల[0m మంది [31mరాష్ట  [0m సాయి స్థాయి [31mపదహారు[0m [31mమంది    [0m జాతీయ స్థాయి [31m**[0m [31mక్రీడల్లో[0m రాణించారంట
HYP: [31mరెండు[0m [31mవందల    [0m మంది [31mరాష్ట్ర[0m సాయి స్థాయి [31mపద    [0m [31mమర్లించి[0m జాతీయ స్థాయి [31mకి[0m [31mవెళ్ళాలో [0m రాణించారంట
SENTENCE 68
Correct          =  54.5%    6   (    11)
Errors           =  63.6%    7   (    11)
REF: కర్నూలు జిల్లా [31mనందికొట్కూరు[0m [31mమండలం  [0m [31mవడ్డెమాను[0m [31mగ్రామంలో[0m ప్రాంతాలకు [31mనీరు[0m [31mవచ్చి    [0m [31mచేరింది[0m
HYP: కర్నూలు జిల్లా [31m************[0m [31mనాణ్యకు[0m [31mకుటుంబంలో[0m [31mకఠినంగా [0m ప్రాంతాలకు [31m****[0m [31mనీరుచేయడం[0m [31mలేదు   [0m
SENTENCE 69
Correct          =  30.0%    3   (    10)
Errors           =  70.0%    7   (    10)
REF: [31mఅందర్[0m అక్కలు [31mచెల్లెళ్ళు[0m
HYP: [31mఅందరు[0m అక్కలు [31mచెల్లి    [0m
SENTENCE 70
Correct          =  33.3%    1   (     3)
Errors           =  66.7%    2   (     3)
REF: [31mఅక్కడ[0m [31mఒక  [0m [31mవ్యక్తీ[0m [31mముప్పై[0m [31mరోజులు [0m [31mచేసే[0m [31mపనిని[0m
HYP: [31mఅక్క [0m [31mముఖం[0m [31mతిట్టి [0m [31mఉపయోగం[0m [31mగురించి[0m [31mమీ  [0m [31mపడేది[0m
SENTENCE 71
Correct          =   0.0%    0   (     7)
Errors           = 100.0%    7   (     7)
REF: అవునండి
HYP: అవునండి
SENTENCE 72
Correct          = 100.0%    1   (     1)
Errors           =   0.0%    0   (     1)
REF: ఈ [31mకలయిక[0m సందర్భంగా రాష్ట్రానికి [31mసంబంధిరచిన[0m వివిధ [31mఅరశాల[0m [31mపై      [0m కూడా ప్రధానితో [31mచర్చిన్చానునట్లు[0m సమాచారం
HYP: ఈ [31mకళాఖ [0m సందర్భంగా రాష్ట్రానికి [31mసంబంధించిన[0m వివిధ [31m*****[0m [31mఆరాశాలపై[0m కూడా ప్రధానితో [31mచర్చించినట్టు   [0m సమాచారం
SENTENCE 73
Correct          =  58.3%    7   (    12)
Errors           =  41.7%    5   (    12)
REF: [31mతప్పుపట్టడం[0m మంచిది కాదని [31mనా[0m అభిప్రాయం
HYP: [31mతొఫ్తిపాటలు[0m మంచిది కాదని [31m**[0m అభిప్రాయం
SENTENCE 74
Correct          =  60.0%    3   (     5)
Errors           =  40.0%    2   (     5)
REF: అవునండి
HYP: అవునండి
SENTENCE 75
Correct          = 100.0%    1   (     1)
Errors           =   0.0%    0   (     1)
REF: ఆహా
HYP: ఆహా
SENTENCE 76
Correct          = 100.0%    1   (     1)
Errors           =   0.0%    0   (     1)
REF: మంటలను తట్టుకోలేక బయటకు రావడంతో [31m******[0m [31mకుటుంబసభ్యులు[0m [31mచుట్టుపక్కల[0m [31mఉన్నవారు[0m [31mప్రభుత్వాసుపత్రిలో[0m చేర్పించారు
HYP: మంటలను తట్టుకోలేక బయటకు రావడంతో [31mకుటుంబ[0m [31mసభ్యులు      [0m [31mచితక్కువలను[0m [31mవారు    [0m [31mప్రభుత్వాస్పత్రిలో[0m చేర్పించారు
SENTENCE 77
Correct          =  55.6%    5   (     9)
Errors           =  55.6%    5   (     9)
REF: ఈ విషయంపై కేంద్ర ప్రభుత్వానికి ఫిర్యాదు చేసేందుకు [31mసిద్దమౌతున్నారు [0m
HYP: ఈ విషయంపై కేంద్ర ప్రభుత్వానికి ఫిర్యాదు చేసేందుకు [31mసిద్ధమవుతున్నారు[0m
SENTENCE 78
Correct          =  85.7%    6   (     7)
Errors           =  14.3%    1   (     7)
REF: [31mరేవంత్[0m [31mకుమార్తె[0m అల్లుడికి చంద్రబాబు చేతుల [31m***[0m [31mమీదుగా[0m [31mనిశ్చితార్థ[0m [31mఉంగరాలు[0m [31mఇప్పించారు[0m
HYP: [31mవేమనతో[0m [31mమాత్రం  [0m అల్లుడికి చంద్రబాబు చేతుల [31mమీద[0m [31mనియోజక[0m [31mదౌగ్గర     [0m [31mలాల్   [0m [31mపీలించారు [0m
SENTENCE 79
Correct          =  33.3%    3   (     9)
Errors           =  77.8%    7   (     9)
REF: మన [31m******[0m [31m********[0m [31m************[0m [31mత్రివర్ణ[0m [31mపతాకాన్ని[0m [31mఆంధ్రుడైన    [0m [31mపింగళి[0m [31mవెంకయ్య[0m [31mరూపొందించడం[0m [31mతెలుగువారికిగా[0m [31mమనకెంతో   [0m గౌరవం
HYP: మన [31mదేవర్న[0m [31mపథకాన్ని[0m [31mఆంధ్రప్రదేశ్[0m [31mబెంగాలీ [0m [31mబింగాలీ  [0m [31mఇవ్వనున్నట్లు[0m [31mఅనుచటం[0m [31mతెలుగు [0m [31mవారికి     [0m [31mఇంకా          [0m [31mమార్కెట్లో[0m గౌరవం
SENTENCE 80
Correct          =  20.0%    2   (    10)
Errors           = 110.0%   11   (    10)
REF: కానీ ఆ [31mరెడ్డి[0m
HYP: కానీ ఆ [31mరెండి [0m
SENTENCE 81
Correct          =  66.7%    2   (     3)
Errors           =  33.3%    1   (     3)
REF: అవునా
HYP: అవునా
SENTENCE 82
Correct          = 100.0%    1   (     1)
Errors           =   0.0%    0   (     1)
REF: అవును
HYP: అవును
SENTENCE 83
Correct          = 100.0%    1   (     1)
Errors           =   0.0%    0   (     1)
REF: ఎక్కువగా [31mబైట[0m
HYP: ఎక్కువగా [31mబయట[0m
SENTENCE 84
Correct          =  50.0%    1   (     2)
Errors           =  50.0%    1   (     2)
REF: చాలా బాగుంటాయి
HYP: చాలా బాగుంటాయి
SENTENCE 85
Correct          = 100.0%    2   (     2)
Errors           =   0.0%    0   (     2)
REF: దానివల్ల అంతే [31m**********[0m [31mప్రయోజనం[0m [31mకొంతవరకే[0m మరింత [31m******[0m [31mప్రయోజనం[0m [31mపొందాలంటే[0m [31mరకరకాల[0m [31mకలిపి    [0m
HYP: దానివల్ల అంతే [31mప్రయోజనాలు[0m [31mకొంత    [0m [31mవరకే    [0m మరింత [31mపెరదని[0m [31mఅందరం   [0m [31mకలిగిన   [0m [31mరకాల  [0m [31mకల్పిస్తూ[0m
SENTENCE 86
Correct          =  33.3%    3   (     9)
Errors           =  88.9%    8   (     9)
REF: చదువుకోలేదు
HYP: చదువుకోలేదు
SENTENCE 87
Correct          = 100.0%    1   (     1)
Errors           =   0.0%    0   (     1)
REF: [31mవారు[0m [31mఈమేరకు[0m [31mఒక    [0m ప్రకటన విడుదల చేశారు
HYP: [31mవారి[0m [31mమీద   [0m [31mనువ్వా[0m ప్రకటన విడుదల చేశారు
SENTENCE 88
Correct          =  50.0%    3   (     6)
Errors           =  50.0%    3   (     6)
REF: అదే [31mజిల్లాకు[0m [31mచెందిన [0m [31mఇద్దరు[0m ముగ్గురు తెలుగుదేశం [31mమాజీ[0m ఎమ్మెల్యేలు కూడా [31mకోటగిరిని[0m [31mఅనుసరించి[0m [31mచిరంజీవి[0m [31mపార్టీలో [0m [31mచేరే       [0m అవకాశముంది
HYP: అదే [31mజీవితంలో[0m [31mకెసిఆర్[0m [31mఇద్దరి[0m ముగ్గురు తెలుగుదేశం [31mఆటకి[0m ఎమ్మెల్యేలు కూడా [31m*********[0m [31m*********[0m [31mకోటిగా  [0m [31mనిర్ణయాలు[0m [31mతెలియజేయాలే[0m అవకాశముంది
SENTENCE 89
Correct          =  40.0%    6   (    15)
Errors           =  60.0%    9   (    15)
REF: [31mకోతగా  [0m [31mవ్యాయామం[0m
HYP: [31mకొత్తగా[0m [31mవిన్యాయం[0m
SENTENCE 90
Correct          =   0.0%    0   (     2)
Errors           = 100.0%    2   (     2)
REF: [31mనీకు[0m [31mసినిమాలు       [0m [31mఅంటే [0m [31mఇష్టమేనా[0m
HYP: [31m****[0m [31mనడిపిస్తున్నారు[0m [31mవాళ్ళ[0m [31mఇష్టమైన [0m
SENTENCE 91
Correct          =   0.0%    0   (     4)
Errors           = 100.0%    4   (     4)
REF: కానీ ఈ విషయంలో కేంద్ర ప్రభుత్వం ఇప్పటి వరకు ఎలాంటి [31mచర్యలు[0m [31mతీసుకోలేదని  [0m చెప్పారు
HYP: కానీ ఈ విషయంలో కేంద్ర ప్రభుత్వం ఇప్పటి వరకు ఎలాంటి [31mచర్యలూ[0m [31mతీసుకోవడానికి[0m చెప్పారు
SENTENCE 92
Correct          =  81.8%    9   (    11)
Errors           =  18.2%    2   (    11)
REF: అవును
HYP: అవును
SENTENCE 93
Correct          = 100.0%    1   (     1)
Errors           =   0.0%    0   (     1)
REF: తనకు ఎదురైన అనుభవాల [31mద్రుష్ట [0m కూడా పవన్ మాట్లాడి [31m*[0m ఉంటారని అన్నారు
HYP: తనకు ఎదురైన అనుభవాల [31mదృష్ట్యా[0m కూడా పవన్ మాట్లాడి [31mఎ[0m ఉంటారని అన్నారు
SENTENCE 94
Correct          =  88.9%    8   (     9)
Errors           =  22.2%    2   (     9)
REF: ద్వారా
HYP: ద్వారా
SENTENCE 95
Correct          = 100.0%    1   (     1)
Errors           =   0.0%    0   (     1)
REF: [31mపెరుగుతరు    [0m కదా
HYP: [31mచదువుతున్నారు[0m కదా
SENTENCE 96
Correct          =  50.0%    1   (     2)
Errors           =  50.0%    1   (     2)
REF: బాగుంటుంది
HYP: బాగుంటుంది
SENTENCE 97
Correct          = 100.0%    1   (     1)
Errors           =   0.0%    0   (     1)
REF: ఆ తర్వాత బిజెపిలో చేరడానికి కూడా ఆయన ప్రయత్నాలు [31mచేసినట్లు[0m చెబుతున్నారు
HYP: ఆ తర్వాత బిజెపిలో చేరడానికి కూడా ఆయన ప్రయత్నాలు [31mచేసినట్టు[0m చెబుతున్నారు
SENTENCE 98
Correct          =  88.9%    8   (     9)
Errors           =  11.1%    1   (     9)
REF: [31mబావుంటదంట [0m [31mకదా [0m చాలా
HYP: [31mబాగుంటదండి[0m [31mనాకు[0m చాలా
SENTENCE 99
Correct          =  33.3%    1   (     3)
Errors           =  66.7%    2   (     3)
REF: తప్పకుండా
HYP: తప్పకుండా
SENTENCE 100
Correct          = 100.0%    1   (     1)
Errors           =   0.0%    0   (     1)
REF: నిజానికి [31m*****[0m [31m**[0m [31m*******[0m [31mతెరాసలో[0m [31mఅన్నాచెల్లెళ్లుగా[0m విజయశాంతి [31m*******[0m [31mకెసిఆర్[0m [31mఆప్యాయంగా[0m మెలుగుతూ వచ్చారు
HYP: నిజానికి [31mతయారు[0m [31mచే[0m [31mఅణ్యక్ష[0m [31mఅన్న   [0m [31mచెల్లెలు         [0m విజయశాంతి [31mకేసీఆర్[0m [31mఆ      [0m [31mప్రధానంగా[0m మెలుగుతూ వచ్చారు
SENTENCE 101
Correct          =  50.0%    4   (     8)
Errors           = 100.0%    8   (     8)
REF: [31mఈ[0m పక్కనే
HYP: [31m*[0m పక్కనే
SENTENCE 102
Correct          =  50.0%    1   (     2)
Errors           =  50.0%    1   (     2)
REF: [31m*****[0m [31mఅయితే[0m [31mఆస్ట్రేలియా[0m [31mనేతృత్వంలోని[0m [31mబృందం  [0m [31mప్రతికూల[0m [31mవాతావరణ[0m పరిస్థితుల కారణంగా [31mతమ  [0m గాలింపు చర్యలను [31m*************[0m [31mనిలిపివేయాల్సి[0m వచ్చింది
HYP: [31mరైతుల[0m [31mఆపరి [0m [31mఅటు        [0m [31mఆస్ట్రేలియా [0m [31mజట్టును[0m [31mపతకూా   [0m [31mవర్మ   [0m పరిస్థితుల కారణంగా [31mతాము[0m గాలింపు చర్యలను [31mనిలిపివేశారని[0m [31mనిలిపివేశావ్  [0m వచ్చింది
SENTENCE 103
Correct          =  38.5%    5   (    13)
Errors           =  76.9%   10   (    13)
REF: [31mచెప్పండి[0m
HYP: [31mపండి    [0m
SENTENCE 104
Correct          =   0.0%    0   (     1)
Errors           = 100.0%    1   (     1)
REF: [31mపర్యావరణానికి[0m
HYP: [31mపరిమాణానికి  [0m
SENTENCE 105
Correct          =   0.0%    0   (     1)
Errors           = 100.0%    1   (     1)
REF: [31mవల[0m [31mనాన్న[0m [31mఒప్పించి       [0m [31mతీసుకోమంటారు[0m
HYP: [31m**[0m [31mమనా  [0m [31mఆలోపించేసుకోవడం[0m [31mఅంట         [0m
SENTENCE 106
Correct          =   0.0%    0   (     4)
Errors           = 100.0%    4   (     4)
REF: ఇప్పుడు మనం
HYP: ఇప్పుడు మనం
SENTENCE 107
Correct          = 100.0%    2   (     2)
Errors           =   0.0%    0   (     2)
REF: మీకెంత వచ్చింది
HYP: మీకెంత వచ్చింది
SENTENCE 108
Correct          = 100.0%    2   (     2)
Errors           =   0.0%    0   (     2)
REF: ఒక [31m*********[0m [31mఅమ్మాయి [0m [31mని  [0m [31mముగ్గురు[0m [31mప్రేమించడం[0m [31mతరువాత[0m [31mఇది[0m
HYP: ఒక [31mఅమ్మాయిని[0m [31mముగ్గురు[0m [31mపేరు[0m [31mమిర్చి  [0m [31mపెడుతున్న [0m [31mతర్వాత[0m [31mఅది[0m
SENTENCE 109
Correct          =  14.3%    1   (     7)
Errors           = 100.0%    7   (     7)
REF: ఈ సందర్భంగా [31m****[0m [31m****[0m [31m******[0m రైతు సంఘం జిల్లా అధ్యక్షులు వై
HYP: ఈ సందర్భంగా [31mరైతు[0m [31mసంఘం[0m [31mజిల్లా[0m రైతు సంఘం జిల్లా అధ్యక్షులు వై
SENTENCE 110
Correct          = 100.0%    7   (     7)
Errors           =  42.9%    3   (     7)
REF: ఈ వ్యవహారం బయటకు [31mపొక్కటానికి[0m ముందే [31mఆ  [0m అధికారి [31m*****[0m [31mసెలవుపై[0m వెళ్లిపోయారు
HYP: ఈ వ్యవహారం బయటకు [31mపొక్కడానికి[0m ముందే [31mఆమె[0m అధికారి [31mసర్లు[0m [31mఉంటాయి [0m వెళ్లిపోయారు
SENTENCE 111
Correct          =  66.7%    6   (     9)
Errors           =  44.4%    4   (     9)
REF: [31m*****[0m [31m***[0m [31m**[0m [31m****[0m అయితే [31m***[0m [31mఈలోగానే[0m రాజ్యసభను నిరవాధికంగా [31mవాయిదా[0m [31mవేస్తారనే[0m ప్రచారం సాగుతోంది
HYP: [31mఅయితే[0m [31mఇది[0m [31mలో[0m [31mకాని[0m అయితే [31mఇరు[0m [31mకానీ   [0m రాజ్యసభను నిరవాధికంగా [31mబయట   [0m [31mవేస్తారని[0m ప్రచారం సాగుతోంది
SENTENCE 112
Correct          =  62.5%    5   (     8)
Errors           = 100.0%    8   (     8)
REF: అనంతరం తీవ్రంగా [31mకొట్టి[0m ఎవరికైనా [31mచెబితే[0m చంపుతానని [31mబెదిరింపులకు[0m [31mగురిచేశాడు [0m
HYP: అనంతరం తీవ్రంగా [31mగొట్టి[0m ఎవరికైనా [31mచెప్పి[0m చంపుతానని [31m************[0m [31mబెదిరించాడు[0m
SENTENCE 113
Correct          =  50.0%    4   (     8)
Errors           =  50.0%    4   (     8)
REF: వచ్చే [31mఐదేళ్లలో[0m [31mపేదలకు [0m [31mలక్ష   [0m [31mఇండ్లు  [0m [31mనిర్మిస్తా[0m [31mమని [0m [31mనిర్మించి[0m [31mఇస్తామన్నారు [0m
HYP: వచ్చే [31mఎల్లోపే [0m [31mతెలంగాణ[0m [31mకేంద్రం[0m [31mఇస్తామని[0m [31mనిందించి  [0m [31mఇతను[0m [31mఅర్హులు  [0m [31mతీస్తామన్నారు[0m
SENTENCE 114
Correct          =  11.1%    1   (     9)
Errors           =  88.9%    8   (     9)
REF: ఇంకేటి
HYP: ఇంకేటి
SENTENCE 115
Correct          = 100.0%    1   (     1)
Errors           =   0.0%    0   (     1)
REF: పార్టీ సమావేశం ఏర్పాటు చేసి ఓట్లు వేయాలని [31m*****[0m [31mఅడగొచ్చు[0m
HYP: పార్టీ సమావేశం ఏర్పాటు చేసి ఓట్లు వేయాలని [31mఅడిగి[0m [31mవచ్చు   [0m
SENTENCE 116
Correct          =  85.7%    6   (     7)
Errors           =  28.6%    2   (     7)
REF: అయితే
HYP: అయితే
SENTENCE 117
Correct          = 100.0%    1   (     1)
Errors           =   0.0%    0   (     1)
REF: కాదు
HYP: కాదు
SENTENCE 118
Correct          = 100.0%    1   (     1)
Errors           =   0.0%    0   (     1)
REF: పేదరికం
HYP: పేదరికం
SENTENCE 119
Correct          = 100.0%    1   (     1)
Errors           =   0.0%    0   (     1)
REF: ఆ [31mకష్టాన్ని[0m [31mదూరం  [0m చేసుకుంటాం
HYP: ఆ [31mకష్టం    [0m [31mద్వారా[0m చేసుకుంటాం
SENTENCE 120
Correct          =  50.0%    2   (     4)
Errors           =  50.0%    2   (     4)
REF: [31mమోహన్[0m [31mబాబు[0m [31mతన  [0m [31mతనయుడు    [0m [31mమంచు[0m [31mవిష్ణు[0m [31mతల్లి  [0m [31mఇతరులతో   [0m కలిసి తన [31mస్వగ్రామం[0m [31mరంగంపేటలో[0m [31mఓటు     [0m [31mహక్కును             [0m [31mవినియోగించుకున్నవిషయం[0m తెలిసిందే
HYP: [31m*****[0m [31m****[0m [31mమౌనం[0m [31mభక్తులతోనే[0m [31mఅనేక[0m [31mమంచి  [0m [31mవిషణాలు[0m [31mలేకపోవడంతో[0m కలిసి తన [31m*********[0m [31mఅసహనం    [0m [31mఅనంతపురం[0m [31mవినియోగించుకున్నారనే[0m [31mవిషయం                [0m తెలిసిందే
SENTENCE 121
Correct          =  18.8%    3   (    16)
Errors           =  81.2%   13   (    16)
REF: ప్రత్యేక హోదాతో ఇప్పుడున్న సమస్యలు [31mతీరబోవునని [0m ముఖ్యమంత్రి [31mచంద్రబాబు[0m [31mనాయుడు         [0m తెలిపారు
HYP: ప్రత్యేక హోదాతో ఇప్పుడున్న సమస్యలు [31mతీరుకోవాలని[0m ముఖ్యమంత్రి [31m*********[0m [31mచంద్రబాబునాయుడు[0m తెలిపారు
SENTENCE 122
Correct          =  66.7%    6   (     9)
Errors           =  33.3%    3   (     9)
REF: అల్లు అర్జున్
HYP: అల్లు అర్జున్
SENTENCE 123
Correct          = 100.0%    2   (     2)
Errors           =   0.0%    0   (     2)
REF: కోర్టులో మా [31mఇద్దరి[0m మధ్య ఉన్న [31m****[0m [31mరైవలరీ   [0m [31mఅభిమానులను[0m [31mఎంతగానో[0m [31mఆకట్టుకుందని  [0m చెప్పింది
HYP: కోర్టులో మా [31mఇద్దరు[0m మధ్య ఉన్న [31mరైతు[0m [31mవ్యవహారమే[0m [31mఅంతగానో   [0m [31mఆ      [0m [31mకట్టుకుంటుందని[0m చెప్పింది
SENTENCE 124
Correct          =  50.0%    5   (    10)
Errors           =  60.0%    6   (    10)
REF: [31mఅడిగిన[0m [31mతర్వాత[0m [31mతను   [0m [31mఏం  [0m [31mచెప్తే[0m [31mఅది     [0m
HYP: [31mఅది   [0m [31mకదా   [0m [31mమాత్రం[0m [31mతనని[0m [31mఏం    [0m [31mచెప్తారు[0m
SENTENCE 125
Correct          =   0.0%    0   (     6)
Errors           = 100.0%    6   (     6)
REF: అలాగే తన కుటుంబంలో ఇటీవల వచ్చిన [31mవివాదం[0m [31mపైనా    [0m స్పందించి
HYP: అలాగే తన కుటుంబంలో ఇటీవల వచ్చిన [31m******[0m [31mవివాదంపై[0m స్పందించి
SENTENCE 126
Correct          =  75.0%    6   (     8)
Errors           =  25.0%    2   (     8)
REF: [31mప్రయత్నిస్తున్నారనే [0m విమర్శలు వస్తున్నాయి
HYP: [31mప్రయత్నిస్తున్నారన్న[0m విమర్శలు వస్తున్నాయి
SENTENCE 127
Correct          =  66.7%    2   (     3)
Errors           =  33.3%    1   (     3)
REF: తర్వాత చంద్రబాబు వదిలేశారు
HYP: తర్వాత చంద్రబాబు వదిలేశారు
SENTENCE 128
Correct          = 100.0%    3   (     3)
Errors           =   0.0%    0   (     3)
REF: [31mఆ        [0m [31mఆత్మహత్యలకు[0m [31mమీరు[0m [31mబాధ్యులు[0m కాదా అని ప్రశ్నించారు
HYP: [31mఆత్మాహుతి[0m [31mయొక్క      [0m [31mపిలి[0m [31mబాధ్యత  [0m కాదా అని ప్రశ్నించారు
SENTENCE 129
Correct          =  42.9%    3   (     7)
Errors           =  57.1%    4   (     7)
REF: ఈ రాష్ట్ర విభజన [31mతప్పదు[0m [31mఅని    [0m కేంద్ర ప్రభుత్వం భావిస్తే తెలుగు [31mప్రజల్ని[0m [31mవిభజించటం  [0m [31mకంటే[0m వేరే [31mదారి[0m [31mలేదు[0m [31mఅని    [0m వారు అనుకుంటే
HYP: ఈ రాష్ట్ర విభజన [31m******[0m [31mతప్పదని[0m కేంద్ర ప్రభుత్వం భావిస్తే తెలుగు [31mప్రజల   [0m [31mనిర్వహించడం[0m [31mఅంటూ[0m వేరే [31m****[0m [31m****[0m [31mదారులైన[0m వారు అనుకుంటే
SENTENCE 130
Correct          =  55.6%   10   (    18)
Errors           =  44.4%    8   (    18)
REF: పుష్కర స్నానానికి వచ్చే వికలాంగులు [31m********[0m [31m******[0m [31mవృద్ధులకు[0m [31mహౌంగార్డులు[0m [31mసహాయపడాలన్నారు[0m
HYP: పుష్కర స్నానానికి వచ్చే వికలాంగులు [31mవృద్ధలకు[0m [31mఅవగాహన[0m [31mలకు      [0m [31mసాయపడిన    [0m [31mవారు          [0m
SENTENCE 131
Correct          =  57.1%    4   (     7)
Errors           =  71.4%    5   (     7)
REF: ఆ దాంట్లో
HYP: ఆ దాంట్లో
SENTENCE 132
Correct          = 100.0%    2   (     2)
Errors           =   0.0%    0   (     2)
REF: ఈ [31mవార్షికోత్సవం[0m [31mపాల్గొనడం[0m [31mతన     [0m [31mఅదృష్టంగా[0m భావిస్తున్నారు
HYP: ఈ [31mవార్షిక      [0m [31mస్తోమత   [0m [31mఅల్లంగా[0m [31mఆదర్శంగా [0m భావిస్తున్నారు
SENTENCE 133
Correct          =  33.3%    2   (     6)
Errors           =  66.7%    4   (     6)
REF: చదువుకోకపోతే [31mవాళ్ళ[0m [31mపిల్లలు[0m [31mఏమౌతారు[0m [31mఅనే       [0m [31mవిషయం    [0m [31mవాళ్లకి[0m [31mమనం[0m చెప్పాలి
HYP: చదువుకోకపోతే [31m*****[0m [31mఅదే    [0m [31mనేను   [0m [31mమొత్తానికి[0m [31mనివసించడం[0m [31mఅది    [0m [31mమన [0m చెప్పాలి
SENTENCE 134
Correct          =  22.2%    2   (     9)
Errors           =  77.8%    7   (     9)
REF: [31m******[0m [31mప్రయాణికులు[0m [31mబస   [0m ఏర్పాటు [31mసేశారు[0m
HYP: [31mప్రయాణ[0m [31mకుల        [0m [31mభస్తీ[0m ఏర్పాటు [31mచేశారు[0m
SENTENCE 135
Correct          =  25.0%    1   (     4)
Errors           = 100.0%    4   (     4)
REF: [31mరేపటి  [0m గురించి [31mఆలోచించాలి [0m [31mఅంటే[0m [31mఈరోజు[0m [31mబతికి  [0m ఉండాలి కదా
HYP: [31mఎప్పుడు[0m గురించి [31mఆలోచించాలని[0m [31mమీరు[0m [31mసరిగా[0m [31mపెద్దగా[0m ఉండాలి కదా
SENTENCE 136
Correct          =  37.5%    3   (     8)
Errors           =  62.5%    5   (     8)
REF: జరుగుతుందని ఆయన చెప్పారు
HYP: జరుగుతుందని ఆయన చెప్పారు
SENTENCE 137
Correct          = 100.0%    3   (     3)
Errors           =   0.0%    0   (     3)
REF: విభజన నిర్ణయాన్ని ఎలాగైనా ఆపాలని వారు శాయశక్తులా ప్రయత్నాలు చేస్తున్నారు
HYP: విభజన నిర్ణయాన్ని ఎలాగైనా ఆపాలని వారు శాయశక్తులా ప్రయత్నాలు చేస్తున్నారు
SENTENCE 138
Correct          = 100.0%    8   (     8)
Errors           =   0.0%    0   (     8)
REF: పరంగా మనం
HYP: పరంగా మనం
SENTENCE 139
Correct          = 100.0%    2   (     2)
Errors           =   0.0%    0   (     2)
REF: కదా
HYP: కదా
SENTENCE 140
Correct          = 100.0%    1   (     1)
Errors           =   0.0%    0   (     1)
REF: [31mశని[0m [31mవారం   [0m రాత్రి తిరుపతికి వెళ్తుండగా పిల్లలను కూడా తిరుపతికి తీసుకెళ్లే [31mవిషయమే[0m [31mఘర్షణ  [0m [31mపడ్డారు    [0m
HYP: [31m***[0m [31mశనివారం[0m రాత్రి తిరుపతికి వెళ్తుండగా పిల్లలను కూడా తిరుపతికి తీసుకెళ్లే [31m******[0m [31mవిషయమని[0m [31mగష్టపడ్డారు[0m
SENTENCE 141
Correct          =  58.3%    7   (    12)
Errors           =  41.7%    5   (    12)
REF: ఈ [31mకార్యక్రమంలోనే[0m [31mసాంస్కృతిక[0m మండలి [31m*************[0m [31m***[0m [31m*******[0m [31m*****[0m [31mవ్యవస్ధాపకుడు[0m [31mకోసం           [0m [31mఘనంగా[0m [31mపరుచూరి[0m [31mచేతులమీదగా[0m [31mసత్కరించారు[0m
HYP: ఈ [31mకార్యక్రమంలో  [0m [31mసంస్కృతిక [0m మండలి [31mవెనుకాడడానికి[0m [31mమరో[0m [31mసమకూర్ల[0m [31mకోసమే[0m [31mతనకన్నా      [0m [31mపరిశీలించేందుకు[0m [31mమీద  [0m [31mభస్త   [0m [31mప్రదర్శన  [0m [31mతెలిసింది  [0m
SENTENCE 142
Correct          =  20.0%    2   (    10)
Errors           = 120.0%   12   (    10)
REF: అంటే ఇంకా
HYP: అంటే ఇంకా
SENTENCE 143
Correct          = 100.0%    2   (     2)
Errors           =   0.0%    0   (     2)
REF: ఇంకేంటి [31mఇంకా[0m కాకినాడ
HYP: ఇంకేంటి [31m****[0m కాకినాడ
SENTENCE 144
Correct          =  66.7%    2   (     3)
Errors           =  33.3%    1   (     3)
REF: అమ్మాయి [31m**[0m [31mకంటూ[0m అది [31mచాలు[0m [31mకదా  [0m
HYP: అమ్మాయి [31mకి[0m [31mఅంటు[0m అది [31mచాలా[0m [31mకట్టా[0m
SENTENCE 145
Correct          =  40.0%    2   (     5)
Errors           =  80.0%    4   (     5)
REF: ఈ క్రమంలో [31mస్వల్ప[0m తొక్కిసలాట చోటు [31m*********[0m [31mచేసుకోగా[0m [31mకొంతమంది[0m గాయపడ్డారు
HYP: ఈ క్రమంలో [31mస్వర్థ[0m తొక్కిసలాట చోటు [31mచేసుకున్న[0m [31mకోర్టు  [0m [31mమందుకు  [0m గాయపడ్డారు
SENTENCE 146
Correct          =  62.5%    5   (     8)
Errors           =  50.0%    4   (     8)
REF: [31mచైనా[0m ప్రభుత్వం తీసుకున్న నిర్ణయం పట్ల ప్రజల నుంచి [31m******[0m [31m******[0m [31mవ్యతిరేకత[0m [31mవ్యక్తమవుతోంది[0m
HYP: [31mచయన [0m ప్రభుత్వం తీసుకున్న నిర్ణయం పట్ల ప్రజల నుంచి [31mవిత్తన[0m [31mతర్వాత[0m [31mఆ        [0m [31mఉంది          [0m
SENTENCE 147
Correct          =  66.7%    6   (     9)
Errors           =  55.6%    5   (     9)
REF: ఆ [31m*[0m ఎక్కడ
HYP: ఆ [31mఈ[0m ఎక్కడ
SENTENCE 148
Correct          = 100.0%    2   (     2)
Errors           =  50.0%    1   (     2)
REF: [31m****[0m [31mధనవంతుడు[0m
HYP: [31mదాని[0m [31mముందు   [0m
SENTENCE 149
Correct          =   0.0%    0   (     1)
Errors           = 200.0%    2   (     1)
REF: [31m******[0m [31mకేశవ[0m [31mకేశవ [0m [31mఈ   [0m [31mసినిమా[0m
HYP: [31mచేశావా[0m [31mఈ   [0m [31mచెట్ల[0m [31mవయసు[0m [31mఎమ్మా [0m
SENTENCE 150
Correct          =   0.0%    0   (     4)
Errors           = 125.0%    5   (     4)
REF: [31mబానే  [0m [31mఉంటాయి[0m [31mపోయినా[0m
HYP: [31mబాగానే[0m [31mఉంటది [0m [31mకదా   [0m
SENTENCE 151
Correct          =   0.0%    0   (     3)
Errors           = 100.0%    3   (     3)
REF: [31mవస్తానే  [0m ఉంటారు అవును
HYP: [31mవస్తానేమి[0m ఉంటారు అవును
SENTENCE 152
Correct          =  66.7%    2   (     3)
Errors           =  33.3%    1   (     3)
REF: ఒక
HYP: ఒక
SENTENCE 153
Correct          = 100.0%    1   (     1)
Errors           =   0.0%    0   (     1)
REF: [31mఇంట్లో[0m [31mఅందరు[0m ఎలా ఉన్నారు బాగున్నారా [31mఇంట్లో[0m [31mఅందరు   [0m
HYP: [31mఇంటి  [0m [31mఅందరి[0m ఎలా ఉన్నారు బాగున్నారా [31m******[0m [31mఎందుకంటే[0m
SENTENCE 154
Correct          =  42.9%    3   (     7)
Errors           =  57.1%    4   (     7)
REF: చాలా బా నచ్చింది
HYP: చాలా బా నచ్చింది
SENTENCE 155
Correct          = 100.0%    3   (     3)
Errors           =   0.0%    0   (     3)
REF: మన [31mవీళ్ళ [0m [31mవ్యాపారం[0m [31mచేసుకోవచ్చు[0m మనం [31m*****[0m [31mకాదని[0m [31mఅనలేం    [0m కాబట్టి
HYP: మన [31mఎల్లవే[0m [31mపనులు   [0m [31mచేస్సూ     [0m మనం [31mకాదనా[0m [31mమరి  [0m [31mఅమ్మాయిలు[0m కాబట్టి
SENTENCE 156
Correct          =  37.5%    3   (     8)
Errors           =  75.0%    6   (     8)
REF: [31mదేంట్లో[0m [31mఅండి     [0m
HYP: [31m*******[0m [31mదీంట్లోనే[0m
SENTENCE 157
Correct          =   0.0%    0   (     2)
Errors           = 100.0%    2   (     2)
REF: అది ఎంతవరకు [31m*****[0m [31m*******[0m [31m*****[0m [31mతియ్యలేదు[0m [31mఅనేది[0m [31mఅసామాన్య[0m విషయం అంటే [31m*************[0m [31m*[0m [31mఆలోచించ[0m [31mతగ్గ[0m విషయం కాదు మరి
HYP: అది ఎంతవరకు [31mఏదైతే[0m [31mఅన్నయ్య[0m [31mఅయిదే[0m [31mఅసలు     [0m [31mమన   [0m [31mఈ       [0m విషయం అంటే [31mఆలోచించట్లేదు[0m [31mఆ[0m [31mఆదిత్య [0m [31mనే  [0m విషయం కాదు మరి
SENTENCE 158
Correct          =  58.3%    7   (    12)
Errors           =  83.3%   10   (    12)
REF: ఏం జరిగిందని కూతురిని [31mఅడిగామని[0m [31mడేంజిల్  [0m [31mతల్లి[0m [31mతండ్రి [0m [31mసోదరి   [0m [31mతనను[0m [31mదుర్భాషాలాడారని[0m [31mకొట్టారని[0m [31mచెపుతున్నారు[0m
HYP: ఏం జరిగిందని కూతురిని [31mఅడిగారని[0m [31mడేనియట్లు[0m [31mతన   [0m [31mఇష్టాలు[0m [31mతెలిపాడు[0m [31mతులు[0m [31mభాషాలను        [0m [31mకొట్టాలని[0m [31mచెబుతున్నారు[0m
SENTENCE 159
Correct          =  25.0%    3   (    12)
Errors           =  75.0%    9   (    12)
REF: ఉద్యోగం [31mవృత్తి[0m [31mఅవ్వాలంటే[0m ఆ ఉద్యోగం [31mనుంచి[0m [31mచదివేంత   [0m [31mచదువించే[0m [31mనేను        [0m [31mచదివించలేను[0m [31mమిమ్మల్ని[0m
HYP: ఉద్యోగం [31m******[0m [31mతేవాలంటే [0m ఆ ఉద్యోగం [31mనుంచే[0m [31mచదివించేది[0m [31mఅని     [0m [31mచెల్లించగలను[0m [31mఅని        [0m [31mమమల్ని   [0m
SENTENCE 160
Correct          =  27.3%    3   (    11)
Errors           =  72.7%    8   (    11)
REF: రామచంద్రయ్య మాట్లాడుతున్న సమయంలో మంత్రి పల్లె [31mరఘునాథ [0m రెడ్డి [31m*******[0m [31mఅడ్డుతగిలారు[0m
HYP: రామచంద్రయ్య మాట్లాడుతున్న సమయంలో మంత్రి పల్లె [31mరఘునాథ్[0m రెడ్డి [31mఅట్టుటు[0m [31mదగ్గర్లేదు  [0m
SENTENCE 161
Correct          =  75.0%    6   (     8)
Errors           =  37.5%    3   (     8)
REF: ఈ క్రమంలో వీరిద్దరి ఆటపై ప్రముఖులు ప్రశంసల వర్షం కురిపిస్తున్నారు
HYP: ఈ క్రమంలో వీరిద్దరి ఆటపై ప్రముఖులు ప్రశంసల వర్షం కురిపిస్తున్నారు
SENTENCE 162
Correct          = 100.0%    8   (     8)
Errors           =   0.0%    0   (     8)
REF: నారాయణ [31mకళాశాలలో  [0m విద్యార్థుల [31mఆత్మహత్యల[0m గురించి [31m*************[0m [31mపట్టించుకోవడంలేదన్నారు[0m
HYP: నారాయణ [31mకళాశాలలోని[0m విద్యార్థుల [31mఆస్తుల   [0m గురించి [31mపట్టించుకోవడం[0m [31mలేదన్నారు             [0m
SENTENCE 163
Correct          =  50.0%    3   (     6)
Errors           =  66.7%    4   (     6)
REF: అవును
HYP: అవును
SENTENCE 164
Correct          = 100.0%    1   (     1)
Errors           =   0.0%    0   (     1)
REF: [31m******[0m [31m****[0m [31mమాదంటే[0m [31mచిన్న[0m [31mపల్లెటూరు   [0m
HYP: [31mమాధురి[0m [31mఅంటే[0m [31mచిన్నా[0m [31mపని  [0m [31mదొరుకుతురాలు[0m
SENTENCE 165
Correct          =   0.0%    0   (     3)
Errors           = 166.7%    5   (     3)
REF: తెలుసుకోవాలి ముందు
HYP: తెలుసుకోవాలి ముందు
SENTENCE 166
Correct          = 100.0%    2   (     2)
Errors           =   0.0%    0   (     2)
REF: ఈ నేపథ్యంలో ఆయన వాదనకు బలం చేకూరేలా [31mకోదండరాం[0m కూడా [31mవ్యాఖ్యలు[0m [31mచేయడం[0m గమనార్హం
HYP: ఈ నేపథ్యంలో ఆయన వాదనకు బలం చేకూరేలా [31mకొదండరాం[0m కూడా [31mవార్షికలో[0m [31mచేరడం[0m గమనార్హం
SENTENCE 167
Correct          =  72.7%    8   (    11)
Errors           =  27.3%    3   (    11)
REF: [31mఅనడం   [0m [31mఎదుకు [0m [31mఅడగడం [0m ఎందుకు
HYP: [31mఉన్నారు[0m [31mఎందుకో[0m [31mఅలవాటు[0m ఎందుకు
SENTENCE 168
Correct          =  25.0%    1   (     4)
Errors           =  75.0%    3   (     4)
REF: [31mఈ[0m [31mసినిమాలు[0m [31mఏ    [0m [31mవిధంగానూ[0m [31mతెలంగాణ[0m ప్రాంతానికి ప్రాతినిధ్యం [31mవహించేవి[0m [31mకావు[0m
HYP: [31m*[0m [31mఎస్     [0m [31mమెదడు[0m [31mవేందుకు [0m [31mతగిన   [0m ప్రాంతానికి ప్రాతినిధ్యం [31mవహించాలే[0m [31mలేఖ [0m
SENTENCE 169
Correct          =  22.2%    2   (     9)
Errors           =  77.8%    7   (     9)
REF: కొత్త సినిమా [31m********[0m [31mఫిదా[0m [31mచూసారా[0m
HYP: కొత్త సినిమా [31mతిరుగుతా[0m [31mఅది [0m [31mచూశారా[0m
SENTENCE 170
Correct          =  50.0%    2   (     4)
Errors           =  75.0%    3   (     4)
REF: [31mలోపలా [0m
HYP: [31mలాభంలో[0m
SENTENCE 171
Correct          =   0.0%    0   (     1)
Errors           = 100.0%    1   (     1)
REF: అనంతరం రైతులకు [31mలాటరి [0m [31mలాటరీ    [0m [31mపద్ధతిలో     [0m [31mప్లాట్ల[0m కేటాయింపు ఉంటుందని అధికారులు తెలిపారు
HYP: అనంతరం రైతులకు [31mఆర్థిక[0m [31mఇబ్బందులు[0m [31mఆగిపోతెర్దిలో[0m [31mపాటలు  [0m కేటాయింపు ఉంటుందని అధికారులు తెలిపారు
SENTENCE 172
Correct          =  60.0%    6   (    10)
Errors           =  40.0%    4   (    10)
REF: [31mదీన్ని[0m బట్టి మీ అభిప్రాయం [31mఏంటండి [0m
HYP: [31mదీని  [0m బట్టి మీ అభిప్రాయం [31mఏమిటండి[0m
SENTENCE 173
Correct          =  60.0%    3   (     5)
Errors           =  40.0%    2   (     5)
REF: అతి వేగానికి [31mకళ్లెం[0m [31mవేయడంతో[0m [31mమరణాలు[0m మరణాలు గాయపడిన వారి సంఖ్య [31mక్రమం  [0m తగ్గుతుందని [31mఈ[0m ప్రకటనలో పేర్కొన్నారు
HYP: అతి వేగానికి [31mకలల   [0m [31mమీద    [0m [31mమొత్తం[0m మరణాలు గాయపడిన వారి సంఖ్య [31mక్రమంగా[0m తగ్గుతుందని [31m*[0m ప్రకటనలో పేర్కొన్నారు
SENTENCE 174
Correct          =  64.3%    9   (    14)
Errors           =  35.7%    5   (    14)
REF: ఆమెను కోట ఆసుపత్రికి తరలించగా అప్పటికే ఆమె [31m****[0m [31mమృతిచెందిందని[0m వైద్యులు నిర్ధారించారు
HYP: ఆమెను కోట ఆసుపత్రికి తరలించగా అప్పటికే ఆమె [31mమృతి[0m [31mచెందిందని    [0m వైద్యులు నిర్ధారించారు
SENTENCE 175
Correct          =  88.9%    8   (     9)
Errors           =  22.2%    2   (     9)
REF: అన్నయ్య
HYP: అన్నయ్య
SENTENCE 176
Correct          = 100.0%    1   (     1)
Errors           =   0.0%    0   (     1)
REF: చాలా [31mబాగుంటుంది[0m
HYP: చాలా [31mబావుంటుంది[0m
SENTENCE 177
Correct          =  50.0%    1   (     2)
Errors           =  50.0%    1   (     2)
REF: అవును
HYP: అవును
SENTENCE 178
Correct          = 100.0%    1   (     1)
Errors           =   0.0%    0   (     1)
REF: [31mస్త్రీల[0m [31mకంటూ      [0m ప్రత్యేకంగా కొంత
HYP: [31m*******[0m [31mస్త్రీలకంట[0m ప్రత్యేకంగా కొంత
SENTENCE 179
Correct          =  50.0%    2   (     4)
Errors           =  50.0%    2   (     4)
REF: దానికి [31mసమీపంలో[0m [31mఆత్మాహుతి[0m [31mదళ         [0m [31mసభ్యుడు[0m [31mకారు    [0m [31mబాంబును     [0m [31mపేల్చినట్టు[0m పోలీసులు భావిస్తున్నారు
HYP: దానికి [31m*******[0m [31m*********[0m [31mసంబంధింపులో[0m [31mఆత్మవతి[0m [31mదర్శకులు[0m [31mకార్యక్రమంలో[0m [31mపేచినట్లు  [0m పోలీసులు భావిస్తున్నారు
SENTENCE 180
Correct          =  30.0%    3   (    10)
Errors           =  70.0%    7   (    10)
REF: తీసుకున్న [31m**********[0m [31m***********[0m [31mతీసుకోకపోయినా[0m [31mలేదని [0m చెప్పేసి
HYP: తీసుకున్న [31mతీసుకున్నా[0m [31mతీసుకోకుండా[0m [31mలేదు         [0m [31mలేదంటే[0m చెప్పేసి
SENTENCE 181
Correct          =  50.0%    2   (     4)
Errors           = 100.0%    4   (     4)
REF: [31m***[0m [31m*******[0m [31mసభాస్థలికి[0m [31mచేరుకునేందుకు[0m చేపట్టిన ఆరు [31m******[0m [31mప్రత్యేక[0m [31mరహదారుల[0m నిర్మాణం [31m******[0m [31mపూర్తికావస్తోంది[0m
HYP: [31mసభా[0m [31mస్థలికి[0m [31mచేరుకుని  [0m [31mఎందుకు       [0m చేపట్టిన ఆరు [31mపెచ్చి[0m [31mకులాల   [0m [31mద్వారా [0m నిర్మాణం [31mపూర్తి[0m [31mకావస్తోంది      [0m
SENTENCE 182
Correct          =  37.5%    3   (     8)
Errors           = 112.5%    9   (     8)
REF: [31mఅంతేకాదు[0m పవన్ కళ్యాణ్ తన [31mసోదరుడు[0m [31mనాగబాబు[0m [31mఓ   [0m సినిమాకు నిర్మాతగా వ్యవహరించి ఇబ్బందులు [31mఉన్నప్పటికి[0m [31mఆదుకునే    [0m [31mవాదనలు      [0m [31mఉన్నాయని[0m [31mపేర్కొంది  [0m
HYP: [31mఅంతేగాక [0m పవన్ కళ్యాణ్ తన [31mసోదరుని[0m [31mనగర    [0m [31mవనకు[0m సినిమాకు నిర్మాతగా వ్యవహరించి ఇబ్బందులు [31m***********[0m [31mఉన్నప్పటికీ[0m [31mఆదుకునేవాడని[0m [31mనాయనం   [0m [31mపెరుగుతోంది[0m
SENTENCE 183
Correct          =  43.8%    7   (    16)
Errors           =  56.2%    9   (    16)
REF: [31m*********[0m [31mకూర్చొని [0m [31mసంపాదిద్దాం[0m [31mఅనే[0m [31mఆలోచన   [0m పెట్టుకుంటే [31m***[0m [31mఎవ్వడు[0m [31mబాగుపడడు[0m అనే అవగాహన [31mనాది       [0m
HYP: [31mగుర్తుండి[0m [31mసంపాదింతం[0m [31mఅని        [0m [31mఆ  [0m [31mఅలోచించె[0m పెట్టుకుంటే [31mఏమో[0m [31mడబ్బా [0m [31mపాత్ర   [0m అనే అవగాహన [31mరాంతున్నాడు[0m
SENTENCE 184
Correct          =  30.0%    3   (    10)
Errors           =  90.0%    9   (    10)
REF: లక్ష [31m******[0m [31mరూపాయలు  [0m [31mవస్తుంది[0m [31mకదా [0m [31mతగుల్తే[0m
HYP: లక్ష [31mరూపాయల[0m [31mవస్తువులు[0m [31mమీద     [0m [31mతప్ప[0m [31mఉంటె   [0m
SENTENCE 185
Correct          =  20.0%    1   (     5)
Errors           = 100.0%    5   (     5)
REF: అవునండి
HYP: అవునండి
SENTENCE 186
Correct          = 100.0%    1   (     1)
Errors           =   0.0%    0   (     1)
REF: అవునా
HYP: అవునా
SENTENCE 187
Correct          = 100.0%    1   (     1)
Errors           =   0.0%    0   (     1)
REF: [31mఅలవాటు[0m [31mఉండేదండి     [0m
HYP: [31mఅలా   [0m [31mవెళ్తుంటాదండి[0m
SENTENCE 188
Correct          =   0.0%    0   (     2)
Errors           = 100.0%    2   (     2)
REF: [31mవ్యవసాయంపైనే[0m తమ కుటుంబం ఆధారపడి ఉందని తమ [31mభూములను [0m తీసుకుంటే తాము [31m*****[0m [31m*****[0m [31mజీవనోపాధి  [0m [31mకోల్పోతామనిఆమె[0m [31mఅంటున్నారు[0m
HYP: [31mవ్యవసాయంపై  [0m తమ కుటుంబం ఆధారపడి ఉందని తమ [31mబొమ్మలను[0m తీసుకుంటే తాము [31mచీపను[0m [31mఉపాధి[0m [31mకోల్పోతామని[0m [31mఆయన           [0m [31mఅన్నారు   [0m
SENTENCE 189
Correct          =  58.3%    7   (    12)
Errors           =  58.3%    7   (    12)
REF: చాలా [31m******[0m [31mఎదగటానికి[0m
HYP: చాలా [31mఎదగాలి[0m [31mగాని     [0m
SENTENCE 190
Correct          =  50.0%    1   (     2)
Errors           = 100.0%    2   (     2)
REF: అయితే చెప్తాను
HYP: అయితే చెప్తాను
SENTENCE 191
Correct          = 100.0%    2   (     2)
Errors           =   0.0%    0   (     2)
REF: వాళ్ళకి [31m****[0m [31mఒక[0m [31mఉన్నత[0m [31mఅభివృద్ధి[0m [31mలో  [0m [31mనిలబెట్టాలి[0m అని [31mమనం[0m [31mఅనుకుంటాము[0m కదా
HYP: వాళ్ళకి [31mఒక్క[0m [31mరా[0m [31mఉన్న [0m [31mతదితరులు [0m [31mనేను[0m [31mవెళ్ళట్లేదు[0m అని [31mమన [0m [31mఅనుకుంటాం [0m కదా
SENTENCE 192
Correct          =  30.0%    3   (    10)
Errors           =  80.0%    8   (    10)
REF: [31m****[0m [31mఅత్తాకోడళ్ల[0m మధ్య [31m*****[0m [31mతగాదాల[0m [31mకారణమే [0m ఆమె తీవ్ర చర్యకు [31mపాల్పడినట్లు[0m అనుమానిస్తున్నారు
HYP: [31mఅత్త[0m [31mకొడుకుల    [0m మధ్య [31mతరగతి[0m [31mఆదాయ  [0m [31mకారణమని[0m ఆమె తీవ్ర చర్యకు [31mపాల్పడినట్టు[0m అనుమానిస్తున్నారు
SENTENCE 193
Correct          =  55.6%    5   (     9)
Errors           =  66.7%    6   (     9)
REF: మన ఊర్లో [31mమన[0m [31mఊరు[0m [31mమన  [0m [31mవాళ్ళు[0m [31mఅని    [0m [31mతప్ప [0m
HYP: మన ఊర్లో [31m**[0m [31m***[0m [31mమూడు[0m [31mమండల  [0m [31mవాళ్ళని[0m [31mతప్పా[0m
SENTENCE 194
Correct          =  25.0%    2   (     8)
Errors           =  75.0%    6   (     8)
REF: ముఖ్యమంత్రి చంద్రబాబు నాయుడు ఎంతో నేర్పుతో మంత్రివర్గాన్ని విస్తరించారని [31mవెల్లడించారు[0m
HYP: ముఖ్యమంత్రి చంద్రబాబు నాయుడు ఎంతో నేర్పుతో మంత్రివర్గాన్ని విస్తరించారని [31mవెల్లడించాడు[0m
SENTENCE 195
Correct          =  87.5%    7   (     8)
Errors           =  12.5%    1   (     8)
REF: అది
HYP: అది
SENTENCE 196
Correct          = 100.0%    1   (     1)
Errors           =   0.0%    0   (     1)
REF: మొన్నే [31mఒచ్చారు[0m
HYP: మొన్నే [31mవచ్చారు[0m
SENTENCE 197
Correct          =  50.0%    1   (     2)
Errors           =  50.0%    1   (     2)
REF: [31m*****[0m [31mదీంతోపాటు[0m [31mప్రణబ్[0m [31mముఖర్జీ[0m తీవ్ర అనుమానాలకు [31mగురైనట్లు   [0m కనిపిస్తున్నారు
HYP: [31mదీంతో[0m [31mపాటు     [0m [31mప్రముఖ[0m [31mపరిధి  [0m తీవ్ర అనుమానాలకు [31mగురయ్యేందుకు[0m కనిపిస్తున్నారు
SENTENCE 198
Correct          =  42.9%    3   (     7)
Errors           =  71.4%    5   (     7)
REF: [31mమనకి[0m కూడా [31mఅప్పుడు[0m బాగా చెప్పేవారు [31mకాబట్టే    [0m
HYP: [31mమాకు[0m కూడా [31mఇప్పుడు[0m బాగా చెప్పేవారు [31mకాబట్టేశాను[0m
SENTENCE 199
Correct          =  50.0%    3   (     6)
Errors           =  50.0%    3   (     6)
REF: విద్యార్థుల [31mవల్లనే  [0m తెలంగాణ [31m*********[0m [31m*******[0m [31mసాధ్యమైందని[0m [31mఇప్పుడు[0m [31mతమ   [0m [31mగొంతులను     [0m [31mనొక్కుతున్నారని[0m [31mధ్వజమెత్తారు[0m
HYP: విద్యార్థుల [31mవ్యవహారం[0m తెలంగాణ [31mసాధ్యమైనం[0m [31mఎప్పుడూ[0m [31mతమకు       [0m [31mగుంటూరు[0m [31mనుండి[0m [31mమోత్కున్నారని[0m [31mధృషమని         [0m [31mచెప్పారు    [0m
SENTENCE 200
Correct          =  22.2%    2   (     9)
Errors           = 100.0%    9   (     9)
REF: అయితే రాజధాని పుష్కరాల నేపథ్యంలో విస్తరణ పనులు చేపట్టాలని అధికారులు చెబుతూ వచ్చారు
HYP: అయితే రాజధాని పుష్కరాల నేపథ్యంలో విస్తరణ పనులు చేపట్టాలని అధికారులు చెబుతూ వచ్చారు
SENTENCE 201
Correct          = 100.0%   10   (    10)
Errors           =   0.0%    0   (    10)
REF: [31mచాల [0m మంది ప్రజలు ఉన్నారు [31m***[0m [31m***[0m [31mవాళ్ళకి[0m [31mమనము [0m [31mసహకరించాలి[0m ప్రభుత్వం కూడా [31m*****[0m [31mఇటువంటివి[0m [31mగుర్తించాలి[0m
HYP: [31mచాలా[0m మంది ప్రజలు ఉన్నారు [31mఅని[0m [31mమనం[0m [31mఇంత    [0m [31mసహాయం[0m [31mచాలా      [0m ప్రభుత్వం కూడా [31mఎట్టు[0m [31mపుట్టింది[0m [31mచాల్       [0m
SENTENCE 202
Correct          =  45.5%    5   (    11)
Errors           =  81.8%    9   (    11)
REF: [31mపడిపోయా[0m [31mకదా     [0m
HYP: [31m*******[0m [31mపడిపోయాక[0m
SENTENCE 203
Correct          =   0.0%    0   (     2)
Errors           = 100.0%    2   (     2)
REF: [31mతుళ్లూరు[0m మండలం [31m*******[0m [31m**********[0m [31mదొండపాడు[0m [31mఅబ్బరాజుపాలెం[0m [31mఐనవోలు[0m వెలగపూడి [31mతుళ్లూరు  [0m [31mగ్రామాల్లో[0m మంగళవారం జరిగిన [31mభూ[0m [31mసమీకరణ  [0m [31mకార్యక్రమాల్లో[0m పాల్గొన్నారు
HYP: [31mతుండు   [0m మండలం [31mతండపాలు[0m [31mఆంగ్లపాలిత[0m [31mపాలన    [0m [31mఆయన          [0m [31mమొదలు [0m వెలగపూడి [31mతులుగులూరు[0m [31mగ్రామంలో  [0m మంగళవారం జరిగిన [31m**[0m [31mబోర్జాక్[0m [31mనిర్ణబాటు     [0m పాల్గొన్నారు
SENTENCE 204
Correct          =  35.7%    5   (    14)
Errors           =  78.6%   11   (    14)
REF: [31mవైయస్సార్[0m [31mకాంగ్రెస్[0m [31mపార్టీ   [0m [31mసభ్యులపై[0m చర్యలు తీసుకోవాలని [31mఅనిత  [0m కోరారు
HYP: [31mవైయస్    [0m [31mరాజశేఖర  [0m [31mస్వార్థిక[0m [31mస్పందిపై[0m చర్యలు తీసుకోవాలని [31mఅధికార[0m కోరారు
SENTENCE 205
Correct          =  37.5%    3   (     8)
Errors           =  62.5%    5   (     8)
REF: [31mకాని[0m ప్రజల్లో అయితే చాలా [31mవరకు[0m
HYP: [31mకానీ[0m ప్రజల్లో అయితే చాలా [31mవరకూ[0m
SENTENCE 206
Correct          =  60.0%    3   (     5)
Errors           =  40.0%    2   (     5)
REF: [31mబద్రి   [0m
HYP: [31mవైద్యుడు[0m
SENTENCE 207
Correct          =   0.0%    0   (     1)
Errors           = 100.0%    1   (     1)
REF: ఈ ఘటనపై అమెరికాలో సాగుతున్న దాడుల పట్ల తీవ్ర నిరసనలు వ్యక్తమయ్యాయి
HYP: ఈ ఘటనపై అమెరికాలో సాగుతున్న దాడుల పట్ల తీవ్ర నిరసనలు వ్యక్తమయ్యాయి
SENTENCE 208
Correct          = 100.0%    9   (     9)
Errors           =   0.0%    0   (     9)
REF: ఆయన వెంట రాష్ట్ర ఉప ముఖ్యమంత్రులు [31mమహమూద్[0m [31mఅలీ     [0m [31mటి    [0m
HYP: ఆయన వెంట రాష్ట్ర ఉప ముఖ్యమంత్రులు [31m******[0m [31mమాములుగా[0m [31mదాడికి[0m
SENTENCE 209
Correct          =  62.5%    5   (     8)
Errors           =  37.5%    3   (     8)
REF: అది [31mరావటానికి[0m కారణం [31mకుడా[0m మనా
HYP: అది [31mరావట్లేదు[0m కారణం [31mకూడా[0m మనా
SENTENCE 210
Correct          =  60.0%    3   (     5)
Errors           =  40.0%    2   (     5)
REF: రహీం [31mచనిపోయిన   [0m విషయం బయటకు రాకుండా [31m*********[0m [31m********[0m [31mఉండేందుకుగాను[0m [31mమృతదేహంపై[0m [31mఉప్పుజల్లాడు[0m
HYP: రహీం [31mచెల్లిపోయిన[0m విషయం బయటకు రాకుండా [31mఉండేందుకు[0m [31mఅనుమతులు[0m [31mఅభ్యం        [0m [31mపూజలు    [0m [31mదాడులు      [0m
SENTENCE 211
Correct          =  50.0%    4   (     8)
Errors           =  75.0%    6   (     8)
REF: ప్రస్తుతం వచ్చేసి
HYP: ప్రస్తుతం వచ్చేసి
SENTENCE 212
Correct          = 100.0%    2   (     2)
Errors           =   0.0%    0   (     2)
REF: [31m********[0m [31mగ్రామాల[0m [31mవారీగా[0m [31mస్వల్ప[0m [31mవివాదాలను[0m తక్షణం [31m**********[0m [31mపరిష్కరించి[0m [31mప్లాట్లు    [0m [31mకేటాయింపునకు[0m [31mవ్యూహరచన[0m చేశారు
HYP: [31mగ్రామంలో[0m [31mవారి   [0m [31mఆశల   [0m [31mకు    [0m [31mవివాహాలకు[0m తక్షణం [31mపరిశీలించే[0m [31mవ్యాపారులు [0m [31mకేటాయింపులకు[0m [31mవిహార       [0m [31mశ్రీ    [0m చేశారు
SENTENCE 213
Correct          =  20.0%    2   (    10)
Errors           = 100.0%   10   (    10)
REF: కాగా [31mబలబలాలు     [0m ఓటర్లు ఓటు వేసే సమయానికి తారుమారు కూడా [31mఅవొచ్చు[0m
HYP: కాగా [31mభగ్గరపడ్డారు[0m ఓటర్లు ఓటు వేసే సమయానికి తారుమారు కూడా [31mవచ్చావు[0m
SENTENCE 214
Correct          =  77.8%    7   (     9)
Errors           =  22.2%    2   (     9)
REF: అవును
HYP: అవును
SENTENCE 215
Correct          = 100.0%    1   (     1)
Errors           =   0.0%    0   (     1)
REF: మార్చేశారు [31mకద [0m
HYP: మార్చేశారు [31mకదా[0m
SENTENCE 216
Correct          =  50.0%    1   (     2)
Errors           =  50.0%    1   (     2)
REF: ఆ సినిమా అంటే చాలా ఇష్టం [31mనాకు[0m
HYP: ఆ సినిమా అంటే చాలా ఇష్టం [31mనా  [0m
SENTENCE 217
Correct          =  83.3%    5   (     6)
Errors           =  16.7%    1   (     6)
REF: [31m********[0m [31mచిత్రీకరిస్తున్న[0m పిల్లలు [31m***[0m [31mభయంతో[0m [31mపరుగులు[0m [31mఎత్తుకెళ్ళి[0m [31mదగ్గరలో[0m [31mఉన్నవారికి[0m చెప్పారు
HYP: [31mచిత్తూరు[0m [31mఇస్తున్న        [0m పిల్లలు [31mబయట[0m [31mపడిలో[0m [31mతిరిగి [0m [31mతగ్గేలా    [0m [31mతగిలాలో[0m [31mనమ్మబికి  [0m చెప్పారు
SENTENCE 218
Correct          =  25.0%    2   (     8)
Errors           = 100.0%    8   (     8)
REF: [31mహైదరాబాదు[0m తుది జట్టులోకి మోయిసెస్ [31mహెన్రిక్స్[0m [31mహనుమ  [0m [31mవిహారీ   [0m వచ్చారు
HYP: [31mహైదరాబాద్[0m తుది జట్టులోకి మోయిసెస్ [31mఎన్నికల   [0m [31mహామీలు[0m [31mఅధికారులు[0m వచ్చారు
SENTENCE 219
Correct          =  50.0%    4   (     8)
Errors           =  50.0%    4   (     8)
REF: [31mనేను[0m [31mవెళ్ళేది[0m [31mఇప్పుడు[0m [31mకొంచెం    [0m దూరంగా [31mఉంటాన్ను[0m [31mకాబట్టి   [0m [31mసంవత్సరానికి[0m [31mఒకసారి    [0m [31mవెళ్తాను[0m [31mనేను  [0m [31mఇంటికి [0m
HYP: [31m****[0m [31mనేనేది  [0m [31mఎళ్ళారు[0m [31mతింటుకుంటూ[0m దూరంగా [31m********[0m [31mఉంటున్నాను[0m [31mఅంటే        [0m [31mసమస్యలన్నీ[0m [31mఒకటి    [0m [31mసాదాలు[0m [31mతనివిధి[0m
SENTENCE 220
Correct          =   8.3%    1   (    12)
Errors           =  91.7%   11   (    12)
REF: [31m****[0m [31mకుమారుడు[0m
HYP: [31mఇంకో[0m [31mమారడం   [0m
SENTENCE 221
Correct          =   0.0%    0   (     1)
Errors           = 200.0%    2   (     1)
REF: హోదా పైన [31mయూ[0m [31mటర్న్ [0m తీసుకున్న ఆ పార్టీ పైన [31mదుమ్మెత్తి[0m [31mపోస్తున్నారు[0m
HYP: హోదా పైన [31m**[0m [31mయువతను[0m తీసుకున్న ఆ పార్టీ పైన [31mదూర్తి    [0m [31mవస్తున్నారు [0m
SENTENCE 222
Correct          =  60.0%    6   (    10)
Errors           =  40.0%    4   (    10)
REF: [31mన్యూజిలాండ్[0m రాజధాని కనిపించింది
HYP: [31mనిజాని     [0m రాజధాని కనిపించింది
SENTENCE 223
Correct          =  66.7%    2   (     3)
Errors           =  33.3%    1   (     3)
REF: [31mఆన్[0m చెప్పు
HYP: [31mఆ  [0m చెప్పు
SENTENCE 224
Correct          =  50.0%    1   (     2)
Errors           =  50.0%    1   (     2)
REF: సుష్మా స్వరాజ్ [31m**********[0m [31mస్పందనవంశీ[0m చంద్ రెడ్డి [31mమృతి[0m [31mపైన     [0m కేంద్రమంత్రి [31mసుష్మా[0m [31mస్వరాజ్[0m స్పందించారు
HYP: సుష్మా స్వరాజ్ [31mస్పందించిన[0m [31mబంజీ      [0m చంద్ రెడ్డి [31m****[0m [31mభూతిపైనే[0m కేంద్రమంత్రి [31m******[0m [31mసురస్వా[0m స్పందించారు
SENTENCE 225
Correct          =  54.5%    6   (    11)
Errors           =  54.5%    6   (    11)
REF: జైల్లో కూడా పెట్టారు
HYP: జైల్లో కూడా పెట్టారు
SENTENCE 226
Correct          = 100.0%    3   (     3)
Errors           =   0.0%    0   (     3)
REF: కడప కర్నూలు
HYP: కడప కర్నూలు
SENTENCE 227
Correct          = 100.0%    2   (     2)
Errors           =   0.0%    0   (     2)
REF: ఇంకా
HYP: ఇంకా
SENTENCE 228
Correct          = 100.0%    1   (     1)
Errors           =   0.0%    0   (     1)
REF: [31mఅలాగా[0m
HYP: [31mఅలగా [0m
SENTENCE 229
Correct          =   0.0%    0   (     1)
Errors           = 100.0%    1   (     1)
REF: ఈసారి మాత్రం [31mఎలగైనా[0m దక్షిణాఫ్రికా [31mవిజయం [0m [31mసాధించాలనే[0m పట్టుదలతో ఆటగాళ్లు ఉన్నారు
HYP: ఈసారి మాత్రం [31mఎలాంటి[0m దక్షిణాఫ్రికా [31mఉద్యమం[0m [31mసాధించిన  [0m పట్టుదలతో ఆటగాళ్లు ఉన్నారు
SENTENCE 230
Correct          =  66.7%    6   (     9)
Errors           =  33.3%    3   (     9)
REF: బాధిత కుటుంబాన్ని వెంట [31mపెట్టుకొని[0m చంద్రబాబు వద్దకు వచ్చారు
HYP: బాధిత కుటుంబాన్ని వెంట [31mపెట్టుకుని[0m చంద్రబాబు వద్దకు వచ్చారు
SENTENCE 231
Correct          =  85.7%    6   (     7)
Errors           =  14.3%    1   (     7)
REF: ఆంధ్రప్రదేశ్ రాష్ట్రానికి ప్రత్యేక హోదా [31mఉన్నా[0m లేనట్లు [31mఅయన[0m అన్నారు
HYP: ఆంధ్రప్రదేశ్ రాష్ట్రానికి ప్రత్యేక హోదా [31mఉన్న [0m లేనట్లు [31mఆయన[0m అన్నారు
SENTENCE 232
Correct          =  75.0%    6   (     8)
Errors           =  25.0%    2   (     8)
REF: [31mనిర్ధారించుకోవాలి[0m
HYP: [31mనిదర్శకులు       [0m
SENTENCE 233
Correct          =   0.0%    0   (     1)
Errors           = 100.0%    1   (     1)
REF: [31mపొద్దున్నంతా[0m వార్తలు [31m***********[0m [31m*******[0m [31mతెలియచేయాలని[0m [31mఒక్కోక్కరిని[0m [31mకుక్కకి [0m [31mతెలియజేస్తుంది[0m
HYP: [31mకొత్తగా     [0m వార్తలు [31mతెలియజేస్తే[0m [31mవాళ్లని[0m [31mఒక్కొక్కరిని[0m [31mకొన్ని      [0m [31mతొక్కియా[0m [31mచేస్తోంది     [0m
SENTENCE 234
Correct          =  16.7%    1   (     6)
Errors           = 116.7%    7   (     6)
REF: కానీ ఆ తర్వాత రెండు [31mసార్లు[0m [31mఓటమి        [0m [31mపాలయ్యారు  [0m
HYP: కానీ ఆ తర్వాత రెండు [31mమూడు  [0m [31mసంవత్సరాలుగా[0m [31mకట్టబడ్డారు[0m
SENTENCE 235
Correct          =  57.1%    4   (     7)
Errors           =  42.9%    3   (     7)
REF: [31mఉన్నతధికారుల   [0m వేధింపులు ఉంటే [31mఆ[0m దీక్ష [31mచర్యలు [0m తీసుకుంటామన్నారు
HYP: [31mఉన్నతాధికారులను[0m వేధింపులు ఉంటే [31m*[0m దీక్ష [31mచెల్లను[0m తీసుకుంటామన్నారు
SENTENCE 236
Correct          =  57.1%    4   (     7)
Errors           =  42.9%    3   (     7)
REF: [31mత్వరగా    [0m [31mపెళ్ళిళ్ళు[0m [31mచేసెయ్యడం  [0m [31mఇలాంటివి[0m చేస్తున్నారు [31mఈరోజుల్లో[0m [31mకట్నాల  [0m [31mకన్నా [0m ఎక్కువ ముందు [31mచదివించాలి[0m [31mవాళ్ళని[0m
HYP: [31mధ్వర్గాలకు[0m [31mపెళ్లి    [0m [31mచేసేటప్పుడు[0m [31mఇలాంటి  [0m చేస్తున్నారు [31mఈ        [0m [31mరోజుల్లో[0m [31mకఠన్నా[0m ఎక్కువ ముందు [31mచదివించడం [0m [31mలేదు   [0m
SENTENCE 237
Correct          =  25.0%    3   (    12)
Errors           =  75.0%    9   (    12)
REF: వెళ్లిన ఆయన మంగళవారం ప్రధాని నరేంద్ర [31mమోది[0m [31mతో  [0m [31mభేటీ[0m [31mఅయ్యారు[0m
HYP: వెళ్లిన ఆయన మంగళవారం ప్రధాని నరేంద్ర [31m****[0m [31mమోడీ[0m [31mపేరు[0m [31mఆయా    [0m
SENTENCE 238
Correct          =  55.6%    5   (     9)
Errors           =  44.4%    4   (     9)
REF: దీంతో ఈ [31mప్రాంతం[0m ప్రజలు ఆందోళన చెందుతున్నారు
HYP: దీంతో ఈ [31mప్రాంత [0m ప్రజలు ఆందోళన చెందుతున్నారు
SENTENCE 239
Correct          =  83.3%    5   (     6)
Errors           =  16.7%    1   (     6)
REF: అవును
HYP: అవును
SENTENCE 240
Correct          = 100.0%    1   (     1)
Errors           =   0.0%    0   (     1)
REF: [31mఊర్లో  [0m ఉన్న [31m*******[0m [31mప్రజలకి[0m చెప్తా [31mఉండాలి[0m ఇలా [31mఇలా[0m చేస్తే మనకి మన ఊరిలో [31mఇలాంటి[0m [31mఉద్యోగాల్[0m ఉన్నాయి
HYP: [31mఉల్లిగా[0m ఉన్న [31mపెద్దలు[0m [31mకి     [0m చెప్తా [31mఉంటారు[0m ఇలా [31mఎలా[0m చేస్తే మనకి మన ఊరిలో [31mఎలాంటి[0m [31mఉద్యోగాలు[0m ఉన్నాయి
SENTENCE 241
Correct          =  57.1%    8   (    14)
Errors           =  50.0%    7   (    14)
REF: తండ్రి [31mకొడుకులు[0m ఒకే కుటుంబంలో మృతి [31mచెందడంతో[0m గ్రామంలో విషాద ఛాయలు [31m******[0m [31mఅలముకున్నారు[0m అలుముకున్నాయి
HYP: తండ్రి [31mఇక్కడకు [0m ఒకే కుటుంబంలో మృతి [31mచెందటంతో[0m గ్రామంలో విషాద ఛాయలు [31mఅల్లము[0m [31mకొన్నారు    [0m అలుముకున్నాయి
SENTENCE 242
Correct          =  72.7%    8   (    11)
Errors           =  36.4%    4   (    11)
REF: శుక్రవారం నాడు [31mదంపతులిద్దరూ[0m [31mబోడుప్పల్[0m [31mలోని  [0m [31mతన       [0m [31mస్నేహితుల[0m [31mఇంటికి      [0m వచ్చారు
HYP: శుక్రవారం నాడు [31mదంపతులు     [0m [31mఇద్దరూ   [0m [31mబోర్డు[0m [31mపెద్దలోని[0m [31mతన       [0m [31mస్నేహితుడికి[0m వచ్చారు
SENTENCE 243
Correct          =  33.3%    3   (     9)
Errors           =  66.7%    6   (     9)
REF: ప్రధానంగా [31m******[0m రాజధాని [31mనిర్మాణాని[0m నిధులు [31mఎలా   [0m [31mనిర్మిరచాలన్న[0m కోణంలో కూడా ఆయన [31m***********[0m [31mచర్చిచనున్నట్లు[0m [31mతెలిసిరది  [0m
HYP: ప్రధానంగా [31mరాజకీయ[0m రాజధాని [31mనిర్మాణం  [0m నిధులు [31mఎలాంటి[0m [31mనిర్మించాలన్న[0m కోణంలో కూడా ఆయన [31mచర్చనీయాంశం[0m [31mచర్చించినట్లు  [0m [31mతెలుస్తోంది[0m
SENTENCE 244
Correct          =  54.5%    6   (    11)
Errors           =  63.6%    7   (    11)
REF: అయితే మన [31mవంతుగా[0m [31mమనం     [0m కూడా [31mనీ [0m
HYP: అయితే మన [31mముందు [0m [31mగమనార్హం[0m కూడా [31mఅది[0m
SENTENCE 245
Correct          =  50.0%    3   (     6)
Errors           =  50.0%    3   (     6)
REF: నాకు చాలా ఇష్టం
HYP: నాకు చాలా ఇష్టం
SENTENCE 246
Correct          = 100.0%    3   (     3)
Errors           =   0.0%    0   (     3)
REF: [31m**[0m [31mవేసేస్తారు[0m కూడా
HYP: [31mఏం[0m [31mచేస్తారు  [0m కూడా
SENTENCE 247
Correct          =  50.0%    1   (     2)
Errors           = 100.0%    2   (     2)
REF: ఆంధ్రప్రదేశ్ రాష్ట్రానికి ప్రత్యేక హోదా ఇచ్చేలా [31m********[0m [31mచూడాలని[0m [31mరాష్ట్రపతిని[0m [31mకోరినట్లు[0m [31mఆయన    [0m తెలిపారు
HYP: ఆంధ్రప్రదేశ్ రాష్ట్రానికి ప్రత్యేక హోదా ఇచ్చేలా [31mచూడాలన్న[0m [31mరాష్ట్ర[0m [31mప్రతులు     [0m [31mకొన్నా   [0m [31mట్యాంతి[0m తెలిపారు
SENTENCE 248
Correct          =  60.0%    6   (    10)
Errors           =  50.0%    5   (    10)
REF: వాళ్ళు
HYP: వాళ్ళు
SENTENCE 249
Correct          = 100.0%    1   (     1)
Errors           =   0.0%    0   (     1)
REF: ఆ నలుగురు [31mప్రమాణ   [0m [31mస్వీకారం[0m [31mచేసిన     [0m [31mవెంటనే   [0m [31mన్యాయమూర్తులుగా[0m [31mవిధులు[0m నిర్వహించారు
HYP: ఆ నలుగురు [31mప్రమాదంలో[0m [31mసుఖీర్గ [0m [31mఅనుసరించిన[0m [31mనిబంధనలకు[0m [31mతెలవదు         [0m [31mవిధాను[0m నిర్వహించారు
SENTENCE 250
Correct          =  33.3%    3   (     9)
Errors           =  66.7%    6   (     9)
REF: ఇక తిరుపతి [31m*******************[0m [31m*******[0m [31mనియోజకవర్గంలో[0m [31mబలిజ  [0m [31mసామాజికవర్గానికి[0m చెందిన ఓటర్లు ఎక్కువ
HYP: ఇక తిరుపతి [31mవేయించుకోవాలనుకున్న[0m [31mపలువురి[0m [31mఅయితే        [0m [31mసమస్యల[0m [31mవర్గానికి       [0m చెందిన ఓటర్లు ఎక్కువ
SENTENCE 251
Correct          =  62.5%    5   (     8)
Errors           =  62.5%    5   (     8)
REF: వాళ్ళకి [31m***[0m [31mఎదైతే[0m ఆసక్తిగా [31mఉందొ[0m [31mదాని[0m [31mమీద  [0m
HYP: వాళ్ళకి [31mఏది[0m [31mఅయితే[0m ఆసక్తిగా [31mఉందో[0m [31mఅంత [0m [31mనిద్ర[0m
SENTENCE 252
Correct          =  33.3%    2   (     6)
Errors           =  83.3%    5   (     6)
REF: ఏం [31mజరిగిందంటెండీ[0m మన వాళ్ళు [31mదీపావళి[0m [31mసామాన్లు[0m [31mతయారు  [0m [31mచేసేటప్పుడు     [0m
HYP: ఏం [31mజరిగిందంటే   [0m మన వాళ్ళు [31m*******[0m [31mదేపావళి [0m [31mసామర్థం[0m [31mతయారుచేసేటప్పుడు[0m
SENTENCE 253
Correct          =  37.5%    3   (     8)
Errors           =  62.5%    5   (     8)
REF: [31mనృత్య [0m [31mసమ్మేళనం[0m విశాఖకు చెందిన [31m*********[0m [31mబాలకొండలరావు[0m [31mనేతృత్వంలో[0m [31mశిష్య[0m [31mబృందం [0m [31mఆలోకయే[0m [31mశ్రీ [0m [31mబాలకృష్ణం[0m [31mఅంటూ   [0m [31mతరంగం [0m [31mప్రదర్శించిన[0m [31mనృత్యం[0m [31mఆహూతులను  [0m [31mఆకట్టుకుంది [0m
HYP: [31mముద్ది[0m [31mసమయం    [0m విశాఖకు చెందిన [31mపాలకొల్లు[0m [31mగడలా        [0m [31mఉన్న      [0m [31mఈ    [0m [31mసిరిస్[0m [31mవేదనలు[0m [31mనలుగే[0m [31mస్నేహంతో [0m [31mతెలంగాణ[0m [31mప్రజలు[0m [31mసుజనా       [0m [31mచౌదరి [0m [31mఉత్తర్వులు[0m [31mరాకట్టుకుంది[0m
SENTENCE 254
Correct          =  11.8%    2   (    17)
Errors           =  94.1%   16   (    17)
REF: లక్ష అంతకు మించి బ్యాంకు [31mమేనేజర్లు[0m [31mససేమిరా     [0m [31mఅంటున్నారు[0m
HYP: లక్ష అంతకు మించి బ్యాంకు [31mమైదా     [0m [31mదొరస్యయితామే[0m [31mఅన్నారు   [0m
SENTENCE 255
Correct          =  57.1%    4   (     7)
Errors           =  42.9%    3   (     7)
REF: [31m***[0m [31m******[0m [31mఅనూహ్యంగా[0m [31mపదిహేను[0m రోజుల క్రితం తిరుపతిలో సభ పెట్టారు
HYP: [31mఅది[0m [31mవిన్నా[0m [31mప్రతి    [0m [31mఎనిమిది[0m రోజుల క్రితం తిరుపతిలో సభ పెట్టారు
SENTENCE 256
Correct          =  71.4%    5   (     7)
Errors           =  57.1%    4   (     7)
REF: [31mమెదక్[0m [31mప్రమాదం[0m [31mప్రాంతంలో  [0m [31mహరీష్ [0m [31mరావు[0m వారి [31mపిల్లల [0m చదువు [31mబాధ్యతను[0m [31mప్రభుత్వమే[0m [31mచూసుకుంటుందన్నారు[0m
HYP: [31m*****[0m [31mమొదట   [0m [31mప్రాథమికంగా[0m [31mవాయిదా[0m [31mచాలా[0m వారి [31mపిల్లలు[0m చదువు [31mబాధితులు[0m [31mప్రభుత్వం [0m [31mచేస్తుంటున్నారు  [0m
SENTENCE 257
Correct          =  18.2%    2   (    11)
Errors           =  81.8%    9   (    11)
REF: అంటే
HYP: అంటే
SENTENCE 258
Correct          = 100.0%    1   (     1)
Errors           =   0.0%    0   (     1)
REF: వాళ్ళు కొంచెం
HYP: వాళ్ళు కొంచెం
SENTENCE 259
Correct          = 100.0%    2   (     2)
Errors           =   0.0%    0   (     2)
REF: [31mఆయనకు[0m [31mఎస్పీ  [0m [31mఅధినేత[0m [31mములాయం[0m సింగ్ [31m****[0m [31m****[0m [31mయాదవ్[0m [31mఅండదండలు [0m [31mకూడా[0m [31mఉన్నట్టు[0m సమాచారం
HYP: [31mఆయన  [0m [31mకేసీఆర్[0m [31mగేదెల [0m [31mముఠాయం[0m సింగ్ [31mచాలా[0m [31mవరకు[0m [31mఅన్నం[0m [31mఅధికారులు[0m [31mకూడ [0m [31mఉన్నట్లు[0m సమాచారం
SENTENCE 260
Correct          =  20.0%    2   (    10)
Errors           = 100.0%   10   (    10)
REF: [31mవాయి[0m కాలుష్యం అంటే
HYP: [31mవాయు[0m కాలుష్యం అంటే
SENTENCE 261
Correct          =  66.7%    2   (     3)
Errors           =  33.3%    1   (     3)
REF: అది
HYP: అది
SENTENCE 262
Correct          = 100.0%    1   (     1)
Errors           =   0.0%    0   (     1)
REF: అది కూడా చేస్తారు
HYP: అది కూడా చేస్తారు
SENTENCE 263
Correct          = 100.0%    3   (     3)
Errors           =   0.0%    0   (     3)
REF: [31mఉంటారు [0m
HYP: [31mఉంటుందో[0m
SENTENCE 264
Correct          =   0.0%    0   (     1)
Errors           = 100.0%    1   (     1)
REF: [31m**[0m [31mమేము[0m [31mఒకరు [0m [31mతక్కువ[0m [31mచేసి[0m [31mఎవరితోని  [0m [31mమాట్లాడలేదు[0m
HYP: [31mమీ[0m [31mమొదట[0m [31mతప్పు[0m [31mచేసే  [0m [31mకూడా[0m [31mమాట్లాడాలి[0m [31mలేదా       [0m
SENTENCE 265
Correct          =   0.0%    0   (     6)
Errors           = 116.7%    7   (     6)
REF: అవును
HYP: అవును
SENTENCE 266
Correct          = 100.0%    1   (     1)
Errors           =   0.0%    0   (     1)
REF: దర్శకులు [31m****************[0m [31mరాజమౌళి[0m [31mరూపొందించిన   [0m [31mబాహుబలి[0m [31mచిత్రం      [0m [31mచూసిన [0m [31mచూశానని     [0m తెలిపారు
HYP: దర్శకులు [31mప్రాజమికవిర్యులు[0m [31mపొన్ని [0m [31mనిర్భావకరించిన[0m [31mవిషయం  [0m [31mతెలిసినందుకు[0m [31mసిద్ధం[0m [31mచేయనున్నట్లు[0m తెలిపారు
SENTENCE 267
Correct          =  25.0%    2   (     8)
Errors           =  87.5%    7   (     8)
REF: అయితే గతంలో మాదిరిగా [31mవచ్చే[0m [31mలోక్     [0m [31mసభ  [0m [31mఎన్నికల్లో[0m [31mఉత్తరాదిన[0m
HYP: అయితే గతంలో మాదిరిగా [31m*****[0m [31mవచ్చేలోపై[0m [31mఅనేక[0m [31mవక్తులు   [0m [31mతరలిరచు  [0m
SENTENCE 268
Correct          =  37.5%    3   (     8)
Errors           =  62.5%    5   (     8)
REF: నిజమే [31mముడి   [0m [31mసరుకులు[0m బాగుంటే
HYP: నిజమే [31mముస్లిం[0m [31mసధకు   [0m బాగుంటే
SENTENCE 269
Correct          =  50.0%    2   (     4)
Errors           =  50.0%    2   (     4)
REF: [31mసేమియా[0m అంటే చాలా ఇష్టం
HYP: [31mఏమి   [0m అంటే చాలా ఇష్టం
SENTENCE 270
Correct          =  75.0%    3   (     4)
Errors           =  25.0%    1   (     4)
REF: [31mనాపై[0m [31mనా [0m [31mజాతి  [0m [31mపెట్టుకున్న[0m [31mనమ్మకాన్ని[0m [31mవమ్ము     [0m [31mచేయనని[0m [31mచెప్పారు[0m
HYP: [31mనా  [0m [31mపైన[0m [31mదాడులు[0m [31mజరిగిన     [0m [31mముంబై     [0m [31mకార్మికులు[0m [31mచర్యలు[0m [31mచేపారు  [0m
SENTENCE 271
Correct          =   0.0%    0   (     8)
Errors           = 100.0%    8   (     8)
REF: [31mబంగ్లాదేశ్[0m [31mజాతీయ[0m [31mగీతం  [0m అంటే [31mపాకిస్థాన్[0m [31mనోళ్ళకి[0m పడదు
HYP: [31mబంగాళా    [0m [31mదేశ  [0m [31mజిల్లా[0m అంటే [31mప్రదర్శనల [0m [31mవల్ల   [0m పడదు
SENTENCE 272
Correct          =  28.6%    2   (     7)
Errors           =  71.4%    5   (     7)
REF: అవును
HYP: అవును
SENTENCE 273
Correct          = 100.0%    1   (     1)
Errors           =   0.0%    0   (     1)
REF: బొమ్మల [31mపరిశ్రమ[0m [31mకింద[0m [31mమనం[0m [31mచెప్పుకోవచ్చు[0m
HYP: బొమ్మల [31mవారసు  [0m [31mఉండక[0m [31mఅని[0m [31mచెప్పొచ్చు   [0m
SENTENCE 274
Correct          =  20.0%    1   (     5)
Errors           =  80.0%    4   (     5)
REF: [31mఅలాగని[0m [31mనేను[0m [31mమానలేదు  [0m మూడు వందల అరవై [31m***[0m రోజులు [31mఎవ్వరికైనా[0m [31mతిరగామను[0m
HYP: [31mఅలాగనే[0m [31mమా  [0m [31mనాన్నగారు[0m మూడు వందల అరవై [31mఐదు[0m రోజులు [31mఎవరికైనా  [0m [31mతర్వాత  [0m
SENTENCE 275
Correct          =  44.4%    4   (     9)
Errors           =  66.7%    6   (     9)
REF: మీకు [31mనేను[0m [31mఅయితే [0m [31mఎపుడు  [0m
HYP: మీకు [31m****[0m [31mనేనైతే[0m [31mఇప్పుడు[0m
SENTENCE 276
Correct          =  25.0%    1   (     4)
Errors           =  75.0%    3   (     4)
REF: [31mమీకు[0m ఇప్పుడు
HYP: [31mనీకు[0m ఇప్పుడు
SENTENCE 277
Correct          =  50.0%    1   (     2)
Errors           =  50.0%    1   (     2)
REF: అవగాహన రాహిత్యం [31mవల్ల [0m [31mపౌష్టికాహారం[0m అందించే [31mకోళ్లను[0m కొన్ని చోట్ల గిరిజనులు అమ్ముకున్నారు
HYP: అవగాహన రాహిత్యం [31mమళ్లీ[0m [31mపోషకాహారం   [0m అందించే [31mకొల్లను[0m కొన్ని చోట్ల గిరిజనులు అమ్ముకున్నారు
SENTENCE 278
Correct          =  70.0%    7   (    10)
Errors           =  30.0%    3   (    10)
REF: [31mఅం [0m అదే
HYP: [31mఅదే[0m అదే
SENTENCE 279
Correct          =  50.0%    1   (     2)
Errors           =  50.0%    1   (     2)
REF: మనము ఎక్కువగాను
HYP: మనము ఎక్కువగాను
SENTENCE 280
Correct          = 100.0%    2   (     2)
Errors           =   0.0%    0   (     2)
REF: దీని ద్వారా [31m*******[0m [31mవాళ్ళకేమీ[0m తెలియడం లేదు
HYP: దీని ద్వారా [31mవాళ్ళకి[0m [31mఏమి      [0m తెలియడం లేదు
SENTENCE 281
Correct          =  80.0%    4   (     5)
Errors           =  40.0%    2   (     5)
REF: [31mఆసుపత్రుల   [0m సమస్యలు తమకు [31mతె[0m [31mతెలుసునని[0m [31mవిధులను  [0m విడుదల [31mచెయ్యాలని[0m ముఖ్యమంత్రి [31mఆదేశి[0m [31mఆదేశించానన్నారు [0m
HYP: [31mఆస్పత్రుల్లో[0m సమస్యలు తమకు [31m**[0m [31mతెలిసిన  [0m [31mనేపథ్యంలో[0m విడుదల [31mచేయాలని  [0m ముఖ్యమంత్రి [31m*****[0m [31mఅధ్యక్ష్యమన్నారు[0m
SENTENCE 282
Correct          =  36.4%    4   (    11)
Errors           =  63.6%    7   (    11)
REF: [31m****[0m [31mగణనధుడి  [0m [31mవీడ్కోలు[0m [31mపలికారు [0m
HYP: [31mగానీ[0m [31mఅదుపులోకి[0m [31mఎక్కువ  [0m [31mపెట్టారు[0m
SENTENCE 283
Correct          =   0.0%    0   (     3)
Errors           = 133.3%    4   (     3)
REF: ఇప్పుడు మన
HYP: ఇప్పుడు మన
SENTENCE 284
Correct          = 100.0%    2   (     2)
Errors           =   0.0%    0   (     2)
REF: [31mగురువుకు[0m [31mస్కోడా  [0m [31mకారుని   [0m [31mటీచర్స్[0m [31mడే    [0m [31mరోజున[0m బహుమతిగా అందజేశాడు
HYP: [31m********[0m [31mగురుకులు[0m [31mకోరుకున్న[0m [31mటికిష్ [0m [31mస్టేల్[0m [31mరోజైన[0m బహుమతిగా అందజేశాడు
SENTENCE 285
Correct          =  25.0%    2   (     8)
Errors           =  75.0%    6   (     8)
REF: అవునా సరే చెల్లెమ్మ ఇంకేంటి
HYP: అవునా సరే చెల్లెమ్మ ఇంకేంటి
SENTENCE 286
Correct          = 100.0%    4   (     4)
Errors           =   0.0%    0   (     4)
REF: [31mవాపక్షాలకు[0m కూడా ఎక్కువగా [31m*********[0m [31mతెలంగాణతోనే[0m [31mస్థానాలను[0m కేటాయించాల్సి వచ్చింది
HYP: [31mవాక్షా    [0m కూడా ఎక్కువగా [31mతెలంగాణతో[0m [31mనేరు       [0m [31mస్థానాలు [0m కేటాయించాల్సి వచ్చింది
SENTENCE 287
Correct          =  57.1%    4   (     7)
Errors           =  57.1%    4   (     7)
REF: [31mనీకే[0m
HYP: [31mనీకి[0m
SENTENCE 288
Correct          =   0.0%    0   (     1)
Errors           = 100.0%    1   (     1)
REF: మంత్రిగా [31m****[0m [31mపదవీ   [0m [31mబాధ్యతలు[0m [31mచేపట్టిన   [0m [31mచిరంజీవి[0m [31mనెలల  [0m సమయంలోనే [31mభళా[0m అనిపించుకున్నారు
HYP: మంత్రిగా [31mపదవి[0m [31mబాలికలు[0m [31mచెప్పిన [0m [31mచిన్నాచిన్న[0m [31mచిన్న   [0m [31mనిల్వల[0m సమయంలోనే [31mబలా[0m అనిపించుకున్నారు
SENTENCE 289
Correct          =  33.3%    3   (     9)
Errors           =  77.8%    7   (     9)
REF: వచ్చే ఎన్నికల్లో కాంగ్రెసు [31mప్రధాన[0m [31mమంత్రి      [0m అభ్యర్థిగా రాహుల్ గాంధీ ముందుకు వస్తున్నారు
HYP: వచ్చే ఎన్నికల్లో కాంగ్రెసు [31m******[0m [31mప్రధానమంత్రి[0m అభ్యర్థిగా రాహుల్ గాంధీ ముందుకు వస్తున్నారు
SENTENCE 290
Correct          =  80.0%    8   (    10)
Errors           =  20.0%    2   (    10)
REF: ఆయన వర్గానికి [31mగొంతులో[0m [31mపచ్చి    [0m [31mవెలక్కాయ    [0m పడినట్లుగా [31mఅయింది [0m
HYP: ఆయన వర్గానికి [31m*******[0m [31mగుర్తున్న[0m [31mపచ్చివేళ్ళకా[0m పడినట్లుగా [31mఉంటుంది[0m
SENTENCE 291
Correct          =  42.9%    3   (     7)
Errors           =  57.1%    4   (     7)
REF: [31mకొండవిటు[0m కొండవీటివాగు ముంపు [31mప్రాంతాలకు[0m [31mపరిశీలించేందుకు[0m వచ్చిన ఈ [31mబృందం  [0m
HYP: [31mకొండవీటి[0m కొండవీటివాగు ముంపు [31mభాగంలో    [0m [31mపరిస్థితి      [0m వచ్చిన ఈ [31mనిబంధనం[0m
SENTENCE 292
Correct          =  50.0%    4   (     8)
Errors           =  50.0%    4   (     8)
REF: నేను
HYP: నేను
SENTENCE 293
Correct          = 100.0%    1   (     1)
Errors           =   0.0%    0   (     1)
REF: [31mసన్నగా[0m [31mఅవడానికి   [0m కూడా నేను చాలా ప్రయత్నిస్తున్నానండి
HYP: [31m******[0m [31mసంఘవారాన్ని[0m కూడా నేను చాలా ప్రయత్నిస్తున్నానండి
SENTENCE 294
Correct          =  66.7%    4   (     6)
Errors           =  33.3%    2   (     6)
REF: ఈ [31mనేపథ్యంలోనే[0m [31mకేంద్రం[0m రాష్ట్ర ప్రభుత్వం నుంచి నివేదిక కోరినట్లు తెలుస్తోంది
HYP: ఈ [31mనేపథ్యంలో  [0m [31mకేంద్ర [0m రాష్ట్ర ప్రభుత్వం నుంచి నివేదిక కోరినట్లు తెలుస్తోంది
SENTENCE 295
Correct          =  77.8%    7   (     9)
Errors           =  22.2%    2   (     9)
REF: [31m****[0m [31mఆధునిక[0m
HYP: [31mఅతనే[0m [31mఇంకా  [0m
SENTENCE 296
Correct          =   0.0%    0   (     1)
Errors           = 200.0%    2   (     1)
REF: మీకు
HYP: మీకు
SENTENCE 297
Correct          = 100.0%    1   (     1)
Errors           =   0.0%    0   (     1)
REF: [31m******[0m [31mనీకిష్టమైన[0m [31mదేవుడు[0m
HYP: [31mఇంకేమి[0m [31mచేస్తుంది [0m [31mకూడా  [0m
SENTENCE 298
Correct          =   0.0%    0   (     2)
Errors           = 150.0%    3   (     2)
REF: ఇటీవల వచ్చిన బెంగాల్ ప్రభుత్వం కొన్ని [31mపనులు[0m [31mబహిరితం  [0m చేసింది
HYP: ఇటీవల వచ్చిన బెంగాల్ ప్రభుత్వం కొన్ని [31mపలులు[0m [31mబహిర్గ్రం[0m చేసింది
SENTENCE 299
Correct          =  75.0%    6   (     8)
Errors           =  25.0%    2   (     8)
REF: ప్రతిపక్ష నేత వైయస్సార్ [31mకాంగ్రెస్[0m పార్టీ [31mఅధ్యక్షుడు[0m [31mవైయస్[0m [31mజగన్మోహన్[0m [31mరెడ్డిని[0m [31mవిమర్శించే[0m [31mనైతిక   [0m [31mహక్కు   [0m [31mతెలుగుదేశం[0m [31mపార్టీ   [0m [31mనాయకులకు[0m [31mలేదని [0m అన్నారు
HYP: ప్రతిపక్ష నేత వైయస్సార్ [31mకాంగ్రెసు[0m పార్టీ [31m**********[0m [31m*****[0m [31m*********[0m [31m********[0m [31mఅధ్యక్షులు[0m [31mబయోజర్లు[0m [31mముందడుగే[0m [31mసామాజిక   [0m [31mఅనుకూలంగా[0m [31mవ్యయంగా [0m [31mవేదనను[0m అన్నారు
SENTENCE 300
Correct          =  29.4%    5   (    17)
Errors           =  70.6%   12   (    17)
REF: అలాగే
HYP: అలాగే
SENTENCE 301
Correct          = 100.0%    1   (     1)
Errors           =   0.0%    0   (     1)
REF: అవును
HYP: అవును
SENTENCE 302
Correct          = 100.0%    1   (     1)
Errors           =   0.0%    0   (     1)
REF: ఈ మేరకు రాష్ట్ర [31m********[0m [31mప్రభుత్వానికి[0m [31mరహస్య[0m [31mనివేదికను[0m [31mఅందించింది [0m
HYP: ఈ మేరకు రాష్ట్ర [31mప్రభుత్వ[0m [31mయడికి        [0m [31mరాసిన[0m [31mనివాళులు [0m [31mఅర్పించింది[0m
SENTENCE 303
Correct          =  42.9%    3   (     7)
Errors           =  71.4%    5   (     7)
REF: తెలీదా
HYP: తెలీదా
SENTENCE 304
Correct          = 100.0%    1   (     1)
Errors           =   0.0%    0   (     1)
REF: [31mమరీ[0m [31mఇంతల [0m
HYP: [31mమరి[0m [31mఎంతలా[0m
SENTENCE 305
Correct          =   0.0%    0   (     2)
Errors           = 100.0%    2   (     2)
REF: భక్తుల [31mరద్దీ[0m [31mతగ్గిపోయినా[0m సోమవారం శ్రీవారి [31mహుండీ[0m ఆదాయం [31mరూ    [0m
HYP: భక్తుల [31m*****[0m [31mటదిక్నాల   [0m సోమవారం శ్రీవారి [31mఉండి [0m ఆదాయం [31mరుక్తు[0m
SENTENCE 306
Correct          =  50.0%    4   (     8)
Errors           =  50.0%    4   (     8)
REF: సరే
HYP: సరే
SENTENCE 307
Correct          = 100.0%    1   (     1)
Errors           =   0.0%    0   (     1)
REF: ఇంట్లో [31mఒప్పుకున్నారు[0m
HYP: ఇంట్లో [31mఉంటున్నారు   [0m
SENTENCE 308
Correct          =  50.0%    1   (     2)
Errors           =  50.0%    1   (     2)
REF: మనం ఇప్పుడు అభివృద్ధి [31mచెందుతున్నాం[0m [31mకాబట్టి[0m
HYP: మనం ఇప్పుడు అభివృద్ధి [31mచెందుతుంది  [0m [31mఅంట    [0m
SENTENCE 309
Correct          =  60.0%    3   (     5)
Errors           =  40.0%    2   (     5)
REF: అవును
HYP: అవును
SENTENCE 310
Correct          = 100.0%    1   (     1)
Errors           =   0.0%    0   (     1)
REF: నేను రంజాన్ గురించి [31mచెపుదాం[0m [31mఅనుకుంటున్నాను[0m [31mఅండి            [0m
HYP: నేను రంజాన్ గురించి [31m*******[0m [31mచెప్తాను      [0m [31mఅనుకుంటున్నారండి[0m
SENTENCE 311
Correct          =  50.0%    3   (     6)
Errors           =  50.0%    3   (     6)
REF: దీనిపై విజయవాడ బుధవారం జరిగిన మంత్రివర్గ [31mసమా[0m [31mవేశంలో   [0m చర్చించారు
HYP: దీనిపై విజయవాడ బుధవారం జరిగిన మంత్రివర్గ [31m***[0m [31mసమావేశంలో[0m చర్చించారు
SENTENCE 312
Correct          =  75.0%    6   (     8)
Errors           =  25.0%    2   (     8)
REF: [31mతీసుకొస్తే  [0m
HYP: [31mతీసుకొస్తాయి[0m
SENTENCE 313
Correct          =   0.0%    0   (     1)
Errors           = 100.0%    1   (     1)
REF: ఇప్పుడు
HYP: ఇప్పుడు
SENTENCE 314
Correct          = 100.0%    1   (     1)
Errors           =   0.0%    0   (     1)
REF: రిహార్సల్స్ [31m****[0m [31mనిరుడు[0m [31mతొలిసారి[0m [31mగోల్కొండ[0m కోటలో [31mస్వాతంత్య్ర[0m దినోత్సవ [31mవేడుకలు  [0m జరిగిన సంగతి తెలిసిందే
HYP: రిహార్సల్స్ [31mనీరు[0m [31mతోటి  [0m [31mసాయి    [0m [31mగోరుకొండ[0m కోటలో [31mసాయంత్రం   [0m దినోత్సవ [31mవేడుకల్లో[0m జరిగిన సంగతి తెలిసిందే
SENTENCE 315
Correct          =  54.5%    6   (    11)
Errors           =  54.5%    6   (    11)
REF: అలాగే
HYP: అలాగే
SENTENCE 316
Correct          = 100.0%    1   (     1)
Errors           =   0.0%    0   (     1)
REF: అదే సమయంలో వైయస్ జగన్ విషయమై కూడా ఆయన మాట్లాడారు
HYP: అదే సమయంలో వైయస్ జగన్ విషయమై కూడా ఆయన మాట్లాడారు
SENTENCE 317
Correct          = 100.0%    8   (     8)
Errors           =   0.0%    0   (     8)
REF: ఇంకా
HYP: ఇంకా
SENTENCE 318
Correct          = 100.0%    1   (     1)
Errors           =   0.0%    0   (     1)
REF: [31m*[0m [31m******[0m [31m******[0m [31m********[0m [31m******[0m [31mనా  [0m [31mతక్షణ [0m [31mకర్తవ్యం[0m [31mనేను[0m [31mనేరవేరుత్తూ[0m
HYP: [31mఆ[0m [31mతక్కువ[0m [31mశ్రద్ధ[0m [31mకార్తీక్[0m [31mరెడ్డి[0m [31mఉంటే[0m [31mనేరుగా[0m [31mతీవ్ర   [0m [31mఏం  [0m [31mలేదు       [0m
SENTENCE 319
Correct          =   0.0%    0   (     5)
Errors           = 200.0%   10   (     5)
REF: [31mపరుగు[0m [31mఅనేది    [0m నువ్వు చదువు లేకపోతే [31mపరుగు[0m [31mదేనికి[0m పనికి రాదు
HYP: [31m*****[0m [31mపరిగణనేది[0m నువ్వు చదువు లేకపోతే [31mపరువు[0m [31mగాని  [0m పనికి రాదు
SENTENCE 320
Correct          =  55.6%    5   (     9)
Errors           =  44.4%    4   (     9)
REF: [31m***[0m [31mవెళ్ళాల్సొచ్చినప్పుడు[0m అక్కడ ప్రయాణంలో [31m******[0m [31mవాళ్ళేం[0m చేశారంటే
HYP: [31mఎలా[0m [31mఆలోచించినప్పుడు      [0m అక్కడ ప్రయాణంలో [31mవాళ్ళు[0m [31mఏం     [0m చేశారంటే
SENTENCE 321
Correct          =  60.0%    3   (     5)
Errors           =  80.0%    4   (     5)
REF: అవును [31m******[0m [31mఅలాగా[0m [31mఅనుకుంటున్నారు[0m
HYP: అవును [31mవాళ్ళు[0m [31mకూడా [0m [31mఉంటున్నారు    [0m
SENTENCE 322
Correct          =  33.3%    1   (     3)
Errors           = 100.0%    3   (     3)
REF: [31mచెక్[0m [31mదే[0m [31mఈ     [0m కార్యక్రమానికి ముఖ్య [31mఅతిథిగా  [0m రాజేష్ షా [31m******[0m [31mమిలన్ [0m [31mవకారియాలు[0m [31mహాజరయ్యారు[0m
HYP: [31m****[0m [31m**[0m [31mచిద్దీ[0m కార్యక్రమానికి ముఖ్య [31mచిత్రాంగద[0m రాజేష్ షా [31mమెల్లం[0m [31mబకారీయ[0m [31mవ్యాధులను[0m [31mఅజయరయ్యారు[0m
SENTENCE 323
Correct          =  36.4%    4   (    11)
Errors           =  72.7%    8   (    11)
REF: [31mపంపించేస్తున్నారు [0m
HYP: [31mపంపిచ్చేస్తున్నారు[0m
SENTENCE 324
Correct          =   0.0%    0   (     1)
Errors           = 100.0%    1   (     1)
REF: [31mమోహనరావు[0m [31mఏపి   [0m [31mవ్యవసాయ   [0m కార్మిక సంఘం జిల్లా [31mప్రధాన[0m కార్యదర్శి కె
HYP: [31mమూడు    [0m [31mనాలుగు[0m [31mవిప్లవాసాయ[0m కార్మిక సంఘం జిల్లా [31mరణా   [0m కార్యదర్శి కె
SENTENCE 325
Correct          =  55.6%    5   (     9)
Errors           =  44.4%    4   (     9)
REF: కేంద్ర రాష్ట్ర విధానాల వల్ల ప్రజాస్వామ్య హక్కులకు భంగం [31mవాటిల్లుతోందన్నారు[0m
HYP: కేంద్ర రాష్ట్ర విధానాల వల్ల ప్రజాస్వామ్య హక్కులకు భంగం [31mవాటిల్లుతుందన్నారు[0m
SENTENCE 326
Correct          =  87.5%    7   (     8)
Errors           =  12.5%    1   (     8)
REF: అవును
HYP: అవును
SENTENCE 327
Correct          = 100.0%    1   (     1)
Errors           =   0.0%    0   (     1)
REF: [31m*****[0m [31mవజ్రపుకొత్తూరు[0m [31mమండలం[0m [31mపొల్లాడ[0m [31mగ్రామానికి[0m [31mచెందిన[0m [31mఅట్టాడ   [0m [31mగోవిందరావు[0m [31mమూడెకరాల[0m [31mభూమి   [0m [31mఉంది [0m
HYP: [31mవచ్చే[0m [31mకొద్ది        [0m [31mరోజుల[0m [31mమనోళ్ళు[0m [31mకొల్లడం   [0m [31mవల్ల  [0m [31mచంద్రబాబు[0m [31mమూడేళ్ళ   [0m [31mముందుకు [0m [31mవెళ్లడం[0m [31mబొంది[0m
SENTENCE 328
Correct          =   0.0%    0   (    10)
Errors           = 110.0%   11   (    10)
REF: [31mబాబా[0m ఆరోగ్య పరిస్థితి పైన [31m*******[0m [31mరాష్ట్రప్రభుత్వం[0m వాస్తవ [31mపరిస్థితిని[0m [31mవెల్లడించాలి[0m
HYP: [31mబాగా[0m ఆరోగ్య పరిస్థితి పైన [31mరాష్ట్ర[0m [31mప్రభుత్వం       [0m వాస్తవ [31mపరిస్థితి  [0m [31mవిలడించాలి  [0m
SENTENCE 329
Correct          =  50.0%    4   (     8)
Errors           =  62.5%    5   (     8)
REF: [31mముంపు [0m [31mమండలాల్లోని [0m కళాశాలలోని [31mలెక్చరర్లు[0m పాఠశాలలో టీచర్లను [31mతక్షణం[0m [31mభర్తీ  [0m [31mచేయాలన్నారు    [0m
HYP: [31mముప్పు[0m [31mమాండలాల్లోని[0m కళాశాలలోని [31mనిత్యాలతో [0m పాఠశాలలో టీచర్లను [31m******[0m [31mపరిశీలన[0m [31mపర్చించాలన్నారు[0m
SENTENCE 330
Correct          =  33.3%    3   (     9)
Errors           =  66.7%    6   (     9)
REF: [31mఅందుకనే[0m సమాజాన్ని [31mమార్చేగల్గేటి[0m [31mవంటి[0m [31mవాళ్ళు[0m [31mఎవ్వరైనా[0m [31mఉంటె[0m [31mవిలువలతో[0m [31mకూడిన[0m [31mవిద్య   [0m [31mనేర్చుకోవాలి[0m [31mదాన్ని[0m [31mఅందించే[0m [31mగురువు [0m కావాలి
HYP: [31mఅందుకని[0m సమాజాన్ని [31mమార్చగలిగితే [0m [31mకూడా[0m [31mఎవరైనా[0m [31mఉంటే    [0m [31mది  [0m [31mవిధంగా  [0m [31mఉండి [0m [31mపిల్లలతో[0m [31mకూడా        [0m [31mవిద్యా[0m [31mయంతి   [0m [31mఉరుకులు[0m కావాలి
SENTENCE 331
Correct          =  13.3%    2   (    15)
Errors           =  86.7%   13   (    15)
REF: బట్టలు [31mచెప్పులు[0m [31mఅంటే          [0m ఏ విధమైన [31mబట్టలు[0m [31mకొంటరటండి  [0m
HYP: బట్టలు [31m********[0m [31mచెప్పుకుంటుంది[0m ఏ విధమైన [31mఒకటి  [0m [31mఉంటుంటారండి[0m
SENTENCE 332
Correct          =  42.9%    3   (     7)
Errors           =  57.1%    4   (     7)
REF: ఆ [31m********[0m [31mవచ్చిండేది[0m
HYP: ఆ [31mవచ్చింది[0m [31mఅది       [0m
SENTENCE 333
Correct          =  50.0%    1   (     2)
Errors           = 100.0%    2   (     2)
REF: ఎక్కడికి
HYP: ఎక్కడికి
SENTENCE 334
Correct          = 100.0%    1   (     1)
Errors           =   0.0%    0   (     1)
REF: మనం కొంత వరకు [31mవినగలం [0m [31mశబ్దాలను[0m మాత్రమే కాకుండా ఇంకా ఎక్కువ
HYP: మనం కొంత వరకు [31mవెళ్ళిన[0m [31mసద్దులో [0m మాత్రమే కాకుండా ఇంకా ఎక్కువ
SENTENCE 335
Correct          =  77.8%    7   (     9)
Errors           =  22.2%    2   (     9)
REF: ఎలా
HYP: ఎలా
SENTENCE 336
Correct          = 100.0%    1   (     1)
Errors           =   0.0%    0   (     1)
REF: ఇప్పుడు [31mఒకలకి [0m
HYP: ఇప్పుడు [31mఒకలికి[0m
SENTENCE 337
Correct          =  50.0%    1   (     2)
Errors           =  50.0%    1   (     2)
REF: పెట్టి [31m*****[0m [31mఅన్నుంటాయి[0m కదా
HYP: పెట్టి [31mఎన్నో[0m [31mఉంటాయి    [0m కదా
SENTENCE 338
Correct          =  66.7%    2   (     3)
Errors           =  66.7%    2   (     3)
REF: [31mఎంతలో[0m చేస్తారు
HYP: [31mఎంతో [0m చేస్తారు
SENTENCE 339
Correct          =  50.0%    1   (     2)
Errors           =  50.0%    1   (     2)
REF: ఇద్దరు పిల్లలు మాకు
HYP: ఇద్దరు పిల్లలు మాకు
SENTENCE 340
Correct          = 100.0%    3   (     3)
Errors           =   0.0%    0   (     3)
REF: [31mఅందుకని[0m దాని గురించి
HYP: [31mఅందుకే [0m దాని గురించి
SENTENCE 341
Correct          =  66.7%    2   (     3)
Errors           =  33.3%    1   (     3)
REF: [31mఎవరికి  [0m చెప్పలేదు మిత్రమా
HYP: [31mఎవ్వరికి[0m చెప్పలేదు మిత్రమా
SENTENCE 342
Correct          =  66.7%    2   (     3)
Errors           =  33.3%    1   (     3)
REF: అవును
HYP: అవును
SENTENCE 343
Correct          = 100.0%    1   (     1)
Errors           =   0.0%    0   (     1)
REF: వాటిని
HYP: వాటిని
SENTENCE 344
Correct          = 100.0%    1   (     1)
Errors           =   0.0%    0   (     1)
REF: ప్రమాదంలో ఇద్దరు మృతి మెదక్ జిల్లాలోని [31m*****[0m [31mపెద్దశంకరం[0m మండలం [31mతిరుమలాపురంలో[0m [31mరోడ్డు[0m ప్రమాదం జరిగింది
HYP: ప్రమాదంలో ఇద్దరు మృతి మెదక్ జిల్లాలోని [31mపెద్ద[0m [31mశక్కుల    [0m మండలం [31mతెలుగు       [0m [31mమా    [0m ప్రమాదం జరిగింది
SENTENCE 345
Correct          =  72.7%    8   (    11)
Errors           =  36.4%    4   (    11)
REF: ఈ సందర్భంగా ఆమె మాట్లాడుతూ [31mవిద్య [0m వైద్యం ఆరోగ్యం
HYP: ఈ సందర్భంగా ఆమె మాట్లాడుతూ [31mవిద్యా[0m వైద్యం ఆరోగ్యం
SENTENCE 346
Correct          =  85.7%    6   (     7)
Errors           =  14.3%    1   (     7)
REF: [31mఓహో[0m
HYP: [31mఆహా[0m
SENTENCE 347
Correct          =   0.0%    0   (     1)
Errors           = 100.0%    1   (     1)
REF: [31mఅంటే  [0m [31mకొన్ని[0m [31mఅనివార్య[0m [31mకారణాల[0m వల్ల
HYP: [31mఎందుకు[0m [31mఅని   [0m [31mవాళ్ళకి [0m [31mకారణం [0m వల్ల
SENTENCE 348
Correct          =  20.0%    1   (     5)
Errors           =  80.0%    4   (     5)
REF: [31mసమంతా [0m
HYP: [31mతర్వాత[0m
SENTENCE 349
Correct          =   0.0%    0   (     1)
Errors           = 100.0%    1   (     1)
REF: [31mకాని[0m కొన్ని
HYP: [31mకానీ[0m కొన్ని
SENTENCE 350
Correct          =  50.0%    1   (     2)
Errors           =  50.0%    1   (     2)
REF: ఎంతో మంది జట్టులో స్థానం కోసం [31mనిరీక్షిస్తున్నారని [0m ఆయన అన్నారు
HYP: ఎంతో మంది జట్టులో స్థానం కోసం [31mనిరదీక్షిస్తున్నారని[0m ఆయన అన్నారు
SENTENCE 351
Correct          =  87.5%    7   (     8)
Errors           =  12.5%    1   (     8)
REF: తెలంగాణ అంశంపై ముఖ్యమంత్రి కిరణ్ కుమార్ రెడ్డి ఏం [31mచేస్తారనేది[0m కూడా ప్రశ్నగా ఉంది
HYP: తెలంగాణ అంశంపై ముఖ్యమంత్రి కిరణ్ కుమార్ రెడ్డి ఏం [31mచేశారనేది  [0m కూడా ప్రశ్నగా ఉంది
SENTENCE 352
Correct          =  90.9%   10   (    11)
Errors           =   9.1%    1   (    11)
REF: ఆ [31mఏడు    [0m [31mమండలాల[0m [31mప్రజల [0m [31mత్యాగంతోనే[0m పోలవరం [31mనిర్మాణమవుతోందని[0m [31mగుర్తెరిగి[0m [31mముందు   [0m [31mవారి  [0m [31mడిమాండ్లు[0m [31mతీర్చాలని   [0m కోరారు
HYP: ఆ [31mయువకుడు[0m [31mమంగళ  [0m [31mప్రజలు[0m [31mతీవ్రంగా  [0m పోలవరం [31m****************[0m [31m**********[0m [31mనిర్మాణం[0m [31mవంతుని[0m [31mగుర్తింపు[0m [31mనిమారించారని[0m కోరారు
SENTENCE 353
Correct          =  23.1%    3   (    13)
Errors           =  76.9%   10   (    13)
REF: అభివృద్ధి [31mచెంది   [0m
HYP: అభివృద్ధి [31mచెందింది[0m
SENTENCE 354
Correct          =  50.0%    1   (     2)
Errors           =  50.0%    1   (     2)
REF: అవునవును
HYP: అవునవును
SENTENCE 355
Correct          = 100.0%    1   (     1)
Errors           =   0.0%    0   (     1)
REF: ప్రధాన వేదిక పక్కనే రెండు ఉప [31m*********[0m [31mవేదికలు  [0m [31mఏర్పాటయ్యాయి[0m
HYP: ప్రధాన వేదిక పక్కనే రెండు ఉప [31mఎన్నికలపై[0m [31mఏర్పాట్లు[0m [31mఉన్నాయి     [0m
SENTENCE 356
Correct          =  71.4%    5   (     7)
Errors           =  42.9%    3   (     7)
REF: ఈ [31mమొక్కలు[0m [31mఅనేవి    [0m ఏం [31mచేస్తాయంటే[0m
HYP: ఈ [31m*******[0m [31mమొక్కలిని[0m ఏం [31mచేస్తాడంటే[0m
SENTENCE 357
Correct          =  40.0%    2   (     5)
Errors           =  60.0%    3   (     5)
REF: [31mవల్లి [0m
HYP: [31mవాళ్ళు[0m
SENTENCE 358
Correct          =   0.0%    0   (     1)
Errors           = 100.0%    1   (     1)
REF: అవును
HYP: అవును
SENTENCE 359
Correct          = 100.0%    1   (     1)
Errors           =   0.0%    0   (     1)
REF: [31mదుర్గమ్మ[0m
HYP: [31mజులుతాను[0m
SENTENCE 360
Correct          =   0.0%    0   (     1)
Errors           = 100.0%    1   (     1)
REF: ఎందుకంటే
HYP: ఎందుకంటే
SENTENCE 361
Correct          = 100.0%    1   (     1)
Errors           =   0.0%    0   (     1)
REF: అవును
HYP: అవును
SENTENCE 362
Correct          = 100.0%    1   (     1)
Errors           =   0.0%    0   (     1)
REF: అవును
HYP: అవును
SENTENCE 363
Correct          = 100.0%    1   (     1)
Errors           =   0.0%    0   (     1)
REF: గోదావరి [31m**********[0m [31mపుష్కరాలను[0m [31mఅత్యవసరంగా[0m [31mకళాత్మకంగా[0m [31mనిర్మించాలని[0m ప్రభుత్వం నిర్ణయించింది
HYP: గోదావరి [31mపుష్కరాలకి[0m [31mవచ్చిన    [0m [31mతర్వాత    [0m [31mమిగిలిన   [0m [31mనివేదించాలని[0m ప్రభుత్వం నిర్ణయించింది
SENTENCE 364
Correct          =  42.9%    3   (     7)
Errors           =  71.4%    5   (     7)
REF: గతంలో మన్మోహన్ [31mసింగ్[0m [31mప్రధానిగా[0m [31mఉన్న [0m [31mసమయంలోనూ[0m [31mఇలాగే[0m చేసింది
HYP: గతంలో మన్మోహన్ [31mపీ   [0m [31mప్రధాని  [0m [31mకావడం[0m [31mసమయంలోను[0m [31mఈరాన్[0m చేసింది
SENTENCE 365
Correct          =  37.5%    3   (     8)
Errors           =  62.5%    5   (     8)
REF: అవును అవును
HYP: అవును అవును
SENTENCE 366
Correct          = 100.0%    2   (     2)
Errors           =   0.0%    0   (     2)
REF: ఇంకా
HYP: ఇంకా
SENTENCE 367
Correct          = 100.0%    1   (     1)
Errors           =   0.0%    0   (     1)
REF: పిటిషనర్
HYP: పిటిషనర్
SENTENCE 368
Correct          = 100.0%    1   (     1)
Errors           =   0.0%    0   (     1)
REF: అలా
HYP: అలా
SENTENCE 369
Correct          = 100.0%    1   (     1)
Errors           =   0.0%    0   (     1)
REF: మొత్తానికి [31mమానేసాను[0m
HYP: మొత్తానికి [31mమానేసారు[0m
SENTENCE 370
Correct          =  50.0%    1   (     2)
Errors           =  50.0%    1   (     2)
REF: [31mతూర్పు       [0m [31mగోదావరి[0m [31mజిల్లా[0m మామిడికుదురు మండలం [31mనగరం    [0m [31mగ్రామంలో[0m [31mఏడేళ్ల[0m [31mబాలికపై[0m [31mఅత్యాచారం[0m జరిగింది
HYP: [31mతూర్పుగోదావరి[0m [31mజిల్లా [0m [31mమామ్  [0m మామిడికుదురు మండలం [31mగ్రామంలో[0m [31mఏడు     [0m [31mలల్లో [0m [31mవాయిదా [0m [31mవేత్త    [0m జరిగింది
SENTENCE 371
Correct          =  27.3%    3   (    11)
Errors           =  72.7%    8   (    11)
REF: [31mరూప     [0m [31mపరిస్థితి [0m [31mచూసి  [0m [31mడెబ్బై[0m శాతం [31mఫీజును[0m [31mరద్దు [0m చేశారు
HYP: [31mప్రభుత్వ[0m [31mపరిస్థితుల[0m [31mశిథితం[0m [31mపై    [0m శాతం [31mపేరుతో[0m [31mనృత్యం[0m చేశారు
SENTENCE 372
Correct          =  25.0%    2   (     8)
Errors           =  75.0%    6   (     8)
REF: [31m********[0m [31mఉత్పాదకతను[0m
HYP: [31mచూపాలేదు[0m [31mకదా       [0m
SENTENCE 373
Correct          =   0.0%    0   (     1)
Errors           = 200.0%    2   (     1)
REF: [31mఇంకా[0m [31mఏంటి   [0m మరి [31mవిశేషాలు[0m
HYP: [31m****[0m [31mఇంకేంటి[0m మరి [31mచేశావా  [0m
SENTENCE 374
Correct          =  25.0%    1   (     4)
Errors           =  75.0%    3   (     4)
REF: వాళ్ళు మన మీద నమ్మకం [31mఉండాలి[0m [31mగాని   [0m [31mవాళ్ళు [0m ఎప్పుడైనా [31mఎంతైనా[0m [31mతెగిస్తారు[0m
HYP: వాళ్ళు మన మీద నమ్మకం [31m******[0m [31mఉండలేని[0m [31mవాళ్ళకి[0m ఎప్పుడైనా [31mఅంతే  [0m [31mతెలుస్తారు[0m
SENTENCE 375
Correct          =  50.0%    5   (    10)
Errors           =  50.0%    5   (    10)
REF: [31mహిందువులు[0m [31mమూడు  [0m [31mస్థలంలో   [0m [31mఉన్నారు[0m
HYP: [31m*********[0m [31mఇందులో[0m [31mమూడుసార్లు[0m [31mఅన్నారు[0m
SENTENCE 376
Correct          =   0.0%    0   (     4)
Errors           = 100.0%    4   (     4)
REF: అవును [31mభాగవతం   [0m
HYP: అవును [31mబాగపడతావ్[0m
SENTENCE 377
Correct          =  50.0%    1   (     2)
Errors           =  50.0%    1   (     2)
REF: వర్షాలు పడిన తర్వాత [31mవిత్తనాలు[0m [31mచల్లి [0m పంటను పండిస్తారు
HYP: వర్షాలు పడిన తర్వాత [31mవేతనాలు  [0m [31mచెల్లి[0m పంటను పండిస్తారు
SENTENCE 378
Correct          =  71.4%    5   (     7)
Errors           =  28.6%    2   (     7)
REF: మన రాష్ట్రంలో [31m********[0m [31mఉండే[0m [31mతేమ [0m [31mకూడా[0m [31mఅటువైపే [0m పోతుంది
HYP: మన రాష్ట్రంలో [31mఉండవచ్చే[0m [31mమా  [0m [31mకోడ్[0m [31mఆటలో[0m [31mమేలిపోయే[0m పోతుంది
SENTENCE 379
Correct          =  42.9%    3   (     7)
Errors           =  71.4%    5   (     7)
REF: ప్రత్యేక హోదా కోసం [31m************[0m [31m********[0m [31mనిప్పంటించుకున్న[0m [31mమునికోటి   [0m మరణంతో [31mసీమాంధ్రుల్లో[0m [31mఆగ్రహజ్వాలలు  [0m [31mవెల్లువెత్తాయి[0m
HYP: ప్రత్యేక హోదా కోసం [31mనిప్పంటించిన[0m [31mఇప్పటికి[0m [31mచూడని           [0m [31mముక్కుపట్టి[0m మరణంతో [31mసింహం        [0m [31mదుర్వాతివాళ్లు[0m [31mమేలుతాయి      [0m
SENTENCE 380
Correct          =  44.4%    4   (     9)
Errors           =  77.8%    7   (     9)
REF: [31m*[0m [31m****[0m [31mఅతను   [0m [31mఅహింసా[0m [31mసత్యం [0m అంటే
HYP: [31mఆ[0m [31mచానా[0m [31mహాజరికి[0m [31mచాలా  [0m [31mచొచ్చు[0m అంటే
SENTENCE 381
Correct          =  25.0%    1   (     4)
Errors           = 125.0%    5   (     4)
REF: అవును నిజమే
HYP: అవును నిజమే
SENTENCE 382
Correct          = 100.0%    2   (     2)
Errors           =   0.0%    0   (     2)
REF: వాటిని [31m******[0m [31mతీర్చేందుకు   [0m తనకు వచ్చే [31mజీతం   [0m [31mసరిపోవడంతో[0m తాను [31mపనిచేస్తున్న   [0m ఇంట్లో [31mచోరీ[0m [31mచేయాలని   [0m నిర్ణయించుకున్నాడు
HYP: వాటిని [31mతిరిగి[0m [31mచెల్లించేందుకు[0m తనకు వచ్చే [31mచికిత్స[0m [31mపొందడంతో  [0m తాను [31mపనిచేస్తున్నాయో[0m ఇంట్లో [31m****[0m [31mచూపించాడని[0m నిర్ణయించుకున్నాడు
SENTENCE 383
Correct          =  50.0%    6   (    12)
Errors           =  58.3%    7   (    12)
REF: అది
HYP: అది
SENTENCE 384
Correct          = 100.0%    1   (     1)
Errors           =   0.0%    0   (     1)
REF: ఎప్పుడైతే
HYP: ఎప్పుడైతే
SENTENCE 385
Correct          = 100.0%    1   (     1)
Errors           =   0.0%    0   (     1)
REF: పిల్లలు
HYP: పిల్లలు
SENTENCE 386
Correct          = 100.0%    1   (     1)
Errors           =   0.0%    0   (     1)
REF: [31mఇరవై[0m [31mఏడు    [0m తొమ్మిది [31mరెండు [0m [31mవేల   [0m [31mపదిహేడు[0m
HYP: [31m****[0m [31mఎవరెవరు[0m తొమ్మిది [31mరోజులు[0m [31mనిలబడి[0m [31mరాలేడు [0m
SENTENCE 387
Correct          =  16.7%    1   (     6)
Errors           =  83.3%    5   (     6)
REF: [31mరాజస్థాన్[0m లో [31mరాజస్థాన్[0m
HYP: [31mరాజేశ్వర్[0m లో [31mరాజేశ్వరి[0m
SENTENCE 388
Correct          =  33.3%    1   (     3)
Errors           =  66.7%    2   (     3)
REF: [31mదాన్ని[0m బట్టి మీరు [31mఒక[0m [31mసారి[0m [31mఆలోచించండి[0m
HYP: [31mదాని  [0m బట్టి మీరు [31m**[0m [31mఒకరి[0m [31mఆలోచన     [0m
SENTENCE 389
Correct          =  33.3%    2   (     6)
Errors           =  66.7%    4   (     6)
REF: [31mలక్ష[0m [31mఅప్పు     [0m చేసిన [31mమధురయ్య[0m ఆత్మహత్యకు పాల్పడినట్లు తెలిసింది
HYP: [31m****[0m [31mలక్ష్మప్పు[0m చేసిన [31mమధురై  [0m ఆత్మహత్యకు పాల్పడినట్లు తెలిసింది
SENTENCE 390
Correct          =  57.1%    4   (     7)
Errors           =  42.9%    3   (     7)
REF: ఇక్కడ [31m******[0m [31m********[0m [31m*****[0m [31mతెలుస్తుంద[0m [31mకష్టం[0m [31mవిలువ [0m
HYP: ఇక్కడ [31mపొలాలూ[0m [31mవస్తుంది[0m [31mఅక్కడ[0m [31mనచ్చడు    [0m [31mఉంటాం[0m [31mవాళ్ళు[0m
SENTENCE 391
Correct          =  25.0%    1   (     4)
Errors           = 150.0%    6   (     4)
REF: అక్కడ
HYP: అక్కడ
SENTENCE 392
Correct          = 100.0%    1   (     1)
Errors           =   0.0%    0   (     1)
REF: ఇంకేంటి [31mవిషయాలు [0m
HYP: ఇంకేంటి [31mవిశేషాలు[0m
SENTENCE 393
Correct          =  50.0%    1   (     2)
Errors           =  50.0%    1   (     2)
REF: దానికి వెళ్ళాను మా ఊరు మా [31mఊరు[0m పక్కనే [31mభీమవరం[0m [31mపక్కనే[0m [31mఅది      [0m
HYP: దానికి వెళ్ళాను మా ఊరు మా [31mఊరి[0m పక్కనే [31m******[0m [31mవాళ్ళ [0m [31mపుక్కనేది[0m
SENTENCE 394
Correct          =  60.0%    6   (    10)
Errors           =  40.0%    4   (    10)
REF: [31m****[0m [31mఆడంబరంగా[0m జరిగిన ఈ కార్యక్రమంలో ముఖ్యమంత్రి చంద్రబాబు ప్రసంగించారు
HYP: [31mఆడడం[0m [31mమొదటి   [0m జరిగిన ఈ కార్యక్రమంలో ముఖ్యమంత్రి చంద్రబాబు ప్రసంగించారు
SENTENCE 395
Correct          =  85.7%    6   (     7)
Errors           =  28.6%    2   (     7)
REF: [31mనువ్వు[0m [31mకూడా  [0m
HYP: [31m******[0m [31mనువ్వే[0m
SENTENCE 396
Correct          =   0.0%    0   (     2)
Errors           = 100.0%    2   (     2)
REF: ఇంకా
HYP: ఇంకా
SENTENCE 397
Correct          = 100.0%    1   (     1)
Errors           =   0.0%    0   (     1)
REF: గ్రామీణ ప్రాంతంలో [31mతొలిసారిగా[0m చిత్రీకరణ [31mజరుగుతుండటంతో[0m చుట్టుపక్కల [31m*******[0m [31m*******[0m [31m*********[0m [31mగ్రామాల[0m [31mప్రజలు[0m [31mపెద్దఎత్తున[0m [31mతరలివచ్చి[0m చూశారు
HYP: గ్రామీణ ప్రాంతంలో [31mతలిశారిగా [0m చిత్రీకరణ [31mజరపకోడంతో    [0m చుట్టుపక్కల [31mప్రమాదం[0m [31mప్రజలపై[0m [31mతిరుపతిలో[0m [31mపెద్ద  [0m [31mఎత్తున[0m [31mతరలి       [0m [31mవచ్చి    [0m చూశారు
SENTENCE 398
Correct          =  45.5%    5   (    11)
Errors           =  81.8%    9   (    11)
REF: కాని నేను చెప్పింది అబద్దం అని చెప్పి [31m****[0m [31mవాడు[0m [31mనమ్మకుండా[0m
HYP: కాని నేను చెప్పింది అబద్దం అని చెప్పి [31mవాడి[0m [31mఉండి[0m [31mఅనుకుంటా [0m
SENTENCE 399
Correct          =  75.0%    6   (     8)
Errors           =  37.5%    3   (     8)
REF: సమ్మెకు మద్దతుగా వ్యవసాయ [31mకార్మికుల [0m సంఘం ఆ
HYP: సమ్మెకు మద్దతుగా వ్యవసాయ [31mకార్మికులు[0m సంఘం ఆ
SENTENCE 400
Correct          =  83.3%    5   (     6)
Errors           =  16.7%    1   (     6)
REF: ఈ [31m******[0m [31m****[0m [31mపనులన్నీ[0m [31mజరుగుతాయి[0m
HYP: ఈ [31mపొలాణ్[0m [31mఅండి[0m [31mనేను    [0m [31mచదువుతాయి[0m
SENTENCE 401
Correct          =  33.3%    1   (     3)
Errors           = 133.3%    4   (     3)
REF: ఈ క్రమంలో భాగంగా రాష్ట్రంలోని ఐదు జిల్లా [31m*********[0m [31mకేంద్రాలలో[0m [31mహైదరాబాదులో[0m [31mఅభిప్రాయాలను[0m సేకరించనున్నారు
HYP: ఈ క్రమంలో భాగంగా రాష్ట్రంలోని ఐదు జిల్లా [31mకేంద్రంలో[0m [31mఐదు       [0m [31mగ్రామాలకు  [0m [31mఫలితాలు     [0m సేకరించనున్నారు
SENTENCE 402
Correct          =  70.0%    7   (    10)
Errors           =  40.0%    4   (    10)
REF: దీంతో [31m*[0m [31mఆగ్రహానికి[0m [31mగురైన[0m మృతురాలి బంధువులు పోలీసులకు ఫిర్యాదు చేశారు
HYP: దీంతో [31mఆ[0m [31mగ్రామానికి[0m [31mపూలైన[0m మృతురాలి బంధువులు పోలీసులకు ఫిర్యాదు చేశారు
SENTENCE 403
Correct          =  75.0%    6   (     8)
Errors           =  37.5%    3   (     8)
REF: అని [31mఅనుకున్నప్పుడు[0m
HYP: అని [31mఅనుకుంటున్నాను[0m
SENTENCE 404
Correct          =  50.0%    1   (     2)
Errors           =  50.0%    1   (     2)
REF: [31mస్వల్ప[0m [31mఅస్వస్థతకు[0m [31mగురైన   [0m [31mపది[0m [31mమంది   [0m [31mమహిళలను[0m [31mనరసాపురం[0m [31mభీమవరం [0m [31mఆసుపత్రులకు[0m [31mతరలించారు[0m
HYP: [31mస్వర్గ[0m [31mఅవసరాల    [0m [31mక్రికెట్[0m [31mపై [0m [31mకన్నీటి[0m [31mమండిపై [0m [31mమహిళలను [0m [31mనాశనపరం[0m [31mఅమలుపుతూ   [0m [31mతలపించారు[0m
SENTENCE 405
Correct          =   0.0%    0   (    10)
Errors           = 100.0%   10   (    10)
REF: కాగా ఈ సందర్భంగా ఆయన ఇంటికి ఇద్దరు ప్రముఖులు [31mఅతిథులుగా[0m వచ్చారు
HYP: కాగా ఈ సందర్భంగా ఆయన ఇంటికి ఇద్దరు ప్రముఖులు [31mఅతిథిగా  [0m వచ్చారు
SENTENCE 406
Correct          =  88.9%    8   (     9)
Errors           =  11.1%    1   (     9)
REF: అనేక కష్టనష్టాలకు [31m***[0m [31m******[0m [31mఒడిదుడుకులకు[0m [31mకరువులకు [0m [31mవరదలకు[0m [31mగురిచేస్తున్నప్పటికి[0m [31mప్రకృతి[0m [31mపై    [0m [31mఆధారపడి  [0m [31mవ్యవసాయం   [0m [31mచేస్తూ  [0m [31mప్రపంచానికి  [0m [31mఆహారాన్ని[0m [31mఅందిస్తున్న [0m రైతులు [31mగొప్పవాళ్ళు[0m
HYP: అనేక కష్టనష్టాలకు [31mఓటు[0m [31mవల్లకు[0m [31mకూడా        [0m [31mకొరవడగరపు[0m [31mగుర్తు[0m [31mచేస్తున్నప్పటికీ    [0m [31mతప్పుద [0m [31mవివక్ష[0m [31mవేశుతున్న[0m [31mప్రపందాన్ని[0m [31mవ్యవసాయం[0m [31mచేస్తున్నారని[0m [31mగాయమీ    [0m [31mఅందిస్తున్నా[0m రైతులు [31mకోరారు     [0m
SENTENCE 407
Correct          =  18.8%    3   (    16)
Errors           =  93.8%   15   (    16)
REF: వాళ్ళకి
HYP: వాళ్ళకి
SENTENCE 408
Correct          = 100.0%    1   (     1)
Errors           =   0.0%    0   (     1)
REF: అనుకునేది ఎక్కువ మంది [31mదృష్టిలో[0m పెట్టుకోవడం [31mలేదు[0m [31mఅనమాట  [0m
HYP: అనుకునేది ఎక్కువ మంది [31mనిష్టగా [0m పెట్టుకోవడం [31m****[0m [31mలేదనమాట[0m
SENTENCE 409
Correct          =  57.1%    4   (     7)
Errors           =  42.9%    3   (     7)
REF: [31mనీ[0m అభిప్రాయం [31mనాకు[0m చెప్పు
HYP: [31mని[0m అభిప్రాయం [31m****[0m చెప్పు
SENTENCE 410
Correct          =  50.0%    2   (     4)
Errors           =  50.0%    2   (     4)
REF: [31mఆమె[0m [31mవెల్లడించిన[0m [31mవారిలో [0m [31mకొందరిని[0m గుర్తించి [31mవిచారిస్తున్నట్టు[0m విశ్వసనీయ సమాచారం
HYP: [31m***[0m [31mఅనవేయను    [0m [31mసవాళ్లు[0m [31mపొందాలని[0m గుర్తించి [31mవిచారిస్తున్నట్లు[0m విశ్వసనీయ సమాచారం
SENTENCE 411
Correct          =  37.5%    3   (     8)
Errors           =  62.5%    5   (     8)
REF: [31mనీరసం [0m [31mకూడా[0m రాదు [31mఅదీ[0m కాకుండా [31mమళ్ళీ[0m [31mనీరసం [0m రాకుండా [31mఉండాలి  [0m [31mఅంటే[0m [31mనిమ్మరసం[0m కూడా
HYP: [31mనియోజక[0m [31mవర  [0m రాదు [31mఅది[0m కాకుండా [31mమధ్య [0m [31mనేర్చన[0m రాకుండా [31mఉండాలంటే[0m [31mనేను[0m [31mమర్సి   [0m కూడా
SENTENCE 412
Correct          =  33.3%    4   (    12)
Errors           =  66.7%    8   (    12)
REF: మన [31mదేశానికి[0m [31mఏం [0m రావడం లేదు కదండీ ఇప్పుడు మనం [31m*****[0m [31mచూసుకుంటే[0m
HYP: మన [31mదేశాన్ని[0m [31mఏమి[0m రావడం లేదు కదండీ ఇప్పుడు మనం [31mనుంచి[0m [31mవుంటే    [0m
SENTENCE 413
Correct          =  66.7%    6   (     9)
Errors           =  44.4%    4   (     9)
REF: అలా
HYP: అలా
SENTENCE 414
Correct          = 100.0%    1   (     1)
Errors           =   0.0%    0   (     1)
REF: ఈ సినిమాను పూర్తి [31mచేయడానికే[0m [31mఆయన  [0m [31mప్రథమ[0m [31mప్రధాన్యం[0m [31mఇస్తున్నట్లు      [0m చెబుతున్నారు
HYP: ఈ సినిమాను పూర్తి [31mచేయడానికి[0m [31mఆయనపై[0m [31mతన   [0m [31mప్రధానిని[0m [31mనిర్వహిస్తున్నట్లు[0m చెబుతున్నారు
SENTENCE 415
Correct          =  44.4%    4   (     9)
Errors           =  55.6%    5   (     9)
REF: [31m********[0m [31mఎందుకండి[0m [31mకనబడవు[0m
HYP: [31mఎందుకంటే[0m [31mనమ్మడం  [0m [31mలో    [0m
SENTENCE 416
Correct          =   0.0%    0   (     2)
Errors           = 150.0%    3   (     2)
REF: ఈ కారణంగానే జగన్ చంద్రబాబు [31mప్రభుత్వంపై[0m [31mఅవిశ్వాస[0m [31mతీర్మానం      [0m [31mప్రతిపాదించారని[0m తెలుస్తోంది
HYP: ఈ కారణంగానే జగన్ చంద్రబాబు [31mప్రభుత్వ   [0m [31mపై      [0m [31mఆవిష్కరించాలని[0m [31mప్రవర్తించారని [0m తెలుస్తోంది
SENTENCE 417
Correct          =  55.6%    5   (     9)
Errors           =  44.4%    4   (     9)
REF: అవును
HYP: అవును
SENTENCE 418
Correct          = 100.0%    1   (     1)
Errors           =   0.0%    0   (     1)
REF: ఈ సందర్భంగా [31m******[0m [31mశిల్పకళ[0m గుర్తు [31mతెస్తామని[0m బాలకృష్ణ అన్నారు
HYP: ఈ సందర్భంగా [31mశిల్పా[0m [31mకాల    [0m గుర్తు [31mచేస్తామని[0m బాలకృష్ణ అన్నారు
SENTENCE 419
Correct          =  71.4%    5   (     7)
Errors           =  42.9%    3   (     7)
REF: [31mకానీ[0m ఆ స్వాతంత్రం ఇప్పుడు మనకి లేదు
HYP: [31mకాని[0m ఆ స్వాతంత్రం ఇప్పుడు మనకి లేదు
SENTENCE 420
Correct          =  83.3%    5   (     6)
Errors           =  16.7%    1   (     6)
REF: [31m*****[0m [31m***[0m [31mఅంతలా[0m [31mలంచం [0m [31mతీసుకుంటున్నారు[0m [31mపనైనా[0m [31mపూర్తిగా[0m చేస్తారంటే మనం [31mచెప్పే[0m పేరు [31mఒకటి[0m వాళ్ళు [31mచేసేది[0m [31mఒకటి    [0m
HYP: [31mఅందరు[0m [31mఅలా[0m [31mఅంచనా[0m [31mనుంచి[0m [31mకొంటున్నారు    [0m [31mపగైనా[0m [31mపూర్తి  [0m చేస్తారంటే మనం [31mచెప్పి[0m పేరు [31mఉంటే[0m వాళ్ళు [31mచేశారు[0m [31mఅక్కడికి[0m
SENTENCE 421
Correct          =  30.8%    4   (    13)
Errors           =  84.6%   11   (    13)
REF: [31mనేను[0m నేను తప్పు చేసి ఉంటే [31mఅమెరికా[0m [31mకో[0m [31mపోలీసులు [0m [31mఇండియాకే[0m [31mరా    [0m రానిచ్చేవారు కాదని అన్నారు
HYP: [31m****[0m నేను తప్పు చేసి ఉంటే [31m*******[0m [31m**[0m [31mఅమెరికాకు[0m [31mపోలీసు  [0m [31mనిర్ణత[0m రానిచ్చేవారు కాదని అన్నారు
SENTENCE 422
Correct          =  53.8%    7   (    13)
Errors           =  46.2%    6   (    13)
REF: అన్నీ [31m********[0m [31mదానల[0m [31mకంటే [0m [31mఅన్నదానం[0m [31mమిన్న[0m
HYP: అన్నీ [31mదారుల్లో[0m [31mఅంటే[0m [31mఅందరు[0m [31mదాదాం   [0m [31mబిన్న[0m
SENTENCE 423
Correct          =  20.0%    1   (     5)
Errors           = 100.0%    5   (     5)
REF: [31mజిల్లాలోని[0m [31mచేజర్ల[0m మండలం [31mమాముడూరు[0m గ్రామానికి చెందిన [31m****[0m [31mలలితమ్మ[0m [31mవరమ్మలపై[0m [31mకర్నూలుకు[0m చెందిన [31mఐదుగురు[0m [31mదుండుగులు[0m [31mమారణాయుధాలతో[0m దాడి చేశారు
HYP: [31mజిల్లాలోనే[0m [31mచేరిల [0m మండలం [31mమామూరు  [0m గ్రామానికి చెందిన [31mలలిత[0m [31mమోహన్  [0m [31mపై      [0m [31mకర్మాలకు [0m చెందిన [31mఐదు    [0m [31mబృందాలు  [0m [31mమరణాయిదలతో  [0m దాడి చేశారు
SENTENCE 424
Correct          =  40.0%    6   (    15)
Errors           =  66.7%   10   (    15)
REF: [31mఆడించడం [0m [31mఅది [0m
HYP: [31mనాగంశంగా[0m [31mమాది[0m
SENTENCE 425
Correct          =   0.0%    0   (     2)
Errors           = 100.0%    2   (     2)
REF: తెలిస్తే
HYP: తెలిస్తే
SENTENCE 426
Correct          = 100.0%    1   (     1)
Errors           =   0.0%    0   (     1)
REF: ఆహా [31mఅబ్బాయికి[0m [31mఅమ్మాయి[0m
HYP: ఆహా [31mఅబ్బాయికీ[0m [31mఆ      [0m
SENTENCE 427
Correct          =  33.3%    1   (     3)
Errors           =  66.7%    2   (     3)
REF: ఇప్పుడు మాత్రం తమ పైన చర్యలు తీసుకోవడం ఎందుకో చెప్పాలని నిలదీశారు
HYP: ఇప్పుడు మాత్రం తమ పైన చర్యలు తీసుకోవడం ఎందుకో చెప్పాలని నిలదీశారు
SENTENCE 428
Correct          = 100.0%    9   (     9)
Errors           =   0.0%    0   (     9)
REF: నేనా
HYP: నేనా
SENTENCE 429
Correct          = 100.0%    1   (     1)
Errors           =   0.0%    0   (     1)
REF: [31mఈ      [0m [31mఇప్పుడికి[0m చాలా [31mగుర్తు [0m [31mనాకి[0m చాలా చాలా ఇష్టం [31m****[0m [31mఅదంటేను[0m
HYP: [31mతీవ్రతి[0m [31mఇప్పుడు  [0m చాలా [31mగుర్తలు[0m [31mనాకు[0m చాలా చాలా ఇష్టం [31mనాకు[0m [31mతెలియదు[0m
SENTENCE 430
Correct          =  44.4%    4   (     9)
Errors           =  66.7%    6   (     9)
REF: [31mతరతేమో[0m ఇక్కడ
HYP: [31mతర్వాత[0m ఇక్కడ
SENTENCE 431
Correct          =  50.0%    1   (     2)
Errors           =  50.0%    1   (     2)
REF: [31m*****[0m [31mనిర్ణయాలు[0m [31mతీసుకోవలసి  [0m
HYP: [31mనిన్న[0m [31mఎలా      [0m [31mతీసుకోవాల్సి[0m
SENTENCE 432
Correct          =   0.0%    0   (     2)
Errors           = 150.0%    3   (     2)
REF: నాకు [31mఇంత[0m [31mఇస్తే  [0m [31mనీ  [0m పని [31mచేస్తాను[0m [31mఅన్నపుడు  [0m
HYP: నాకు [31mఎం [0m [31mతిస్తది[0m [31mనేను[0m పని [31mచేస్తారు[0m [31mఅన్నప్పుడు[0m
SENTENCE 433
Correct          =  28.6%    2   (     7)
Errors           =  71.4%    5   (     7)
REF: దానికి [31mతగ్గించడానికి[0m [31mఏం        [0m [31mచెయ్యాలంటే[0m
HYP: దానికి [31m*************[0m [31mతగ్గించాడు[0m [31mఅంటే      [0m
SENTENCE 434
Correct          =  25.0%    1   (     4)
Errors           =  75.0%    3   (     4)
REF: గతంలో కూడా [31m*[0m [31mఇదే   [0m [31mలెక్చరర్[0m [31mఓ           [0m [31mవిద్యార్ధితో[0m [31mఉన్నతాధికారులు[0m [31mమెమో   [0m జారీ చేశారు
HYP: గతంలో కూడా [31mఈ[0m [31mరెయ్యి[0m [31mఇష్టం   [0m [31mవిద్యార్థితో[0m [31mహొండా       [0m [31mదాడికి        [0m [31mఅర్థమనం[0m జారీ చేశారు
SENTENCE 435
Correct          =  40.0%    4   (    10)
Errors           =  70.0%    7   (    10)
REF: [31mఅధికారుల[0m దగ్గర నుంచి వచ్చి [31mవీళ్ళు[0m [31mఅధికారుల[0m [31mనుంచి    [0m [31mవచ్చారు[0m [31mవాళ్ళు[0m బాగా చూస్తారు
HYP: [31mఅధికారం [0m దగ్గర నుంచి వచ్చి [31m******[0m [31mవెళ్లి  [0m [31mఅధికారులు[0m [31mఇచ్చే  [0m [31mజర్లు [0m బాగా చూస్తారు
SENTENCE 436
Correct          =  45.5%    5   (    11)
Errors           =  54.5%    6   (    11)
REF: ఆహా చెప్పండి
HYP: ఆహా చెప్పండి
SENTENCE 437
Correct          = 100.0%    2   (     2)
Errors           =   0.0%    0   (     2)
REF: కొంచెం
HYP: కొంచెం
SENTENCE 438
Correct          = 100.0%    1   (     1)
Errors           =   0.0%    0   (     1)
REF: అలా [31m********[0m [31mచేయాలంటే[0m [31mవాళ్ళలో[0m మార్పు రావాలి [31mఅందుకే[0m [31mఅంటున్నాను[0m [31mకదా  [0m [31mఅండి[0m [31mనమ్మకం[0m అనేది పునాది [31mగా[0m [31mవేసుకొని[0m [31mపెళ్లి[0m [31mచేసుకొంటే[0m
HYP: అలా [31mచెయ్యాలి[0m [31mఅంటే    [0m [31mబాలలో  [0m మార్పు రావాలి [31mఅంత   [0m [31mఅన్నారు   [0m [31mకదండి[0m [31mనా  [0m [31mమక్కువ[0m అనేది పునాది [31m**[0m [31m********[0m [31mగర్వం [0m [31mచేసుకుంటే[0m
SENTENCE 439
Correct          =  31.2%    5   (    16)
Errors           =  75.0%   12   (    16)
REF: అవునండి అంటే
HYP: అవునండి అంటే
SENTENCE 440
Correct          = 100.0%    2   (     2)
Errors           =   0.0%    0   (     2)
REF: [31mదుర్గాపురం[0m
HYP: [31mతర్వాత    [0m
SENTENCE 441
Correct          =   0.0%    0   (     1)
Errors           = 100.0%    1   (     1)
REF: అంతే
HYP: అంతే
SENTENCE 442
Correct          = 100.0%    1   (     1)
Errors           =   0.0%    0   (     1)
REF: [31m************[0m [31m*********[0m [31mత్రిశూల[0m [31mస్నానం[0m [31mఊరేగింపులో[0m [31mఅడుగడుగునా[0m [31mభక్తులు[0m [31mస్వామివారికి[0m స్వాగతం [31mపలుకుతూ   [0m [31mమొక్కులు[0m [31mతీర్చుకున్నారు[0m
HYP: [31mతెలుగుదేశంలో[0m [31mసామాన్యుల[0m [31mఇంట్లో [0m [31mఅడవడం [0m [31mబొత్స     [0m [31mస్తాన్    [0m [31mవారిని [0m [31mవారికి      [0m స్వాగతం [31mపలుకుతున్న[0m [31mముగ్గురు[0m [31mతెచ్చుకున్నారు[0m
SENTENCE 443
Correct          =  10.0%    1   (    10)
Errors           = 110.0%   11   (    10)
REF: ఇంకేముంది [31m****[0m [31mమీరే[0m చెప్పాలి
HYP: ఇంకేముంది [31mమీరు[0m [31mఏదో [0m చెప్పాలి
SENTENCE 444
Correct          =  66.7%    2   (     3)
Errors           =  66.7%    2   (     3)
REF: లేదంటే తను సంతోషంగా ఉండాలి అన్నా
HYP: లేదంటే తను సంతోషంగా ఉండాలి అన్నా
SENTENCE 445
Correct          = 100.0%    5   (     5)
Errors           =   0.0%    0   (     5)
REF: [31mరిషి[0m [31mవిన్ను[0m
HYP: [31mదేశ [0m [31mవిన్నా[0m
SENTENCE 446
Correct          =   0.0%    0   (     2)
Errors           = 100.0%    2   (     2)
REF: అయితే [31mసచిన్[0m [31mకూతురు[0m సచిన్ [31mకూతురు[0m [31mఅనే        [0m [31mకేకలు    [0m చాలా [31mసేపు[0m [31mవినిపించాయి    [0m
HYP: అయితే [31mసత్యం[0m [31mకొరితో[0m సచిన్ [31m******[0m [31mకుటుంబానికే[0m [31mకేంద్రాలు[0m చాలా [31m****[0m [31mశ్రీవాక్రించాయి[0m
SENTENCE 447
Correct          =  30.0%    3   (    10)
Errors           =  70.0%    7   (    10)
REF: అవును
HYP: అవును
SENTENCE 448
Correct          = 100.0%    1   (     1)
Errors           =   0.0%    0   (     1)
REF: [31mఅప్పటిలోగా[0m [31mరాష్ట్రంలోని[0m చాలా [31mజిల్లాలు  [0m [31mచుట్టి[0m రావాలన్నది ఆయన [31m*********[0m [31m*****[0m [31mఅభిప్రాయంగా[0m [31mఉండి   [0m [31mఉండవచ్చు [0m
HYP: [31mఅప్పట్లో  [0m [31mరాష్ట్రంలోనే[0m చాలా [31mజిల్లాల్లో[0m [31mచిట్టి[0m రావాలన్నది ఆయన [31mఅభిప్రాయం[0m [31mవుంటూ[0m [31mఉన్నట్టు   [0m [31mవినూత్న[0m [31mవిందొచ్చు[0m
SENTENCE 449
Correct          =  30.0%    3   (    10)
Errors           =  90.0%    9   (    10)
REF: [31mకట్నం  [0m [31mఇస్తే  [0m కట్నం తీసుకోకుండా [31m******[0m [31m******[0m [31mమాత్రమే  [0m [31mపెళ్లి[0m [31mచేసుకుంటావు[0m [31mకట్నం[0m [31mఇవ్వకుండా[0m [31mమాత్రమే[0m [31mలేకపోతే[0m [31mచేసుకోనంటావు[0m
HYP: [31mకట్టప్ప[0m [31mవ్యక్తి[0m కట్నం తీసుకోకుండా [31mమాత్రం[0m [31mపెళ్ళి[0m [31mచేసుకుంటూ[0m [31mరక్త  [0m [31mనరేంద్ర    [0m [31mమేద  [0m [31mకొనుగో   [0m [31mఆతరం   [0m [31mఎల్దాం [0m [31mచేసుకోవటం   [0m
SENTENCE 450
Correct          =  16.7%    2   (    12)
Errors           = 100.0%   12   (    12)
REF: మూడు రోజుల క్రితం [31mశౌర్యారెడ్డి[0m [31mఊరేళ్లడంతో[0m ప్రస్తుతం [31mగోపీ  [0m [31mఒక్కడే[0m ఉన్నాడు
HYP: మూడు రోజుల క్రితం [31mశోభారెడ్డి  [0m [31mఊరేలడంతో  [0m ప్రస్తుతం [31mబౌహుబా[0m [31mఒక్కటే[0m ఉన్నాడు
SENTENCE 451
Correct          =  55.6%    5   (     9)
Errors           =  44.4%    4   (     9)
REF: దాంతో పాటు కొత్త [31m*****[0m [31mకుర్రాళ్ళ[0m [31mకల్గిన[0m భారత జట్టు [31mఇప్పుడు[0m ఉంది
HYP: దాంతో పాటు కొత్త [31mకృష్ణ[0m [31mగురువారం [0m [31mకలిగిన[0m భారత జట్టు [31mపూడ్   [0m ఉంది
SENTENCE 452
Correct          =  66.7%    6   (     9)
Errors           =  44.4%    4   (     9)
REF: టీవీ
HYP: టీవీ
SENTENCE 453
Correct          = 100.0%    1   (     1)
Errors           =   0.0%    0   (     1)
REF: అవును
HYP: అవును
SENTENCE 454
Correct          = 100.0%    1   (     1)
Errors           =   0.0%    0   (     1)
REF: కృష్ణా [31m**[0m [31m*****[0m [31mఉభయగోదావరి[0m [31mవిశాఖ[0m జిల్లాల్లో ఓ మోస్తరు నుంచి [31m****[0m [31mభారీవర్షాలు[0m కురుస్తున్నాయి
HYP: కృష్ణా [31mఉప[0m [31mఎన్నో[0m [31mఅవినీతి   [0m [31mశాఖ  [0m జిల్లాల్లో ఓ మోస్తరు నుంచి [31mభారీ[0m [31mవర్షాలు    [0m కురుస్తున్నాయి
SENTENCE 455
Correct          =  66.7%    6   (     9)
Errors           =  66.7%    6   (     9)
REF: కానీ జ్ఞానం పెంచుకోవడానికి అనేది చదవట్లేదు అలా చదివితే [31mగనుక[0m [31mవీళ్ళు[0m [31mఏదైతే  [0m [31mచదువుతున్నారు[0m [31mదిన్ని[0m వాళ్ళకి
HYP: కానీ జ్ఞానం పెంచుకోవడానికి అనేది చదవట్లేదు అలా చదివితే [31m****[0m [31mగా    [0m [31mవీళ్ళతో[0m [31mచదువుతున్నరా [0m [31mవిని  [0m వాళ్ళకి
SENTENCE 456
Correct          =  61.5%    8   (    13)
Errors           =  38.5%    5   (    13)
REF: అవును
HYP: అవును
SENTENCE 457
Correct          = 100.0%    1   (     1)
Errors           =   0.0%    0   (     1)
REF: [31mఇంకా[0m [31mనువ్వే[0m చెప్పాలి
HYP: [31mనేను[0m [31mమీరే  [0m చెప్పాలి
SENTENCE 458
Correct          =  33.3%    1   (     3)
Errors           =  66.7%    2   (     3)
REF: సాయంత్రం [31mవేళల్లో[0m మాత్రం [31mచలి  [0m ప్రభావం [31mచోటుచేసుకోవడంతో  [0m [31mప్రజానీకం[0m [31mఇబ్బంది[0m పడేది
HYP: సాయంత్రం [31mఎల్లో  [0m మాత్రం [31mచదివి[0m ప్రభావం [31mచోటుచేసుకోవడానికి[0m [31mప్రజల    [0m [31mనుండి  [0m పడేది
SENTENCE 459
Correct          =  44.4%    4   (     9)
Errors           =  55.6%    5   (     9)
REF: అవును
HYP: అవును
SENTENCE 460
Correct          = 100.0%    1   (     1)
Errors           =   0.0%    0   (     1)
REF: అవును
HYP: అవును
SENTENCE 461
Correct          = 100.0%    1   (     1)
Errors           =   0.0%    0   (     1)
REF: అవును
HYP: అవును
SENTENCE 462
Correct          = 100.0%    1   (     1)
Errors           =   0.0%    0   (     1)
REF: [31mరకమైన   [0m
HYP: [31mదానికైనా[0m
SENTENCE 463
Correct          =   0.0%    0   (     1)
Errors           = 100.0%    1   (     1)
REF: [31mఈ[0m [31mమాటలతోనే[0m [31mపవన్ [0m [31mమా    [0m [31mచెడ్డ     [0m [31mమంచోడు[0m అని [31m***[0m [31m*********[0m [31mఅర్థమవుతోందని[0m అంటున్నారు
HYP: [31mఆ[0m [31mమాటల    [0m [31mతయారీ[0m [31mపావులు[0m [31mమాట్లాడితే[0m [31mమంచిది[0m అని [31mఅనే[0m [31mఅర్థమౌతలో[0m [31mఉందని        [0m అంటున్నారు
SENTENCE 464
Correct          =  22.2%    2   (     9)
Errors           = 100.0%    9   (     9)
REF: అలాగే
HYP: అలాగే
SENTENCE 465
Correct          = 100.0%    1   (     1)
Errors           =   0.0%    0   (     1)
REF: [31mతూర్పు[0m [31mగోదావరి      [0m జిల్లాలో [31mఎటిఎంల[0m [31mవద్ద[0m [31mక్యూలో[0m [31mనిల్చున్నారు[0m
HYP: [31m******[0m [31mతూర్పుగోదావరి[0m జిల్లాలో [31mపెట్టి[0m [31mమనతో[0m [31mకేవలం [0m [31mనేర్చన్నారు [0m
SENTENCE 466
Correct          =  14.3%    1   (     7)
Errors           =  85.7%    6   (     7)
REF: ఈ [31mకుకుమ[0m [31mపువ్వు[0m [31mనీళ్ళు[0m వేసిన [31mతరువాత[0m
HYP: ఈ [31m*****[0m [31mకొంత  [0m [31mమంది  [0m వేసిన [31mతర్వాత[0m
SENTENCE 467
Correct          =  33.3%    2   (     6)
Errors           =  66.7%    4   (     6)
REF: ఖచ్చితంగా మనం
HYP: ఖచ్చితంగా మనం
SENTENCE 468
Correct          = 100.0%    2   (     2)
Errors           =   0.0%    0   (     2)
REF: తగ్గించారు చెప్పాలంటే
HYP: తగ్గించారు చెప్పాలంటే
SENTENCE 469
Correct          = 100.0%    2   (     2)
Errors           =   0.0%    0   (     2)
REF: అవును
HYP: అవును
SENTENCE 470
Correct          = 100.0%    1   (     1)
Errors           =   0.0%    0   (     1)
REF: ఆహారం [31m*********[0m [31mశుద్దమయితేనె[0m
HYP: ఆహారం [31mచిద్దమైతే[0m [31mనేను        [0m
SENTENCE 471
Correct          =  50.0%    1   (     2)
Errors           = 100.0%    2   (     2)
REF: ఇంకా ఏంటంటే ఎక్కువగా నాకు చూసే ప్రదేశాల్లో అంటూ
HYP: ఇంకా ఏంటంటే ఎక్కువగా నాకు చూసే ప్రదేశాల్లో అంటూ
SENTENCE 472
Correct          = 100.0%    7   (     7)
Errors           =   0.0%    0   (     7)
REF: [31mకాజల్ [0m అంటే ఇష్టం
HYP: [31mఖాజిల్[0m అంటే ఇష్టం
SENTENCE 473
Correct          =  66.7%    2   (     3)
Errors           =  33.3%    1   (     3)
REF: నీకు [31mతెలుసో[0m [31mసౌజన్యా    [0m మనకి
HYP: నీకు [31mతెలుసా[0m [31mస్వచ్ఛందిగా[0m మనకి
SENTENCE 474
Correct          =  50.0%    2   (     4)
Errors           =  50.0%    2   (     4)
REF: ఇలా కనిపిస్తే కోడలు [31mనారా[0m [31mబ్రాహ్మణి[0m నారా లోకేష్ చూస్తూ కనిపించారు
HYP: ఇలా కనిపిస్తే కోడలు [31m****[0m [31m*********[0m నారా లోకేష్ చూస్తూ కనిపించారు
SENTENCE 475
Correct          =  77.8%    7   (     9)
Errors           =  22.2%    2   (     9)
REF: [31mవంట[0m [31mచేసుకుని[0m
HYP: [31mవంద[0m [31mచేసుకొని[0m
SENTENCE 476
Correct          =   0.0%    0   (     2)
Errors           = 100.0%    2   (     2)
REF: అవును
HYP: అవును
SENTENCE 477
Correct          = 100.0%    1   (     1)
Errors           =   0.0%    0   (     1)
REF: తన [31mవ్యూహానికి[0m [31mపదును      [0m [31mపెట్టి   [0m ఉద్యమాన్ని [31m********[0m [31mబలోపేతం[0m [31mచేయాలనే[0m అవసరం కూడా ఉంది
HYP: తన [31mవ్యూహానకు [0m [31mకేంద్రానికి[0m [31mపాల్పడ్డే[0m ఉద్యమాన్ని [31mకొనుగోలు[0m [31mచేసే   [0m [31mఆయన    [0m అవసరం కూడా ఉంది
SENTENCE 478
Correct          =  50.0%    5   (    10)
Errors           =  60.0%    6   (    10)
REF: పత్తిపాటి జగన్ [31mవాదనలను [0m ప్రజలు [31mచూశారని[0m ఆరోపణలు [31mచేసి  [0m [31mవెళ్లిపోవడం[0m [31mసరికాదన్నారు[0m
HYP: పత్తిపాటి జగన్ [31mవాతావరణం[0m ప్రజలు [31mచూసారని[0m ఆరోపణలు [31mచేస్తూ[0m [31mవిఫలమస్తాయి[0m [31mఅంటున్నారు  [0m
SENTENCE 479
Correct          =  44.4%    4   (     9)
Errors           =  55.6%    5   (     9)
REF: [31m*[0m [31mఈరోజు[0m
HYP: [31mఈ[0m [31mరోజు [0m
SENTENCE 480
Correct          =   0.0%    0   (     1)
Errors           = 200.0%    2   (     1)
REF: ఆ చాలా బాగుంటది
HYP: ఆ చాలా బాగుంటది
SENTENCE 481
Correct          = 100.0%    3   (     3)
Errors           =   0.0%    0   (     3)
REF: [31mకాని[0m అది మీకు ఎలా [31mఉపయోగపడ్డది[0m
HYP: [31mకానీ[0m అది మీకు ఎలా [31mఉపయోగపడతాయ్[0m
SENTENCE 482
Correct          =  60.0%    3   (     5)
Errors           =  40.0%    2   (     5)
REF: ఇంకా
HYP: ఇంకా
SENTENCE 483
Correct          = 100.0%    1   (     1)
Errors           =   0.0%    0   (     1)
REF: ఏది
HYP: ఏది
SENTENCE 484
Correct          = 100.0%    1   (     1)
Errors           =   0.0%    0   (     1)
REF: [31m****[0m [31m****[0m [31mనిర్ణయాలు[0m తీసుకోవాలన్నారు
HYP: [31mనేన్[0m [31mనేను[0m [31mఅడుగు    [0m తీసుకోవాలన్నారు
SENTENCE 485
Correct          =  50.0%    1   (     2)
Errors           = 150.0%    3   (     2)
REF: గాలి [31mలేనిదే[0m మనం [31m*******[0m [31mబ్రతకలేం[0m [31mకదా   [0m
HYP: గాలి [31mఅనేది [0m మనం [31mప్రదేశ్[0m [31mలో      [0m [31mఎంకాలా[0m
SENTENCE 486
Correct          =  40.0%    2   (     5)
Errors           =  80.0%    4   (     5)
REF: ఆ సినిమా గురించి చెప్పు
HYP: ఆ సినిమా గురించి చెప్పు
SENTENCE 487
Correct          = 100.0%    4   (     4)
Errors           =   0.0%    0   (     4)
REF: [31mఒంటరి [0m [31mమహిళల[0m పరిస్థితి [31mదారుణంగా[0m తయారైందని వారిపై [31mఅత్యాచారాలకు[0m [31mపాల్పడటంతోపాటు[0m ప్రాణాలు [31mతీస్తున్న[0m [31mఘటనలూ[0m [31mపెరిగాయని          [0m తెలిపారు
HYP: [31mకొంటరీ[0m [31mమళ్లీ[0m పరిస్థితి [31mదర్నంగా [0m తయారైందని వారిపై [31mఅత్యాచారాలు [0m [31mపాల్పడలతోపాటు [0m ప్రాణాలు [31m*********[0m [31m*****[0m [31mతీస్తున్నదొడ్డానులు[0m తెలిపారు
SENTENCE 488
Correct          =  38.5%    5   (    13)
Errors           =  61.5%    8   (    13)
REF: [31mముందు[0m
HYP: [31mఉండదు[0m
SENTENCE 489
Correct          =   0.0%    0   (     1)
Errors           = 100.0%    1   (     1)
REF: [31m*****[0m [31mఐతే[0m [31mమనవాళ్ళు[0m
HYP: [31mఅయితే[0m [31mమన [0m [31mవాళ్ళు  [0m
SENTENCE 490
Correct          =   0.0%    0   (     2)
Errors           = 150.0%    3   (     2)
REF: ఈ ఖర్చు [31mలెక్కల[0m పైన [31mఅధ్యయనం[0m చేయించేందుకు [31mనిపుణుల [0m కమిటీ [31mఏర్పాటు[0m ఏర్పాటుకు [31mచర్యలు[0m [31mతీసుకోవాలన్నారు     [0m
HYP: ఈ ఖర్చు [31mలేక   [0m పైన [31mఅజయనా  [0m చేయించేందుకు [31mనిపుణులు[0m కమిటీ [31m*******[0m ఏర్పాటుకు [31m******[0m [31mచెల్లించుకోవాలన్నారు[0m
SENTENCE 491
Correct          =  50.0%    6   (    12)
Errors           =  50.0%    6   (    12)
REF: [31mవాళ్ళేం[0m చేస్తున్నారు రాజకీయ నాయకులు [31m****[0m [31m********[0m [31m****[0m [31mగాని[0m [31mలేదా      [0m [31mప్రముఖులు[0m [31mగాని[0m [31mసినిమా[0m [31mవాళ్ళు[0m [31mగాని     [0m [31mవాళ్ళేం[0m చేస్తున్నారంటే
HYP: [31mవాళ్ళకి[0m చేస్తున్నారు రాజకీయ నాయకులు [31mగానే[0m [31mలేపోప్పు[0m [31mఉండి[0m [31mనేను[0m [31mచిన్నవాళ్ళ[0m [31mలో       [0m [31mకూడా[0m [31mనేను  [0m [31mసీతమం [0m [31mవెళ్ళాలని[0m [31mఏం     [0m చేస్తున్నారంటే
SENTENCE 492
Correct          =  30.8%    4   (    13)
Errors           =  92.3%   12   (    13)
REF: ఆ [31mనేనే[0m చెప్పాలి [31mఅంటే[0m
HYP: ఆ [31mనేను[0m చెప్పాలి [31mఏంటీ[0m
SENTENCE 493
Correct          =  50.0%    2   (     4)
Errors           =  50.0%    2   (     4)
REF: తాను [31mబెదిరించి[0m [31mబంగారం    [0m [31mతీసుకున్న[0m విషయాన్ని ఎవరికైనా చెబితే [31mచంపేస్తానని[0m [31mఅతను[0m [31mబెదిరించాడని[0m బాధితులు [31mచెబుతున్నట్లుగా[0m తెలుస్తోంది
HYP: తాను [31mభేదించి  [0m [31mబంగారాన్ని[0m [31mతీసుకునే [0m విషయాన్ని ఎవరికైనా చెబితే [31mచంపేస్తారనే[0m [31mఅంటూ[0m [31mవిధించాలని  [0m బాధితులు [31mచెబుతున్నట్లు  [0m తెలుస్తోంది
SENTENCE 494
Correct          =  46.2%    6   (    13)
Errors           =  53.8%    7   (    13)
REF: అది
HYP: అది
SENTENCE 495
Correct          = 100.0%    1   (     1)
Errors           =   0.0%    0   (     1)
REF: ఒక విషయం [31mఉందనుకో[0m
HYP: ఒక విషయం [31mనాకు   [0m
SENTENCE 496
Correct          =  66.7%    2   (     3)
Errors           =  33.3%    1   (     3)
REF: అవును
HYP: అవును
SENTENCE 497
Correct          = 100.0%    1   (     1)
Errors           =   0.0%    0   (     1)
REF: [31m******[0m [31mప్రజలను[0m [31mబయపెట్టి[0m
HYP: [31mప్రజలు[0m [31mబయట    [0m [31mపెట్టి  [0m
SENTENCE 498
Correct          =   0.0%    0   (     2)
Errors           = 150.0%    3   (     2)
REF: మనం
HYP: మనం
SENTENCE 499
Correct          = 100.0%    1   (     1)
Errors           =   0.0%    0   (     1)
REF: నిజానికి చెప్పాలంటే [31mమనిషికి[0m [31mఆశా[0m అనే [31mభావం[0m చాలా ఎక్కువ
HYP: నిజానికి చెప్పాలంటే [31mమంచికి [0m [31mఆశ [0m అనే [31mపవన్[0m చాలా ఎక్కువ
SENTENCE 500
Correct          =  62.5%    5   (     8)
Errors           =  37.5%    3   (     8)
REF: [31mఅనేసి[0m [31mఅంటారు  [0m
HYP: [31m*****[0m [31mలేదంటారు[0m
SENTENCE 501
Correct          =   0.0%    0   (     2)
Errors           = 100.0%    2   (     2)
REF: చాలా
HYP: చాలా
SENTENCE 502
Correct          = 100.0%    1   (     1)
Errors           =   0.0%    0   (     1)
REF: అవును ఖచ్చితంగా
HYP: అవును ఖచ్చితంగా
SENTENCE 503
Correct          = 100.0%    2   (     2)
Errors           =   0.0%    0   (     2)
REF: మన [31mకాళ్ళ[0m [31mమీద[0m [31mమనం[0m [31mనిలబడాలి [0m [31mసొంత [0m [31mస్వయం    [0m [31mకృషి   [0m [31mఅంటారు [0m
HYP: మన [31m*****[0m [31m***[0m [31m***[0m [31mకార్యాలయం[0m [31mఅన్ని[0m [31mప్రదేశంతో[0m [31mస్థిరంగ[0m [31mవిషయాలు[0m
SENTENCE 504
Correct          =  11.1%    1   (     9)
Errors           =  88.9%    8   (     9)
REF: [31mతన [0m [31mజీతం  [0m [31mఎంతో[0m తెలుసా [31mనెలకి[0m
HYP: [31mతను[0m [31mచుట్టూ[0m [31mమనతో[0m తెలుసా [31mఅలాగే[0m
SENTENCE 505
Correct          =  20.0%    1   (     5)
Errors           =  80.0%    4   (     5)
REF: [31mఏది[0m తీసుకుంటే మంచిది ఎటువంటి [31m****[0m [31mపెట్టుబడులు[0m పెడితే మంచిది అంటే [31mఏమి[0m చేస్తే [31mఎట్లాగా[0m ఉంటుంది అన్న వాణిజ్య [31mప్రకటనలు[0m [31mకూడా   [0m మనము
HYP: [31mఏ  [0m తీసుకుంటే మంచిది ఎటువంటి [31mపైకి[0m [31mపట్టుకోలేదు[0m పెడితే మంచిది అంటే [31mఏం [0m చేస్తే [31mఎట్లా  [0m ఉంటుంది అన్న వాణిజ్య [31m********[0m [31mప్రకారం[0m మనము
SENTENCE 506
Correct          =  64.7%   11   (    17)
Errors           =  41.2%    7   (    17)
REF: ఇప్పటికే [31mదీనిపై[0m [31mవారం [0m [31mరోజుల   [0m [31mక్రితమే  [0m ఉత్తర్వులు జారీ చేయగా దానిపై వివిధ శాఖల్లో [31mప్రక్రియను [0m [31mవేగవంతం[0m [31mచేస్తున్నారు [0m
HYP: ఇప్పటికే [31m******[0m [31mదిగిన[0m [31mపోరాటంలో[0m [31mజరుగుతోనే[0m ఉత్తర్వులు జారీ చేయగా దానిపై వివిధ శాఖల్లో [31mప్రతినిరోగం[0m [31mవద్ద   [0m [31mచేస్తానన్నారు[0m
SENTENCE 507
Correct          =  50.0%    7   (    14)
Errors           =  50.0%    7   (    14)
REF: ముద్రగడ పద్మనాభం [31mదీక్ష    [0m [31mచేసి   [0m [31mఅల్లర్లు[0m [31mసృష్టి[0m [31mసృష్టించారు[0m
HYP: ముద్రగడ పద్మనాభం [31mనిత్యావసర[0m [31mసేకరణలో[0m [31mచూస్తూ  [0m [31mసుశీం [0m [31mచారు       [0m
SENTENCE 508
Correct          =  28.6%    2   (     7)
Errors           =  71.4%    5   (     7)
REF: [31m********[0m [31mతీసుకునే[0m [31mఆలోచన[0m బట్టి
HYP: [31mతీసుకొని[0m [31mఆ       [0m [31mరోజున[0m బట్టి
SENTENCE 509
Correct          =  33.3%    1   (     3)
Errors           = 100.0%    3   (     3)
REF: తెలంగాణా అనేది
HYP: తెలంగాణా అనేది
SENTENCE 510
Correct          = 100.0%    2   (     2)
Errors           =   0.0%    0   (     2)
REF: చాలా మంచి జీవితం మిత్రమా మళ్ళి [31mరాదు[0m [31mమనకి [0m [31mఇది  [0m
HYP: చాలా మంచి జీవితం మిత్రమా మళ్ళి [31m****[0m [31mరావడం[0m [31mఅనేది[0m
SENTENCE 511
Correct          =  62.5%    5   (     8)
Errors           =  37.5%    3   (     8)
REF: అందుకే జగన్ కు వ్యతిరేకంగా [31mనిర్ణయం[0m తీసుకున్నారని పేర్కొన్నారు
HYP: అందుకే జగన్ కు వ్యతిరేకంగా [31mనిన్న  [0m తీసుకున్నారని పేర్కొన్నారు
SENTENCE 512
Correct          =  85.7%    6   (     7)
Errors           =  14.3%    1   (     7)
REF: [31mపుణ్యం   [0m కూడా వస్తుంది అలాగే కొద్దిగా [31mమనం [0m
HYP: [31mఉన్నోళ్ళు[0m కూడా వస్తుంది అలాగే కొద్దిగా [31mమనమే[0m
SENTENCE 513
Correct          =  66.7%    4   (     6)
Errors           =  33.3%    2   (     6)
REF: అవునండి
HYP: అవునండి
SENTENCE 514
Correct          = 100.0%    1   (     1)
Errors           =   0.0%    0   (     1)
REF: అంటే [31m*****[0m [31m******[0m [31mమూడు [0m [31mరోజులు[0m [31mనాలుగు[0m [31mరోజులు[0m ఉంటుంది
HYP: అంటే [31mముందు[0m [31mనువ్వు[0m [31mరోజున[0m [31mఆది   [0m [31mకోట్లు[0m [31mఅవి   [0m ఉంటుంది
SENTENCE 515
Correct          =  33.3%    2   (     6)
Errors           = 100.0%    6   (     6)
REF: ఉపాధి హామీ [31m******[0m [31m****[0m [31m****[0m [31m*******[0m [31mపథకంలోని[0m [31mక్షేత్రస్థాయి[0m [31mపర్యవేక్షకులు[0m ఏడు వేల మందిని [31m*********[0m [31m*****[0m [31mతొలగించటం[0m [31mశోచనీయమన్నారు[0m
HYP: ఉపాధి హామీ [31mపథకంలో[0m [31mనీటి[0m [31mనాట్[0m [31mక్షేత్ర[0m [31mస్థాయి  [0m [31mపదిహేను      [0m [31mవేసుకుని     [0m ఏడు వేల మందిని [31mతొలగించడం[0m [31mసోచని[0m [31mవాతని    [0m [31mఅన్నారు      [0m
SENTENCE 516
Correct          =  50.0%    5   (    10)
Errors           = 110.0%   11   (    10)
REF: నిందితుడికి [31mసంవత్సరం [0m [31mజైలు    [0m [31mశిక్షతో[0m [31mపాటు        [0m [31mబాధితురాలికి[0m నష్టపరిహారం కింద [31mనెలల్లో[0m [31mరూ[0m
HYP: నిందితుడికి [31mసంబంధించి[0m [31mశీర్షితో[0m [31mపాటు   [0m [31mబాధితురాలిని[0m [31mస్వర్గీయ    [0m నష్టపరిహారం కింద [31mనెలలో  [0m [31mరో[0m
SENTENCE 517
Correct          =  30.0%    3   (    10)
Errors           =  70.0%    7   (    10)
REF: [31m**********[0m [31mఉద్యమాలు[0m [31mపుట్టుకొస్తాయని[0m పవన్ చేసిన వ్యాఖ్యలను ఆయన [31mఎద్దేవా   [0m చేశారు
HYP: [31mఉద్యమాలుగా[0m [31mపుట్టాకా[0m [31mవస్తాయని       [0m పవన్ చేసిన వ్యాఖ్యలను ఆయన [31mవిధ్యవర్తి[0m చేశారు
SENTENCE 518
Correct          =  62.5%    5   (     8)
Errors           =  50.0%    4   (     8)
REF: పైగా ప్రమాదం [31mలేని [0m [31mఅబద్ధం  [0m [31mవల్ల [0m [31mసత్యానికేం[0m ప్రమాదం అనుకున్నాడు
HYP: పైగా ప్రమాదం [31mలేదని[0m [31mఅబద్ధాలు[0m [31mమళ్లీ[0m [31mసత్యనానికై[0m ప్రమాదం అనుకున్నాడు
SENTENCE 519
Correct          =  50.0%    4   (     8)
Errors           =  50.0%    4   (     8)
REF: అదే సమయంలో [31m********[0m [31mటిడిపిలోని[0m [31mతీవ్రమైన[0m [31mపోటీ  [0m [31mనెలకొని[0m [31mఉందని[0m అది కూడా [31mఓ[0m [31mకారణం   [0m [31mకావొచ్చునని[0m చెబుతున్నారు
HYP: అదే సమయంలో [31mటిడిపిలో[0m [31mనిత్యం    [0m [31mఇవ్వడమే [0m [31mపూర్తి[0m [31mవివరాలు[0m [31mఉండడం[0m అది కూడా [31m*[0m [31mఒకారణంగా[0m [31mఆవేదన      [0m చెబుతున్నారు
SENTENCE 520
Correct          =  38.5%    5   (    13)
Errors           =  69.2%    9   (    13)
REF: ప్రస్తుతం [31mదీనికి[0m సంబంధించిన [31m**********[0m [31mవీడియో[0m [31mకూడా[0m [31mసోషల్[0m [31mమీడియాలో[0m [31mవైరల్[0m [31mగా [0m [31mమారిపోయింది[0m
HYP: ప్రస్తుతం [31mతెలిసి[0m సంబంధించిన [31mవిలేకరులతో[0m [31mవచ్చి [0m [31mఉన్న[0m [31mజగన్ [0m [31mఒక్కరే  [0m [31mకాదు [0m [31mకదా[0m [31mమారింది    [0m
SENTENCE 521
Correct          =  20.0%    2   (    10)
Errors           =  90.0%    9   (    10)
REF: అయితే [31mసమీక్ష[0m [31mవల్ల   [0m [31mఒరిగిందేమీ[0m [31mలేదనే    [0m [31mఅభిప్రాయం[0m [31mరైతుల్లో[0m వ్యక్తమవుతోంది
HYP: అయితే [31mఈసమ్మ [0m [31mచేయాలని[0m [31mలేదని     [0m [31mఅభివృద్ధి[0m [31mకోసం     [0m [31mరైతులతో [0m వ్యక్తమవుతోంది
SENTENCE 522
Correct          =  25.0%    2   (     8)
Errors           =  75.0%    6   (     8)
REF: [31mఇంక [0m [31mతక్కువగానే[0m ఉంటున్నాడు
HYP: [31mఇంకా[0m [31mతగ్గకుండా [0m ఉంటున్నాడు
SENTENCE 523
Correct          =  33.3%    1   (     3)
Errors           =  66.7%    2   (     3)
REF: [31mస్రీలు  [0m అనేది [31mవంటింటికి[0m [31mపరిమితం[0m [31mమాత్రమే    [0m
HYP: [31mస్త్రీలు[0m అనేది [31m*********[0m [31mఉంటుంది[0m [31mపర్వితమైంది[0m
SENTENCE 524
Correct          =  20.0%    1   (     5)
Errors           =  80.0%    4   (     5)
REF: భారత్ [31mఇంగ్లండుపై[0m [31mఆరు [0m [31mవికెట్ల [0m [31mతేడాతో   [0m విజయం సాధించింది
HYP: భారత్ [31mకానీ      [0m [31mవేరు[0m [31mవ్యాపిలే[0m [31mతాత్కాలిక[0m విజయం సాధించింది
SENTENCE 525
Correct          =  42.9%    3   (     7)
Errors           =  57.1%    4   (     7)
REF: [31mదానిమ్మ[0m [31mపళ్ళు[0m [31mఆపిల్స్[0m [31mద్రాక్ష[0m [31mపళ్ళు[0m [31mఇయన్నీ  [0m
HYP: [31m*******[0m [31mదాని [0m [31mపల్లె  [0m [31mపిల్లలు[0m [31mరక్ష [0m [31mపొలదన్నీ[0m
SENTENCE 526
Correct          =   0.0%    0   (     6)
Errors           = 100.0%    6   (     6)
REF: [31mఅదే[0m
HYP: [31mఅది[0m
SENTENCE 527
Correct          =   0.0%    0   (     1)
Errors           = 100.0%    1   (     1)
REF: అన్నట్టు
HYP: అన్నట్టు
SENTENCE 528
Correct          = 100.0%    1   (     1)
Errors           =   0.0%    0   (     1)
REF: [31m*****[0m [31m*****[0m [31mవ్యవసాయాధికారుల[0m [31mసూచనల[0m [31mమేరకు [0m [31mఆరుసార్లకుపైగా[0m ఒక్కో [31m******[0m [31m********[0m [31mఎకరానికి[0m దాదాపు రూ
HYP: [31mవిభజన[0m [31mహారతి[0m [31mరాజకీయాల్లోకి  [0m [31mవారు [0m [31mసాధారణ[0m [31mపైన           [0m ఒక్కో [31mఎక్కడా[0m [31mనిదాపురం[0m [31mలభ్యమని [0m దాదాపు రూ
SENTENCE 529
Correct          =  37.5%    3   (     8)
Errors           = 112.5%    9   (     8)
REF: [31mఅ[0m [31mఓకే[0m
HYP: [31mఆ[0m [31mఒకే[0m
SENTENCE 530
Correct          =   0.0%    0   (     2)
Errors           = 100.0%    2   (     2)
REF: [31mగుంజనా[0m [31mనది    [0m [31mవరదలతో[0m ప్రభావితమైన ప్రాంతాలను ఆయన పరిశీలించారు
HYP: [31m******[0m [31mగుజరాతీ[0m [31mవరదలు [0m ప్రభావితమైన ప్రాంతాలను ఆయన పరిశీలించారు
SENTENCE 531
Correct          =  57.1%    4   (     7)
Errors           =  42.9%    3   (     7)
REF: ఒకవేళ
HYP: ఒకవేళ
SENTENCE 532
Correct          = 100.0%    1   (     1)
Errors           =   0.0%    0   (     1)
REF: వారు [31mఇక్కడికి[0m [31mవచ్చి[0m చంద్రబాబును [31mపాలనను[0m చూస్తే [31m**[0m [31mతమకన్నా[0m [31mఅన్యాయమని[0m [31mరాష్ట్రం[0m [31mఉందనుకుంటారని[0m అన్నారు
HYP: వారు [31mఇకటికి  [0m [31mవచ్చే[0m చంద్రబాబును [31mపాలనలో[0m చూస్తే [31mతమ[0m [31mకన్నా  [0m [31mనాయమని   [0m [31mరాష్ట్ర [0m [31mమంత్రులు     [0m అన్నారు
SENTENCE 533
Correct          =  36.4%    4   (    11)
Errors           =  72.7%    8   (    11)
REF: [31mమాకు[0m [31mఅక్కలేవరు[0m [31mలేరండి[0m [31mనేను[0m [31mఇంట్లో   [0m [31mఒక్కదానే[0m [31mకదా [0m [31mనాకు[0m [31mతమ్ముడు[0m [31mఅని    [0m [31mజెప్పాను[0m కదా
HYP: [31m****[0m [31m*********[0m [31mమా    [0m [31mనాకు[0m [31mతెలవలేదని[0m [31mనీళ్లు  [0m [31mఒక్క[0m [31mదాని[0m [31mకాదు   [0m [31mఅనకుండా[0m [31mచెప్తాను[0m కదా
SENTENCE 534
Correct          =   8.3%    1   (    12)
Errors           =  91.7%   11   (    12)
REF: ఈ సంఘటనతో ఇద్దరు [31mమరణించగా[0m [31mఅనేక[0m [31mమందికి  [0m [31mగాయాలైనాయి   [0m
HYP: ఈ సంఘటనతో ఇద్దరు [31mమరణించిన[0m [31mఆటకు[0m [31mమంత్రికి[0m [31mకార్యాలయ్యాయి[0m
SENTENCE 535
Correct          =  42.9%    3   (     7)
Errors           =  57.1%    4   (     7)
REF: నరసాపురం మండలం [31m****[0m [31mబంధంచర్లలో[0m సోమవారం అర్ధరాత్రి [31mఈ[0m [31mఐదుగురు[0m [31mబీభత్సం [0m [31mసృష్టించాయి[0m
HYP: నరసాపురం మండలం [31mబంద్[0m [31mచెర్లను   [0m సోమవారం అర్ధరాత్రి [31m*[0m [31mఏఐగిరి [0m [31mవిమర్శలు[0m [31mచేశారు     [0m
SENTENCE 536
Correct          =  44.4%    4   (     9)
Errors           =  66.7%    6   (     9)
REF: [31mఇంట్లోనే[0m [31mగిన్నెలు[0m
HYP: [31mనీటిలోనే[0m [31mజీవితం  [0m
SENTENCE 537
Correct          =   0.0%    0   (     2)
Errors           = 100.0%    2   (     2)
REF: ఇంకా
HYP: ఇంకా
SENTENCE 538
Correct          = 100.0%    1   (     1)
Errors           =   0.0%    0   (     1)
REF: తెలుగు
HYP: తెలుగు
SENTENCE 539
Correct          = 100.0%    1   (     1)
Errors           =   0.0%    0   (     1)
REF: చెప్పండి
HYP: చెప్పండి
SENTENCE 540
Correct          = 100.0%    1   (     1)
Errors           =   0.0%    0   (     1)
REF: ఏదన్నా ఉద్యోగం [31m*******[0m [31mచేద్దావనుకుంటున్నా[0m ఉద్యోగం చేసి
HYP: ఏదన్నా ఉద్యోగం [31mచేద్దాం[0m [31mఅనుకుంటునా        [0m ఉద్యోగం చేసి
SENTENCE 541
Correct          =  80.0%    4   (     5)
Errors           =  40.0%    2   (     5)
REF: [31m***************[0m [31mకృష్ణా[0m [31mజిల్లాలోని  [0m [31mబాపులపాడు[0m [31mమండలం[0m [31mఆరుగొలలో[0m [31mదారుణ [0m [31mఘటన  [0m చోటు చేసుకుంది
HYP: [31mప్రశ్నోత్తరలోనే[0m [31mభావోలు[0m [31mపాల్గొంటాడని[0m [31mఆ        [0m [31mరోగు [0m [31mనెలలో   [0m [31mదాదాపు[0m [31mగట్లో[0m చోటు చేసుకుంది
SENTENCE 542
Correct          =  22.2%    2   (     9)
Errors           =  88.9%    8   (     9)
REF: ఇంకా [31mచెప్పండి[0m
HYP: ఇంకా [31mచెప్పు  [0m
SENTENCE 543
Correct          =  50.0%    1   (     2)
Errors           =  50.0%    1   (     2)
REF: ఎక్కడ [31mనేర్చుకున్నావ్[0m
HYP: ఎక్కడ [31mనేర్చుకున్నాను[0m
SENTENCE 544
Correct          =  50.0%    1   (     2)
Errors           =  50.0%    1   (     2)
REF: [31mదళారుల [0m [31mజోక్యం[0m [31mపెరిగిపోవడంతో[0m [31mరైతులు   [0m [31mవినియోగదారులు[0m [31mతీవ్రంగా[0m [31mనష్టపోతున్నారు   [0m
HYP: [31mబెదవారం[0m [31mజోన్  [0m [31mపైన          [0m [31mప్రాంతంలో[0m [31mఇద్దరు       [0m [31mవివాదాలు[0m [31mధినామిస్తామన్నారు[0m
SENTENCE 545
Correct          =   0.0%    0   (     7)
Errors           = 100.0%    7   (     7)
REF: రైతులకు న్యాయం [31m*****[0m [31mజరిగేవరకు[0m తమ పోరాటం కొనసాగుతుందని [31mఆళ్ల[0m [31mపేర్కొన్నారు    [0m
HYP: రైతులకు న్యాయం [31mజరిగే[0m [31mవరకూ     [0m తమ పోరాటం కొనసాగుతుందని [31m****[0m [31mఆలోపించుకున్నారు[0m
SENTENCE 546
Correct          =  62.5%    5   (     8)
Errors           =  50.0%    4   (     8)
REF: ఆ [31mఉన్నారు[0m [31mభూలక్ష్మి[0m [31mఅనే[0m [31mఒకమ్మాయి[0m
HYP: ఆ [31mఉన్న   [0m [31mపూడికమైన [0m [31mఒక [0m [31mఅమ్మాయి [0m
SENTENCE 547
Correct          =  20.0%    1   (     5)
Errors           =  80.0%    4   (     5)
REF: కుటుంబాన్ని [31mఎలా[0m [31mబా      [0m [31mచూడాలో  [0m [31mతెలిదు[0m
HYP: కుటుంబాన్ని [31m***[0m [31mకలవాల్సి[0m [31mవెళ్ళాలి[0m [31mతెలీదు[0m
SENTENCE 548
Correct          =  20.0%    1   (     5)
Errors           =  80.0%    4   (     5)
REF: తాజాగా [31mమూడు[0m [31mరోజుల [0m [31mక్రితం[0m [31mరోహిత్ [0m [31mవేముల   [0m మృతి పైన పవన్ కళ్యాణ్ స్పందించారు
HYP: తాజాగా [31m****[0m [31mమురారి[0m [31mమీద   [0m [31mదంబతికి[0m [31mవెళ్లినా[0m మృతి పైన పవన్ కళ్యాణ్ స్పందించారు
SENTENCE 549
Correct          =  54.5%    6   (    11)
Errors           =  45.5%    5   (    11)
REF: [31mబాధితుడు[0m ఫిర్యాదు మేరకు పోలీసులు కేసు నమోదు [31mచేసుకుని[0m దర్యాప్తు చేస్తున్నారు
HYP: [31mబాధితుల [0m ఫిర్యాదు మేరకు పోలీసులు కేసు నమోదు [31mచేసుకొని[0m దర్యాప్తు చేస్తున్నారు
SENTENCE 550
Correct          =  77.8%    7   (     9)
Errors           =  22.2%    2   (     9)
REF: అంటే మనం చెప్తే వాళ్ళు [31mవినేరు [0m [31mకాపోతే  [0m
HYP: అంటే మనం చెప్తే వాళ్ళు [31mవినాలని[0m [31mకాపాడుతూ[0m
SENTENCE 551
Correct          =  66.7%    4   (     6)
Errors           =  33.3%    2   (     6)
REF: [31mఇపుడూ  [0m [31mఎయిడ్స్[0m [31mఉంది  [0m [31mకదా   [0m
HYP: [31mఇప్పుడు[0m [31mఏం     [0m [31mచూస్తా[0m [31mఉంటాదా[0m
SENTENCE 552
Correct          =   0.0%    0   (     4)
Errors           = 100.0%    4   (     4)
REF: అందరు కూడా బాగా [31mచదువుతున్నారు[0m
HYP: అందరు కూడా బాగా [31mచదువుతున్నారా[0m
SENTENCE 553
Correct          =  75.0%    3   (     4)
Errors           =  25.0%    1   (     4)
REF: [31m****[0m [31mగసగసాలు  [0m
HYP: [31mదసరి[0m [31mస్వర్గులు[0m
SENTENCE 554
Correct          =   0.0%    0   (     1)
Errors           = 200.0%    2   (     1)
REF: బాగుంటది [31mఅక్కడ[0m [31mచానా[0m బాగుంటది
HYP: బాగుంటది [31mఅలా  [0m [31mచాల [0m బాగుంటది
SENTENCE 555
Correct          =  50.0%    2   (     4)
Errors           =  50.0%    2   (     4)
REF: అప్పుడు [31mతెలుస్తుంది[0m
HYP: అప్పుడు [31mజరుగుతుంది [0m
SENTENCE 556
Correct          =  50.0%    1   (     2)
Errors           =  50.0%    1   (     2)
REF: అని అనుకుంటున్నాను
HYP: అని అనుకుంటున్నాను
SENTENCE 557
Correct          = 100.0%    2   (     2)
Errors           =   0.0%    0   (     2)
REF: అది [31mమనం[0m [31mఅలా[0m [31mఅలా    [0m [31mఅనుకోకుండా[0m మనము సహాయం చేద్దాము
HYP: అది [31mమన [0m [31mమన [0m [31mకాళ్ళకు[0m [31mకొంటె     [0m మనము సహాయం చేద్దాము
SENTENCE 558
Correct          =  50.0%    4   (     8)
Errors           =  50.0%    4   (     8)
REF: ఏంటి
HYP: ఏంటి
SENTENCE 559
Correct          = 100.0%    1   (     1)
Errors           =   0.0%    0   (     1)
REF: [31mమన[0m [31mఇంట్లోకి[0m [31mఎవరైనా[0m వచ్చినప్పుడు
HYP: [31mమా[0m [31mఇంట్లోనే[0m [31mఎదో   [0m వచ్చినప్పుడు
SENTENCE 560
Correct          =  25.0%    1   (     4)
Errors           =  75.0%    3   (     4)
REF: ఖమ్మం జిల్లాలో సోమవారం [31mతెల్లవారు     [0m [31mజామున  [0m [31mఘోరరోడ్డు[0m ప్రమాదం సంభవించింది
HYP: ఖమ్మం జిల్లాలో సోమవారం [31mతెల్లవారుజామున[0m [31mగోదావరి[0m [31mనోటి     [0m ప్రమాదం సంభవించింది
SENTENCE 561
Correct          =  62.5%    5   (     8)
Errors           =  37.5%    3   (     8)
REF: [31m******[0m [31mఎక్కువగా[0m బాగాను
HYP: [31mఎక్కువ[0m [31mకాదు    [0m బాగాను
SENTENCE 562
Correct          =  50.0%    1   (     2)
Errors           = 100.0%    2   (     2)
REF: మొత్తం అన్ని చూస్తారు అవన్నీ చూసి
HYP: మొత్తం అన్ని చూస్తారు అవన్నీ చూసి
SENTENCE 563
Correct          = 100.0%    5   (     5)
Errors           =   0.0%    0   (     5)
REF: [31mదేశ   [0m [31mవిదేశాల[0m నుంచి [31mజనం    [0m [31mఇక్కడికి[0m [31mవచ్చేలా [0m [31mచేశారాన్నారు [0m
HYP: [31mగెలిచే[0m [31mవిధేశాల[0m నుంచి [31mజాగ్రహం[0m [31mకూడా    [0m [31mవచ్చానని[0m [31mచెప్పారన్నారు[0m
SENTENCE 564
Correct          =  14.3%    1   (     7)
Errors           =  85.7%    6   (     7)
REF: [31mప్రస్తుతానికైతే[0m [31mటీడీపీ         [0m [31mలో      [0m ఈ [31mకలవరం [0m [31mరేపింది[0m [31mదెందలూరు[0m ఎమ్మెల్యే [31mచింతమనేని[0m ప్రభాకర్
HYP: [31m***************[0m [31mప్రభుత్వానికైతే[0m [31mటిడిపిలో[0m ఈ [31mకళావరం[0m [31mరేపిన  [0m [31mదెందులు [0m ఎమ్మెల్యే [31mచింతమని  [0m ప్రభాకర్
SENTENCE 565
Correct          =  30.0%    3   (    10)
Errors           =  70.0%    7   (    10)
REF: ఆయన [31mవైఖరిపై   [0m [31mఏ[0m సమాధానం [31mచెబుతారని  [0m [31mబిజెపి[0m ప్రశ్నించారు
HYP: ఆయన [31mవ్యాఖ్యలపై[0m [31mఈ[0m సమాధానం [31mచెప్పుతారని[0m [31mబీజేపీ[0m ప్రశ్నించారు
SENTENCE 566
Correct          =  42.9%    3   (     7)
Errors           =  57.1%    4   (     7)
REF: అయితే పెద్ద [31mనగదు[0m [31mనోట్ల  [0m రద్దు కారణంగా ఈ సభ [31mనిర్వహాణను[0m [31mరద్దు [0m చేసుకొన్నారు
HYP: అయితే పెద్ద [31m****[0m [31mనోట్లను[0m రద్దు కారణంగా ఈ సభ [31mనిర్వహణ   [0m [31mరాదులు[0m చేసుకొన్నారు
SENTENCE 567
Correct          =  63.6%    7   (    11)
Errors           =  36.4%    4   (    11)
REF: ఆహా
HYP: ఆహా
SENTENCE 568
Correct          = 100.0%    1   (     1)
Errors           =   0.0%    0   (     1)
REF: అంటే చిన్న [31mవయుస్సులో[0m [31mపెళ్లి[0m చేసుకుంటే
HYP: అంటే చిన్న [31mవయస్సులో [0m [31mపెళ్ళి[0m చేసుకుంటే
SENTENCE 569
Correct          =  60.0%    3   (     5)
Errors           =  40.0%    2   (     5)
REF: వెళ్ళడం [31m****[0m రావడం
HYP: వెళ్ళడం [31mమాకు[0m రావడం
SENTENCE 570
Correct          = 100.0%    2   (     2)
Errors           =  50.0%    1   (     2)
REF: అవును
HYP: అవును
SENTENCE 571
Correct          = 100.0%    1   (     1)
Errors           =   0.0%    0   (     1)
REF: అవునా [31mఎ[0m
HYP: అవునా [31mఏ[0m
SENTENCE 572
Correct          =  50.0%    1   (     2)
Errors           =  50.0%    1   (     2)
REF: కారణం వాళ్ళు
HYP: కారణం వాళ్ళు
SENTENCE 573
Correct          = 100.0%    2   (     2)
Errors           =   0.0%    0   (     2)
REF: సీమాంధ్ర నాయకులు కూడా ఇదే [31mవాదనను[0m ముందుకు తెస్తున్నారు
HYP: సీమాంధ్ర నాయకులు కూడా ఇదే [31mవాదనలు[0m ముందుకు తెస్తున్నారు
SENTENCE 574
Correct          =  85.7%    6   (     7)
Errors           =  14.3%    1   (     7)
REF: [31m******[0m [31mప్రకాశం  [0m [31mబ్యారేజీకి[0m [31mఎగువున[0m [31mపవిత్ర      [0m [31mసంగమం  [0m [31mవద్ద[0m [31mరూ     [0m
HYP: [31mప్రణబ్[0m [31mసంపాదించి[0m [31mఓ         [0m [31mఉన్న  [0m [31mప్రయోగస్తులు[0m [31mసన్నాహక[0m [31mమధ్య[0m [31mరూపాయలు[0m
SENTENCE 575
Correct          =   0.0%    0   (     7)
Errors           = 114.3%    8   (     7)
REF: టిడిపి పార్టీ [31m****[0m [31m******[0m [31mఫిరాయింపులను[0m ప్రోత్సహిస్తోందని ఏపీ ప్రభుత్వంలో [31mమనం[0m [31mఉన్నాం[0m కాబట్టి
HYP: టిడిపి పార్టీ [31mపీఠా[0m [31mఇప్పటి[0m [31mవరకు        [0m ప్రోత్సహిస్తోందని ఏపీ ప్రభుత్వంలో [31m***[0m [31mమన    [0m కాబట్టి
SENTENCE 576
Correct          =  66.7%    6   (     9)
Errors           =  55.6%    5   (     9)
REF: ఈ మూడు
HYP: ఈ మూడు
SENTENCE 577
Correct          = 100.0%    2   (     2)
Errors           =   0.0%    0   (     2)
REF: [31mతనతో  [0m [31mపాటు  [0m [31mఇంకొంతమంది[0m ఎమ్మెల్యేలు [31mరాజీనామా[0m చేసేందుకు సిద్ధంగా [31mఉన్నారన్నారు[0m
HYP: [31mతండ్రి[0m [31mపంటలకు[0m [31mకుతంబానితో[0m ఎమ్మెల్యేలు [31mఅధినేత  [0m చేసేందుకు సిద్ధంగా [31mఉన్నానన్నారు[0m
SENTENCE 578
Correct          =  37.5%    3   (     8)
Errors           =  62.5%    5   (     8)
REF: ఏదో [31mఒకటే[0m [31mఉండాలండి[0m అది మాత్రం [31mఖచ్చితంగా[0m చెప్తాను
HYP: ఏదో [31mఒకటి[0m [31mఅంటే    [0m అది మాత్రం [31mకచ్చితంగా[0m చెప్తాను
SENTENCE 579
Correct          =  57.1%    4   (     7)
Errors           =  42.9%    3   (     7)
REF: [31mఎనిమిది[0m [31mవేల     [0m [31mకోట్ల     [0m [31mరూపాయల[0m [31mరుణమాఫీ[0m చేయడం ఎంత వరకు సమంజసమన్నారు
HYP: [31mఎన్ని  [0m [31mవిధాలుగా[0m [31mకొట్లాడుకు[0m [31mపాయలు [0m [31mనామికి [0m చేయడం ఎంత వరకు సమంజసమన్నారు
SENTENCE 580
Correct          =  44.4%    4   (     9)
Errors           =  55.6%    5   (     9)
REF: అవును
HYP: అవును
SENTENCE 581
Correct          = 100.0%    1   (     1)
Errors           =   0.0%    0   (     1)
REF: అలాగేనండి
HYP: అలాగేనండి
SENTENCE 582
Correct          = 100.0%    1   (     1)
Errors           =   0.0%    0   (     1)
REF: [31mప్రతిపక్షాన్ని[0m [31mఇష్టం[0m వచ్చినట్లు [31mఅణచ[0m [31mవేయాలని [0m చేస్తున్నారని [31mఆవేషన  [0m వ్యక్తం చేశారు
HYP: [31mప్రతిపక్ష     [0m [31mనేషక [0m వచ్చినట్లు [31m***[0m [31mఅనుచరుడి[0m చేస్తున్నారని [31mఆవేశాలు[0m వ్యక్తం చేశారు
SENTENCE 583
Correct          =  44.4%    4   (     9)
Errors           =  55.6%    5   (     9)
REF: అవును
HYP: అవును
SENTENCE 584
Correct          = 100.0%    1   (     1)
Errors           =   0.0%    0   (     1)
REF: ప్రత్యేక హోదా అంశం [31m******[0m [31mకింద[0m [31mమద్దు [0m [31mచేరిన [0m [31mపాత   [0m [31mరుపాయలు[0m
HYP: ప్రత్యేక హోదా అంశం [31mకొన్ని[0m [31mతమ  [0m [31mజ్వామి[0m [31mజరిగిన[0m [31mమాత్రం[0m [31mరూపాయలు[0m
SENTENCE 585
Correct          =  37.5%    3   (     8)
Errors           =  75.0%    6   (     8)
REF: [31mబాల[0m [31mబర్ [0m
HYP: [31m***[0m [31mనాలో[0m
SENTENCE 586
Correct          =   0.0%    0   (     2)
Errors           = 100.0%    2   (     2)
REF: కర్నూలు జిల్లా [31mఆళ్లగడ్డ[0m అసెంబ్లీ నియోజకవర్గ [31m*******[0m [31m******[0m [31mపరిధిలోని[0m [31mదొర్నిపాడు[0m మండలం [31mడబ్బులు[0m
HYP: కర్నూలు జిల్లా [31mఆడగక్కర్[0m అసెంబ్లీ నియోజకవర్గ [31mపరిధిలో[0m [31mదోరిని[0m [31mధోని     [0m [31mపంటు      [0m మండలం [31mతప్పులు[0m
SENTENCE 587
Correct          =  55.6%    5   (     9)
Errors           =  66.7%    6   (     9)
REF: అవునా
HYP: అవునా
SENTENCE 588
Correct          = 100.0%    1   (     1)
Errors           =   0.0%    0   (     1)
REF: [31mనాది[0m [31mబావుంటది[0m [31mఅక్కడ  [0m బాగా ఇష్టం [31mఅక్కడ[0m
HYP: [31mఅది [0m [31mబాగుంటది[0m [31mకాబట్టి[0m బాగా ఇష్టం [31mనాకు [0m
SENTENCE 589
Correct          =  33.3%    2   (     6)
Errors           =  66.7%    4   (     6)
REF: ఆహా
HYP: ఆహా
SENTENCE 590
Correct          = 100.0%    1   (     1)
Errors           =   0.0%    0   (     1)
REF: [31mఅన్ని[0m [31mపంటలు[0m పండిస్తారు మా [31mఊర్లో  [0m [31mఒక్క[0m
HYP: [31mఅన్నీ[0m [31mపంట్ల[0m పండిస్తారు మా [31mగురుంలో[0m [31mఒకా [0m
SENTENCE 591
Correct          =  33.3%    2   (     6)
Errors           =  66.7%    4   (     6)
REF: [31mమనం [0m [31mఅనుకుంటాం[0m కదా [31mనేనే[0m ఉండట్లేదు ఇంట్లో [31mఅని[0m [31mఅట్లా   [0m [31mఅని    [0m [31mకాదు[0m [31mగాని[0m
HYP: [31mమనము[0m [31mఉన్నారు  [0m కదా [31mనేను[0m ఉండట్లేదు ఇంట్లో [31m***[0m [31mఉన్నట్టు[0m [31mవెళ్ళడం[0m [31mలేదు[0m [31mఅని [0m
SENTENCE 592
Correct          =  27.3%    3   (    11)
Errors           =  72.7%    8   (    11)
REF: మొత్తం [31mఅంత  [0m కూడా
HYP: మొత్తం [31mఅంతగా[0m కూడా
SENTENCE 593
Correct          =  66.7%    2   (     3)
Errors           =  33.3%    1   (     3)
REF: దీంతో పాటు [31mబోర్డు[0m [31mఅధ్యక్షుడు[0m [31mఅనురాగ్[0m [31mఠాకూర్[0m [31mలేఖ [0m [31mరాసిన    [0m విషయాన్ని [31mఈ[0m [31mసందర్భంగా[0m ప్రస్తావించారు
HYP: దీంతో పాటు [31m******[0m [31mబోర్యా    [0m [31mదెశ్ట్ [0m [31mలో    [0m [31mఅన్న[0m [31mరాకపోకేకల[0m విషయాన్ని [31m*[0m [31mసందర్బంగా[0m ప్రస్తావించారు
SENTENCE 594
Correct          =  33.3%    4   (    12)
Errors           =  66.7%    8   (    12)
REF: ఇద్దరం [31mకలసి [0m మొక్కలు [31m******[0m [31mగొనుక్కుందాం[0m
HYP: ఇద్దరం [31mకలిసి[0m మొక్కలు [31mనిన్ను[0m [31mకున్నా      [0m
SENTENCE 595
Correct          =  50.0%    2   (     4)
Errors           =  75.0%    3   (     4)
REF: [31mఈ  [0m [31mప్రాజెక్టు [0m [31mనిర్మాణంలో[0m భాగంగా [31mఆ       [0m [31mరెండు[0m [31mరాష్ట్రాల్లో[0m [31mకొరత[0m [31mభూమి  [0m [31mమురపునకు  [0m [31mగురవుతురది[0m
HYP: [31mఇది[0m [31mపద్దెనిమిది[0m [31mమల్లిలో   [0m భాగంగా [31mఅనారోగ్య[0m [31mరంగం [0m [31mకుదేపు      [0m [31mమరక్[0m [31mఉద్యమం[0m [31mబ్రహ్మకంగా[0m [31mపురోతివి  [0m
SENTENCE 596
Correct          =   9.1%    1   (    11)
Errors           =  90.9%   10   (    11)
REF: కాకపోతే
HYP: కాకపోతే
SENTENCE 597
Correct          = 100.0%    1   (     1)
Errors           =   0.0%    0   (     1)
REF: [31m****[0m [31mధన్యవాదాలు[0m మిత్రమా
HYP: [31mదాని[0m [31mవలన       [0m మిత్రమా
SENTENCE 598
Correct          =  50.0%    1   (     2)
Errors           = 100.0%    2   (     2)
REF: ఒక [31m******[0m [31mఉదాహరణకి[0m
HYP: ఒక [31mవిధానం[0m [31mగా      [0m
SENTENCE 599
Correct          =  50.0%    1   (     2)
Errors           = 100.0%    2   (     2)
REF: ఇప్పుడు కొత్తగా [31mహోమియో[0m [31mఒకటి  [0m పెట్టారు
HYP: ఇప్పుడు కొత్తగా [31m******[0m [31mఉమ్మడి[0m పెట్టారు
SENTENCE 600
Correct          =  60.0%    3   (     5)
Errors           =  40.0%    2   (     5)
REF: [31mవెళ్ళవా[0m [31mగోవా [0m
HYP: [31mవెళ్ళాం[0m [31mఅవును[0m
SENTENCE 601
Correct          =   0.0%    0   (     2)
Errors           = 100.0%    2   (     2)
REF: ఎందుకంటే
HYP: ఎందుకంటే
SENTENCE 602
Correct          = 100.0%    1   (     1)
Errors           =   0.0%    0   (     1)
REF: అవును
HYP: అవును
SENTENCE 603
Correct          = 100.0%    1   (     1)
Errors           =   0.0%    0   (     1)
REF: [31mఏం[0m చదువుతున్నాడు
HYP: [31mఎం[0m చదువుతున్నాడు
SENTENCE 604
Correct          =  50.0%    1   (     2)
Errors           =  50.0%    1   (     2)
REF: [31mకోర్టు[0m [31mవిచారణలో[0m ఉన్న [31mఅంశాలపై[0m [31mవిలేకరుల[0m సమావేశాన్ని నిర్వహించకుండా [31m****[0m [31mకోర్టు[0m [31mనిషేధ [0m [31mఉత్తర్వులు[0m [31mజారీ     [0m చేసింది
HYP: [31mకోర్ట్[0m [31mమిచల్లను[0m ఉన్న [31mఅంశంలో [0m [31mవేయలేక  [0m సమావేశాన్ని నిర్వహించకుండా [31mకోటి[0m [31mవిశేషం[0m [31mగుర్తు[0m [31mరాచి      [0m [31mవిజయాన్ని[0m చేసింది
SENTENCE 605
Correct          =  33.3%    4   (    12)
Errors           =  75.0%    9   (    12)
REF: ఏదో
HYP: ఏదో
SENTENCE 606
Correct          = 100.0%    1   (     1)
Errors           =   0.0%    0   (     1)
REF: [31m*****[0m [31mగ్రామీణ    [0m [31mప్రాంతాల్లోని[0m [31mఖాళీలను[0m వెంటనే [31mభర్తీ[0m చేయాలని తెలిపారు
HYP: [31mగ్రామ[0m [31mప్రాంతాల్లో[0m [31mకాలిరన్      [0m [31mపత్రిక [0m వెంటనే [31mపత్తి[0m చేయాలని తెలిపారు
SENTENCE 607
Correct          =  42.9%    3   (     7)
Errors           =  71.4%    5   (     7)
REF: [31mపేదవాడికి[0m [31mఅందేది  [0m మాత్రం [31mఏమీ[0m లేదు [31m*******[0m [31m***************[0m [31mప్రతీది[0m [31mడబ్బున్నవాడికే[0m [31mధనమున్నవాడికే[0m
HYP: [31mపేద      [0m [31mవాడానికి[0m మాత్రం [31mఏమి[0m లేదు [31mప్రతిది[0m [31mపెట్కొన్నవాళికి[0m [31mతను    [0m [31mవున్న         [0m [31mవాళ్ళకి      [0m
SENTENCE 608
Correct          =  25.0%    2   (     8)
Errors           = 100.0%    8   (     8)
REF: గోదావరి పుష్కరాల సందర్భంగా రాజమండ్రిలో [31m***[0m [31mమరోసారి[0m మంత్రివర్గ [31m*******[0m [31mసమావేశమైంది[0m
HYP: గోదావరి పుష్కరాల సందర్భంగా రాజమండ్రిలో [31mమరో[0m [31mసరి    [0m మంత్రివర్గ [31mసమావేశం[0m [31mఅయింది     [0m
SENTENCE 609
Correct          =  71.4%    5   (     7)
Errors           =  57.1%    4   (     7)
REF: [31mకేసీఆర్[0m ఇచ్చిన హామీ మేరకు [31m*******[0m [31mజనగామను[0m [31mజిల్లాగా[0m చేసి [31mహామీని[0m నిలబెట్టుకోవాలన్నారు
HYP: [31mకెసిఆర్[0m ఇచ్చిన హామీ మేరకు [31mనిజానాథ[0m [31mమాజీ   [0m [31mజ్ఞాన   [0m చేసి [31mఆమె   [0m నిలబెట్టుకోవాలన్నారు
SENTENCE 610
Correct          =  55.6%    5   (     9)
Errors           =  55.6%    5   (     9)
REF: నిజమే
HYP: నిజమే
SENTENCE 611
Correct          = 100.0%    1   (     1)
Errors           =   0.0%    0   (     1)
REF: [31mవేల[0m కోట్ల రూపాయల కుంభకోణం కావడంతో అన్ని కోణాల్లోనూ [31mఅక్రమాలపై[0m [31mదర్యాప్తు[0m [31mజరిపింది    [0m
HYP: [31mనెల[0m కోట్ల రూపాయల కుంభకోణం కావడంతో అన్ని కోణాల్లోనూ [31m*********[0m [31mఅక్రమాలకు[0m [31mహెచ్చరించారు[0m
SENTENCE 612
Correct          =  60.0%    6   (    10)
Errors           =  40.0%    4   (    10)
REF: ఇదే గ్రామంలో తుర్రం సావిత్రికి మూడు న్నర ఎకరాల పొలం ఉంది
HYP: ఇదే గ్రామంలో తుర్రం సావిత్రికి మూడు న్నర ఎకరాల పొలం ఉంది
SENTENCE 613
Correct          = 100.0%    9   (     9)
Errors           =   0.0%    0   (     9)
REF: ఇరవై [31mమంది[0m [31mవచ్చారు[0m పది మంది [31mవచ్చారు[0m [31mఅని  [0m ఎక్కువ చెప్తున్నారు [31mఅల[0m [31mఎందుకు[0m [31mచెప్తున్నారు[0m [31mఅంటే      [0m [31mవాలు[0m బాగా చదివిస్తున్నారు
HYP: ఇరవై [31mవేలు[0m [31mచేరు   [0m పది మంది [31m*******[0m [31mచోట్ల[0m ఎక్కువ చెప్తున్నారు [31m**[0m [31mఅలా   [0m [31mఅయింది      [0m [31mచుట్టాలంటే[0m [31mమనం [0m బాగా చదివిస్తున్నారు
SENTENCE 614
Correct          =  43.8%    7   (    16)
Errors           =  56.2%    9   (    16)
REF: అవును
HYP: అవును
SENTENCE 615
Correct          = 100.0%    1   (     1)
Errors           =   0.0%    0   (     1)
REF: అవును
HYP: అవును
SENTENCE 616
Correct          = 100.0%    1   (     1)
Errors           =   0.0%    0   (     1)
REF: [31m**********[0m [31mశ్రీనివాసరావు[0m [31mస్వగృహంలో[0m ఏర్పాటు చేసిన [31m******[0m [31mపాత్రికేయుల[0m సమావేశంలో ఆయన మాట్లాడారు
HYP: [31mశ్రీనివాస్[0m [31mవ్యూహంతో     [0m [31mమంత్రులు [0m ఏర్పాటు చేసిన [31mబాధ్యత[0m [31mకేంద్రం    [0m సమావేశంలో ఆయన మాట్లాడారు
SENTENCE 617
Correct          =  62.5%    5   (     8)
Errors           =  62.5%    5   (     8)
REF: అదే [31mసత్రంపాడు[0m
HYP: అదే [31mసంతంభావా [0m
SENTENCE 618
Correct          =  50.0%    1   (     2)
Errors           =  50.0%    1   (     2)
REF: ఇంకేంటి [31mఏం[0m [31mచేస్తన్నారు[0m మీ [31mపేరెంట్స్[0m [31mకట్టా[0m [31mఅందరు[0m [31mబాగున్నారా[0m
HYP: ఇంకేంటి [31m**[0m [31mచేస్తాను   [0m మీ [31mపేరేంటో  [0m [31mస్కలం[0m [31mరబ్బు[0m [31mఅంటది     [0m
SENTENCE 619
Correct          =  25.0%    2   (     8)
Errors           =  75.0%    6   (     8)
REF: [31mఇంటర్నెట్[0m సమస్య ఉందని అధికారులు [31m*************[0m [31mచెబుతున్నారని[0m [31mమహాపాత్ర[0m తనతో [31mరాత్రి [0m [31mతొమ్మిదిన్నర[0m [31mపది  [0m [31mగంటల   [0m [31mమధ్య   [0m [31mఅన్నాడని[0m [31mధర్మేంద్ర[0m చెబుతున్నారు
HYP: [31mఇంతనే    [0m సమస్య ఉందని అధికారులు [31mచెపుతున్నారని[0m [31mమహా          [0m [31mపాత     [0m తనతో [31mరాష్ట్ర[0m [31mతమిళనాడులోని[0m [31mగంటలు[0m [31mఅండాలని[0m [31mమరిన్ని[0m [31mమర్యాద  [0m [31mమౌరి     [0m చెబుతున్నారు
SENTENCE 620
Correct          =  33.3%    5   (    15)
Errors           =  73.3%   11   (    15)
REF: మొత్తం [31mముగురు  [0m పిల్లలు ఒక అమ్మాయి వచ్చేసి
HYP: మొత్తం [31mముగ్గురు[0m పిల్లలు ఒక అమ్మాయి వచ్చేసి
SENTENCE 621
Correct          =  83.3%    5   (     6)
Errors           =  16.7%    1   (     6)
REF: రైల్వే కోడూరు [31m****[0m [31mరాజంపేటలో[0m భారీ వర్షాల [31mకారణంగా[0m జిల్లా వ్యాప్తంగా రూపాయలు
HYP: రైల్వే కోడూరు [31mరాజా[0m [31mపేట      [0m భారీ వర్షాల [31mకర్ణాటక[0m జిల్లా వ్యాప్తంగా రూపాయలు
SENTENCE 622
Correct          =  77.8%    7   (     9)
Errors           =  33.3%    3   (     9)
REF: నాకైతే ప్రస్తుతానికి నేను
HYP: నాకైతే ప్రస్తుతానికి నేను
SENTENCE 623
Correct          = 100.0%    3   (     3)
Errors           =   0.0%    0   (     3)
REF: [31mఅవునండి[0m [31mమా  [0m [31mకష్టం[0m [31mనా  [0m [31mకృషి  [0m [31mఅంతా[0m [31mనా      [0m [31mవాళ్ళను     [0m [31mచూసుకోవడం[0m [31mలో    [0m [31mఉంటుందండి[0m
HYP: [31mఅవును  [0m [31mమాకు[0m [31mఇష్టం[0m [31mనాకు[0m [31mతెలిసి[0m [31mఅంత [0m [31mనవాళ్ళని[0m [31mచూసుకోవాలన్న[0m [31mవాళ్ళు   [0m [31mఉంటాది[0m [31mఅండి     [0m
SENTENCE 624
Correct          =   0.0%    0   (    11)
Errors           = 100.0%   11   (    11)
REF: ఆ [31m********[0m [31mగ్రామంలోని[0m [31mరైతుల[0m [31mకూరగాయలన్నీ[0m [31mనేరుగా[0m ప్రజలకు [31mఅందించేలా[0m [31mఏర్పాట్లు[0m చేసినట్టు చెప్పారు
HYP: ఆ [31mగ్రామంలో[0m [31mనరికి     [0m [31mకూడా [0m [31mగోదావరి    [0m [31mనీళ్లు[0m ప్రజలకు [31mఅందించినా[0m [31mఏర్పాటు  [0m చేసినట్టు చెప్పారు
SENTENCE 625
Correct          =  40.0%    4   (    10)
Errors           =  70.0%    7   (    10)
REF: అవునా
HYP: అవునా
SENTENCE 626
Correct          = 100.0%    1   (     1)
Errors           =   0.0%    0   (     1)
REF: ఎందుకంటే పనిలో [31mఎప్పుడు[0m [31mఈ      [0m ఈ [31mపని[0m [31mచిన్నది   [0m [31mఅ     [0m పని [31mపెద్దదని[0m లేదు
HYP: ఎందుకంటే పనిలో [31m*******[0m [31mఇప్పుడు[0m ఈ [31m***[0m [31mజీవితాన్ని[0m [31mచాపాడు[0m పని [31mపెద్దది [0m లేదు
SENTENCE 627
Correct          =  45.5%    5   (    11)
Errors           =  54.5%    6   (    11)
REF: [31m******[0m [31mవెన్నునొప్పి[0m [31mకారణంగా[0m [31mవిచారణకు   [0m హాజరు కాలేకపోతున్నానని ఇప్పుడే కోలుకుంటున్నానని [31m***[0m ఆ [31m***[0m [31mలేఖలో   [0m [31mసండ్ర[0m [31mచెప్పారు[0m
HYP: [31mవినోద్[0m [31mరాయల్       [0m [31mను     [0m [31mదారుచార్మిక[0m హాజరు కాలేకపోతున్నానని ఇప్పుడే కోలుకుంటున్నానని [31mఇది[0m ఆ [31mలేఖ[0m [31mవేకుల్లో[0m [31mసందడ [0m [31mచేపాడు  [0m
SENTENCE 628
Correct          =  45.5%    5   (    11)
Errors           =  81.8%    9   (    11)
REF: అలాంటిది [31mకుదాస్[0m కొంటావా
HYP: అలాంటిది [31mకూడా  [0m కొంటావా
SENTENCE 629
Correct          =  66.7%    2   (     3)
Errors           =  33.3%    1   (     3)
REF: అయ్యో
HYP: అయ్యో
SENTENCE 630
Correct          = 100.0%    1   (     1)
Errors           =   0.0%    0   (     1)
REF: పరిస్థితిని [31mవివరించి[0m [31mకేంద్రం     [0m జోక్యం చేసుకోవాలని [31mకోరూరు[0m
HYP: పరిస్థితిని [31m********[0m [31mవిభజించకుండా[0m జోక్యం చేసుకోవాలని [31mకోరు  [0m
SENTENCE 631
Correct          =  50.0%    3   (     6)
Errors           =  50.0%    3   (     6)
REF: సంపాదిస్తే
HYP: సంపాదిస్తే
SENTENCE 632
Correct          = 100.0%    1   (     1)
Errors           =   0.0%    0   (     1)
REF: [31m******[0m [31mనువెంటి[0m [31mనాకు [0m చెప్పేది అని
HYP: [31mనువ్వు[0m [31mఎంటి   [0m [31mదగ్గర[0m చెప్పేది అని
SENTENCE 633
Correct          =  50.0%    2   (     4)
Errors           =  75.0%    3   (     4)
REF: అవును
HYP: అవును
SENTENCE 634
Correct          = 100.0%    1   (     1)
Errors           =   0.0%    0   (     1)
REF: [31mఒకటి[0m [31mతను[0m చేసే [31mపని  [0m [31mదాన్ని[0m బాగా
HYP: [31mఒకటే[0m [31mతన [0m చేసే [31mపనులు[0m [31mఅన్ని [0m బాగా
SENTENCE 635
Correct          =  33.3%    2   (     6)
Errors           =  66.7%    4   (     6)
REF: కచ్చితంగా [31m*******[0m [31mజరగట్లేదు[0m అంటే [31m******[0m కొన్ని కొంత [31mవరకు[0m [31mచేస్తున్నారండి  [0m కానీ [31mఎంత[0m [31mవరకు[0m [31mచేస్తున్నారు[0m [31mఅనేది  [0m [31mమాత్రం        [0m [31mప్రశ్నార్దకంగా[0m [31mమిగిలి   [0m [31mనట్టు[0m [31mమనము[0m [31mచూస్తున్నాము[0m
HYP: కచ్చితంగా [31mచదివాడు[0m [31mగదా      [0m అంటే [31mకొన్ని[0m కొన్ని కొంత [31mమనకు[0m [31mచేయేస్తున్నారండి[0m కానీ [31m***[0m [31m****[0m [31m************[0m [31mఎంతవరకు[0m [31mచేస్తున్నారండి[0m [31mనా            [0m [31mఅభిప్రాయం[0m [31mఆయనది[0m [31mమనం [0m [31mచూస్తున్నామ [0m
SENTENCE 636
Correct          =  27.8%    5   (    18)
Errors           =  83.3%   15   (    18)
REF: వచ్చాడు
HYP: వచ్చాడు
SENTENCE 637
Correct          = 100.0%    1   (     1)
Errors           =   0.0%    0   (     1)
REF: మీరు
HYP: మీరు
SENTENCE 638
Correct          = 100.0%    1   (     1)
Errors           =   0.0%    0   (     1)
REF: [31mకల్లూరు[0m కాదండీ
HYP: [31mకలుగురు[0m కాదండీ
SENTENCE 639
Correct          =  50.0%    1   (     2)
Errors           =  50.0%    1   (     2)
REF: సమయాన్ని [31mఆడ్డుకుంటున్నారు[0m
HYP: సమయాన్ని [31mఅడ్డుకుంటున్నారు[0m
SENTENCE 640
Correct          =  50.0%    1   (     2)
Errors           =  50.0%    1   (     2)
REF: గుంటూరు ప్రకాశం [31mజిల్లాల్లో[0m భారీ వర్షాల వల్ల రైతులకు కలిగిన నష్టాన్ని భర్తీ చేసేందుకు చర్యలు తీసుకోవాలని సూచించారు
HYP: గుంటూరు ప్రకాశం [31mజిల్లాలో  [0m భారీ వర్షాల వల్ల రైతులకు కలిగిన నష్టాన్ని భర్తీ చేసేందుకు చర్యలు తీసుకోవాలని సూచించారు
SENTENCE 641
Correct          =  92.9%   13   (    14)
Errors           =   7.1%    1   (    14)
REF: [31mదీనివల్ల[0m [31mనల్లధనం[0m [31mనివారణ[0m [31mఎలా        [0m [31mఅనేది [0m [31mఅర్థం    [0m [31mకావడం     [0m లేదని వ్యాఖ్యానిస్తున్నారు
HYP: [31m********[0m [31mదీని   [0m [31mవల్ల  [0m [31mనల్లధనాన్ని[0m [31mవెలగనే[0m [31mహైదరాబాద్[0m [31mఎన్నికావడం[0m లేదని వ్యాఖ్యానిస్తున్నారు
SENTENCE 642
Correct          =  22.2%    2   (     9)
Errors           =  77.8%    7   (     9)
REF: [31mవీధిలో[0m [31mఉన్న[0m [31mఅందరు[0m [31mకలిసి  [0m [31mఆడుకోవడం[0m [31mనాకు       [0m చాలా ఇష్టం
HYP: [31m******[0m [31m****[0m [31mఇదిలా[0m [31mఅందరికి[0m [31mవచ్చాడు [0m [31mకుంటున్నాడు[0m చాలా ఇష్టం
SENTENCE 643
Correct          =  25.0%    2   (     8)
Errors           =  75.0%    6   (     8)
REF: మా [31m******[0m [31mతాతగారు[0m వచ్చేసి
HYP: మా [31mతాతయ్య[0m [31mగారు   [0m వచ్చేసి
SENTENCE 644
Correct          =  66.7%    2   (     3)
Errors           =  66.7%    2   (     3)
REF: [31m****[0m [31mదలైలామా[0m [31mవిమానాశ్రాయానికి[0m వస్తున్నారంటూ ఆమెకు ఆమెను [31mఅక్కడే[0m ఉన్న [31mఒక[0m [31mగదిలోకి   [0m [31mతీసుకెళ్లారు[0m
HYP: [31mదయాల[0m [31mమొన్న  [0m [31mనష్టానికి       [0m వస్తున్నారంటూ ఆమెకు ఆమెను [31mఒక్కడే[0m ఉన్న [31m**[0m [31mఊబ్బందులను[0m [31mతీసికెళ్లారు[0m
SENTENCE 645
Correct          =  40.0%    4   (    10)
Errors           =  70.0%    7   (    10)
REF: [31mఇటివల[0m ఇక్కడ యువతకు
HYP: [31mఇటీవల[0m ఇక్కడ యువతకు
SENTENCE 646
Correct          =  66.7%    2   (     3)
Errors           =  33.3%    1   (     3)
REF: ప్రతి [31mపేదవానికీ[0m [31mఅన్నిరకాల[0m [31mవైద్య[0m [31mసేవలు[0m [31mఅందించేందుకు[0m [31mఅవసరమైన[0m [31mవైద్య[0m [31mపరికరాలను       [0m అందుబాటులో ఉంచామని తెలిపారు
HYP: ప్రతి [31m*********[0m [31mపేదవారిని[0m [31mకన్నె[0m [31mరకం  [0m [31mహత్య        [0m [31mశనివారం[0m [31mనుంచే[0m [31mదుర్ఘత్మిపోయాడని[0m అందుబాటులో ఉంచామని తెలిపారు
SENTENCE 647
Correct          =  33.3%    4   (    12)
Errors           =  66.7%    8   (    12)
REF: చదువు రాదు గదా
HYP: చదువు రాదు గదా
SENTENCE 648
Correct          = 100.0%    3   (     3)
Errors           =   0.0%    0   (     3)
REF: [31mపాలకొల్లు[0m [31mగాంధీబొమ్మల[0m [31mసెంటరులో[0m [31mఆ        [0m [31mసంఘం [0m నాయకులు [31mచింతకాయల [0m [31mబాబూరావు[0m యాత్రను ప్రారంభించారు
HYP: [31mపాలకులకు [0m [31mగాంధీ      [0m [31mభవన్లో  [0m [31mసందర్భంలో[0m [31mఅవసరం[0m నాయకులు [31mచింతకాయలా[0m [31mభూ      [0m యాత్రను ప్రారంభించారు
SENTENCE 649
Correct          =  30.0%    3   (    10)
Errors           =  70.0%    7   (    10)
REF: మూడు రోజుల పాటు [31mవిశ్రాంతి[0m తీసుకోవాలని వైద్యులు [31mజన్[0m [31mకు[0m [31mసలహా [0m [31mఇచ్చారు   [0m
HYP: మూడు రోజుల పాటు [31mవిషాదం   [0m తీసుకోవాలని వైద్యులు [31m***[0m [31m**[0m [31mచెరకు[0m [31mసహాయించారు[0m
SENTENCE 650
Correct          =  50.0%    5   (    10)
Errors           =  50.0%    5   (    10)
REF: అక్కడి నుంచి రైలు ఉన్నప్పటికీ [31mప్రయాణికుల  [0m [31mరద్దీకి[0m [31mఅనుగుణంగా [0m లేదు
HYP: అక్కడి నుంచి రైలు ఉన్నప్పటికీ [31mప్రయాణీకులకు[0m [31mరద్దీ  [0m [31mఅనుకోకుండా[0m లేదు
SENTENCE 651
Correct          =  62.5%    5   (     8)
Errors           =  37.5%    3   (     8)
REF: [31mమరకతమణి[0m [31mచూశావా  [0m
HYP: [31mమరకతమని[0m [31mచూస్తావా[0m
SENTENCE 652
Correct          =   0.0%    0   (     2)
Errors           = 100.0%    2   (     2)
REF: అవునండి అవునండి
HYP: అవునండి అవునండి
SENTENCE 653
Correct          = 100.0%    2   (     2)
Errors           =   0.0%    0   (     2)
REF: అవును
HYP: అవును
SENTENCE 654
Correct          = 100.0%    1   (     1)
Errors           =   0.0%    0   (     1)
REF: [31mఅలా[0m [31mఏదో  [0m [31mఒకటే  [0m
HYP: [31m***[0m [31mఅలాగే[0m [31mఉంటాయి[0m
SENTENCE 655
Correct          =   0.0%    0   (     3)
Errors           = 100.0%    3   (     3)
REF: అప్పుడు
HYP: అప్పుడు
SENTENCE 656
Correct          = 100.0%    1   (     1)
Errors           =   0.0%    0   (     1)
REF: చెప్పండి
HYP: చెప్పండి
SENTENCE 657
Correct          = 100.0%    1   (     1)
Errors           =   0.0%    0   (     1)
REF: కొన్ని [31m***[0m [31mవదులు  [0m [31mకోవాలి [0m [31mకొన్ని[0m [31mసొంతం [0m చేసుకోవాలి [31mమన   [0m [31mసొంతం[0m
HYP: కొన్ని [31mపది[0m [31mనెలలుగా[0m [31mవాళ్ళకి[0m [31mఅన్ని [0m [31mసంతోషం[0m చేసుకోవాలి [31mవాళ్ళ[0m [31mసొంత [0m
SENTENCE 658
Correct          =  25.0%    2   (     8)
Errors           =  87.5%    7   (     8)
REF: [31mచెప్పనా[0m
HYP: [31mచెప్పడా[0m
SENTENCE 659
Correct          =   0.0%    0   (     1)
Errors           = 100.0%    1   (     1)
REF: అవును
HYP: అవును
SENTENCE 660
Correct          = 100.0%    1   (     1)
Errors           =   0.0%    0   (     1)
REF: అదే అక్కడ వైజాగ్ లో [31mఅదే[0m
HYP: అదే అక్కడ వైజాగ్ లో [31m***[0m
SENTENCE 661
Correct          =  80.0%    4   (     5)
Errors           =  20.0%    1   (     5)
REF: [31m******[0m [31mపక్కవాళ్ళ[0m
HYP: [31mపాకిలో[0m [31mవాళ్ళ    [0m
SENTENCE 662
Correct          =   0.0%    0   (     1)
Errors           = 200.0%    2   (     1)
REF: పవన్ [31mకల్యాణ్[0m అవసరం లేకుండా వచ్చే ఎన్నికలకు చంద్రబాబు [31mఏర్పాట్లు[0m [31mచేసుకుంటున్నట్లు[0m తెలుస్తోంది
HYP: పవన్ [31mకళ్యాణ్[0m అవసరం లేకుండా వచ్చే ఎన్నికలకు చంద్రబాబు [31mఏర్పాటు  [0m [31mచేసుకున్నట్లు   [0m తెలుస్తోంది
SENTENCE 663
Correct          =  70.0%    7   (    10)
Errors           =  30.0%    3   (    10)
REF: [31mఎంత [0m
HYP: [31mఇంకా[0m
SENTENCE 664
Correct          =   0.0%    0   (     1)
Errors           = 100.0%    1   (     1)
REF: ఆ సంఘటన [31mగ్రామంలో[0m [31mఉద్రిక్త  [0m [31mపరిస్థితులకు[0m [31mదారి       [0m [31mతీసింది    [0m
HYP: ఆ సంఘటన [31m********[0m [31mగ్రామాల్లో[0m [31mఉద్రిక్తత   [0m [31mపరిస్థితిని[0m [31mఆదేశించింది[0m
SENTENCE 665
Correct          =  28.6%    2   (     7)
Errors           =  71.4%    5   (     7)
REF: ఇంకా
HYP: ఇంకా
SENTENCE 666
Correct          = 100.0%    1   (     1)
Errors           =   0.0%    0   (     1)
REF: కార్యక్రమంలో [31m************[0m [31mకేంద్ర[0m [31mమంత్రి[0m [31mనిర్మలా[0m [31mసీతారామన్[0m [31mకామినేని   [0m [31mశ్రీనివాస్[0m [31mతదితరులు     [0m పాల్గొన్నారు
HYP: కార్యక్రమంలో [31mకేంద్రమంత్రి[0m [31mనేను  [0m [31mమన    [0m [31mశేషాల  [0m [31mమన       [0m [31mగ్రామస్తులు[0m [31mఅధికారులు [0m [31mతల్లిదండ్రులు[0m పాల్గొన్నారు
SENTENCE 667
Correct          =  22.2%    2   (     9)
Errors           =  88.9%    8   (     9)
REF: అవును
HYP: అవును
SENTENCE 668
Correct          = 100.0%    1   (     1)
Errors           =   0.0%    0   (     1)
REF: [31m**[0m [31mమేము  [0m [31mఇక్కడ[0m [31mనల్గొండ[0m [31mజిల్లా   [0m [31mనుంచి[0m [31mమాట్లాడ్తున్నాం[0m [31mఅండి   [0m [31mమరి  [0m మీరు
HYP: [31mమీ[0m [31mఇంట్లో[0m [31mఎలా  [0m [31mనలుగురు[0m [31mఉండట్లేదు[0m [31mకాని [0m [31mసీమాంధ్ర       [0m [31mపుత్తనం[0m [31mఅనేది[0m మీరు
SENTENCE 669
Correct          =  11.1%    1   (     9)
Errors           = 100.0%    9   (     9)
REF: కానీ [31m****[0m [31mకొంతమంది[0m ఇవ్వడానికి [31mఇష్టపాడారు[0m
HYP: కానీ [31mకొంత[0m [31mమంది    [0m ఇవ్వడానికి [31mఇష్టపడరు  [0m
SENTENCE 670
Correct          =  50.0%    2   (     4)
Errors           =  75.0%    3   (     4)
REF: అవునా
HYP: అవునా
SENTENCE 671
Correct          = 100.0%    1   (     1)
Errors           =   0.0%    0   (     1)
REF: అదే
HYP: అదే
SENTENCE 672
Correct          = 100.0%    1   (     1)
Errors           =   0.0%    0   (     1)
REF: కానీ ఆ తర్వాత [31m*****[0m [31mఅందరూ      [0m [31mసభియంగా[0m చేసుకోవాలని [31mకోప్పడ్డారు[0m
HYP: కానీ ఆ తర్వాత [31mఅందరం[0m [31mస్థాపించినా[0m [31mవినాయక [0m చేసుకోవాలని [31mపండ్లాదు   [0m
SENTENCE 673
Correct          =  57.1%    4   (     7)
Errors           =  57.1%    4   (     7)
REF: ఇంకా
HYP: ఇంకా
SENTENCE 674
Correct          = 100.0%    1   (     1)
Errors           =   0.0%    0   (     1)
REF: [31m*[0m నిరుద్యోగ సమస్య కూడా [31mతీరిపోతుంది  [0m
HYP: [31mఈ[0m నిరుద్యోగ సమస్య కూడా [31mతిరిగిపోతుంది[0m
SENTENCE 675
Correct          =  75.0%    3   (     4)
Errors           =  50.0%    2   (     4)
REF: నేను
HYP: నేను
SENTENCE 676
Correct          = 100.0%    1   (     1)
Errors           =   0.0%    0   (     1)
REF: ఇప్పుడు నీకు
HYP: ఇప్పుడు నీకు
SENTENCE 677
Correct          = 100.0%    2   (     2)
Errors           =   0.0%    0   (     2)
REF: అది
HYP: అది
SENTENCE 678
Correct          = 100.0%    1   (     1)
Errors           =   0.0%    0   (     1)
REF: ఈ సంఘటన మంగళవారం [31m******[0m [31mపశ్చిమగోదావరి[0m జిల్లా పాలకోడేరు మండలం [31m***********[0m [31m*****[0m [31m**********[0m [31mగొరగనమూడిలో[0m [31mవెలుగుచూసింది [0m
HYP: ఈ సంఘటన మంగళవారం [31mపశ్చిమ[0m [31mగోదావరి      [0m జిల్లా పాలకోడేరు మండలం [31mఘర్ణాగుడిని[0m [31mరెండు[0m [31mగ్రామానికి[0m [31mరోజులా     [0m [31mకిలుస్తుంచింది[0m
SENTENCE 679
Correct          =  66.7%    6   (     9)
Errors           =  77.8%    7   (     9)
REF: మనం వాటిని అర్ధం చేసుకొని [31mభార్యలు[0m కూడా
HYP: మనం వాటిని అర్ధం చేసుకొని [31mభార్య  [0m కూడా
SENTENCE 680
Correct          =  83.3%    5   (     6)
Errors           =  16.7%    1   (     6)
REF: బతుకమ్మ [31mవేడుకలు [0m ఈ కార్యక్రమంలో [31mతెలంగాణ[0m [31mసాయుధ[0m [31mపోరాట[0m [31mయోధురాలు [0m [31mమల్లు        [0m [31mస్వరాజ్యం  [0m [31mముఖ్య     [0m [31mఅతిథిగా   [0m [31mపాల్గొన్నారు[0m
HYP: బతుకమ్మ [31mవేడుకలను[0m ఈ కార్యక్రమంలో [31m*******[0m [31m*****[0m [31mరంగ  [0m [31mప్రవేశంలో[0m [31mచేస్తున్నాయని[0m [31mముఖ్యమంత్రి[0m [31mఅధికారులను[0m [31mప్రభుత్వమే[0m [31mచేశారు      [0m
SENTENCE 681
Correct          =  23.1%    3   (    13)
Errors           =  76.9%   10   (    13)
REF: [31mమీ  [0m [31mద్వారా[0m
HYP: [31mమీది[0m [31mదూరం  [0m
SENTENCE 682
Correct          =   0.0%    0   (     2)
Errors           = 100.0%    2   (     2)
REF: బిజెపి [31mరాష్ట్ర[0m [31mనాయకత్వం    [0m [31mకూడ    [0m ఇటీవల కాలంలో [31mఅధికార  [0m [31mటిఆర్ఎస్[0m [31mపై           [0m [31mదూకుడును[0m [31mపెంచింది     [0m
HYP: బిజెపి [31m*******[0m [31mరాష్ట్రాన్ని[0m [31mకొత్తగా[0m ఇటీవల కాలంలో [31mఅధికారిక[0m [31mపేరు    [0m [31mస్పందించుకుని[0m [31mపోలీసులు[0m [31mప్రింతించింది[0m
SENTENCE 683
Correct          =  27.3%    3   (    11)
Errors           =  72.7%    8   (    11)
REF: ఇంకా [31m****[0m [31mఅవ్వలేదు[0m
HYP: ఇంకా [31mఎవరు[0m [31mలేరు    [0m
SENTENCE 684
Correct          =  50.0%    1   (     2)
Errors           = 100.0%    2   (     2)
REF: అయితే రాష్ట్ర [31m*****[0m [31mఉన్నతాధికారులు[0m [31mసిద్ధాంతులు[0m పరిశీలన [31mతరువాతే[0m [31mతుది  [0m [31mనిర్ణయం[0m ప్రకటిస్తారని [31mతెలిసింది  [0m
HYP: అయితే రాష్ట్ర [31mఉన్నత[0m [31mఅధికారులు     [0m [31mసిద్దాంతులు[0m పరిశీలన [31mవ్యాపార[0m [31mతీరుని[0m [31mనేను   [0m ప్రకటిస్తారని [31mతెలుస్తోంది[0m
SENTENCE 685
Correct          =  40.0%    4   (    10)
Errors           =  70.0%    7   (    10)
REF: [31mతగ్గించాలి[0m
HYP: [31mపెంచాలి   [0m
SENTENCE 686
Correct          =   0.0%    0   (     1)
Errors           = 100.0%    1   (     1)
REF: [31mచాచా[0m [31mనెహ్రు[0m
HYP: [31mచాలా[0m [31mజరుగు [0m
SENTENCE 687
Correct          =   0.0%    0   (     2)
Errors           = 100.0%    2   (     2)
REF: [31mగొబ్బెమ్మలు[0m [31mఏస్తారు   [0m [31mపండుగా[0m [31mచాల[0m [31mసందడిగా[0m [31mసంతోషంగా[0m [31mఒక  [0m [31mమూడు    [0m [31mరోజులు    [0m బాగా [31mచేసుకునే[0m [31mపండుగా  [0m
HYP: [31m***********[0m [31mగొబ్బెల్ని[0m [31mఅయిన  [0m [31mసరే[0m [31mఊప్పండి[0m [31mమీరు    [0m [31mచాలా[0m [31mసంతోషంగా[0m [31mఉపయోగపడుతూ[0m బాగా [31mచేసుకొని[0m [31mప్రాధానం[0m
SENTENCE 688
Correct          =   8.3%    1   (    12)
Errors           =  91.7%   11   (    12)
REF: [31mవు[0m మన [31mదగ్గరగా [0m [31mవున్న [0m [31mవాళ్ళని    [0m
HYP: [31m**[0m మన [31mదగ్గరికి[0m [31mవెళ్ళి[0m [31mఉన్నవాళ్ళని[0m
SENTENCE 689
Correct          =  20.0%    1   (     5)
Errors           =  80.0%    4   (     5)
REF: [31mత్వరగా[0m [31mఅలిసి[0m పోవడం [31m*******[0m [31mచికాకు [0m [31mపడటం [0m జరుగుతుంది
HYP: [31mతర్వాత[0m [31mకలిసి[0m పోవడం [31mపండించే[0m [31mకాకుండా[0m [31mరావడం[0m జరుగుతుంది
SENTENCE 690
Correct          =  33.3%    2   (     6)
Errors           =  83.3%    5   (     6)
REF: [31mకొంతవరకు    [0m
HYP: [31mకొట్టుకోవాలి[0m
SENTENCE 691
Correct          =   0.0%    0   (     1)
Errors           = 100.0%    1   (     1)
REF: ఈ [31mప్రాంతాన్ని[0m పరిశీలించి
HYP: ఈ [31mప్రాధాన్యం [0m పరిశీలించి
SENTENCE 692
Correct          =  66.7%    2   (     3)
Errors           =  33.3%    1   (     3)
REF: [31mవిద్యార్థుల [0m [31mచేతికి[0m పుస్తకాలు [31mఅందేలోపు  [0m [31mమరో       [0m [31mరెండు [0m [31mనెలల [0m సమయం పట్టే అవకాశం ఉంది
HYP: [31mవిద్యార్ధులు[0m [31mచేటికి[0m పుస్తకాలు [31mఅన్నింటినీ[0m [31mఒప్పుకున్న[0m [31mరోడ్డు[0m [31mనెలలు[0m సమయం పట్టే అవకాశం ఉంది
SENTENCE 693
Correct          =  45.5%    5   (    11)
Errors           =  54.5%    6   (    11)
REF: అంటే
HYP: అంటే
SENTENCE 694
Correct          = 100.0%    1   (     1)
Errors           =   0.0%    0   (     1)
REF: పర్వాలేదు
HYP: పర్వాలేదు
SENTENCE 695
Correct          = 100.0%    1   (     1)
Errors           =   0.0%    0   (     1)
REF: రంజాన్ [31mబోనాల[0m నేపథ్యంలో [31mసమ్మెను[0m [31mవిరమించి [0m విధుల్లో చేరాలన్నారు
HYP: రంజాన్ [31mభోనాల[0m నేపథ్యంలో [31mసమ్మె  [0m [31mవిలిమించి[0m విధుల్లో చేరాలన్నారు
SENTENCE 696
Correct          =  57.1%    4   (     7)
Errors           =  42.9%    3   (     7)
REF: ఆహా
HYP: ఆహా
SENTENCE 697
Correct          = 100.0%    1   (     1)
Errors           =   0.0%    0   (     1)
REF: అంటే
HYP: అంటే
SENTENCE 698
Correct          = 100.0%    1   (     1)
Errors           =   0.0%    0   (     1)
REF: [31m*******[0m [31m*****[0m [31mఇరవై [0m [31mలక్షలు   [0m [31mతీసుకువచ్చిన[0m [31mఇవ్వను    [0m అన్నారు
HYP: [31mగేడియర్[0m [31mలాంట్[0m [31mచోట్ల[0m [31mశుక్రవారం[0m [31mసినిమా      [0m [31mసద్విఎవంతం[0m అన్నారు
SENTENCE 699
Correct          =  20.0%    1   (     5)
Errors           = 120.0%    6   (     5)
REF: ఈ కాలుష్యం అనేది తగ్గి
HYP: ఈ కాలుష్యం అనేది తగ్గి
SENTENCE 700
Correct          = 100.0%    4   (     4)
Errors           =   0.0%    0   (     4)
REF: [31mఅని  [0m నేను అనుకుంటున్నాను [31mఅనికోవడం[0m [31mఏంటి[0m [31mఇది   [0m [31mనిజం[0m
HYP: [31mఅన్ని[0m నేను అనుకుంటున్నాను [31mఅని     [0m [31mకూడా[0m [31mఇంటికి[0m [31mకేశం[0m
SENTENCE 701
Correct          =  28.6%    2   (     7)
Errors           =  71.4%    5   (     7)
REF: ఇదే సమయంలో అక్కడి నుంచి [31mపారిపోయిన[0m [31mఆదినారాయణను[0m [31mవెంటాడి  [0m [31mమరీ     [0m [31mనడి     [0m [31mరోడ్డుపై[0m [31mవేట   [0m [31mకొడవలితో[0m అత్యంత దారుణంగా నరికి చంపాడు
HYP: ఇదే సమయంలో అక్కడి నుంచి [31mపారిపోవాల[0m [31mఅధినారాయణను[0m [31mవెంటాడుకు[0m [31mవెన్నుపై[0m [31mవేరువడమే[0m [31mదొడ్ల   [0m [31mకొద్ది[0m [31mరోజులు  [0m అత్యంత దారుణంగా నరికి చంపాడు
SENTENCE 702
Correct          =  50.0%    8   (    16)
Errors           =  50.0%    8   (    16)
REF: [31mచంద్రబాబు[0m [31mరెండోవిడత  [0m [31mజన్మభూమి[0m [31mముగింపు[0m [31mసభను  [0m [31mసోమవారం[0m [31mజిల్లా     [0m [31mసోమవారం [0m [31mవిశాఖ [0m [31mజిల్లా[0m [31mసబ్బవరం [0m [31mమండలం         [0m [31mఆరిపాక[0m [31mగ్రామంలో[0m [31mనిర్వహించారు[0m
HYP: [31m*********[0m [31mచంద్రబాబుపై[0m [31mరెండు   [0m [31mవేల    [0m [31mజంగాను[0m [31mభూములు [0m [31mమూటపురుసుగా[0m [31mప్రభావిత[0m [31mస్థాపన[0m [31mవంటి  [0m [31mసంవత్సరం[0m [31mపొందుతున్నామని[0m [31mరైతు  [0m [31mక్రమంగా [0m [31mఉంటాయి      [0m
SENTENCE 703
Correct          =   0.0%    0   (    15)
Errors           = 100.0%   15   (    15)
REF: ప్రతిపక్షాలపై [31m****[0m [31mఆయన [0m [31mతిరుగులేని[0m విధంగా [31mపైచేయి[0m [31mసాధించినట్లు[0m [31mకనిపించారు[0m
HYP: ప్రతిపక్షాలపై [31mఆడిన[0m [31mతీరు[0m [31mలేని      [0m విధంగా [31mబయచేసి[0m [31mఆనందం       [0m [31mకలిపించారు[0m
SENTENCE 704
Correct          =  28.6%    2   (     7)
Errors           =  85.7%    6   (     7)
REF: మనం
HYP: మనం
SENTENCE 705
Correct          = 100.0%    1   (     1)
Errors           =   0.0%    0   (     1)
REF: చాలా [31mకష్టం  [0m అది
HYP: చాలా [31mకష్టాలు[0m అది
SENTENCE 706
Correct          =  66.7%    2   (     3)
Errors           =  33.3%    1   (     3)
REF: అక్కడ
HYP: అక్కడ
SENTENCE 707
Correct          = 100.0%    1   (     1)
Errors           =   0.0%    0   (     1)
REF: శుక్రవారం జరిగిన [31mమిలిటరీ [0m [31mకవాతులో[0m [31mఉత్తరకొరియా[0m ఓ [31mఖండాతర[0m [31mబాలిస్టిక్[0m [31mక్షిపణిని[0m [31mప్రదర్శించింది[0m
HYP: శుక్రవారం జరిగిన [31mవిలితిని[0m [31mపవన్   [0m [31mకల్యాణ్    [0m ఓ [31m******[0m [31mకంట్రాంత  [0m [31mబాధ్యత   [0m [31mక్షీణించింది  [0m
SENTENCE 708
Correct          =  30.0%    3   (    10)
Errors           =  70.0%    7   (    10)
REF: సరే
HYP: సరే
SENTENCE 709
Correct          = 100.0%    1   (     1)
Errors           =   0.0%    0   (     1)
REF: నినాదాలతో తరలి వచ్చిన [31mనిరుద్యోగ [0m [31mజెఎసి[0m నేతలను పోలీసులు అదుపులోకి [31mతీసుకున్నారు[0m
HYP: నినాదాలతో తరలి వచ్చిన [31mనిరుద్యోగా[0m [31mదేశీయ[0m నేతలను పోలీసులు అదుపులోకి [31mతీసుకొన్నారు[0m
SENTENCE 710
Correct          =  66.7%    6   (     9)
Errors           =  33.3%    3   (     9)
REF: అలాగా తిరుగుతాము
HYP: అలాగా తిరుగుతాము
SENTENCE 711
Correct          = 100.0%    2   (     2)
Errors           =   0.0%    0   (     2)
REF: [31mఅనిల్[0m
HYP: [31mఅని  [0m
SENTENCE 712
Correct          =   0.0%    0   (     1)
Errors           = 100.0%    1   (     1)
REF: అలాంటి ఒక [31mఅమ్మాయిని[0m తన తల్లిదండ్రులు ఎలా [31m***************[0m [31m******[0m [31m*****[0m [31m*********[0m [31mచూసుకుంటారు[0m [31mఎంత   [0m [31mప్రేమగా[0m [31mచూసుకుంటారు[0m [31mతన    [0m [31mతోబుట్టువులు[0m ఎంత [31m*******[0m [31mప్రేమగా[0m చూసుకుంటారు
HYP: అలాంటి ఒక [31mఅమ్మాయి  [0m తన తల్లిదండ్రులు ఎలా [31mచూసుకుంటున్నారు[0m [31mఇద్దరు[0m [31mప్రేమ[0m [31mచేస్తుంటే[0m [31mతప్పు      [0m [31mకుటుంబ[0m [31mయబ్బం  [0m [31mగురించి    [0m [31mకొన్ని[0m [31mకొన్ని      [0m ఎంత [31mపెరిగిన[0m [31mవాళ్ళు [0m చూసుకుంటారు
SENTENCE 713
Correct          =  46.7%    7   (    15)
Errors           =  86.7%   13   (    15)
REF: చాలా బాగా చేస్తాను
HYP: చాలా బాగా చేస్తాను
SENTENCE 714
Correct          = 100.0%    3   (     3)
Errors           =   0.0%    0   (     3)
REF: [31mరాజకీయా[0m నాయకుల్లో ఇప్పుడు [31mఎల్లరు [0m కాబట్టి కొంతమంది
HYP: [31mరాజకీయ [0m నాయకుల్లో ఇప్పుడు [31mఎళ్ళాలు[0m కాబట్టి కొంతమంది
SENTENCE 715
Correct          =  66.7%    4   (     6)
Errors           =  33.3%    2   (     6)
REF: అంటే
HYP: అంటే
SENTENCE 716
Correct          = 100.0%    1   (     1)
Errors           =   0.0%    0   (     1)
REF: అలాగే
HYP: అలాగే
SENTENCE 717
Correct          = 100.0%    1   (     1)
Errors           =   0.0%    0   (     1)
REF: [31mనిత్యావసర [0m [31mవస్తువుల[0m [31mధరలు  [0m [31mరోజురోజుకు[0m పెరుగుతున్నాయని వాటిని తగ్గించే చర్యలు చేపట్టాలన్నారు
HYP: [31mవిద్యావక్ష[0m [31mప్రస్తుత[0m [31mలోకేష్[0m [31mవద్దకు    [0m పెరుగుతున్నాయని వాటిని తగ్గించే చర్యలు చేపట్టాలన్నారు
SENTENCE 718
Correct          =  55.6%    5   (     9)
Errors           =  44.4%    4   (     9)
REF: [31mలాభాలు[0m సంపాదించి ఆ [31mలాభాలన్నీ[0m మీకే
HYP: [31mశాల్వా[0m సంపాదించి ఆ [31mఅమ్మాయికి[0m మీకే
SENTENCE 719
Correct          =  60.0%    3   (     5)
Errors           =  40.0%    2   (     5)
REF: దీనిపై [31m*********[0m [31mశనివారం[0m [31mమధ్యాహ్నాం[0m [31mఅఖిలపక్ష [0m [31mసమావేశం[0m ఏర్పాటు [31mచేసింది[0m ప్రభుత్వం
HYP: దీనిపై [31mచంద్రబాబు[0m [31mమధ్య   [0m [31mమాత్రం    [0m [31mఅఖిలపక్షం[0m [31mవాణిదా [0m ఏర్పాటు [31mచేసిన  [0m ప్రభుత్వం
SENTENCE 720
Correct          =  37.5%    3   (     8)
Errors           =  75.0%    6   (     8)
REF: నాణ్యమైన వస్తువులు వాడి
HYP: నాణ్యమైన వస్తువులు వాడి
SENTENCE 721
Correct          = 100.0%    3   (     3)
Errors           =   0.0%    0   (     3)
REF: నా
HYP: నా
SENTENCE 722
Correct          = 100.0%    1   (     1)
Errors           =   0.0%    0   (     1)
REF: [31m*******[0m [31mమా   [0m [31mకాలంలో[0m [31mపూల         [0m [31mపుడక[0m [31mవచ్చేస్తూ[0m [31mవొచ్చేవాళ్లం[0m
HYP: [31mమనకన్నా[0m [31mపూర్వ[0m [31mకూడా  [0m [31mవచ్చేస్తున్న[0m [31mఓ   [0m [31mచిరంజీవి [0m [31mవాలం        [0m
SENTENCE 723
Correct          =   0.0%    0   (     6)
Errors           = 116.7%    7   (     6)
REF: [31mఅన్న [0m
HYP: [31mఅవునా[0m
SENTENCE 724
Correct          =   0.0%    0   (     1)
Errors           = 100.0%    1   (     1)
REF: [31mపూర్వము[0m ఎలా ఉండేది అంటే
HYP: [31mపూర్వం [0m ఎలా ఉండేది అంటే
SENTENCE 725
Correct          =  75.0%    3   (     4)
Errors           =  25.0%    1   (     4)
REF: అవును
HYP: అవును
SENTENCE 726
Correct          = 100.0%    1   (     1)
Errors           =   0.0%    0   (     1)
REF: [31mఎందుకంటే[0m ఎక్కడో [31mఉన్న[0m [31mఉద్దనం [0m గురించి మన [31mరాజకీయ[0m [31mనాయుకులు[0m [31mకి         [0m తెలుసు
HYP: [31mఎందుకంటె[0m ఎక్కడో [31mఒక  [0m [31mఉత్తరాం[0m గురించి మన [31m******[0m [31m********[0m [31mరాజకీయాన్ని[0m తెలుసు
SENTENCE 727
Correct          =  40.0%    4   (    10)
Errors           =  60.0%    6   (    10)
REF: [31mచిన్ని[0m [31mచిన్ని[0m [31mసంఘటనలకి [0m
HYP: [31mచిన్న [0m [31mచిన్న [0m [31mసంఘటనలోనే[0m
SENTENCE 728
Correct          =   0.0%    0   (     3)
Errors           = 100.0%    3   (     3)
REF: రెండు [31mబాలిస్టిక్[0m [31mక్షి        [0m [31mపనులు  [0m [31mక్షిపణుల [0m ప్రయోగం [31mవిఫలం[0m [31mఅయ్యిందని [0m [31mదక్షిణ [0m [31mకొరియా   [0m అధికారులు తెలిపారు
HYP: రెండు [31m**********[0m [31mభాసిక్యాఖ్యల[0m [31mపన్నులు[0m [31mకిష్బన్లు[0m ప్రయోగం [31m*****[0m [31mవిఫలమయ్యిన[0m [31mలక్ష్యం[0m [31mకోటీశ్వన్[0m అధికారులు తెలిపారు
SENTENCE 729
Correct          =  33.3%    4   (    12)
Errors           =  66.7%    8   (    12)
REF: [31mఅందులో[0m ఎలాంటి [31m*****[0m [31m*****[0m [31mనిజాలు[0m [31mనిగ్గు[0m [31mతేల్చనున్న[0m [31mఉత్కంఠ  [0m ప్రస్తుతం [31mసర్వతా[0m నెలకొంది
HYP: [31mఅందుకే[0m ఎలాంటి [31mదేశాల[0m [31mనుండి[0m [31mగోల్  [0m [31mతేజ   [0m [31mఉన్న      [0m [31mఉత్తంధ్ర[0m ప్రస్తుతం [31mసరఫరా [0m నెలకొంది
SENTENCE 730
Correct          =  33.3%    3   (     9)
Errors           =  88.9%    8   (     9)
REF: [31mమనం[0m తీవ్రమైన ఆర్థిక [31mచిక్కుల్లో[0m [31mఉన్నామని[0m [31mఆయన [0m దేశ [31m******[0m [31mప్రజలనుద్దేశించి[0m అన్నారు
HYP: [31mమన [0m తీవ్రమైన ఆర్థిక [31mశక్తిలో   [0m [31mఉన్న    [0m [31mమహిళ[0m దేశ [31mప్రజలు[0m [31mదేశించి         [0m అన్నారు
SENTENCE 731
Correct          =  44.4%    4   (     9)
Errors           =  66.7%    6   (     9)
REF: [31mమేము[0m పెట్టుకుంటే మాకు [31mనేరం   [0m
HYP: [31mమీ  [0m పెట్టుకుంటే మాకు [31mన్యాయరం[0m
SENTENCE 732
Correct          =  50.0%    2   (     4)
Errors           =  50.0%    2   (     4)
REF: [31m***[0m [31mఅమరావతి[0m [31mశంకుస్థాపన [0m సమయానికి [31mవిస్తరణను[0m పూర్తి చేయాలని ప్రభుత్వం ఆదేశించింది
HYP: [31mఆమె[0m [31mఆ      [0m [31mదిశగుస్తాపన[0m సమయానికి [31mవిస్తరణ  [0m పూర్తి చేయాలని ప్రభుత్వం ఆదేశించింది
SENTENCE 733
Correct          =  62.5%    5   (     8)
Errors           =  50.0%    4   (     8)
REF: [31mపర్యాటక [0m [31mరంగం     [0m [31mఅభివృద్ధి[0m [31mచెందే[0m అవకాశం [31mఉన్న [0m [31mనేపథ్యంలో[0m [31mదానికీ   [0m [31mఏర్పాట్లు[0m చేయాలని సూచించారు
HYP: [31mపారిటైనా[0m [31mఅభివృద్ధి[0m [31mచెంది    [0m [31mఆ    [0m అవకాశం [31mఉందని[0m [31mమంత్రి   [0m [31mనిమ్మకాయల[0m [31mఏర్పాటు  [0m చేయాలని సూచించారు
SENTENCE 734
Correct          =  27.3%    3   (    11)
Errors           =  72.7%    8   (    11)
REF: [31mఅట్లాంటిది[0m కూడా [31mచూసుకోటం[0m [31mఅని        [0m చెప్పి కూడా చాలా [31mమంచిది [0m [31mఅని   [0m [31mచెప్పి[0m [31mనేనుకూడా[0m భావిస్తున్నాను
HYP: [31mఅట్లాంటివి[0m కూడా [31m********[0m [31mచూసుకోవడమని[0m చెప్పి కూడా చాలా [31mమంచిదని[0m [31mచెప్పి[0m [31mనేను  [0m [31mకూడా    [0m భావిస్తున్నాను
SENTENCE 735
Correct          =  41.7%    5   (    12)
Errors           =  58.3%    7   (    12)
REF: [31mఅది[0m [31mమనకి[0m ఏ విధంగా అంటే
HYP: [31mఅదే[0m [31mమనకు[0m ఏ విధంగా అంటే
SENTENCE 736
Correct          =  60.0%    3   (     5)
Errors           =  40.0%    2   (     5)
REF: ఎప్పుడైతే వాళ్ళు
HYP: ఎప్పుడైతే వాళ్ళు
SENTENCE 737
Correct          = 100.0%    2   (     2)
Errors           =   0.0%    0   (     2)
REF: [31m*****[0m [31m******[0m [31mకోడలా  [0m [31mకోడలా       [0m [31mకొడుకు[0m [31mపెళ్ళామ [0m [31mచూస్సెదాన్ని[0m
HYP: [31mకోళ్ళ[0m [31mకొల్లు[0m [31mకాకినాడ[0m [31mకొనుక్కున్నా[0m [31mమా    [0m [31mచుస్తారు[0m [31mగదా         [0m
SENTENCE 738
Correct          =   0.0%    0   (     5)
Errors           = 140.0%    7   (     5)
REF: మొక్కలు [31mనాటడం[0m వల్ల చాలా వరకు
HYP: మొక్కలు [31mనాటటం[0m వల్ల చాలా వరకు
SENTENCE 739
Correct          =  80.0%    4   (     5)
Errors           =  20.0%    1   (     5)
REF: [31mగాల్లో[0m [31mకలిసిపోతుంది   [0m
HYP: [31mదాలుగా[0m [31mఇష్టపడుతున్నాయి[0m
SENTENCE 740
Correct          =   0.0%    0   (     2)
Errors           = 100.0%    2   (     2)
REF: కాగా [31mచెన్నై[0m [31mసూపర్[0m [31mకింగ్స్  [0m [31mజట్టు   [0m [31mకెప్టెన్    [0m [31mఅయిన[0m [31mమహేంద్ర [0m [31mసింగ్       [0m [31mధోనీ[0m [31mఆస్ట్రేలియా[0m [31mనుండి[0m తిరిగి వచ్చాక [31m*******[0m [31mతన   [0m [31mకూతురు  [0m [31mజీవాతో[0m ఎక్కువగా [31mగడుపుతున్నాడు [0m
HYP: కాగా [31m******[0m [31m*****[0m [31mచిన్ననేదు[0m [31mబోర్లీకి[0m [31mచెప్తున్నాయి[0m [31mఆయన [0m [31mమహేశ్వరం[0m [31mకేటాయించాలని[0m [31mఅసలు[0m [31mఇలా        [0m [31mరెండు[0m తిరిగి వచ్చాక [31mఅనుకుని[0m [31mవర్గం[0m [31mకుమార్తె[0m [31mఇవ్వడం[0m ఎక్కువగా [31mకలుగుతామన్నాడు[0m
SENTENCE 741
Correct          =  21.1%    4   (    19)
Errors           =  84.2%   16   (    19)
REF: [31mనేర్చేసుకున్నావు[0m మొత్తానికి మొత్తం [31mవచ్చిందా  [0m
HYP: [31mనేర్చుకున్నాను  [0m మొత్తానికి మొత్తం [31mవచ్చిందన్న[0m
SENTENCE 742
Correct          =  50.0%    2   (     4)
Errors           =  50.0%    2   (     4)
REF: వచ్చు
HYP: వచ్చు
SENTENCE 743
Correct          = 100.0%    1   (     1)
Errors           =   0.0%    0   (     1)
REF: [31mశిల్పారామంలో[0m [31mవివిధ   [0m [31mజిల్లాల [0m [31mనుంచి       [0m వచ్చిన [31mజానపదకళాకారులు[0m [31mమైమ్  [0m [31mలంబాడా[0m [31mగిరిజన      [0m [31mనృత్యాలతో    [0m [31mకళారూపాల[0m [31mప్రదర్శనలను[0m ఏర్పాటు చేశారు
HYP: [31m************[0m [31mసిరిపాలం[0m [31mవిడివిడి[0m [31mజలాలన్నిచ్చి[0m వచ్చిన [31mజనరల్         [0m [31mఅల్లను[0m [31mమహిళ  [0m [31mబంగాళాఖాతంలో[0m [31mఅగ్నిప్రమాదాల[0m [31mపలు     [0m [31mప్రదర్శనలు [0m ఏర్పాటు చేశారు
SENTENCE 744
Correct          =  21.4%    3   (    14)
Errors           =  78.6%   11   (    14)
REF: అవును
HYP: అవును
SENTENCE 745
Correct          = 100.0%    1   (     1)
Errors           =   0.0%    0   (     1)
REF: [31mఊపిరి[0m [31mతిత్తులకు[0m [31mకూడ    [0m [31mసమస్య   [0m వచ్చిందని వైద్యులు గుర్తించారు
HYP: [31m*****[0m [31m*********[0m [31mగుభ్రజ్[0m [31mధ్రోకాస్[0m వచ్చిందని వైద్యులు గుర్తించారు
SENTENCE 746
Correct          =  42.9%    3   (     7)
Errors           =  57.1%    4   (     7)
REF: [31mతెలంగాణ  [0m తెలంగాణ రాష్ట్రంలో తాను [31m********[0m [31mచేయదలుచుకున్న[0m [31mవిషయాలను[0m [31mకెసిఆర్[0m [31mవివరించారు [0m
HYP: [31mతెలంగాణలో[0m తెలంగాణ రాష్ట్రంలో తాను [31mచేయిస్తే[0m [31mచర్యలు       [0m [31mచూసిన   [0m [31mవిషయం  [0m [31mవిహాంించారు[0m
SENTENCE 747
Correct          =  37.5%    3   (     8)
Errors           =  75.0%    6   (     8)
REF: అవునా
HYP: అవునా
SENTENCE 748
Correct          = 100.0%    1   (     1)
Errors           =   0.0%    0   (     1)
REF: అని అంటుంది
HYP: అని అంటుంది
SENTENCE 749
Correct          = 100.0%    2   (     2)
Errors           =   0.0%    0   (     2)
REF: అదే
HYP: అదే
SENTENCE 750
Correct          = 100.0%    1   (     1)
Errors           =   0.0%    0   (     1)
REF: [31m****[0m [31mసోదర       [0m [31mసోదరీమణుల[0m మధ్య [31m******[0m [31m********[0m [31mశాశ్వతమైన[0m [31mబంధాన్ని[0m [31mప్రేమను    [0m [31mనమ్మకాన్ని[0m [31mపెంపొందించేదే[0m [31mరాఖీ     [0m [31mపండుగని[0m పేర్కొన్నారు
HYP: [31mసోది[0m [31mసూర్యనారాయణ[0m [31mదగ్గరకు  [0m మధ్య [31mఆసక్తి[0m [31mసంబంధమైన[0m [31mమండలాని  [0m [31mఈ       [0m [31mప్రమాదాన్ని[0m [31mభూములు    [0m [31mతొంచేలా      [0m [31mఅభిప్రాయం[0m [31mఉండదని [0m పేర్కొన్నారు
SENTENCE 751
Correct          =  18.2%    2   (    11)
Errors           = 109.1%   12   (    11)
REF: మూడు రోజుల క్రితం ఆమె [31mదరఖాస్తు  [0m చేసుకున్నట్లుగా వార్తలు వస్తున్నాయి
HYP: మూడు రోజుల క్రితం ఆమె [31mదరఖాస్తులు[0m చేసుకున్నట్లుగా వార్తలు వస్తున్నాయి
SENTENCE 752
Correct          =  87.5%    7   (     8)
Errors           =  12.5%    1   (     8)
REF: [31mపెరిగినా[0m పెద్ద పెద్ద [31mచెట్లు[0m [31mనరికేస్తున్నారు [0m [31mఅదొక్కటే[0m [31mబాధగా[0m [31mఉంది [0m
HYP: [31mపెరిగిన [0m పెద్ద పెద్ద [31mసిట్ని[0m [31mనేర్పిస్తున్నారు[0m [31mఅదొకటి  [0m [31mబాల్య[0m [31mవద్దు[0m
SENTENCE 753
Correct          =  25.0%    2   (     8)
Errors           =  75.0%    6   (     8)
REF: తెలంగాణలో [31mఆంధ్రా[0m [31mపెత్తనం   [0m [31mసాగదని   [0m [31mహరీశ్   [0m [31mరావు[0m [31mఅన్నారు          [0m
HYP: తెలంగాణలో [31m******[0m [31mఆదిపెత్తనం[0m [31mసాగుతున్న[0m [31mసాంద్ధమే[0m [31mఅని [0m [31mవెల్లడించామన్నారు[0m
SENTENCE 754
Correct          =  14.3%    1   (     7)
Errors           =  85.7%    6   (     7)
REF: ఎలా [31mఉన్నావ్[0m
HYP: ఎలా [31mమనం    [0m
SENTENCE 755
Correct          =  50.0%    1   (     2)
Errors           =  50.0%    1   (     2)
REF: అవును
HYP: అవును
SENTENCE 756
Correct          = 100.0%    1   (     1)
Errors           =   0.0%    0   (     1)
REF: మనకి కావాలంటే
HYP: మనకి కావాలంటే
SENTENCE 757
Correct          = 100.0%    2   (     2)
Errors           =   0.0%    0   (     2)
REF: స్నేహం కోసం [31m**[0m [31mకుటుంబ     [0m విలువల కోసం ఉంటుంది
HYP: స్నేహం కోసం [31mఒక[0m [31mకొట్టుకున్న[0m విలువల కోసం ఉంటుంది
SENTENCE 758
Correct          =  83.3%    5   (     6)
Errors           =  33.3%    2   (     6)
REF: అవును [31mనిజమే [0m కలిసి [31mమాట్లాడలేము[0m కదా
HYP: అవును [31mనిజంగా[0m కలిసి [31mమాట్లాడలేం [0m కదా
SENTENCE 759
Correct          =  60.0%    3   (     5)
Errors           =  40.0%    2   (     5)
REF: ఉంటుంది
HYP: ఉంటుంది
SENTENCE 760
Correct          = 100.0%    1   (     1)
Errors           =   0.0%    0   (     1)
REF: కానీ వారి రాజకీయ [31mప్రయోజనాలకు[0m అనుగుణంగా [31m************[0m [31mఉరితీయాలని[0m [31mప్రతీకారం[0m [31mతీర్చుకోవాలే[0m
HYP: కానీ వారి రాజకీయ [31mపరిణామాలకు [0m అనుగుణంగా [31mగుర్తించాలని[0m [31mఇప్పటికీ  [0m [31mకారం     [0m [31mతీర్చుకోవాలి[0m
SENTENCE 761
Correct          =  50.0%    4   (     8)
Errors           =  62.5%    5   (     8)
REF: అవసరమైతే [31m*****[0m [31mఏ      [0m [31mఅధికారినైనా[0m [31mకార్యదర్శినైనా[0m [31mకమిటీ  [0m సమావేశానికి [31mఆహ్వానించే[0m అవకాశం కల్పిస్తున్నారు
HYP: అవసరమైతే [31mఏడాది[0m [31mకారణంగా[0m [31mకార్యదర్శి [0m [31mనుండి         [0m [31mకబ్డెటి[0m సమావేశానికి [31mహామీనిచ్చే[0m అవకాశం కల్పిస్తున్నారు
SENTENCE 762
Correct          =  44.4%    4   (     9)
Errors           =  66.7%    6   (     9)
REF: [31m****[0m ఏ
HYP: [31mఇంకా[0m ఏ
SENTENCE 763
Correct          = 100.0%    1   (     1)
Errors           = 100.0%    1   (     1)
REF: కానీ [31mనాది[0m నేను [31mఇంగో [0m
HYP: కానీ [31mనేను[0m నేను [31mముందు[0m
SENTENCE 764
Correct          =  50.0%    2   (     4)
Errors           =  50.0%    2   (     4)
REF: [31m******[0m [31m*****[0m [31m*******[0m [31mపార్వతీపురం[0m [31mపూసపాటిరేగ[0m [31mగరివిడి[0m [31mగుమ్మలక్ష్మీపురం[0m [31mకొమరాడ[0m [31mకురుపాం[0m [31mమండల[0m [31mకేంద్రాల్లోనూ   [0m నిరసన కార్యక్రమాలు జరిగాయి
HYP: [31mభారతీయ[0m [31mపరంగా[0m [31mసోమవారం[0m [31mపూజ        [0m [31mపట్టతి    [0m [31mదేవిని [0m [31mదర్యాప్తు       [0m [31mకుమారే[0m [31mకృపామం [0m [31mగడ  [0m [31mక్రీడాకారియాణంలో[0m నిరసన కార్యక్రమాలు జరిగాయి
SENTENCE 765
Correct          =  27.3%    3   (    11)
Errors           = 100.0%   11   (    11)
REF: కీలక పాత్ర [31mపోషించారని[0m అధికారులు గుర్తించారని తెలుస్తోంది
HYP: కీలక పాత్ర [31mపోషించాలనే[0m అధికారులు గుర్తించారని తెలుస్తోంది
SENTENCE 766
Correct          =  83.3%    5   (     6)
Errors           =  16.7%    1   (     6)
REF: [31mఅన్నీ[0m మార్చుకొని
HYP: [31mఅన్ని[0m మార్చుకొని
SENTENCE 767
Correct          =  50.0%    1   (     2)
Errors           =  50.0%    1   (     2)
REF: చాలా బాగా [31mచెప్పుతున్నారా[0m
HYP: చాలా బాగా [31mజరుగుతున్నారా [0m
SENTENCE 768
Correct          =  66.7%    2   (     3)
Errors           =  33.3%    1   (     3)
REF: [31mఇంకేమైనా[0m కొత్త విషయాలు చెప్పు
HYP: [31mఎక్కడైనా[0m కొత్త విషయాలు చెప్పు
SENTENCE 769
Correct          =  75.0%    3   (     4)
Errors           =  25.0%    1   (     4)
REF: చాలా బాగా
HYP: చాలా బాగా
SENTENCE 770
Correct          = 100.0%    2   (     2)
Errors           =   0.0%    0   (     2)
REF: ఆమెపై [31mతొలుత  [0m [31mఅత్యాచారం[0m చేసి ఆ తర్వాత ఆమెను హత్య చేశారని భావిస్తున్నారు
HYP: ఆమెపై [31mఇతరులతో[0m [31mఅఖ్యవసాయం[0m చేసి ఆ తర్వాత ఆమెను హత్య చేశారని భావిస్తున్నారు
SENTENCE 771
Correct          =  80.0%    8   (    10)
Errors           =  20.0%    2   (    10)
REF: చాలా చోట్ల చమురు కేంద్రాలను [31mఉగ్రవాదుల[0m [31mఆధీనం   [0m నుంచి [31m****[0m [31mసైన్యం[0m [31mలాగేసుకుంది[0m
HYP: చాలా చోట్ల చమురు కేంద్రాలను [31mగ్రవాదులు[0m [31mఅధినంతుల[0m నుంచి [31mసైతం[0m [31mఇలా   [0m [31mవేసుకుంది  [0m
SENTENCE 772
Correct          =  55.6%    5   (     9)
Errors           =  55.6%    5   (     9)
REF: సరే [31m****[0m [31mఇంకేంటి[0m మిత్రమా
HYP: సరే [31mఇంకా[0m [31mఏంటి   [0m మిత్రమా
SENTENCE 773
Correct          =  66.7%    2   (     3)
Errors           =  66.7%    2   (     3)
REF: అమరావతి [31mరాజధాని[0m [31mనిర్మాణంతో[0m [31mప్రపంచ   [0m [31mవాణిజ్య   [0m [31mపాటంలో          [0m
HYP: అమరావతి [31m*******[0m [31m**********[0m [31mరాజధానిని[0m [31mనిర్మాణంలో[0m [31mప్రపంచవ్యాపారంలో[0m
SENTENCE 774
Correct          =  16.7%    1   (     6)
Errors           =  83.3%    5   (     6)
REF: నగరంలోని [31mగగన్[0m [31mవిహార్    [0m [31mలో   [0m [31mఘటన       [0m చోటు చేసుకుంది
HYP: నగరంలోని [31m****[0m [31mగ్రామాల్లో[0m [31mఘనంగా[0m [31mబతుకర్జులు[0m చోటు చేసుకుంది
SENTENCE 775
Correct          =  42.9%    3   (     7)
Errors           =  57.1%    4   (     7)
REF: ఈ [31mప్రభావంతో[0m దక్షిణ [31m********[0m [31mకోస్తాలోనూ[0m కొన్ని [31mచోట్ల[0m [31mవర్షాలు[0m [31mఒకటి   [0m [31mరెండు   [0m [31mచోట్ల[0m [31mభారీ    [0m [31mవర్షాలు[0m [31mకురిసే[0m [31mఅవకాశాలున్నాయని[0m వివరించారు
HYP: ఈ [31mప్రమాదంలో[0m దక్షిణ [31mకోస్తాలో[0m [31mరెండు     [0m కొన్ని [31mచొరవ [0m [31mమహిళలు [0m [31mనిలుమలు[0m [31mచట్టబద్ద[0m [31mమార్గ[0m [31mవిమర్శలు[0m [31mకురిసే [0m [31mఅవకాశం[0m [31mఉన్నారని       [0m వివరించారు
SENTENCE 776
Correct          =  26.7%    4   (    15)
Errors           =  80.0%   12   (    15)
REF: అలాగా [31mఆహ[0m
HYP: అలాగా [31m**[0m
SENTENCE 777
Correct          =  50.0%    1   (     2)
Errors           =  50.0%    1   (     2)
REF: అత్యాచారాలు [31mహత్యలు[0m [31mసజీవ        [0m [31mదహనాలు  [0m [31mసాంఘిక [0m [31mబహిష్కరణలు [0m [31mపెరిగి  [0m పోయాయని ఆందోళన వ్యక్తం చేశారు
HYP: అత్యాచారాలు [31m******[0m [31mఅత్యుత్సవాలు[0m [31mదావుణాలు[0m [31mస్థానిక[0m [31mబరిష్కారంలో[0m [31mపేర్కొని[0m పోయాయని ఆందోళన వ్యక్తం చేశారు
SENTENCE 778
Correct          =  45.5%    5   (    11)
Errors           =  54.5%    6   (    11)
REF: కానీ ఎక్కడైనా సరే [31mకొంచెం[0m
HYP: కానీ ఎక్కడైనా సరే [31mకొంచం [0m
SENTENCE 779
Correct          =  75.0%    3   (     4)
Errors           =  25.0%    1   (     4)
REF: మరో అంశంపై కూడా వైయస్ జగన్మోహన్ రెడ్డిని ఆయన [31m*[0m [31m******[0m [31mఇరకాటంలో[0m [31mపెట్టినట్లే[0m
HYP: మరో అంశంపై కూడా వైయస్ జగన్మోహన్ రెడ్డిని ఆయన [31mఈ[0m [31mకఠాంతో[0m [31mపేట     [0m [31mనచ్చడు     [0m
SENTENCE 780
Correct          =  77.8%    7   (     9)
Errors           =  44.4%    4   (     9)
REF: అయితే కిరణ్ [31mకొత్త [0m [31mపార్టీ[0m పెడతారనే ప్రచారాన్ని ఆయన వర్గం [31mకొట్టి[0m [31mపారేస్తోంది      [0m
HYP: అయితే కిరణ్ [31mకుమార్[0m [31mపట్టు [0m పెడతారనే ప్రచారాన్ని ఆయన వర్గం [31m******[0m [31mకుట్రిపాలెస్తోంది[0m
SENTENCE 781
Correct          =  60.0%    6   (    10)
Errors           =  40.0%    4   (    10)
REF: అలాగే అందరికి [31mఉంటే[0m బాగుంటుంది
HYP: అలాగే అందరికి [31mఉంటె[0m బాగుంటుంది
SENTENCE 782
Correct          =  75.0%    3   (     4)
Errors           =  25.0%    1   (     4)
REF: [31mఉద్యోగులు[0m [31mలై            [0m ఉంటారు వారి [31mద్యారా[0m అనేక [31mరహస్యాలను [0m [31mవారికి[0m [31mసంబందించిన[0m [31mఆదారాలను[0m [31mసేకరిస్తారు[0m
HYP: [31m*********[0m [31mఉద్యోగ్యత్తులో[0m ఉంటారు వారి [31mద్వారా[0m అనేక [31mరాజ్యాన్ని[0m [31mవారికీ[0m [31mసంబంధించి [0m [31mఆదరాశంగా[0m [31mచేస్తారు   [0m
SENTENCE 783
Correct          =  27.3%    3   (    11)
Errors           =  72.7%    8   (    11)
REF: [31mనైరుతి[0m [31mఅరేబియాలో[0m [31mఏర్పడిన[0m [31mఅల్పపీడన[0m [31mద్రోణి   [0m [31mస్థిరంగా       [0m [31mకొనసాగుతుందని   [0m [31mభారత [0m వాతావరణ శాఖ పేర్కొంది
HYP: [31mనాలుగు[0m [31mసేరీ     [0m [31mవ్యూహాల[0m [31mఏర్పడిన [0m [31mఅరపిడలోని[0m [31mదున్నస్తున్నంగా[0m [31mకొలసాగుతున్నాయని[0m [31mబావిత[0m వాతావరణ శాఖ పేర్కొంది
SENTENCE 784
Correct          =  27.3%    3   (    11)
Errors           =  72.7%    8   (    11)
REF: [31mపేరు  [0m చెప్పండి
HYP: [31mపేర్చు[0m చెప్పండి
SENTENCE 785
Correct          =  50.0%    1   (     2)
Errors           =  50.0%    1   (     2)
REF: [31m******[0m [31mదీని  [0m [31mస్థానంలో[0m మరో [31m*********[0m [31mఉపగ్రహాన్ని[0m [31mరూపొందించాలని[0m ప్రభుత్వం ఆదేశించింది
HYP: [31mదీనికి[0m [31mస్కారం[0m [31mలో      [0m మరో [31mపద్దాహిని[0m [31mఉపని       [0m [31mచెందాలని     [0m ప్రభుత్వం ఆదేశించింది
SENTENCE 786
Correct          =  42.9%    3   (     7)
Errors           =  85.7%    6   (     7)
REF: చెప్పండి
HYP: చెప్పండి
SENTENCE 787
Correct          = 100.0%    1   (     1)
Errors           =   0.0%    0   (     1)
REF: అవును
HYP: అవును
SENTENCE 788
Correct          = 100.0%    1   (     1)
Errors           =   0.0%    0   (     1)
REF: ఒప్పుకున్నారు
HYP: ఒప్పుకున్నారు
SENTENCE 789
Correct          = 100.0%    1   (     1)
Errors           =   0.0%    0   (     1)
REF: అనేది [31mఇది[0m
HYP: అనేది [31mఇవి[0m
SENTENCE 790
Correct          =  50.0%    1   (     2)
Errors           =  50.0%    1   (     2)
REF: వెంకయ్య నాయుడు మొదటి నుంచి [31mచంద్రబాబుకు[0m అనుకూలంగా ఉన్నారనే మాట వినిపిస్తోంది
HYP: వెంకయ్య నాయుడు మొదటి నుంచి [31mచంద్రబాబు  [0m అనుకూలంగా ఉన్నారనే మాట వినిపిస్తోంది
SENTENCE 791
Correct          =  88.9%    8   (     9)
Errors           =  11.1%    1   (     9)
REF: వంట బా చేస్తాను
HYP: వంట బా చేస్తాను
SENTENCE 792
Correct          = 100.0%    3   (     3)
Errors           =   0.0%    0   (     3)
REF: [31mనిర్వచనం   [0m కూడా [31m****[0m [31mమనకిచ్చింది[0m
HYP: [31mనిర్వర్తినం[0m కూడా [31mమనకి[0m [31mఇచ్చింది   [0m
SENTENCE 793
Correct          =  33.3%    1   (     3)
Errors           = 100.0%    3   (     3)
REF: ఈ విషయం [31mభర్తకు[0m తెలియడంతో ఇద్దరి [31mమధ్యా[0m గొడవలు వచ్చాయి
HYP: ఈ విషయం [31mబద్దకు[0m తెలియడంతో ఇద్దరి [31mమధ్య [0m గొడవలు వచ్చాయి
SENTENCE 794
Correct          =  75.0%    6   (     8)
Errors           =  25.0%    2   (     8)
REF: భారత టెస్టు జట్టులో [31mసుదీర్ఘ[0m కాలం [31m********[0m [31m******[0m [31mతర్వాత[0m [31mజట్టులో   [0m [31mచోటు  [0m [31mసంపాదించిన[0m [31mఆటగాడిగా[0m [31mచరిత్ర [0m [31mసృష్టించిన[0m [31mసంగతి    [0m [31mతెలిసిందే[0m
HYP: భారత టెస్టు జట్టులో [31mసుధీర్ఘ[0m కాలం [31mతరలపత్తి[0m [31mజట్లతో[0m [31mవిడుదల[0m [31mసమర్పించిన[0m [31mఆటగాడు[0m [31mచేత       [0m [31mశ్రీశ్రీ[0m [31mస్పష్టం[0m [31mచేసిన     [0m [31mసన్మానికి[0m [31mతెలిపింది[0m
SENTENCE 795
Correct          =  28.6%    4   (    14)
Errors           =  85.7%   12   (    14)
REF: [31mఉండాలి[0m [31mపా[0m [31mఅంతేగాని[0m [31mఇలా[0m మానేసి
HYP: [31mఉండదు [0m [31mతన[0m [31mతనయ్    [0m [31mలో [0m మానేసి
SENTENCE 796
Correct          =  20.0%    1   (     5)
Errors           =  80.0%    4   (     5)
REF: అవును
HYP: అవును
SENTENCE 797
Correct          = 100.0%    1   (     1)
Errors           =   0.0%    0   (     1)
REF: ఎలా [31m*****[0m [31mతయారవుతాయ్[0m
HYP: ఎలా [31mతయారు[0m [31mఅవుతాయి   [0m
SENTENCE 798
Correct          =  50.0%    1   (     2)
Errors           = 100.0%    2   (     2)
REF: ఒక విషయం రావాలి
HYP: ఒక విషయం రావాలి
SENTENCE 799
Correct          = 100.0%    3   (     3)
Errors           =   0.0%    0   (     3)
REF: అంటే
HYP: అంటే
SENTENCE 800
Correct          = 100.0%    1   (     1)
Errors           =   0.0%    0   (     1)
REF: [31mమేము[0m [31mఅందరం [0m కలిసే [31mఉంటాము[0m అందరం
HYP: [31mమేం [0m [31mఅంటారు[0m కలిసే [31mఉంటాం [0m అందరం
SENTENCE 801
Correct          =  40.0%    2   (     5)
Errors           =  60.0%    3   (     5)
REF: బుధవారం ఉదయం [31mహంపిని[0m పెళ్లి [31mకూతురుగా[0m [31mముస్తాబు[0m [31mచేశారు     [0m
HYP: బుధవారం ఉదయం [31mహంతి  [0m పెళ్లి [31mపై      [0m [31mకుదేశం  [0m [31mస్థాపించారు[0m
SENTENCE 802
Correct          =  42.9%    3   (     7)
Errors           =  57.1%    4   (     7)
REF: లేదు చదవలేదు
HYP: లేదు చదవలేదు
SENTENCE 803
Correct          = 100.0%    2   (     2)
Errors           =   0.0%    0   (     2)
REF: జమ్మూ [31mకాశ్మీర్[0m
HYP: జమ్మూ [31mకష్టం   [0m
SENTENCE 804
Correct          =  50.0%    1   (     2)
Errors           =  50.0%    1   (     2)
REF: తన కూతురికి ఇచ్చి
HYP: తన కూతురికి ఇచ్చి
SENTENCE 805
Correct          = 100.0%    3   (     3)
Errors           =   0.0%    0   (     3)
REF: దేశాన్ని [31mసరైన   [0m [31mమార్గంలో[0m పెట్టడానికి [31mతాను[0m [31mచేపట్టిన[0m [31mచర్యలేమిటో[0m [31mవివరించడానికే  [0m ఎక్కువ [31mప్రాధాన్యత[0m ఇచ్చారు
HYP: దేశాన్ని [31mశనివారం[0m [31mవరకూ    [0m పెట్టడానికి [31mతాము[0m [31mదేవినేని[0m [31mనెహ్రూ    [0m [31mనిర్వహించడానికి[0m ఎక్కువ [31mప్రాధాన్యం[0m ఇచ్చారు
SENTENCE 806
Correct          =  36.4%    4   (    11)
Errors           =  63.6%    7   (    11)
REF: [31mఏమున్నాయ్[0m [31mవి      [0m మిత్రమా నువ్వే చెప్పాలి మిత్రమా
HYP: [31m*********[0m [31mఏమున్నయి[0m మిత్రమా నువ్వే చెప్పాలి మిత్రమా
SENTENCE 807
Correct          =  66.7%    4   (     6)
Errors           =  33.3%    2   (     6)
REF: [31mఆ[0m [31mరకంగా[0m [31mమీ    [0m [31mఊరు    [0m [31mకోసం  [0m [31mఏదైనా  [0m చెప్పు
HYP: [31m*[0m [31m*****[0m [31mఅలాంటి[0m [31mవ్యవకార[0m [31mస్థాయి[0m [31mజరిగినా[0m చెప్పు
SENTENCE 808
Correct          =  14.3%    1   (     7)
Errors           =  85.7%    6   (     7)
REF: [31mఇది[0m [31mచాల[0m [31mఅన్యాయం[0m [31mఅండి[0m [31mఇదే        [0m [31mఇట్లాంటి[0m [31mప్రస్తుత [0m [31mసమాజంలో[0m జరుగుతూనే [31mఉన్నాయి[0m [31mఅండి     [0m [31mఇట్లాంటివి[0m
HYP: [31m***[0m [31m***[0m [31mకింది  [0m [31mచాలా[0m [31mనిర్ణయానికి[0m [31mఇక్కడ్ని[0m [31mప్రస్తుతం[0m [31mసమానంగా[0m జరుగుతూనే [31m*******[0m [31mఉన్నాయండి[0m [31mఇలాంటివి  [0m
SENTENCE 809
Correct          =   8.3%    1   (    12)
Errors           =  91.7%   11   (    12)
REF: ఆహా
HYP: ఆహా
SENTENCE 810
Correct          = 100.0%    1   (     1)
Errors           =   0.0%    0   (     1)
REF: [31mకోవా[0m
HYP: [31mకో  [0m
SENTENCE 811
Correct          =   0.0%    0   (     1)
Errors           = 100.0%    1   (     1)
REF: [31mమీరు  [0m [31mఏమైనా[0m చేసారా అంటే నేను [31mచేసాను[0m
HYP: [31mమీరేమి[0m [31mలేదు [0m చేసారా అంటే నేను [31mచేసారు[0m
SENTENCE 812
Correct          =  50.0%    3   (     6)
Errors           =  50.0%    3   (     6)
REF: ఇప్పుడు ఆయనకు జరిగింది ఇలా [31m**********[0m [31m*******[0m [31mజరుగుతుందని[0m [31mచూడాలన్నారు[0m
HYP: ఇప్పుడు ఆయనకు జరిగింది ఇలా [31mజరుగుతుందో[0m [31mఇప్పుడు[0m [31mఆదా        [0m [31mఅన్నారు    [0m
SENTENCE 813
Correct          =  66.7%    4   (     6)
Errors           =  66.7%    4   (     6)
REF: మచిలీపట్నం [31mగుడివాడ[0m [31mనూజివీ[0m [31mడు  [0m [31mప్రభుత్వాసుపత్రుల్లో[0m [31mపనిచేస్తున్న[0m [31mమహిళా   [0m [31mకార్మికులు[0m [31mఆందోళన[0m [31mచేయటంతో  [0m [31mగతేడాది  [0m [31mసెప్టెంబరు[0m [31mనెలలో  [0m [31mఅప్పుచేసి[0m [31mఆరు     [0m [31mనెలల    [0m [31mవేతనం         [0m [31mచెల్లించాను[0m
HYP: మచిలీపట్నం [31m*******[0m [31m******[0m [31mకూడా[0m [31mవారి                [0m [31mఅనుచరులకు   [0m [31mప్రభుత్వ[0m [31mఆస్పత్రిలో[0m [31mపని   [0m [31mచేస్తున్న[0m [31mహైదరాబాద్[0m [31mవివాహం    [0m [31mజరగడంతో[0m [31mగత       [0m [31mగెలవతులో[0m [31mచేరవారని[0m [31mతెలియపాలెసేనలు[0m [31mచెల్లించారు[0m
SENTENCE 814
Correct          =   5.6%    1   (    18)
Errors           =  94.4%   17   (    18)
REF: [31mలలిత్[0m [31mమోడీ[0m [31mతీరు[0m [31mనచ్చే[0m [31mతా      [0m తాను రాజస్థాన్ [31mక్రికెట్[0m [31mబోర్టు[0m [31mకోచ్చుగా[0m [31mపని       [0m [31mచేయాలనుకుంటున్నానని[0m ఆయన అన్నారు
HYP: [31m*****[0m [31m****[0m [31mలలిత[0m [31mహోటి [0m [31mనక్కేత్స[0m తాను రాజస్థాన్ [31mరెక్కడి [0m [31mకోచ్  [0m [31mగా      [0m [31mపనిచేయాలని[0m [31mకుటుంబాన్ని        [0m ఆయన అన్నారు
SENTENCE 815
Correct          =  28.6%    4   (    14)
Errors           =  71.4%   10   (    14)
REF: [31mముక్కు[0m [31mనోరు     [0m [31mనుంచి [0m కూడా [31mరక్తం   [0m [31mరావడంతో[0m ఆమె [31mఆసుపత్రిని[0m తరలించారు
HYP: [31m******[0m [31mముక్కలుగా[0m [31mరోజుకూ[0m కూడా [31mలాక్కొండ[0m [31mరంతో   [0m ఆమె [31mఆస్పత్రికి[0m తరలించారు
SENTENCE 816
Correct          =  33.3%    3   (     9)
Errors           =  66.7%    6   (     9)
REF: అయినా సరే విద్యార్థులు వెనక్కి [31mతగ్గకుండా  [0m పోలీసులు ఒక్కసారిగా [31m****[0m [31mలాఠీలతో[0m విరుచుకుపడ్డారు
HYP: అయినా సరే విద్యార్థులు వెనక్కి [31mతగ్గదుకుంటా[0m పోలీసులు ఒక్కసారిగా [31mలాఠ్[0m [31mనిలకు  [0m విరుచుకుపడ్డారు
SENTENCE 817
Correct          =  77.8%    7   (     9)
Errors           =  33.3%    3   (     9)
REF: [31mతేడా[0m [31mఉంటాయా[0m
HYP: [31mచాలా[0m [31mఉంటాయి[0m
SENTENCE 818
Correct          =   0.0%    0   (     2)
Errors           = 100.0%    2   (     2)
REF: శాసనసభ [31mసమావేశాలు[0m రాజధాని నిర్మాణం [31mవివిధ [0m సంస్థలకు [31m**************[0m [31mకేటాయిరచాల్సిన[0m [31mభూములపై[0m [31mచర్చిరచాలని[0m భావిస్తున్నారు
HYP: శాసనసభ [31mసమావేశంలో[0m రాజధాని నిర్మాణం [31mవిధించ[0m సంస్థలకు [31mకేటాయించాల్సిన[0m [31mమూఢు          [0m [31mలప్క   [0m [31mచర్చించాలని[0m భావిస్తున్నారు
SENTENCE 819
Correct          =  50.0%    5   (    10)
Errors           =  60.0%    6   (    10)
REF: [31mఆ    [0m [31mవ్య[0m వ్యవసాయం [31mవల్ల[0m చాలా [31mరకాల     [0m [31mచేయొచ్చు[0m [31mకానీ[0m
HYP: [31mఅవును[0m [31mఅవి[0m వ్యవసాయం [31mకూడా[0m చాలా [31mనిలకొచ్చి[0m [31mఇచ్చి   [0m [31mకాని[0m
SENTENCE 820
Correct          =  25.0%    2   (     8)
Errors           =  75.0%    6   (     8)
REF: చక్కగా [31m******[0m [31mఆవిడికి[0m మొత్తం [31m****[0m [31mఒళ్ళంతా[0m
HYP: చక్కగా [31mఅవగాహన[0m [31mఇద్దరి [0m మొత్తం [31mఉంది[0m [31mకదా    [0m
SENTENCE 821
Correct          =  50.0%    2   (     4)
Errors           = 100.0%    4   (     4)
REF: ఇంకా
HYP: ఇంకా
SENTENCE 822
Correct          = 100.0%    1   (     1)
Errors           =   0.0%    0   (     1)
REF: మనం
HYP: మనం
SENTENCE 823
Correct          = 100.0%    1   (     1)
Errors           =   0.0%    0   (     1)
REF: [31mతెలీదు[0m
HYP: [31mతెలీదా[0m
SENTENCE 824
Correct          =   0.0%    0   (     1)
Errors           = 100.0%    1   (     1)
REF: అందులో [31mచేశాను  [0m నేను
HYP: అందులో [31mదేశాన్ని[0m నేను
SENTENCE 825
Correct          =  66.7%    2   (     3)
Errors           =  33.3%    1   (     3)
REF: ప్రతిపక్షాల [31m*****[0m [31mగొంతునొక్కి[0m [31mశాసనసభను[0m [31mనడుపుతున్నారని[0m ఉత్తమ్ కుమార్ రెడ్డి మండిపడ్డారు
HYP: ప్రతిపక్షాల [31mగొంతు[0m [31mనకిలీ      [0m [31mశాసనం   [0m [31mనడుపుతున్నానని[0m ఉత్తమ్ కుమార్ రెడ్డి మండిపడ్డారు
SENTENCE 826
Correct          =  62.5%    5   (     8)
Errors           =  50.0%    4   (     8)
REF: [31mటీచర్  [0m [31mచేస్తావా[0m
HYP: [31mఇచ్చేసి[0m [31mచేస్తాను[0m
SENTENCE 827
Correct          =   0.0%    0   (     2)
Errors           = 100.0%    2   (     2)
REF: దీక్షను భగ్నం చేసేందుకు టిడిపి [31mప్రభుత్వం[0m ప్రయత్నించడం సరికాదన్నారు
HYP: దీక్షను భగ్నం చేసేందుకు టిడిపి [31mప్రభుత్వ [0m ప్రయత్నించడం సరికాదన్నారు
SENTENCE 828
Correct          =  85.7%    6   (     7)
Errors           =  14.3%    1   (     7)
REF: తెలుగుదేశం తెలంగాణ ప్రాంత [31mశాసన   [0m [31mసభ్యులు[0m నాగం జనార్దన్ రెడ్డి [31mతదితరులు [0m కూడా దాడిని వ్యతిరేకించారు
HYP: తెలుగుదేశం తెలంగాణ ప్రాంత [31mసభ్యులు[0m [31mనగర    [0m నాగం జనార్దన్ రెడ్డి [31mఅధికారులు[0m కూడా దాడిని వ్యతిరేకించారు
SENTENCE 829
Correct          =  75.0%    9   (    12)
Errors           =  25.0%    3   (    12)
REF: [31m****[0m [31mసిల్  [0m [31mబెర్గర్[0m [31mకాల్పులు  [0m [31mజరుపుతుంటే[0m [31mధైర్యంగా[0m [31mఅడ్డు[0m వెళ్లి కాల్పులు జరుపుతున్న [31mవిద్యార్థిని    [0m [31mనిలువరించే[0m ప్రయత్నం చేశారు
HYP: [31mసీఎం[0m [31mసిరిస్[0m [31mసిపి   [0m [31mకాల్పుల్లో[0m [31mజరుగుతుంటే[0m [31mదైవంగా  [0m [31mఅటు  [0m వెళ్లి కాల్పులు జరుపుతున్న [31mవిద్యార్థినీళ్లు[0m [31mనిర్వహించే[0m ప్రయత్నం చేశారు
SENTENCE 830
Correct          =  38.5%    5   (    13)
Errors           =  69.2%    9   (    13)
REF: దేశవ్యాప్తంగా జరుగుతున్న అన్యాయాలను ప్రశ్నిస్తే సమాధానం [31mచెప్పేవారే[0m [31mలేరన్నారు[0m
HYP: దేశవ్యాప్తంగా జరుగుతున్న అన్యాయాలను ప్రశ్నిస్తే సమాధానం [31mచెప్పేవారు[0m [31mలేదన్నారు[0m
SENTENCE 831
Correct          =  71.4%    5   (     7)
Errors           =  28.6%    2   (     7)
REF: ఆయన [31m*****[0m [31mసర్వం[0m [31mఒడుతున్నట్లు[0m కనిపిస్తున్నారు
HYP: ఆయన [31mసరఫరా[0m [31mమూడు [0m [31mఉన్నట్లు    [0m కనిపిస్తున్నారు
SENTENCE 832
Correct          =  50.0%    2   (     4)
Errors           =  75.0%    3   (     4)
REF: ఇంకా
HYP: ఇంకా
SENTENCE 833
Correct          = 100.0%    1   (     1)
Errors           =   0.0%    0   (     1)
REF: అవును ఇప్పటికి చాలా ప్రభావం ఉంది
HYP: అవును ఇప్పటికి చాలా ప్రభావం ఉంది
SENTENCE 834
Correct          = 100.0%    5   (     5)
Errors           =   0.0%    0   (     5)
REF: అయితే శుక్రవారం [31mసుప్రీం [0m [31mకోర్టు[0m చేసిన మార్పుల ప్రకారం [31mఇకపై[0m [31mరాష్ట్ర[0m [31mసంఘాల్లో[0m [31mతొమ్మిదేళ్లు[0m [31mబీసీసీఐలో[0m [31mతొమ్మిదేళ్లు[0m [31mపదవుల్లో[0m [31mఉండొచ్చు[0m
HYP: అయితే శుక్రవారం [31mసుబ్దూర్[0m [31mకోట్లు[0m చేసిన మార్పుల ప్రకారం [31m****[0m [31mఈ      [0m [31mకాబట్టి [0m [31mరాష్ట్ర     [0m [31mసంఘాలు   [0m [31mతొమ్మిదేళ్ల [0m [31mపథలో    [0m [31mఉండవచ్చు[0m
SENTENCE 835
Correct          =  33.3%    5   (    15)
Errors           =  66.7%   10   (    15)
REF: ఎంతో
HYP: ఎంతో
SENTENCE 836
Correct          = 100.0%    1   (     1)
Errors           =   0.0%    0   (     1)
REF: [31m****[0m [31mఅతనిపై[0m [31mఏడు      [0m [31mకేసులు[0m నమోదయ్యాయి
HYP: [31mఅతని[0m [31mపై    [0m [31mఎక్కేవీడి[0m [31mకేసు  [0m నమోదయ్యాయి
SENTENCE 837
Correct          =  25.0%    1   (     4)
Errors           = 100.0%    4   (     4)
REF: వల్ల
HYP: వల్ల
SENTENCE 838
Correct          = 100.0%    1   (     1)
Errors           =   0.0%    0   (     1)
REF: ఇంకా
HYP: ఇంకా
SENTENCE 839
Correct          = 100.0%    1   (     1)
Errors           =   0.0%    0   (     1)
REF: [31mనైపుణ్యాన్ని[0m [31mపెంపొందించుకొనే[0m విధానాన్ని [31mబట్టీ[0m [31mఅది[0m [31mజరగడం[0m [31mఅనేది[0m [31mజరుగుతుంది[0m
HYP: [31mనైపుణ్యతను  [0m [31mపెంపొందించుకునే[0m విధానాన్ని [31mబట్టి[0m [31mఈ  [0m [31mఆశలకు[0m [31mరూప  [0m [31mజెడుతుంది [0m
SENTENCE 840
Correct          =  12.5%    1   (     8)
Errors           =  87.5%    7   (     8)
REF: అవ్వాలి అనే [31m*******[0m [31mఉద్దేశంతోనే[0m [31mగదా[0m
HYP: అవ్వాలి అనే [31mఉద్దేశం[0m [31mతోనే       [0m [31mకదా[0m
SENTENCE 841
Correct          =  50.0%    2   (     4)
Errors           =  75.0%    3   (     4)
REF: [31m*********[0m [31mశివలింగా[0m [31mఒకటి [0m
HYP: [31mసినిమాలెం[0m [31mగా      [0m [31mఉంటది[0m
SENTENCE 842
Correct          =   0.0%    0   (     2)
Errors           = 150.0%    3   (     2)
REF: [31m**********[0m [31mఇదిలా   [0m [31mఉంటే [0m [31mపెళ్లికి  [0m [31mముందే [0m [31mకాబోయే    [0m [31mఅల్లుడికి[0m [31mజడేజా [0m [31mఅత్తింటివారు[0m [31mభారీ[0m [31mకానుకను[0m [31mఅందించారు[0m
HYP: [31mఇదిలావుంటే[0m [31mపెళ్లికి[0m [31mముందు[0m [31mకాకపోయాలని[0m [31mజైట్లీ[0m [31mజాగ్రత్తగా[0m [31mవారి     [0m [31mవారికి[0m [31mకనుక్కొని   [0m [31mఉంది[0m [31mఅని    [0m [31mఅంటారు   [0m
SENTENCE 843
Correct          =   0.0%    0   (    11)
Errors           = 109.1%   12   (    11)
REF: [31mముస్లింలు[0m [31mదుర్యోధనులు [0m కాదని [31mతాను[0m కోరుకుంటున్నానని [31m********[0m [31m********[0m [31mసుబ్రమణ్యస్వామి[0m అన్నారు
HYP: [31mమృతుడు   [0m [31mదుర్వినియోగం[0m కాదని [31mతనను[0m కోరుకుంటున్నానని [31mశుభ్రంగా[0m [31mఉన్నట్లు[0m [31mసమానా          [0m అన్నారు
SENTENCE 844
Correct          =  42.9%    3   (     7)
Errors           =  85.7%    6   (     7)
REF: ఆత్మహత్యల నివారణ [31mదిశగా[0m [31mరెండు[0m దశాబ్దాలుగా [31mఏ[0m [31mప్రభుత్వమూ[0m చర్యలు తీసుకోవడం లేదు
HYP: ఆత్మహత్యల నివారణ [31mదిశలా[0m [31mఎన్ని[0m దశాబ్దాలుగా [31mఈ[0m [31mప్రభుత్వం [0m చర్యలు తీసుకోవడం లేదు
SENTENCE 845
Correct          =  60.0%    6   (    10)
Errors           =  40.0%    4   (    10)
REF: [31mతొంబై   [0m శాతం [31m*****[0m [31m******[0m [31mఅందుతుందని[0m
HYP: [31mతొమ్మిది[0m శాతం [31mఅన్ని[0m [31mదుర్దు[0m [31mఅని       [0m
SENTENCE 846
Correct          =  33.3%    1   (     3)
Errors           = 133.3%    4   (     3)
REF: నిరుద్యోగం వల్ల
HYP: నిరుద్యోగం వల్ల
SENTENCE 847
Correct          = 100.0%    2   (     2)
Errors           =   0.0%    0   (     2)
REF: వాతావరణ శాఖ [31mవెల్లడించినట్టుగానే[0m శనివారం రాత్రి భారీ వర్షం కురవడంతో
HYP: వాతావరణ శాఖ [31mవిలేక్షినట్లు      [0m శనివారం రాత్రి భారీ వర్షం కురవడంతో
SENTENCE 848
Correct          =  87.5%    7   (     8)
Errors           =  12.5%    1   (     8)
REF: మంగళవారం [31mఆసుపత్రిలో[0m ఏర్పాటు చేసిన విలేకరుల సమావేశంలో [31mడాక్టర్ [0m [31mరవికాంత్[0m [31mఈ         [0m [31mఅరుదైన[0m ఆపరేషన్ గురించి [31mవివరాలను[0m తెలియజేశారు
HYP: మంగళవారం [31mఆస్పత్రిలో[0m ఏర్పాటు చేసిన విలేకరుల సమావేశంలో [31mడ్వాక్రా[0m [31mరవి     [0m [31mకార్మికులు[0m [31mదేవినే[0m ఆపరేషన్ గురించి [31mవివరాలు [0m తెలియజేశారు
SENTENCE 849
Correct          =  57.1%    8   (    14)
Errors           =  42.9%    6   (    14)
REF: [31mప్రతి[0m [31mరెండు  [0m [31mరోజులకు [0m [31mఐదుగురు[0m [31mమైనర్లు[0m [31mకామాంధులకు[0m [31mబలై   [0m [31mఅయిపోతున్నట్లు[0m తెలిపింది
HYP: [31m*****[0m [31mప్రజలను[0m [31mరోద్దుకు[0m [31mరేవులు [0m [31mమహిళలకు[0m [31mమంగళవారం  [0m [31mపేరుకు[0m [31mపోతున్నట్లు   [0m తెలిపింది
SENTENCE 850
Correct          =  11.1%    1   (     9)
Errors           =  88.9%    8   (     9)
REF: అవునా
HYP: అవునా
SENTENCE 851
Correct          = 100.0%    1   (     1)
Errors           =   0.0%    0   (     1)
REF: [31mఇప్పుడు[0m [31mఅన్యాయం[0m జరిగిందని [31mభవిష్యత్తులో[0m ఇలా [31mజరగకుండా [0m చూడాలన్నారు
HYP: [31mఈ      [0m [31mప్రమాదం[0m జరిగిందని [31mపాకిశ్యాలు  [0m ఇలా [31mజరక్కుండా[0m చూడాలన్నారు
SENTENCE 852
Correct          =  42.9%    3   (     7)
Errors           =  57.1%    4   (     7)
REF: మనం
HYP: మనం
SENTENCE 853
Correct          = 100.0%    1   (     1)
Errors           =   0.0%    0   (     1)
REF: దాని గురించి
HYP: దాని గురించి
SENTENCE 854
Correct          = 100.0%    2   (     2)
Errors           =   0.0%    0   (     2)
REF: ఎటువంటి [31mచర్యలు[0m [31mదీసుకుంటే[0m [31mబావుంటది [0m [31mఅనుకుంటున్నారు[0m ప్రభుత్వం
HYP: ఎటువంటి [31mచెల్లి[0m [31mతీసుకుంటే[0m [31mబాగుంటాది[0m [31mఅనుకుంటన్నారు [0m ప్రభుత్వం
SENTENCE 855
Correct          =  33.3%    2   (     6)
Errors           =  66.7%    4   (     6)
REF: [31mఅందరి[0m కుట్రలను రాష్ట్రంగా తీర్చిదిద్దుతామన్నారు
HYP: [31mఅందరు[0m కుట్రలను రాష్ట్రంగా తీర్చిదిద్దుతామన్నారు
SENTENCE 856
Correct          =  75.0%    3   (     4)
Errors           =  25.0%    1   (     4)
REF: ప్రస్తుతం [31mవంశీకి  [0m [31mతిరిగి [0m అమెరికా [31mవెళ్లడం[0m [31mఆసక్తి [0m [31mలేదని              [0m తెలుస్తోంది
HYP: ప్రస్తుతం [31mవిశిక్తి[0m [31mఅమెరికా[0m అమెరికా [31mఅమెరికా[0m [31mఅమెరికా[0m [31mవ్యవస్థీకరించేందుకు[0m తెలుస్తోంది
SENTENCE 857
Correct          =  37.5%    3   (     8)
Errors           =  62.5%    5   (     8)
REF: అవునండి తప్పండి
HYP: అవునండి తప్పండి
SENTENCE 858
Correct          = 100.0%    2   (     2)
Errors           =   0.0%    0   (     2)
REF: [31mబావుంది[0m [31mఅయితే    [0m
HYP: [31m*******[0m [31mబాగుంటాయి[0m
SENTENCE 859
Correct          =   0.0%    0   (     2)
Errors           = 100.0%    2   (     2)
REF: [31mచిన్నపిల్లలు[0m [31mవాళ్ళు [0m [31mఎలా  [0m మాట్లాడుతున్నారు ఏంటి [31mఅని[0m [31mఅర్ధం  [0m [31mజేసుకుంటే[0m
HYP: [31mచిన్న       [0m [31mపిల్లలు[0m [31mవల్లే[0m మాట్లాడుతున్నారు ఏంటి [31mనా [0m [31mయొక్కలు[0m [31mచేస్తుంటే[0m
SENTENCE 860
Correct          =  25.0%    2   (     8)
Errors           =  75.0%    6   (     8)
REF: వాస్తవానికి మాఫీ [31mరెండో[0m [31mకిస్తీ    [0m డబ్బులు [31mనిరుడే[0m [31mవిడుదల    [0m చేయాల్సి [31mఉండగా[0m [31mసర్కారు  [0m [31mనెలల   [0m [31mపర్యంతం[0m [31mతాత్సారం[0m చేస్తూ వచ్చింది
HYP: వాస్తవానికి మాఫీ [31m*****[0m [31mరంగాకుస్తీ[0m డబ్బులు [31m******[0m [31mనిర్వృధిలో[0m చేయాల్సి [31m*****[0m [31mఉండాలసారి[0m [31mకారణంగా[0m [31mబలవంతం [0m [31mసాహం    [0m చేస్తూ వచ్చింది
SENTENCE 861
Correct          =  40.0%    6   (    15)
Errors           =  60.0%    9   (    15)
REF: వరకు బానే చెప్పారు
HYP: వరకు బానే చెప్పారు
SENTENCE 862
Correct          = 100.0%    3   (     3)
Errors           =   0.0%    0   (     3)
REF: సంక్షేమ [31mకార్యక్రమాలు  [0m ప్రజలకు మరింత [31m*****[0m [31mచేరువవుతాయని[0m [31mకేసీఆర్[0m తెలిపారు
HYP: సంక్షేమ [31mకార్యక్రమాల్లో[0m ప్రజలకు మరింత [31mచేరువ[0m [31mఅవుతున్నాయని[0m [31mకెసిఆర్[0m తెలిపారు
SENTENCE 863
Correct          =  57.1%    4   (     7)
Errors           =  57.1%    4   (     7)
REF: [31mబావ[0m [31mహత్య[0m [31mకేసులో  [0m [31mబావమరిది[0m [31mఅరెస్టుమూడో[0m [31mపెళ్లి     [0m [31mచేసుకుని[0m [31mసోదరిని[0m [31mవేధిస్తున్న[0m [31mబావను [0m [31mహత్య         [0m [31mచేసిన    [0m [31mబామ్మర్దిని[0m [31mపోలీసులు[0m [31mఅరెస్టు  [0m [31mచేశారు    [0m
HYP: [31m***[0m [31m****[0m [31mబాలార్తీ[0m [31mకీషులు  [0m [31mబాగు       [0m [31mమృతదేశాల్లో[0m [31mమూడో    [0m [31mవైద్య  [0m [31mసేవకు      [0m [31mచెందిన[0m [31mనివేదిస్తున్న[0m [31mబ్రాహ్మణి[0m [31mతీసుకున్న  [0m [31mబాణతి   [0m [31mపోలీసులకు[0m [31mఆదేశించారు[0m
SENTENCE 864
Correct          =   0.0%    0   (    16)
Errors           = 100.0%   16   (    16)
REF: అవును
HYP: అవును
SENTENCE 865
Correct          = 100.0%    1   (     1)
Errors           =   0.0%    0   (     1)
REF: [31m*****[0m [31mపెద్దనోట్లు[0m రద్దు చేసిన [31mతరువాత       [0m [31mపెరిగిన[0m [31mవ్యాపారం[0m [31mఏదైనా   [0m [31mఉందంటే    [0m అది [31mలిక్కరు [0m [31mవ్యాపారం[0m [31mమాత్రమే [0m
HYP: [31mపెద్ద[0m [31mనోట్లు     [0m రద్దు చేసిన [31mతెల్లవారుజాము[0m [31mని     [0m [31mలేని    [0m [31mవ్యాపారం[0m [31mఏమేమిందంటే[0m అది [31mజీవితావ్[0m [31mగా      [0m [31mపరిమితమై[0m
SENTENCE 866
Correct          =  25.0%    3   (    12)
Errors           =  83.3%   10   (    12)
REF: మనసుకు శాంతిని [31mశరీరానికి[0m [31mద్రుడత్వాని[0m [31mచిత్హానికి[0m [31mఓర్పు [0m [31mని         [0m [31mచేకూర్చే[0m [31mగొప్ప[0m విద్య [31m******[0m [31mఇదండి[0m [31mయోగ[0m
HYP: మనసుకు శాంతిని [31mచేరి     [0m [31mఅని        [0m [31mతింటారు   [0m [31mదానికి[0m [31mకోరిపోతుంది[0m [31mచెప్పు  [0m [31mఒక   [0m విద్య [31mయుద్దం[0m [31mఇల్లు[0m [31mఒక [0m
SENTENCE 867
Correct          =  25.0%    3   (    12)
Errors           =  83.3%   10   (    12)
REF: [31m****[0m [31m**********[0m [31mఆ       [0m [31mవిషయాలన్నింటిలో[0m [31mచంద్రబాబు[0m [31mవ్యూహం[0m [31mఫలించందనే[0m [31mమాట   [0m [31mవినిపిస్తోంది [0m
HYP: [31mహామీ[0m [31mఇచ్చేయాలని[0m [31mనిలకున్న[0m [31mచెర్వు         [0m [31mవిభజన    [0m [31mపరిచయం[0m [31mగా       [0m [31mవాటిని[0m [31mవిస్తరిస్తుంది[0m
SENTENCE 868
Correct          =   0.0%    0   (     7)
Errors           = 128.6%    9   (     7)
REF: మహిళా పార్లమెంటు [31mసదస్సుకు  [0m హాజరయ్యేందుకు వచ్చిన రోజాను అడ్డుకోవడం [31mనేపధ్యంలో[0m అందరి దృష్టి [31mయువభేరీపైనే[0m [31mఉంది    [0m
HYP: మహిళా పార్లమెంటు [31mఆసక్తిశూరు[0m హాజరయ్యేందుకు వచ్చిన రోజాను అడ్డుకోవడం [31mనేత్రం   [0m అందరి దృష్టి [31mయువభేటీలు  [0m [31mఅయ్యాంది[0m
SENTENCE 869
Correct          =  66.7%    8   (    12)
Errors           =  33.3%    4   (    12)
REF: [31mఅలా[0m చెప్పి [31mమాకు[0m [31mఅర్ధమయ్యే[0m [31mరీతిలో[0m [31mచెప్పడం[0m [31mద్వారా     [0m [31mమేము[0m [31mనేర్చుకున్నాం   [0m
HYP: [31mఅది[0m చెప్పి [31mమనకు[0m [31mఅర్థం    [0m [31mఅయ్యే [0m [31mవీధులు [0m [31mచెప్పదల్సిన[0m [31mఅవి [0m [31mనివేదించుకున్నాం[0m
SENTENCE 870
Correct          =  11.1%    1   (     9)
Errors           =  88.9%    8   (     9)
REF: చాలా
HYP: చాలా
SENTENCE 871
Correct          = 100.0%    1   (     1)
Errors           =   0.0%    0   (     1)
REF: [31mఎంత[0m [31mబాగా   [0m [31mచేస్తే[0m అంత మంచిది అండి వాళ్ళు
HYP: [31m***[0m [31mజంతబాబా[0m [31mచేసే  [0m అంత మంచిది అండి వాళ్ళు
SENTENCE 872
Correct          =  57.1%    4   (     7)
Errors           =  42.9%    3   (     7)
REF: [31m******[0m [31m***[0m [31mపట్టాలపైనే[0m [31mబైఠాయించి[0m [31mదాదాపు  [0m గంటసేపు [31mఆందోళన  [0m చేపట్టి [31mరైళ్ల [0m [31mరాకపోకలను[0m [31mఅడ్డుకున్నారు[0m
HYP: [31mపట్టాల[0m [31mపైన[0m [31mబయట       [0m [31mఇంచి     [0m [31mదాదాపుగా[0m గంటసేపు [31mఆందోళనను[0m చేపట్టి [31mరైతులు[0m [31mరాకపోతారు[0m [31mఅడుగునున్నారు[0m
SENTENCE 873
Correct          =  22.2%    2   (     9)
Errors           = 100.0%    9   (     9)
REF: [31m***[0m ఆయన రాజకీయ [31m******[0m [31m*****[0m [31mశైలి [0m [31mవాగ్ధాటి[0m [31mఎన్నటికీ[0m [31mమరువలేనని[0m అన్నారు
HYP: [31mఆయన[0m ఆయన రాజకీయ [31mచర్యలు[0m [31mవాళ్ళ[0m [31mదాటిన[0m [31mనటికి   [0m [31mమరో     [0m [31mరావలేదని [0m అన్నారు
SENTENCE 874
Correct          =  42.9%    3   (     7)
Errors           = 100.0%    7   (     7)
REF: [31mనేన్ [0m [31mఖాళీగా[0m ఉన్నాను అని చెప్పేసి ఇక్కడికి రావడం జరిగింది
HYP: [31mఇట్లా[0m [31mఇలా   [0m ఉన్నాను అని చెప్పేసి ఇక్కడికి రావడం జరిగింది
SENTENCE 875
Correct          =  75.0%    6   (     8)
Errors           =  25.0%    2   (     8)
REF: అవును
HYP: అవును
SENTENCE 876
Correct          = 100.0%    1   (     1)
Errors           =   0.0%    0   (     1)
REF: [31m******[0m [31mతీవ్ర[0m [31mఆందోళనకు[0m [31mగురవుతున్నారట[0m
HYP: [31mదేవుడు[0m [31mమన   [0m [31mదొరుకుతూ[0m [31mవెళ్తున్నారట [0m
SENTENCE 877
Correct          =   0.0%    0   (     3)
Errors           = 133.3%    4   (     3)
REF: అవును
HYP: అవును
SENTENCE 878
Correct          = 100.0%    1   (     1)
Errors           =   0.0%    0   (     1)
REF: అధికారులు [31mహడావుడి[0m చేసి వెళ్లడం [31mతప్ప [0m [31mకౌలు[0m రైతులకు ఆర్థిక సాయం అందకపోవడంతో [31mవంద[0m [31mలాది   [0m మంది [31mకౌలురైతులు[0m [31mఆత్మహత్యలకు[0m [31mపాల్ప     [0m [31mడ్డారు     [0m
HYP: అధికారులు [31mవాడగూడి[0m చేసి వెళ్లడం [31mతప్పు[0m [31mకళ్ల[0m రైతులకు ఆర్థిక సాయం అందకపోవడంతో [31m***[0m [31mవందలాది[0m మంది [31mకౌలు      [0m [31mరైతులు     [0m [31mఆత్మహత్యకు[0m [31mపాల్పడ్డారు[0m
SENTENCE 879
Correct          =  47.1%    8   (    17)
Errors           =  52.9%    9   (    17)
REF: వ్యవసాయం ఆహార
HYP: వ్యవసాయం ఆహార
SENTENCE 880
Correct          = 100.0%    2   (     2)
Errors           =   0.0%    0   (     2)
REF: ఇంకేంటి
HYP: ఇంకేంటి
SENTENCE 881
Correct          = 100.0%    1   (     1)
Errors           =   0.0%    0   (     1)
REF: [31mరాంచీలో [0m జరిగే [31mమూడో[0m [31mటెస్టు[0m [31mపైనే  [0m [31mదృష్టిసారించాలని[0m ఇరు [31mజట్లకూ[0m సూచిస్తున్నాం
HYP: [31mరాజ్యాంగ[0m జరిగే [31mమూడు[0m [31mదేశమైన[0m [31mదృష్టి[0m [31mసారించాలని      [0m ఇరు [31mజట్లకు[0m సూచిస్తున్నాం
SENTENCE 882
Correct          =  33.3%    3   (     9)
Errors           =  66.7%    6   (     9)
REF: అలాగే ఉంటున్నాయి
HYP: అలాగే ఉంటున్నాయి
SENTENCE 883
Correct          = 100.0%    2   (     2)
Errors           =   0.0%    0   (     2)
REF: [31mఎక్కువ[0m [31mమంది      [0m [31mపంట  [0m నష్టం [31mఅప్పుల[0m [31mబాధ      [0m [31mతాళలేక[0m ఆత్మహత్య [31mచేసుకున్నట్టు[0m అధికారులు తెలిపారు
HYP: [31m******[0m [31mఎక్కువమంది[0m [31mపండుగ[0m నష్టం [31m******[0m [31mఅప్రమత్తం[0m [31mలేక   [0m ఆత్మహత్య [31mచేసుకున్నట్లు[0m అధికారులు తెలిపారు
SENTENCE 884
Correct          =  36.4%    4   (    11)
Errors           =  63.6%    7   (    11)
REF: నిరుద్యోగ సమస్య
HYP: నిరుద్యోగ సమస్య
SENTENCE 885
Correct          = 100.0%    2   (     2)
Errors           =   0.0%    0   (     2)
REF: [31mకొత్తవే[0m
HYP: [31mకొత్తగా[0m
SENTENCE 886
Correct          =   0.0%    0   (     1)
Errors           = 100.0%    1   (     1)
REF: ఇంకేంటి మిత్రమా
HYP: ఇంకేంటి మిత్రమా
SENTENCE 887
Correct          = 100.0%    2   (     2)
Errors           =   0.0%    0   (     2)
REF: [31mబాధితలకు[0m [31mడబ్బు    [0m [31mముట్టుపు[0m [31mచేసి   [0m వారి [31mమాట్లాడేదే[0m ప్రభుత్వం [31mభావిస్తుందని[0m జగన్ అన్నారు
HYP: [31m********[0m [31mబాధితులకు[0m [31mడబ్బులు [0m [31mపెంచేసి[0m వారి [31mమాట్లాడుతూ[0m ప్రభుత్వం [31mభావిస్తోందని[0m జగన్ అన్నారు
SENTENCE 888
Correct          =  40.0%    4   (    10)
Errors           =  60.0%    6   (    10)
REF: తిరిగి [31m***********[0m [31mవెంకటరెడ్డిపల్లెకు[0m వచ్చిన తర్వాత ఆమె [31m****[0m [31mగర్భం[0m [31mదాల్చింది        [0m
HYP: తిరిగి [31mవెంకటరెడ్డి[0m [31mపల్లెకూర్         [0m వచ్చిన తర్వాత ఆమె [31mఘాటు[0m [31mగడ్డు[0m [31mనిర్వహించాల్సింది[0m
SENTENCE 889
Correct          =  57.1%    4   (     7)
Errors           =  71.4%    5   (     7)
REF: పంపిస్తే [31mవస్తాను[0m [31mమరి [0m
HYP: పంపిస్తే [31mఅస్సలు [0m [31mగాని[0m
SENTENCE 890
Correct          =  33.3%    1   (     3)
Errors           =  66.7%    2   (     3)
REF: బాగుంటది
HYP: బాగుంటది
SENTENCE 891
Correct          = 100.0%    1   (     1)
Errors           =   0.0%    0   (     1)
REF: సినీ [31mనటుడిగా[0m తనకు పవన్ కళ్యాణ్ అంటే [31m***[0m [31m*******[0m [31mఅభిమానమని[0m చెప్పారు
HYP: సినీ [31mనటికి  [0m తనకు పవన్ కళ్యాణ్ అంటే [31mఅవి[0m [31mమాత్రమే[0m [31mమనమే     [0m చెప్పారు
SENTENCE 892
Correct          =  75.0%    6   (     8)
Errors           =  50.0%    4   (     8)
REF: [31mశివాలయం  [0m
HYP: [31mసినిమాలైన[0m
SENTENCE 893
Correct          =   0.0%    0   (     1)
Errors           = 100.0%    1   (     1)
REF: అది [31m**[0m [31mఒకరకంగా[0m చదువు వస్తుంది
HYP: అది [31mఒక[0m [31mరకంగా  [0m చదువు వస్తుంది
SENTENCE 894
Correct          =  75.0%    3   (     4)
Errors           =  50.0%    2   (     4)
REF: వాళ్ళు ఏం చేయాలంటే [31m****[0m
HYP: వాళ్ళు ఏం చేయాలంటే [31mఇంటి[0m
SENTENCE 895
Correct          = 100.0%    3   (     3)
Errors           =  33.3%    1   (     3)
REF: అందుకని
HYP: అందుకని
SENTENCE 896
Correct          = 100.0%    1   (     1)
Errors           =   0.0%    0   (     1)
REF: ఆ అమెరికాలో [31mవున్నా[0m [31mవాళ్ళతో[0m [31mమాట్లడాలంటే [0m ఒక
HYP: ఆ అమెరికాలో [31mఉన్న  [0m [31mతో     [0m [31mమాట్లాడాలంటే[0m ఒక
SENTENCE 897
Correct          =  50.0%    3   (     6)
Errors           =  50.0%    3   (     6)
REF: [31mమాతో[0m
HYP: [31mమాట [0m
SENTENCE 898
Correct          =   0.0%    0   (     1)
Errors           = 100.0%    1   (     1)
REF: [31m*******[0m [31mసమాజంలో[0m మంచి మార్పు కోసం పోటీకి దిగామని తెలిపారు
HYP: [31mసమాచారం[0m [31mలో     [0m మంచి మార్పు కోసం పోటీకి దిగామని తెలిపారు
SENTENCE 899
Correct          =  85.7%    6   (     7)
Errors           =  28.6%    2   (     7)
REF: అది [31mవాల్  [0m
HYP: అది [31mవాళ్ళు[0m
SENTENCE 900
Correct          =  50.0%    1   (     2)
Errors           =  50.0%    1   (     2)
REF: అక్కడ కూడా [31mతేజ్       [0m [31mజరుగుతది[0m
HYP: అక్కడ కూడా [31mతెలియచేయాలి[0m [31mతెలిదు  [0m
SENTENCE 901
Correct          =  50.0%    2   (     4)
Errors           =  50.0%    2   (     4)
REF: అయితే ఈ [31mనగరాన్ని[0m [31mనిర్మిరచడానికి[0m కనీసం [31mనాలుగైదు [0m [31mలక్షల[0m కోట్ల రూపాయలు [31mకావాల్సి[0m [31mఉరటురదని   [0m [31mఅరచనా[0m వేస్తున్నారు
HYP: అయితే ఈ [31mనకరాన్ని[0m [31mనిర్మించడానికి[0m కనీసం [31mనాలుగేళ్ల[0m [31mక్షలో[0m కోట్ల రూపాయలు [31mఖాళీ    [0m [31mచెందుతుందని[0m [31mఅంచనా[0m వేస్తున్నారు
SENTENCE 902
Correct          =  46.2%    6   (    13)
Errors           =  53.8%    7   (    13)
REF: అవును
HYP: అవును
SENTENCE 903
Correct          = 100.0%    1   (     1)
Errors           =   0.0%    0   (     1)
REF: మృతుల సంఖ్య పెరిగే అవకాశం ఉందని ఆయన చెప్పారు
HYP: మృతుల సంఖ్య పెరిగే అవకాశం ఉందని ఆయన చెప్పారు
SENTENCE 904
Correct          = 100.0%    7   (     7)
Errors           =   0.0%    0   (     7)
REF: [31mగొర్రెలు[0m [31mచేపలు   [0m [31mపెంపకంలో [0m [31mసిద్దమవుతుంది[0m
HYP: [31mగోరేళ్లు[0m [31mచేపట్టిన[0m [31mప్రముఖంలో[0m [31mసిద్దమవుతోంది[0m
SENTENCE 905
Correct          =   0.0%    0   (     4)
Errors           = 100.0%    4   (     4)
REF: [31mజరుగుతున్నాయి[0m
HYP: [31mగర్విత్వమే   [0m
SENTENCE 906
Correct          =   0.0%    0   (     1)
Errors           = 100.0%    1   (     1)
REF: తనకు [31m*******[0m [31mపెద్దలనుకునే[0m వారి సలహాలను ఆయన [31mవినకపోవడమే[0m [31mమంచిది     [0m
HYP: తనకు [31mపెద్దలు[0m [31mనమ్మిన      [0m వారి సలహాలను ఆయన [31mగాదెల్లోకి[0m [31mపోతడించింది[0m
SENTENCE 907
Correct          =  57.1%    4   (     7)
Errors           =  57.1%    4   (     7)
REF: సమీప భవిష్యత్తులోని కొన్ని [31m******[0m [31mసమస్యలకైనా[0m [31mపరిష్కారాల [0m మార్గాలు [31mచూపగలమని [0m [31mతాను[0m భావిస్తున్నట్లు చెప్పారు
HYP: సమీప భవిష్యత్తులోని కొన్ని [31mసమస్యల[0m [31mకై        [0m [31mపరిష్కారాలు[0m మార్గాలు [31mచూపితామని[0m [31mతన  [0m భావిస్తున్నట్లు చెప్పారు
SENTENCE 908
Correct          =  60.0%    6   (    10)
Errors           =  50.0%    5   (    10)
REF: అంతేకాదు [31m***[0m [31m***[0m [31mఆమెను     [0m [31mతాకరాని[0m [31mచోట్లు[0m [31mతాకాడని   [0m కూడా పోలీసులు తెలిపారు
HYP: అంతేకాదు [31mఆమె[0m [31mఆమె[0m [31mప్రాధాన్యం[0m [31mచోటు   [0m [31mబాగా  [0m [31mతగ్గడానికి[0m కూడా పోలీసులు తెలిపారు
SENTENCE 909
Correct          =  50.0%    4   (     8)
Errors           =  75.0%    6   (     8)
REF: గుర్తు తెలియని [31mమహిళ[0m [31mచిన్నారిని[0m [31mతీసుకు  [0m [31mవెళ్ళిందని[0m కొందరు చెబుతున్నారు
HYP: గుర్తు తెలియని [31mవారు[0m [31mచిన్నారి  [0m [31mతీసుకుని[0m [31mవెళ్లిన   [0m కొందరు చెబుతున్నారు
SENTENCE 910
Correct          =  50.0%    4   (     8)
Errors           =  50.0%    4   (     8)
REF: అంటే మీ ఉద్దేశం ప్రకారం
HYP: అంటే మీ ఉద్దేశం ప్రకారం
SENTENCE 911
Correct          = 100.0%    4   (     4)
Errors           =   0.0%    0   (     4)
REF: ఆయన [31mఅడిగారు[0m
HYP: ఆయన [31mడిగారు [0m
SENTENCE 912
Correct          =  50.0%    1   (     2)
Errors           =  50.0%    1   (     2)
REF: సోమవారం [31m******[0m [31mసిరియా  [0m [31mసమీపంలో       [0m [31mఅంజారా[0m [31mపట్టణంలో[0m [31mఉగ్రవాదులు   [0m [31mతలదాచుకున్నారని[0m [31mఅనుమానించారు[0m
HYP: సోమవారం [31mశిరీష్[0m [31mఅసెంబ్లీ[0m [31mపుల్లార్జుపాటు[0m [31mనోరుగా[0m [31mవదిలే   [0m [31mదలసుకున్నాడని[0m [31mఆయన            [0m [31mఅడిగారు     [0m
SENTENCE 913
Correct          =  12.5%    1   (     8)
Errors           = 100.0%    8   (     8)
REF: [31m****[0m [31mనాటితే[0m
HYP: [31mనాకు[0m [31mతెలియ [0m
SENTENCE 914
Correct          =   0.0%    0   (     1)
Errors           = 200.0%    2   (     1)
REF: [31mమారుతున్న[0m [31mపరిస్థితుల[0m [31mబట్టి        [0m [31mకూడా       [0m [31mఇప్పుడు   [0m [31mఅలాగ  [0m [31mఉంది[0m [31mఎలాగంటే[0m
HYP: [31mమార్స్   [0m [31mలో        [0m [31mపరిస్థితుల్ని[0m [31mపట్టుకోవాలా[0m [31mఇప్పటివరకు[0m [31mతెలవదు[0m [31mఅని [0m [31mఅంటే   [0m
SENTENCE 915
Correct          =   0.0%    0   (     8)
Errors           = 100.0%    8   (     8)
REF: వసతులు [31m******[0m [31mఉన్నవి[0m అంటే అమ్మాయిలు [31m*******[0m [31mఅబ్బాయిలు[0m [31mకొన్ని[0m
HYP: వసతులు [31mఉన్నాం[0m [31mఅండి  [0m అంటే అమ్మాయిలు [31mఅప్పుడూ[0m [31mఒక్క     [0m [31mని    [0m
SENTENCE 916
Correct          =  50.0%    3   (     6)
Errors           =  83.3%    5   (     6)
REF: [31mబయటి[0m విషయాలు
HYP: [31mబయట [0m విషయాలు
SENTENCE 917
Correct          =  50.0%    1   (     2)
Errors           =  50.0%    1   (     2)
REF: అయితే ఈ విషయంలో [31m*****[0m [31mనిఘా    [0m [31mలోపించిందని [0m మాత్రం [31mఒప్పుకున్నారు   [0m
HYP: అయితే ఈ విషయంలో [31mఅన్ని[0m [31mనిఖాదాలు[0m [31mగుంజించిందని[0m మాత్రం [31mఒప్పుకుంటున్నారు[0m
SENTENCE 918
Correct          =  57.1%    4   (     7)
Errors           =  57.1%    4   (     7)
REF: ప్రధాని అభ్యర్థిగా ప్రకటించిన తర్వాత నరేంద్ర మోడీ మాట్లాడుతూ
HYP: ప్రధాని అభ్యర్థిగా ప్రకటించిన తర్వాత నరేంద్ర మోడీ మాట్లాడుతూ
SENTENCE 919
Correct          = 100.0%    7   (     7)
Errors           =   0.0%    0   (     7)
REF: అవును
HYP: అవును
SENTENCE 920
Correct          = 100.0%    1   (     1)
Errors           =   0.0%    0   (     1)
REF: చంద్రబాబుకు [31m*****[0m [31mఅత్యంత     [0m [31mసన్నిహితుడూ[0m [31mఅయిన[0m రేవంత్ రెడ్డి [31m****[0m [31mమల్కాజిగిరి[0m [31mసీటు[0m కోసం [31m*******[0m [31mతిరుగుబాటు[0m చేయడానికి కూడా సిద్ధమయ్యాడు
HYP: చంద్రబాబుకు [31mఅర్థం[0m [31mఅస్త్రేటితో[0m [31mనియోజక     [0m [31mఆయన [0m రేవంత్ రెడ్డి [31mమనతో[0m [31mఈ          [0m [31mశ్రీ[0m కోసం [31mతిరుపతి[0m [31mవారి      [0m చేయడానికి కూడా సిద్ధమయ్యాడు
SENTENCE 921
Correct          =  53.8%    7   (    13)
Errors           =  69.2%    9   (    13)
REF: [31m*****[0m [31mచక్కగా[0m [31mచూడ్డానికి[0m చాలా [31m***[0m [31m****[0m [31mఅందంగా[0m ఉంది
HYP: [31mశక్తి[0m [31mచోట   [0m [31mఅంటే      [0m చాలా [31mఅలా[0m [31mఉంది[0m [31mగా    [0m ఉంది
SENTENCE 922
Correct          =  40.0%    2   (     5)
Errors           = 120.0%    6   (     5)
REF: ఇప్పుడు
HYP: ఇప్పుడు
SENTENCE 923
Correct          = 100.0%    1   (     1)
Errors           =   0.0%    0   (     1)
REF: అంతే కదా మరి
HYP: అంతే కదా మరి
SENTENCE 924
Correct          = 100.0%    3   (     3)
Errors           =   0.0%    0   (     3)
REF: [31mకొంచెమన్నా[0m [31mచేస్తావా[0m
HYP: [31mకొంచెం    [0m [31mచేస్తాడు[0m
SENTENCE 925
Correct          =   0.0%    0   (     2)
Errors           = 100.0%    2   (     2)
REF: ఆ తర్వాత తెలుగు విశ్వవిద్యాలయం [31mవీసీగా[0m [31mబా[0m బాధ్యతలు స్వీకరించారు
HYP: ఆ తర్వాత తెలుగు విశ్వవిద్యాలయం [31mవీసి  [0m [31mగా[0m బాధ్యతలు స్వీకరించారు
SENTENCE 926
Correct          =  75.0%    6   (     8)
Errors           =  25.0%    2   (     8)
REF: [31mఅదే[0m కాకినాడ [31mదగ్గర[0m [31mఇంద్రపాలెం[0m [31mలోపలుంటది[0m [31mచూడు     [0m
HYP: [31mఅది[0m కాకినాడ [31m*****[0m [31mఎందుకు    [0m [31mఅందరు    [0m [31mపల్లెటూరు[0m
SENTENCE 927
Correct          =  16.7%    1   (     6)
Errors           =  83.3%    5   (     6)
REF: [31mతను[0m [31mచెప్పక [0m [31mచెప్పారు[0m మీరు
HYP: [31mతన [0m [31mచెప్పగా[0m [31mచెప్తారు[0m మీరు
SENTENCE 928
Correct          =  25.0%    1   (     4)
Errors           =  75.0%    3   (     4)
REF: [31mఎత్తడం[0m
HYP: [31mఎక్కడా[0m
SENTENCE 929
Correct          =   0.0%    0   (     1)
Errors           = 100.0%    1   (     1)
REF: నా
HYP: నా
SENTENCE 930
Correct          = 100.0%    1   (     1)
Errors           =   0.0%    0   (     1)
REF: ఈ నేపథ్యంలో [31mపలు  [0m [31mరకాల  [0m ఊహాగానాలు ప్రశ్నలు వినిపిస్తున్నాయి
HYP: ఈ నేపథ్యంలో [31mపదవుల[0m [31mకాలంలో[0m ఊహాగానాలు ప్రశ్నలు వినిపిస్తున్నాయి
SENTENCE 931
Correct          =  71.4%    5   (     7)
Errors           =  28.6%    2   (     7)
REF: జగన్ [31mరాజకీయాలు  [0m చేస్తున్నాడని ఆయన ఆరోపణలు గుప్పించారు
HYP: జగన్ [31mరాజకీయాల్లో[0m చేస్తున్నాడని ఆయన ఆరోపణలు గుప్పించారు
SENTENCE 932
Correct          =  83.3%    5   (     6)
Errors           =  16.7%    1   (     6)
REF: ఏదైనా [31mచెయ్యొచ్చు[0m
HYP: ఏదైనా [31mచర్చల     [0m
SENTENCE 933
Correct          =  50.0%    1   (     2)
Errors           =  50.0%    1   (     2)
REF: [31mతమన్నా [0m కోసం
HYP: [31mతమ్ముడు[0m కోసం
SENTENCE 934
Correct          =  50.0%    1   (     2)
Errors           =  50.0%    1   (     2)
REF: గంట [31mనుంచి  [0m మాట్లాడుతున్నాం
HYP: గంట [31mగురించి[0m మాట్లాడుతున్నాం
SENTENCE 935
Correct          =  66.7%    2   (     3)
Errors           =  33.3%    1   (     3)
REF: ఆ అవునవును
HYP: ఆ అవునవును
SENTENCE 936
Correct          = 100.0%    2   (     2)
Errors           =   0.0%    0   (     2)
REF: నిధులను మరో రంగానికి తరలించడం [31m*********[0m [31m*****[0m [31mసరికాదని[0m [31mబ్యాంకర్లకు[0m [31mసూచించారు[0m
HYP: నిధులను మరో రంగానికి తరలించడం [31mసరికాదన్న[0m [31mధ్వనం[0m [31mకలలు    [0m [31mసమర్థవంతం  [0m [31mచూశారు   [0m
SENTENCE 937
Correct          =  57.1%    4   (     7)
Errors           =  71.4%    5   (     7)
REF: [31m****[0m [31mదగ్గర [0m [31mదగ్గరగా[0m [31mనేను  [0m చూసి ఒక [31m****[0m [31mఇరవై[0m [31mముప్పై[0m [31mసార్లు[0m [31mచూసుంటాను[0m
HYP: [31mడైకి[0m [31mరాలేదు[0m [31mగాని   [0m [31mనువ్వు[0m చూసి ఒక [31mఏళ్ళ[0m [31mమీ  [0m [31mసారి  [0m [31mచూస్తూ[0m [31mఉంటాను   [0m
SENTENCE 938
Correct          =  22.2%    2   (     9)
Errors           = 100.0%    9   (     9)
REF: అంతర్జాతీయ [31mప్రమాణాలతో[0m [31mవాటర్ [0m [31mగ్రిడ్    [0m [31mఅంతర్జాతీయ[0m [31mప్రమాణాలతో[0m వాటర్ [31m****[0m [31mగ్రిడ్[0m [31mనిర్మిస్తామని[0m [31mతెలంగాణ[0m [31mతెలంగాణ[0m [31mరాష్ట్ర[0m [31mమంత్రి   [0m [31mకల్వకుంట్ల[0m [31mతారక  [0m [31mరామారావు[0m [31mసోమవారం  [0m [31mచెప్పారు   [0m
HYP: అంతర్జాతీయ [31mప్రమాదంతో [0m [31mవాటికి[0m [31mఅంతర్జాతీయ[0m [31mస్థానం    [0m [31mమధు       [0m వాటర్ [31mవేపు[0m [31mనీరు  [0m [31mసాయం         [0m [31mచంద్రకళ[0m [31mనరేందర [0m [31mశాఖ    [0m [31mఅధికారులు[0m [31mఅంటున్న   [0m [31mతర్వాత[0m [31mఆ       [0m [31mప్రమాదంలో[0m [31mసమర్పించారు[0m
SENTENCE 939
Correct          =  11.1%    2   (    18)
Errors           =  94.4%   17   (    18)
REF: దాని [31mతర్వాత[0m
HYP: దాని [31mతరవాత [0m
SENTENCE 940
Correct          =  50.0%    1   (     2)
Errors           =  50.0%    1   (     2)
REF: ఉత్తర కొరియా ఇప్పటికే [31mఅయిదు [0m [31mఅణ్వస్త్ర[0m [31mపరీక్షలను[0m నిర్వహించింది
HYP: ఉత్తర కొరియా ఇప్పటికే [31mఆయన్ను[0m [31mవస్తే    [0m [31mప్రదర్శన [0m నిర్వహించింది
SENTENCE 941
Correct          =  57.1%    4   (     7)
Errors           =  42.9%    3   (     7)
REF: అవును
HYP: అవును
SENTENCE 942
Correct          = 100.0%    1   (     1)
Errors           =   0.0%    0   (     1)
REF: మన ప్రజల్లో [31m******[0m [31mఒక     [0m [31mచైతన్యం[0m [31mరావాలని[0m [31mనేను[0m [31mకోరుకుంటున్నా[0m
HYP: మన ప్రజల్లో [31mఒకసారి[0m [31mచూసింది[0m [31mరావడం  [0m [31mఅనేది  [0m [31mగూడ [0m [31mఉంటుంది      [0m
SENTENCE 943
Correct          =  28.6%    2   (     7)
Errors           =  85.7%    6   (     7)
REF: ఇంతకు ముందు ఆమె కొనసాగుతూ వచ్చింది
HYP: ఇంతకు ముందు ఆమె కొనసాగుతూ వచ్చింది
SENTENCE 944
Correct          = 100.0%    5   (     5)
Errors           =   0.0%    0   (     5)
REF: మరోవైపు [31mగుంటూరు[0m [31mసీఐడీ  [0m [31mఆఫీసు  [0m [31mవద్ద      [0m మూడంచెల [31mభద్రతను [0m ఏర్పాటు చేశారు
HYP: మరోవైపు [31m*******[0m [31mముందుకు[0m [31mసిఎటియా[0m [31mవిస్తృతంగా[0m మూడంచెల [31mపద్దతిను[0m ఏర్పాటు చేశారు
SENTENCE 945
Correct          =  44.4%    4   (     9)
Errors           =  55.6%    5   (     9)
REF: [31mఆడపిల్లలే[0m [31mపుడతారు   [0m
HYP: [31mఆర్ధులుగా[0m [31mపడుతుంటారు[0m
SENTENCE 946
Correct          =   0.0%    0   (     2)
Errors           = 100.0%    2   (     2)
REF: అవును
HYP: అవును
SENTENCE 947
Correct          = 100.0%    1   (     1)
Errors           =   0.0%    0   (     1)
REF: అప్పుడు ప్రతి
HYP: అప్పుడు ప్రతి
SENTENCE 948
Correct          = 100.0%    2   (     2)
Errors           =   0.0%    0   (     2)
REF: ప్రతి అటగాడు కూడా [31mఅంచనాలకు[0m [31mమించి[0m [31mఆడాలని [0m ఆయన అన్నారు
HYP: ప్రతి అటగాడు కూడా [31mజనాలు   [0m [31mముంచి[0m [31mఆలాగానే[0m ఆయన అన్నారు
SENTENCE 949
Correct          =  62.5%    5   (     8)
Errors           =  37.5%    3   (     8)
REF: కొత్త రాజధాని అమరావతిలో [31mప్రభుత్వ [0m [31mభవనాల[0m [31mనిర్మాణం[0m [31mఇతరత్రా[0m [31mఅవసరమైన[0m [31mమౌలిక[0m [31mసదుపాయాలకు[0m మరో [31m****[0m [31mమూడేళ్ల[0m పాటు రూ
HYP: కొత్త రాజధాని అమరావతిలో [31mప్రభుత్వం[0m [31mఅన్ని[0m [31mనివారించ[0m [31mరామ్   [0m [31mసరఫరా  [0m [31mపై   [0m [31mమరొకరు    [0m మరో [31mమూడు[0m [31mరోజులు [0m పాటు రూ
SENTENCE 950
Correct          =  42.9%    6   (    14)
Errors           =  64.3%    9   (    14)
REF: శనివారం ఉదయం [31mజగన్[0m [31mగుంటూరు[0m [31mదీక్షలో [0m చేపట్టాల్సి ఉంది
HYP: శనివారం ఉదయం [31mజనం [0m [31mభుంగురు[0m [31mదీక్షలను[0m చేపట్టాల్సి ఉంది
SENTENCE 951
Correct          =  57.1%    4   (     7)
Errors           =  42.9%    3   (     7)
REF: [31mఅది[0m [31mఅయితే [0m [31mనిజమే[0m [31mనండి[0m మీరు చెప్పింది
HYP: [31mఅవే[0m [31mతెలీదు[0m [31mమరి  [0m [31mఅండి[0m మీరు చెప్పింది
SENTENCE 952
Correct          =  33.3%    2   (     6)
Errors           =  66.7%    4   (     6)
REF: [31mఉంటాది[0m కదా
HYP: [31mఉంటది [0m కదా
SENTENCE 953
Correct          =  50.0%    1   (     2)
Errors           =  50.0%    1   (     2)
REF: పవన్ కళ్యాణ్ నాకు ఇష్టమే [31mకానీ[0m [31mఅలా [0m [31mఅంటున్నానని [0m కాదు
HYP: పవన్ కళ్యాణ్ నాకు ఇష్టమే [31m****[0m [31mకాని[0m [31mఅలాంటున్నాను[0m కాదు
SENTENCE 954
Correct          =  62.5%    5   (     8)
Errors           =  37.5%    3   (     8)
REF: ఇంకా
HYP: ఇంకా
SENTENCE 955
Correct          = 100.0%    1   (     1)
Errors           =   0.0%    0   (     1)
REF: అంటే
HYP: అంటే
SENTENCE 956
Correct          = 100.0%    1   (     1)
Errors           =   0.0%    0   (     1)
REF: [31m****[0m [31mవాక్ [0m [31mస్వసంత్రం[0m అంటే [31mఎలాగని[0m
HYP: [31mవాకి[0m [31mసొంతం[0m [31mలో       [0m అంటే [31mఎలాగా [0m
SENTENCE 957
Correct          =  25.0%    1   (     4)
Errors           = 100.0%    4   (     4)
REF: అవునవును
HYP: అవునవును
SENTENCE 958
Correct          = 100.0%    1   (     1)
Errors           =   0.0%    0   (     1)
REF: అవును
HYP: అవును
SENTENCE 959
Correct          = 100.0%    1   (     1)
Errors           =   0.0%    0   (     1)
REF: [31mఇప్పటికిప్పుడైతే[0m [31mచంద్రబాబు[0m [31mజగన్   [0m [31mమధ్యనే[0m ప్రధాన పోటీ [31mనెలకొని        [0m ఉంది
HYP: [31mఇప్పటికిప్పుడే  [0m [31mప్రచంద   [0m [31mరోజులను[0m [31mమధ్యలో[0m ప్రధాన పోటీ [31mనేర్చుకోవడాన్ని[0m ఉంది
SENTENCE 960
Correct          =  37.5%    3   (     8)
Errors           =  62.5%    5   (     8)
REF: [31mఆటలంటే[0m [31mఏ[0m [31mవిధంగా   [0m [31mసాగవు     [0m
HYP: [31m******[0m [31m*[0m [31mరాజమండ్రి[0m [31mవెంకటేశాలు[0m
SENTENCE 961
Correct          =   0.0%    0   (     4)
Errors           = 100.0%    4   (     4)
REF: అవును
HYP: అవును
SENTENCE 962
Correct          = 100.0%    1   (     1)
Errors           =   0.0%    0   (     1)
REF: [31mకాని[0m ఆడపిల్లలు లేకపోతే ఎలా
HYP: [31mకానీ[0m ఆడపిల్లలు లేకపోతే ఎలా
SENTENCE 963
Correct          =  75.0%    3   (     4)
Errors           =  25.0%    1   (     4)
REF: [31mదీంతో[0m [31mరైతులు[0m స్థల [31mయజమానులు [0m ఒక్కసారిగా ఆందోళనకు దిగారు
HYP: [31mదీటు [0m [31mరాత్రి[0m స్థల [31mయాజమాన్యం[0m ఒక్కసారిగా ఆందోళనకు దిగారు
SENTENCE 964
Correct          =  57.1%    4   (     7)
Errors           =  42.9%    3   (     7)
REF: అవును [31mఅవునవును[0m
HYP: అవును [31mఅవును   [0m
SENTENCE 965
Correct          =  50.0%    1   (     2)
Errors           =  50.0%    1   (     2)
REF: ఏమిటనేది ఇంకా స్పష్టం కావడం లేదు
HYP: ఏమిటనేది ఇంకా స్పష్టం కావడం లేదు
SENTENCE 966
Correct          = 100.0%    5   (     5)
Errors           =   0.0%    0   (     5)
REF: ఇంకా ఎలా అంటే
HYP: ఇంకా ఎలా అంటే
SENTENCE 967
Correct          = 100.0%    3   (     3)
Errors           =   0.0%    0   (     3)
REF: [31mచెయ్యాలనే[0m ఆలోచన కూడా చేశారని తెలుస్తోంది
HYP: [31mచేయాలని  [0m ఆలోచన కూడా చేశారని తెలుస్తోంది
SENTENCE 968
Correct          =  80.0%    4   (     5)
Errors           =  20.0%    1   (     5)
REF: [31mఅన్నీ[0m
HYP: [31mఅని  [0m
SENTENCE 969
Correct          =   0.0%    0   (     1)
Errors           = 100.0%    1   (     1)
REF: [31m**********[0m [31mచెప్పేస్తుంటారు[0m మనకి [31mమీ  [0m [31mవిలువైన[0m [31mసామాగ్రి[0m [31mమీ[0m మీరే [31m**************[0m [31mబాద్యత[0m [31mవహించాలి[0m [31mమేము    [0m [31mబాద్యత[0m [31mవహించలేమని[0m [31mచెప్తుంటారు[0m
HYP: [31mఅయిపొయింది[0m [31mసరదా           [0m మనకి [31mదీని[0m [31mద్వార  [0m [31mఅనది    [0m [31mనీ[0m మీరే [31mచెప్పదలరించాలి[0m [31mమేము  [0m [31mబాధ్యత  [0m [31mవహించాలి[0m [31mమనం   [0m [31mచెప్తూ    [0m [31mఉంటారు     [0m
SENTENCE 970
Correct          =  15.4%    2   (    13)
Errors           = 100.0%   13   (    13)
REF: ప్రజల [31mఇబ్బందులను[0m తీర్చాలని [31mకేంద్రం[0m [31mపై       [0m ఒత్తిడి తెస్తున్నట్లు చెప్పారు
HYP: ప్రజల [31mఇబ్బందులు [0m తీర్చాలని [31m*******[0m [31mకేంద్రంపై[0m ఒత్తిడి తెస్తున్నట్లు చెప్పారు
SENTENCE 971
Correct          =  62.5%    5   (     8)
Errors           =  37.5%    3   (     8)
REF: [31mదాని  [0m [31mఎక్కవగా [0m
HYP: [31mదాన్ని[0m [31mఎక్కువగా[0m
SENTENCE 972
Correct          =   0.0%    0   (     2)
Errors           = 100.0%    2   (     2)
REF: కాగా తాము బలవంతంగా ఎవరి నుంచి [31m****[0m [31mభూములు   [0m [31mలాక్కోవట్లేదని[0m తెలంగాణ ప్రభుత్వం స్పష్టం చేసింది
HYP: కాగా తాము బలవంతంగా ఎవరి నుంచి [31mమూడు[0m [31mలాక్కుంటే[0m [31mలేదని         [0m తెలంగాణ ప్రభుత్వం స్పష్టం చేసింది
SENTENCE 973
Correct          =  81.8%    9   (    11)
Errors           =  27.3%    3   (    11)
REF: [31mకాగా[0m [31mతమ   [0m [31mపెళ్లికి[0m [31mపెద్దలు      [0m [31mఅంగీకరించరన్న  [0m అనుమానంతో కలిసి [31m**********[0m [31mచనిపోవాలని[0m [31mనలుగురూ [0m నిర్ణయించుకున్నారు
HYP: [31m****[0m [31mసాగర్[0m [31mతాము    [0m [31mవెంకటేశ్వర్లు[0m [31mనిర్ధారించారన్న[0m అనుమానంతో కలిసి [31mసన్నిపాలనా[0m [31mనాలు      [0m [31mరెడ్డిని[0m నిర్ణయించుకున్నారు
SENTENCE 974
Correct          =  30.0%    3   (    10)
Errors           =  80.0%    8   (    10)
REF: అది [31mవిద్య       [0m [31mద్వారానే[0m [31mసాధ్యమౌతుంది[0m
HYP: అది [31mవిద్యకోవాలనే[0m [31mసాధ్యం  [0m [31mఅవుతుంది    [0m
SENTENCE 975
Correct          =  25.0%    1   (     4)
Errors           =  75.0%    3   (     4)
REF: ఈ [31mసందర్బంగా[0m చంద్రబాబు [31mవారి[0m ముందు పెట్టారు
HYP: ఈ [31mసందర్భంగా[0m చంద్రబాబు [31mవారు[0m ముందు పెట్టారు
SENTENCE 976
Correct          =  66.7%    4   (     6)
Errors           =  33.3%    2   (     6)
REF: ప్రమాదంలో తన తండ్రి [31m******[0m [31mదివంగత   [0m ముఖ్యమంత్రి [31mవైయస్    [0m [31mరాజశేఖర[0m [31mరెడ్డి[0m మృతి [31mచెందిన[0m [31mతర్వాత[0m [31mఆయన[0m [31mమృతిని   [0m [31mతట్టుకోలేక[0m [31mచనిపోయిన[0m [31mవారిని[0m [31mజగన్    [0m [31mఓదార్చుతున్నారు[0m
HYP: ప్రమాదంలో తన తండ్రి [31mఉత్తమ్[0m [31mకేంద్రంగా[0m ముఖ్యమంత్రి [31mవైయస్సార్[0m [31mరాశింపు[0m [31mరక్టటి[0m మృతి [31m******[0m [31m******[0m [31m***[0m [31mచెందిందని[0m [31mత్వరలో    [0m [31mతరలి    [0m [31mపైన   [0m [31mవిమర్శలు[0m [31mవస్తున్నారు    [0m
SENTENCE 977
Correct          =  27.8%    5   (    18)
Errors           =  77.8%   14   (    18)
REF: ఎన్నో [31mకోట్లు[0m సంపాదించింది
HYP: ఎన్నో [31mకొడుకు[0m సంపాదించింది
SENTENCE 978
Correct          =  66.7%    2   (     3)
Errors           =  33.3%    1   (     3)
REF: [31mలేదు[0m [31mఅండి  [0m ఇప్పుడు [31mప్రస్తుతానికి[0m [31mఅయితే           [0m హైదరాబాద్ లో [31mకొని[0m కొన్ని కొన్ని [31mఉన్నాయని [0m నేను విన్నాను
HYP: [31m****[0m [31mలేదండి[0m ఇప్పుడు [31m*************[0m [31mప్రస్తుతానికయితే[0m హైదరాబాద్ లో [31m****[0m కొన్ని కొన్ని [31mఉన్నాయండి[0m నేను విన్నాను
SENTENCE 979
Correct          =  53.8%    7   (    13)
Errors           =  46.2%    6   (    13)
REF: అంటే
HYP: అంటే
SENTENCE 980
Correct          = 100.0%    1   (     1)
Errors           =   0.0%    0   (     1)
REF: ఎందుకంటే
HYP: ఎందుకంటే
SENTENCE 981
Correct          = 100.0%    1   (     1)
Errors           =   0.0%    0   (     1)
REF: కట్నం [31mఇవ్వడం[0m వల్ల
HYP: కట్నం [31mఅవ్వడం[0m వల్ల
SENTENCE 982
Correct          =  66.7%    2   (     3)
Errors           =  33.3%    1   (     3)
REF: అవి ఉంటే [31mప్రాంతాలను[0m పర్యాటక [31mప్రాంతాలుగా[0m అభివృద్ధి [31mచేయాలని[0m [31mకేంద్ర[0m ప్రభుత్వం నిర్ణయించింది
HYP: అవి ఉంటే [31mప్రాంతాలలో[0m పర్యాటక [31mప్రాంతాల్లో[0m అభివృద్ధి [31mచెర్యలు[0m [31mతీరుకు[0m ప్రభుత్వం నిర్ణయించింది
SENTENCE 983
Correct          =  60.0%    6   (    10)
Errors           =  40.0%    4   (    10)
REF: [31mఎక్కడన్నా[0m ఆడుకోవడం
HYP: [31mఎక్కడ    [0m ఆడుకోవడం
SENTENCE 984
Correct          =  50.0%    1   (     2)
Errors           =  50.0%    1   (     2)
REF: [31mఉపాధి[0m హామీ పనులు వ్యక్తిగత మరుగుదొడ్ల పనులు [31mపురోగతి[0m [31mపైన        [0m చర్చించారు
HYP: [31mఉభాది[0m హామీ పనులు వ్యక్తిగత మరుగుదొడ్ల పనులు [31mఉప్పులో[0m [31mవ్యక్తిపైనే[0m చర్చించారు
SENTENCE 985
Correct          =  66.7%    6   (     9)
Errors           =  33.3%    3   (     9)
REF: [31m*****[0m [31mఅమ్మవారికి[0m పట్టు [31mవస్త్రాలు[0m [31mతీసుకొచ్చారు[0m [31mతీసుకువచ్చింది[0m
HYP: [31mఅమ్మా[0m [31mవారికి    [0m పట్టు [31mపసుడు    [0m [31mతీసుకొచ్చి  [0m [31mవచ్చింది      [0m
SENTENCE 986
Correct          =  20.0%    1   (     5)
Errors           = 100.0%    5   (     5)
REF: అప్పుడు [31m****[0m [31mవేపాకా[0m
HYP: అప్పుడు [31mవేరే[0m [31mబాగా  [0m
SENTENCE 987
Correct          =  50.0%    1   (     2)
Errors           = 100.0%    2   (     2)
REF: [31m****[0m [31mపేపర్[0m [31mలీకేజీ[0m వ్యవహారానికి సంబంధించి ఈ ప్రకటన చేసింది
HYP: [31mరేపు[0m [31mమృతి [0m [31mగైదా  [0m వ్యవహారానికి సంబంధించి ఈ ప్రకటన చేసింది
SENTENCE 988
Correct          =  71.4%    5   (     7)
Errors           =  42.9%    3   (     7)
REF: వాళ్ళు
HYP: వాళ్ళు
SENTENCE 989
Correct          = 100.0%    1   (     1)
Errors           =   0.0%    0   (     1)
REF: [31mదయ్యం   [0m [31mచెదవలేదు[0m కదా [31m*****[0m [31mఅందుకే  [0m [31mపేపర్[0m [31mమిద [0m [31mరాసి  [0m [31mచెప్తాడు[0m
HYP: [31mదగ్గరికి[0m [31mచావోరు  [0m కదా [31mఅన్ని[0m [31mబాగున్నా[0m [31mనాకు [0m [31mనాకు[0m [31mనచ్చిన[0m [31mచెప్పాను[0m
SENTENCE 990
Correct          =  12.5%    1   (     8)
Errors           = 100.0%    8   (     8)
REF: అవునా చాలా కష్టం మన [31mలాగ   [0m అయితే
HYP: అవునా చాలా కష్టం మన [31mదగ్గరే[0m అయితే
SENTENCE 991
Correct          =  83.3%    5   (     6)
Errors           =  16.7%    1   (     6)
REF: యువతకు ఉద్యోగాలు వచ్చేలా రాష్ట్ర ప్రభుత్వం [31m******[0m [31mజిల్లా[0m [31mయంత్రాంగం[0m ప్రజాప్రతినిధులు కృషి చేయాల్సి ఉంది
HYP: యువతకు ఉద్యోగాలు వచ్చేలా రాష్ట్ర ప్రభుత్వం [31mజీర్ణి[0m [31mఆయన   [0m [31mతరంగానే  [0m ప్రజాప్రతినిధులు కృషి చేయాల్సి ఉంది
SENTENCE 992
Correct          =  81.8%    9   (    11)
Errors           =  27.3%    3   (    11)
REF: నేను [31m******[0m [31mధర్మ [0m [31mగూడంలో[0m చదువుకున్నాను
HYP: నేను [31mతర్వాత[0m [31mమళ్ళీ[0m [31mకొంత  [0m చదువుకున్నాను
SENTENCE 993
Correct          =  50.0%    2   (     4)
Errors           =  75.0%    3   (     4)
REF: అది చాలా కష్టం
HYP: అది చాలా కష్టం
SENTENCE 994
Correct          = 100.0%    3   (     3)
Errors           =   0.0%    0   (     3)
REF: [31mఆరోజు[0m [31mవెంకయ్యనాయుడు[0m [31mఅలా      [0m [31mడిమాండ్[0m [31mచేయడం [0m [31mవల్లే[0m ఈ [31mరోజు[0m చర్చ [31mజరుగుతోందని  [0m ఆయన చెప్పారు
HYP: [31mఆ    [0m [31mరోజు         [0m [31mవెంకయ్యలో[0m [31mరెండు  [0m [31mమాయకుల[0m [31mమీద  [0m ఈ [31m****[0m చర్చ [31mజరుగుతుందానని[0m ఆయన చెప్పారు
SENTENCE 995
Correct          =  33.3%    4   (    12)
Errors           =  66.7%    8   (    12)
REF: ఎక్కువ మంది ఉంటున్నారు కదా నిరుద్యోగులుగా
HYP: ఎక్కువ మంది ఉంటున్నారు కదా నిరుద్యోగులుగా
SENTENCE 996
Correct          = 100.0%    5   (     5)
Errors           =   0.0%    0   (     5)
REF: అంటే
HYP: అంటే
SENTENCE 997
Correct          = 100.0%    1   (     1)
Errors           =   0.0%    0   (     1)
REF: లక్షల కోట్ల [31mసంపాదలను[0m [31mలూటీ[0m చేస్తున్నారని ఆయన [31mఆగ్రహం[0m వ్యక్తం చేశారు
HYP: లక్షల కోట్ల [31mసంపాదనలు[0m [31mనూతి[0m చేస్తున్నారని ఆయన [31mఆవేదన [0m వ్యక్తం చేశారు
SENTENCE 998
Correct          =  66.7%    6   (     9)
Errors           =  33.3%    3   (     9)
REF: అప్పుడు [31mనేర్చుకోనేవాడిని[0m [31mఅన్న          [0m [31mమాట    [0m
HYP: అప్పుడు [31m****************[0m [31mనేర్చుకున్నాము[0m [31mఅన్నమాట[0m
SENTENCE 999
Correct          =  25.0%    1   (     4)
Errors           =  75.0%    3   (     4)
REF: అబ్బో
HYP: అబ్బో
SENTENCE 1000
Correct          = 100.0%    1   (     1)
Errors           =   0.0%    0   (     1)
REF: అవును
HYP: అవును
SENTENCE 1001
Correct          = 100.0%    1   (     1)
Errors           =   0.0%    0   (     1)
REF: [31m******[0m [31mటెక్నాలజీ[0m [31mపెరిగిన[0m తర్వాత [31mమనిషి[0m అనేక [31mపరిశోధనలు [0m చేస్తున్నాడు
HYP: [31mఎక్కువ[0m [31mనచ్చ     [0m [31mజరిగిన [0m తర్వాత [31mమనషి [0m అనేక [31mపరిశోధకులు[0m చేస్తున్నాడు
SENTENCE 1002
Correct          =  42.9%    3   (     7)
Errors           =  71.4%    5   (     7)
REF: [31m*********[0m [31mతొందరగా[0m [31mఅరిగిపోతున్నాయి[0m
HYP: [31mపొంతురాలు[0m [31mరాజు   [0m [31mమొక్కుత్తమే    [0m
SENTENCE 1003
Correct          =   0.0%    0   (     2)
Errors           = 150.0%    3   (     2)
REF: అవును
HYP: అవును
SENTENCE 1004
Correct          = 100.0%    1   (     1)
Errors           =   0.0%    0   (     1)
REF: ఏంటి
HYP: ఏంటి
SENTENCE 1005
Correct          = 100.0%    1   (     1)
Errors           =   0.0%    0   (     1)
REF: కాగా [31mవైస్[0m [31mచైర్మన్[0m [31mవిజయ్    [0m [31mకుమార్    [0m పైన కూడా దాడి [31mజరిగినట్లుగా[0m తెలుస్తోంది
HYP: కాగా [31m****[0m [31mవైయస్  [0m [31mజగన్మోహన్[0m [31mవిజయకుమార్[0m పైన కూడా దాడి [31mజరిగినట్లు  [0m తెలుస్తోంది
SENTENCE 1006
Correct          =  50.0%    5   (    10)
Errors           =  50.0%    5   (    10)
REF: అవునా
HYP: అవునా
SENTENCE 1007
Correct          = 100.0%    1   (     1)
Errors           =   0.0%    0   (     1)
REF: టిడిపిలో [31mచేరడానికి[0m [31mతాను          [0m డబ్బులు తీసుకుంటున్నట్లు [31mచేసిన[0m [31mవిమర్శలను[0m ఆయన [31mఖండించారు[0m
HYP: టిడిపిలో [31mచేరిన    [0m [31mతల్లిదండ్రులను[0m డబ్బులు తీసుకుంటున్నట్లు [31mచీసిన[0m [31mవిమర్శలు [0m ఆయన [31mకంటించారు[0m
SENTENCE 1008
Correct          =  44.4%    4   (     9)
Errors           =  55.6%    5   (     9)
REF: ఆళ్ళు దాంట్లోని
HYP: ఆళ్ళు దాంట్లోని
SENTENCE 1009
Correct          = 100.0%    2   (     2)
Errors           =   0.0%    0   (     2)
REF: చూస్తూ ఉన్నారు మా [31m*****[0m [31mపెద్దక్కకి[0m
HYP: చూస్తూ ఉన్నారు మా [31mపెద్ద[0m [31mకుదిరింది [0m
SENTENCE 1010
Correct          =  75.0%    3   (     4)
Errors           =  50.0%    2   (     4)
REF: [31mఉత్సికత [0m చూపిస్తారు
HYP: [31mపూర్తిగా[0m చూపిస్తారు
SENTENCE 1011
Correct          =  50.0%    1   (     2)
Errors           =  50.0%    1   (     2)
REF: [31mకొంతమందికి[0m [31mఒక    [0m [31mసంవత్సరం[0m [31mలో  [0m
HYP: [31mకొంతమంది  [0m [31mకొకసాం[0m [31mఅవసరం   [0m [31mలేదు[0m
SENTENCE 1012
Correct          =   0.0%    0   (     4)
Errors           = 100.0%    4   (     4)
REF: అయినా [31m****[0m [31mసరే [0m [31mబుద్దిలేకుండా[0m అలా చేస్తారు [31mకాని[0m
HYP: అయినా [31mచేయబ[0m [31mగుడి[0m [31mలేకుండా      [0m అలా చేస్తారు [31mకానీ[0m
SENTENCE 1013
Correct          =  50.0%    3   (     6)
Errors           =  66.7%    4   (     6)
REF: [31mఎం[0m చేస్తున్నావ్ [31mఅంటి[0m అని [31m****[0m [31mనన్ను[0m అడిగింది
HYP: [31mఏం[0m చేస్తున్నావ్ [31mఏంటి[0m అని [31mనేను[0m [31mఅని  [0m అడిగింది
SENTENCE 1014
Correct          =  50.0%    3   (     6)
Errors           =  66.7%    4   (     6)
REF: [31mఇవే[0m కాదు మనం
HYP: [31mఇవి[0m కాదు మనం
SENTENCE 1015
Correct          =  66.7%    2   (     3)
Errors           =  33.3%    1   (     3)
REF: తాగడం [31m******[0m [31m********[0m [31mతిరగడం[0m [31mఎలా [0m చేస్తారు అలాంటివి మాత్రం [31mచేయ్యకుడదు[0m [31mవాల్లేమో[0m [31mఅక్కడ   [0m ఎంతో కష్టపడి
HYP: తాగడం [31mతిరిగి[0m [31mపెట్టెలు[0m [31mమీరెం [0m [31mకాదు[0m చేస్తారు అలాంటివి మాత్రం [31m**********[0m [31mచేయకూడదు[0m [31mవాళ్ళేమో[0m ఎంతో కష్టపడి
SENTENCE 1016
Correct          =  54.5%    6   (    11)
Errors           =  63.6%    7   (    11)
REF: ఏ చదువుకున్న [31mఉన్న [0m [31mఒళ్ళు[0m [31mకానివ్వండి[0m [31mలేకపోతే[0m [31mలేనోళ్ళు[0m [31mకానివ్వండి[0m [31mకాని[0m పక్కన
HYP: ఏ చదువుకున్న [31mఅవును[0m [31mదాని [0m [31mగురించి   [0m [31mఏకపోతే [0m [31mలేను    [0m [31mఅది       [0m [31mకానీ[0m పక్కన
SENTENCE 1017
Correct          =  30.0%    3   (    10)
Errors           =  70.0%    7   (    10)
REF: అవును [31mచాల[0m [31mఅందంగా[0m [31mఉంటయి  [0m [31mఅవి   [0m [31mకానీ[0m [31mమన    [0m
HYP: అవును [31m***[0m [31mచాలా  [0m [31mఅల్లులు[0m [31mఉంటాయి[0m [31mవీటి[0m [31mక్షన్న[0m
SENTENCE 1018
Correct          =  14.3%    1   (     7)
Errors           =  85.7%    6   (     7)
REF: [31mమీ[0m [31mధర్మం  [0m [31mమీరు[0m [31mనిర్వర్తించాలని[0m చెప్తున్నారు
HYP: [31m**[0m [31mనిధారుల[0m [31mమీద [0m [31mవిరమించాలని    [0m చెప్తున్నారు
SENTENCE 1019
Correct          =  20.0%    1   (     5)
Errors           =  80.0%    4   (     5)
REF: మన [31mక    [0m
HYP: మన [31mయాత్ర[0m
SENTENCE 1020
Correct          =  50.0%    1   (     2)
Errors           =  50.0%    1   (     2)
REF: నాకా
HYP: నాకా
SENTENCE 1021
Correct          = 100.0%    1   (     1)
Errors           =   0.0%    0   (     1)
REF: [31m******[0m [31mస్వచ్[0m [31mభారత్  [0m గురించి [31mచెప్పు  [0m
HYP: [31mచూస్తూ[0m [31mవచ్చే[0m [31mవార్తలు[0m గురించి [31mచెప్పండి[0m
SENTENCE 1022
Correct          =  25.0%    1   (     4)
Errors           = 100.0%    4   (     4)
REF: చేసుకొని
HYP: చేసుకొని
SENTENCE 1023
Correct          = 100.0%    1   (     1)
Errors           =   0.0%    0   (     1)
REF: అయితే స్థానిక [31mటిడిపి[0m నేతలు కూడా ఈ [31m********[0m [31m*****[0m [31m****[0m [31mస్థానాన్ని[0m [31mవదులుకునేందుకు[0m [31mఇష్టపడలేదు[0m
HYP: అయితే స్థానిక [31mటీడీపీ[0m నేతలు కూడా ఈ [31mసారణాలను[0m [31mవదిలి[0m [31mకూడా[0m [31mఎందుకు    [0m [31mఇష్టపడడం      [0m [31mలేదు      [0m
SENTENCE 1024
Correct          =  55.6%    5   (     9)
Errors           =  77.8%    7   (     9)
REF: ఇంకా చాలా
HYP: ఇంకా చాలా
SENTENCE 1025
Correct          = 100.0%    2   (     2)
Errors           =   0.0%    0   (     2)
REF: ఒక [31mఅరగంట[0m మాట్లాడి [31mమ [0m
HYP: ఒక [31mరకంగా[0m మాట్లాడి [31mమా[0m
SENTENCE 1026
Correct          =  50.0%    2   (     4)
Errors           =  50.0%    2   (     4)
REF: కొంతమంది ఎక్కువ శాతం మంది
HYP: కొంతమంది ఎక్కువ శాతం మంది
SENTENCE 1027
Correct          = 100.0%    4   (     4)
Errors           =   0.0%    0   (     4)
REF: అయితే [31mజగన్   [0m ఎందుకు [31m*******[0m [31mవిఫలమయ్యారనేది[0m మాత్రం [31m*****[0m [31mఆసక్తికరంగానే[0m ఉంది
HYP: అయితే [31mతెలంగాణ[0m ఎందుకు [31mపిల్పడం[0m [31mఅయ్యారనేది    [0m మాత్రం [31mఆశలిక[0m [31mనిర్ణయానికి  [0m ఉంది
SENTENCE 1028
Correct          =  57.1%    4   (     7)
Errors           =  71.4%    5   (     7)
REF: ఆ పార్టీ రాష్ట్ర కార్యాలయంలో [31mప్రకాషం[0m అనే ఆయన [31mవిలే[0m విలేకరులతో మాట్లాడారు
HYP: ఆ పార్టీ రాష్ట్ర కార్యాలయంలో [31mప్రకాశం[0m అనే ఆయన [31m****[0m విలేకరులతో మాట్లాడారు
SENTENCE 1029
Correct          =  80.0%    8   (    10)
Errors           =  20.0%    2   (    10)
REF: మరి
HYP: మరి
SENTENCE 1030
Correct          = 100.0%    1   (     1)
Errors           =   0.0%    0   (     1)
REF: [31m****[0m [31m*****[0m [31m***[0m [31mలేదు [0m [31mపెట్టుబడి[0m [31mడబ్బులు[0m [31mతిసుకోచ్చం[0m
HYP: [31mనేను[0m [31mరెండు[0m [31mవేల[0m [31mపెద్ద[0m [31mపెద్ద    [0m [31mదూసు   [0m [31mకోచ్చు    [0m
SENTENCE 1031
Correct          =   0.0%    0   (     4)
Errors           = 175.0%    7   (     4)
REF: ఎలా ఉంది
HYP: ఎలా ఉంది
SENTENCE 1032
Correct          = 100.0%    2   (     2)
Errors           =   0.0%    0   (     2)
REF: అంటే
HYP: అంటే
SENTENCE 1033
Correct          = 100.0%    1   (     1)
Errors           =   0.0%    0   (     1)
REF: అది
HYP: అది
SENTENCE 1034
Correct          = 100.0%    1   (     1)
Errors           =   0.0%    0   (     1)
REF: [31m*****[0m [31mకొత్తపేట[0m
HYP: [31mకొత్త[0m [31mపేట     [0m
SENTENCE 1035
Correct          =   0.0%    0   (     1)
Errors           = 200.0%    2   (     1)
REF: అంటే [31m******[0m [31m*****[0m [31m******[0m [31mపిల్లల్ని[0m [31mపోషించే[0m [31mస్థోమతుండదు[0m
HYP: అంటే [31mపిల్లల[0m [31mపోషణం[0m [31mచేస్తా[0m [31mముత్తు   [0m [31mఉంది   [0m [31mదూరం       [0m
SENTENCE 1036
Correct          =  25.0%    1   (     4)
Errors           = 150.0%    6   (     4)
REF: [31mహనుమాన్[0m [31mజయంతి      [0m [31mయాత్రలో  [0m [31mవేలాది[0m [31mభక్తులు [0m పాల్గొని తమ [31m****[0m [31mభక్తిశ్రద్ధలు[0m [31mచాటుకున్నారు[0m
HYP: [31m*******[0m [31mఅనుమానించిన[0m [31mయాత్రల్లో[0m [31mవేల   [0m [31mదబ్బతులు[0m పాల్గొని తమ [31mపక్ష[0m [31mస్థలి        [0m [31mజాడ్పున్నారు[0m
SENTENCE 1037
Correct          =  22.2%    2   (     9)
Errors           =  88.9%    8   (     9)
REF: మొత్తం ఇప్పుడు దాదాపు
HYP: మొత్తం ఇప్పుడు దాదాపు
SENTENCE 1038
Correct          = 100.0%    3   (     3)
Errors           =   0.0%    0   (     3)
REF: సరే [31m****[0m ఇంకా [31mఏంటి  [0m [31mకుసుమ     [0m
HYP: సరే [31mఇంకా[0m ఇంకా [31mఇంటికి[0m [31mవస్తున్నాం[0m
SENTENCE 1039
Correct          =  50.0%    2   (     4)
Errors           =  75.0%    3   (     4)
REF: తమ [31m*****[0m [31m******************[0m [31mచర్యను [0m [31mసమర్థించుకోవడానికి[0m [31mడంబికాలు[0m [31mపలకడమే[0m [31mదాని[0m [31mపనిగా[0m [31mమారింది   [0m
HYP: తమ [31mజైనన్[0m [31mసమర్ధించుకోవడానికి[0m [31mదమ్ముకు[0m [31mఅందుబాటులో        [0m [31mతెలంగాణ [0m [31mపైన   [0m [31mజాన్[0m [31mపని  [0m [31mతమ్మారింది[0m
SENTENCE 1040
Correct          =  12.5%    1   (     8)
Errors           = 112.5%    9   (     8)
REF: [31m****[0m [31mపదోన్నతులకు[0m [31mసంబంధించి[0m సంబంధిత [31mఅధికారులకు[0m ఇప్పటికే సమాచారం [31mఅందించినట్లు  [0m తెలుస్తోంది
HYP: [31mపథకం[0m [31mద్వార      [0m [31mసమావేశ   [0m సంబంధిత [31mఅధికారులను[0m ఇప్పటికే సమాచారం [31mఅందించినట్లుగా[0m తెలుస్తోంది
SENTENCE 1041
Correct          =  50.0%    4   (     8)
Errors           =  62.5%    5   (     8)
REF: అవునా
HYP: అవునా
SENTENCE 1042
Correct          = 100.0%    1   (     1)
Errors           =   0.0%    0   (     1)
REF: వినతిపత్రం ఇచ్చిన [31mవర  [0m వారిలో సంఘం రాష్ట్ర అధ్యక్ష ప్రధాన కార్యదర్శులు
HYP: వినతిపత్రం ఇచ్చిన [31mవారో[0m వారిలో సంఘం రాష్ట్ర అధ్యక్ష ప్రధాన కార్యదర్శులు
SENTENCE 1043
Correct          =  88.9%    8   (     9)
Errors           =  11.1%    1   (     9)
REF: అయితే [31mనిందితుడు[0m [31mశనివారం[0m [31mపాపపైన[0m అత్యాచారం చేసి [31mఆదివారం  [0m [31mవదిలి[0m [31mవెయడం[0m [31mఇంటికి   [0m చేరింది
HYP: అయితే [31mనిందితుల [0m [31mసంఘం   [0m [31mపావైనా[0m అత్యాచారం చేసి [31mఆధువాంతనం[0m [31mరద్దు[0m [31mవేయడం[0m [31mఇందింటికి[0m చేరింది
SENTENCE 1044
Correct          =  36.4%    4   (    11)
Errors           =  63.6%    7   (    11)
REF: అవునా
HYP: అవునా
SENTENCE 1045
Correct          = 100.0%    1   (     1)
Errors           =   0.0%    0   (     1)
REF: అవును
HYP: అవును
SENTENCE 1046
Correct          = 100.0%    1   (     1)
Errors           =   0.0%    0   (     1)
REF: [31mఅసలే[0m [31mఎల్లలేదు[0m [31mనేను  [0m
HYP: [31mఅసలు[0m [31mఎవరు    [0m [31mఇంటిని[0m
SENTENCE 1047
Correct          =   0.0%    0   (     3)
Errors           = 100.0%    3   (     3)
REF: గాలి జనార్దన్ రెడ్డి [31mతన  [0m [31mకుమార్తె[0m [31mబ్రహ్మిణిని[0m హైదరాబాద్ [31mకు[0m [31mచెందిన[0m రాజీవ్ రెడ్డికి [31mఇచ్చి[0m వివాహం చేస్తున్నారు
HYP: గాలి జనార్దన్ రెడ్డి [31mతనకు[0m [31mమద్దతి  [0m [31mప్రమాదమిన  [0m హైదరాబాద్ [31m**[0m [31mవిశాఖ [0m రాజీవ్ రెడ్డికి [31mఇషీ  [0m వివాహం చేస్తున్నారు
SENTENCE 1048
Correct          =  57.1%    8   (    14)
Errors           =  42.9%    6   (    14)
REF: రాత్రుళ్లు ఒక్కోసారి [31m******[0m [31mఆకాశంలో[0m ప్రకాశిస్తున్న వస్తువులు వేగవంగా కిందకు [31mపడిపోవటాన్ని[0m మనం [31mచూస్తాం[0m
HYP: రాత్రుళ్లు ఒక్కోసారి [31mఆకాంత్[0m [31mశర్మ   [0m ప్రకాశిస్తున్న వస్తువులు వేగవంగా కిందకు [31mపడిపోయారని  [0m మనం [31mచూస్తూ [0m
SENTENCE 1049
Correct          =  70.0%    7   (    10)
Errors           =  40.0%    4   (    10)
REF: [31mసామాజిక[0m న్యాయం [31mజరగాలనే[0m విషయాన్ని తెలంగాణ [31mరాష్ట్రాన్ని[0m [31mకోరుకుంటున్న[0m చాలా మంది [31mమేధావులు[0m [31mకోరుకుంటున్నారు[0m
HYP: [31mసమాచారి[0m న్యాయం [31mజరిగిన [0m విషయాన్ని తెలంగాణ [31mరాష్ట్రానికి[0m [31mకూరుకుంటున్న[0m చాలా మంది [31mనివాళులు[0m [31mకోరుకున్నారు   [0m
SENTENCE 1050
Correct          =  45.5%    5   (    11)
Errors           =  54.5%    6   (    11)
REF: [31mఅయినా[0m [31mరాజధాని[0m [31mనిర్మాణం[0m [31mమన    [0m [31mప్రాంతంలో  [0m జరగడం వల్ల అందరికీ మేలు [31m***********[0m [31mజరుగుతుందనే[0m [31mనమ్మకంతో[0m [31mభూములిచ్చాం[0m
HYP: [31mఆయన  [0m [31mరాజకీయ [0m [31mనాయకుల  [0m [31mమన్మన్[0m [31mప్రాంతాల్లో[0m జరగడం వల్ల అందరికీ మేలు [31mజరుపుతుందనే[0m [31mనమ్మకం     [0m [31mభూములు  [0m [31mఇచ్చాను    [0m
SENTENCE 1051
Correct          =  33.3%    4   (    12)
Errors           =  75.0%    9   (    12)
REF: వెళ్తే అక్కడ కూడా [31m****[0m [31mఅంతె[0m [31mమంగపట్నం[0m వెళ్లి
HYP: వెళ్తే అక్కడ కూడా [31mఉంటే[0m [31mమన  [0m [31mపని     [0m వెళ్లి
SENTENCE 1052
Correct          =  66.7%    4   (     6)
Errors           =  50.0%    3   (     6)
REF: [31mఅవినీతి[0m [31mపరులు  [0m కూడా [31mచాల [0m మంది ఉన్నారు
HYP: [31mఅవన్నీ [0m [31mఇప్పుడు[0m కూడా [31mచాలా[0m మంది ఉన్నారు
SENTENCE 1053
Correct          =  50.0%    3   (     6)
Errors           =  50.0%    3   (     6)
REF: [31m****[0m [31mఇంకేంటి[0m చెప్పు
HYP: [31mఇంకా[0m [31mఏంటి   [0m చెప్పు
SENTENCE 1054
Correct          =  50.0%    1   (     2)
Errors           = 100.0%    2   (     2)
REF: ఆహా
HYP: ఆహా
SENTENCE 1055
Correct          = 100.0%    1   (     1)
Errors           =   0.0%    0   (     1)
REF: సమావేశాలకు ఆయన వెళ్లిన [31mదాఖలాలు [0m లేవు
HYP: సమావేశాలకు ఆయన వెళ్లిన [31mసహకారాలు[0m లేవు
SENTENCE 1056
Correct          =  80.0%    4   (     5)
Errors           =  20.0%    1   (     5)
REF: అవును
HYP: అవును
SENTENCE 1057
Correct          = 100.0%    1   (     1)
Errors           =   0.0%    0   (     1)
REF: చాలా అవసరం [31m***[0m [31mగదండీ[0m
HYP: చాలా అవసరం [31mపది[0m [31mఅండి [0m
SENTENCE 1058
Correct          =  66.7%    2   (     3)
Errors           =  66.7%    2   (     3)
REF: [31mబట్టలంటే [0m
HYP: [31mబట్టలేంటి[0m
SENTENCE 1059
Correct          =   0.0%    0   (     1)
Errors           = 100.0%    1   (     1)
REF: [31mఎంత   [0m [31mకష్టం [0m [31mవచ్చిన [0m
HYP: [31mఎందుకు[0m [31mఅస్సలు[0m [31mవచ్చినా[0m
SENTENCE 1060
Correct          =   0.0%    0   (     3)
Errors           = 100.0%    3   (     3)
REF: అంటే
HYP: అంటే
SENTENCE 1061
Correct          = 100.0%    1   (     1)
Errors           =   0.0%    0   (     1)
REF: [31mఇక[0m [31mబాలిక [0m [31mసొంత[0m ఊరు విశాఖ [31mజిల్లాలోని[0m [31mతునిగా[0m [31mతెలుస్తోంది[0m
HYP: [31m**[0m [31mదుబాయ్[0m [31mకసంత[0m ఊరు విశాఖ [31mజిల్లాలో  [0m [31mతమిగి [0m [31mతెలుసుకుంది[0m
SENTENCE 1062
Correct          =  25.0%    2   (     8)
Errors           =  75.0%    6   (     8)
REF: పశ్చిమగోదావరి జిల్లా [31m****[0m [31mపోలవరంలో[0m ఆయన [31mమంగళవారం [0m ప్రారంభించారు
HYP: పశ్చిమగోదావరి జిల్లా [31mపొదల[0m [31mవరంలో   [0m ఆయన [31mమండలవల్లి[0m ప్రారంభించారు
SENTENCE 1063
Correct          =  66.7%    4   (     6)
Errors           =  50.0%    3   (     6)
REF: [31mప్రభుత్వ [0m
HYP: [31mప్రభుత్వం[0m
SENTENCE 1064
Correct          =   0.0%    0   (     1)
Errors           = 100.0%    1   (     1)
REF: గోదావరి పుష్కరాల్లో భాగంగా ఆదివారం [31mకరీంనగర్[0m జిల్లా [31m*********[0m [31mమంథని[0m [31mకాళేశ్వరంలలో[0m కుటుంబ సమేతంగా పుష్కర [31mస్నానమాచరించారు [0m
HYP: గోదావరి పుష్కరాల్లో భాగంగా ఆదివారం [31mకరీందర  [0m జిల్లా [31mమంత్రులని[0m [31mకలపను[0m [31mసమీకర్      [0m కుటుంబ సమేతంగా పుష్కర [31mస్నానమార్దించారు[0m
SENTENCE 1065
Correct          =  66.7%    8   (    12)
Errors           =  41.7%    5   (    12)
REF: తనకు [31m*********[0m [31mరజత      [0m [31mపతకం  [0m [31mరావడం  [0m [31mసంతోషంగానే[0m ఉందని ఆమె [31mచెబుతోంది[0m
HYP: తనకు [31mరాజ్యసభలో[0m [31mకాంగ్రెసు[0m [31mతోడ్గా[0m [31mమార్చడం[0m [31mచూస్తుందో [0m ఉందని ఆమె [31mచెప్తుంది[0m
SENTENCE 1066
Correct          =  37.5%    3   (     8)
Errors           =  75.0%    6   (     8)
REF: అప్పు [31m******[0m [31mతీర్చేమార్గం[0m లేక నాలుగు రోజుల క్రితం [31mఇంటి[0m నుంచి వెళ్లిపోయాడు
HYP: అప్పు [31mతీర్చే[0m [31mమార్గం      [0m లేక నాలుగు రోజుల క్రితం [31mఇందు[0m నుంచి వెళ్లిపోయాడు
SENTENCE 1067
Correct          =  77.8%    7   (     9)
Errors           =  33.3%    3   (     9)
REF: [31mఅదే[0m
HYP: [31mఅది[0m
SENTENCE 1068
Correct          =   0.0%    0   (     1)
Errors           = 100.0%    1   (     1)
REF: అంటే ఉన్న [31m******[0m [31m*****[0m [31mఒళ్లు [0m [31mఉన్న [0m [31mవిధంగా [0m చేసుకుంటారు [31mలేని[0m [31mఒళ్లు   [0m [31mలేని  [0m [31mవిధంగా[0m చేసుకుంటారు
HYP: అంటే ఉన్న [31mవాళ్ళు[0m [31mఉన్నా[0m [31mవాళ్ళు[0m [31mఉన్నా[0m [31mవిండాలు[0m చేసుకుంటారు [31mనేను[0m [31mవిన్నాను[0m [31mఎందులో[0m [31mఎం    [0m చేసుకుంటారు
SENTENCE 1069
Correct          =  36.4%    4   (    11)
Errors           =  81.8%    9   (    11)
REF: అవును
HYP: అవును
SENTENCE 1070
Correct          = 100.0%    1   (     1)
Errors           =   0.0%    0   (     1)
REF: దంపతుల [31mఆత్మహత్య [0m ఆంధ్రప్రదేశ్ [31mరాష్ట్రంలోని[0m కడప జిల్లా [31mకుల్లంపేట[0m మండలం [31m******[0m [31m*****[0m [31mరెడ్డిపల్లి[0m [31mవద్ద [0m [31mవిషాదం  [0m చోటు చేసుకుంది
HYP: దంపతుల [31mఆత్మహత్యా[0m ఆంధ్రప్రదేశ్ [31mరాష్ట్రాన్ని[0m కడప జిల్లా [31mకొల్లంపేట[0m మండలం [31mరెడ్డి[0m [31mపల్లె[0m [31mమొదట       [0m [31mవిభాద[0m [31mవిశ్వానం[0m చోటు చేసుకుంది
SENTENCE 1071
Correct          =  53.8%    7   (    13)
Errors           =  61.5%    8   (    13)
REF: అవును [31mనిజమే[0m ఎందుకంటే
HYP: అవును [31mనిజం [0m ఎందుకంటే
SENTENCE 1072
Correct          =  66.7%    2   (     3)
Errors           =  33.3%    1   (     3)
REF: [31mనిన్ను[0m [31mకోరి      [0m [31mచూసాను[0m [31mనానిది[0m
HYP: [31mనేను  [0m [31mకొల్చేశాను[0m [31mనా    [0m [31mఅనేది [0m
SENTENCE 1073
Correct          =   0.0%    0   (     4)
Errors           = 100.0%    4   (     4)
REF: [31mప్రభుత్వం[0m [31mలో         [0m ప్రభుత్వ [31mచర్యల్లో[0m కూడా [31mస్త్రీలకు[0m సమాన హక్కులు కల్పిస్తున్నారు
HYP: [31m*********[0m [31mప్రభుత్వంలో[0m ప్రభుత్వ [31mచర్యలు  [0m కూడా [31mస్థిరులకు[0m సమాన హక్కులు కల్పిస్తున్నారు
SENTENCE 1074
Correct          =  55.6%    5   (     9)
Errors           =  44.4%    4   (     9)
REF: అవును
HYP: అవును
SENTENCE 1075
Correct          = 100.0%    1   (     1)
Errors           =   0.0%    0   (     1)
REF: అవును
HYP: అవును
SENTENCE 1076
Correct          = 100.0%    1   (     1)
Errors           =   0.0%    0   (     1)
REF: పెరిగిన నిత్యావసర వస్తువుల ధరలకు ప్రస్తుతం ఇస్తున్న [31mవేతనాలు[0m [31mఏ     [0m [31mమాత్రం    [0m సరిపోకుండా [31mఉద్యోగుల [0m [31mకుటుంబాలు[0m [31mతీవ్ర[0m [31mఅవస్థలు [0m [31mఎదుర్కొంటున్నారని[0m తెలిపారు
HYP: పెరిగిన నిత్యావసర వస్తువుల ధరలకు ప్రస్తుతం ఇస్తున్న [31m*******[0m [31mవేతనాల[0m [31mఏర్పాట్లనూ[0m సరిపోకుండా [31mఉద్యోగులు[0m [31mకుటుంబాల [0m [31mతీరు [0m [31mఅవాస్తలు[0m [31mపెదుకుంటున్నారని [0m తెలిపారు
SENTENCE 1077
Correct          =  50.0%    8   (    16)
Errors           =  50.0%    8   (    16)
REF: ఇంకా
HYP: ఇంకా
SENTENCE 1078
Correct          = 100.0%    1   (     1)
Errors           =   0.0%    0   (     1)
REF: పట్టిసీమ [31mనీరు  [0m [31mకూడా [0m [31mవస్తుండటం[0m శాఖ అధికారులు తెలిపారు
HYP: పట్టిసీమ [31mనేరుగా[0m [31mఅవసరం[0m [31mలేక      [0m శాఖ అధికారులు తెలిపారు
SENTENCE 1079
Correct          =  57.1%    4   (     7)
Errors           =  42.9%    3   (     7)
REF: వ్యవసాయ [31m*******[0m [31mకార్మికసంఘం[0m రాష్ట్ర ప్రధాన [31mకార్యదర్శి[0m [31mవెంకటేశ్వర్లు [0m మాట్లాడుతూ [31mపేదలకు[0m పక్కా [31mఇళ్లు[0m పేదలకు [31mవిస్పరించాలి[0m [31mఅని          [0m [31mచప్పారు [0m
HYP: వ్యవసాయ [31mకార్మిక[0m [31mసంఘం       [0m రాష్ట్ర ప్రధాన [31m**********[0m [31mకార్యదర్శివర్గ[0m మాట్లాడుతూ [31m******[0m పక్కా [31mఇల్లు[0m పేదలకు [31m************[0m [31mవిస్తరించాలని[0m [31mచెప్పారు[0m
SENTENCE 1080
Correct          =  42.9%    6   (    14)
Errors           =  64.3%    9   (    14)
REF: కాకపోతే
HYP: కాకపోతే
SENTENCE 1081
Correct          = 100.0%    1   (     1)
Errors           =   0.0%    0   (     1)
REF: తెలుస్తది
HYP: తెలుస్తది
SENTENCE 1082
Correct          = 100.0%    1   (     1)
Errors           =   0.0%    0   (     1)
REF: అయితే ఈ [31mనగదు    [0m [31mఎక్కడి [0m [31mనుండి[0m [31mవచ్చిందనే[0m సమాచారాన్ని అధికారులు సేకరిస్తున్నారు
HYP: అయితే ఈ [31mనెలకొన్న[0m [31mచికిత్స[0m [31mనుంచి[0m [31mవచ్చిందని[0m సమాచారాన్ని అధికారులు సేకరిస్తున్నారు
SENTENCE 1083
Correct          =  55.6%    5   (     9)
Errors           =  44.4%    4   (     9)
REF: [31mవ్యక్తులు[0m [31mతో  [0m ఎలా మాట్లాడాలి
HYP: [31mవ్యక్తి  [0m [31mదూరం[0m ఎలా మాట్లాడాలి
SENTENCE 1084
Correct          =  50.0%    2   (     4)
Errors           =  50.0%    2   (     4)
REF: మన
HYP: మన
SENTENCE 1085
Correct          = 100.0%    1   (     1)
Errors           =   0.0%    0   (     1)
REF: [31mఐద్వా[0m [31mనగర [0m కార్యదర్శి శ్రీదేవి ప్రగతిశీల మహిళా సంఘం నాయకులు గంగాభవానీ తదితరులు పాల్గొన్నారు
HYP: [31mఅయితే[0m [31mఅనగా[0m కార్యదర్శి శ్రీదేవి ప్రగతిశీల మహిళా సంఘం నాయకులు గంగాభవానీ తదితరులు పాల్గొన్నారు
SENTENCE 1086
Correct          =  81.8%    9   (    11)
Errors           =  18.2%    2   (    11)
REF: వ్యాయామం [31mచేసేటపుడు  [0m
HYP: వ్యాయామం [31mచేసేటప్పుడు[0m
SENTENCE 1087
Correct          =  50.0%    1   (     2)
Errors           =  50.0%    1   (     2)
REF: తెలీదు
HYP: తెలీదు
SENTENCE 1088
Correct          = 100.0%    1   (     1)
Errors           =   0.0%    0   (     1)
REF: ఇరవై [31mలేదా[0m [31mముప్ఫై[0m
HYP: ఇరవై [31mఏళ్ళ[0m [31mముప్పై[0m
SENTENCE 1089
Correct          =  33.3%    1   (     3)
Errors           =  66.7%    2   (     3)
REF: ఈ [31mమూడింటిలో[0m [31mపేరు  [0m [31mఇతర [0m [31mవివరాలు[0m [31mఅన్నీ [0m [31mఒకేలా    [0m ఉండాలి
HYP: ఈ [31mమూడు     [0m [31mనెల్లో[0m [31mపేరు[0m [31mజరిగిన [0m [31mరాములు[0m [31mఅన్యోగ్యం[0m ఉండాలి
SENTENCE 1090
Correct          =  25.0%    2   (     8)
Errors           =  75.0%    6   (     8)
REF: అవును
HYP: అవును
SENTENCE 1091
Correct          = 100.0%    1   (     1)
Errors           =   0.0%    0   (     1)
REF: చూద్దాం [31mకలుద్దాము[0m
HYP: చూద్దాం [31mకలుగుతం  [0m
SENTENCE 1092
Correct          =  50.0%    1   (     2)
Errors           =  50.0%    1   (     2)
REF: దీంతో అధికారులు [31mసహాయక[0m [31mబృందాలను  [0m రంగంలోకి దించారు
HYP: దీంతో అధికారులు [31m*****[0m [31mసహాయకురంగా[0m రంగంలోకి దించారు
SENTENCE 1093
Correct          =  66.7%    4   (     6)
Errors           =  33.3%    2   (     6)
REF: [31mవీటిలో[0m [31mఉచిత    [0m [31mక్రమబద్ధీకరణకు[0m [31mజనం     [0m [31mఎగబడినప్పటికీ[0m [31mడబ్బులు [0m [31mచెల్లించి[0m [31mక్రమబద్ధీకరించుకునేందుకు[0m మాత్రం [31mజనం  [0m ముందుకు రావడం [31mలేదంటున్నారు[0m
HYP: [31mవీటిని[0m [31mగుర్తించ[0m [31mకామన్వ        [0m [31mతీరాన్ని[0m [31mచంద్రబాబు    [0m [31mజగ్గడటకు[0m [31mడబ్బులు  [0m [31mచెల్లించేందుకు          [0m మాత్రం [31mవిశాఖ[0m ముందుకు రావడం [31mలేదన్నారు   [0m
SENTENCE 1094
Correct          =  23.1%    3   (    13)
Errors           =  76.9%   10   (    13)
REF: [31m******[0m [31m******[0m [31mకృష్ణాజిల్లా  [0m [31mమచిలీప్నటంలోని[0m [31mరాజుపేట[0m [31mనందిగామలో  [0m [31mకరపత్రాలు[0m పంపిణీ చేశారు
HYP: [31mకృష్ణా[0m [31mజిల్లా[0m [31mమచిలీపట్నంలోని[0m [31mరాజ్యసభ       [0m [31mపడక    [0m [31mనందిగామలోని[0m [31mకరబత్రాలు[0m పంపిణీ చేశారు
SENTENCE 1095
Correct          =  28.6%    2   (     7)
Errors           = 100.0%    7   (     7)
REF: చదివించడం వల్ల తెలుస్తుంది
HYP: చదివించడం వల్ల తెలుస్తుంది
SENTENCE 1096
Correct          = 100.0%    3   (     3)
Errors           =   0.0%    0   (     3)
REF: నా ఉద్దేశం
HYP: నా ఉద్దేశం
SENTENCE 1097
Correct          = 100.0%    2   (     2)
Errors           =   0.0%    0   (     2)
REF: [31m****[0m [31mమనిషి [0m [31mమాంసాన్ని[0m [31mఅంతా[0m చేసి
HYP: [31mమంచి[0m [31mమాములు[0m [31mసాగిన    [0m [31mఅంత [0m చేసి
SENTENCE 1098
Correct          =  25.0%    1   (     4)
Errors           = 100.0%    4   (     4)
REF: [31m******[0m [31m**[0m [31mఇతను  [0m
HYP: [31mఇద్దరు[0m [31mమా[0m [31mద్వారా[0m
SENTENCE 1099
Correct          =   0.0%    0   (     1)
Errors           = 300.0%    3   (     1)
REF: [31mఆహా[0m సినిమాలో [31mచూసి[0m
HYP: [31mఆ  [0m సినిమాలో [31mచేసే[0m
SENTENCE 1100
Correct          =  33.3%    1   (     3)
Errors           =  66.7%    2   (     3)
REF: అని [31mచెప్పుకునే[0m [31mఅంత       [0m [31mవరకు            [0m [31mదీన్ని[0m [31mఅరికట్టగలిగితే [0m
HYP: అని [31m**********[0m [31mచెప్పుకొనే[0m [31mప్రవర్గమవుతున్నా[0m [31mదీని  [0m [31mఅరికట్టగలిగిందే[0m
SENTENCE 1101
Correct          =  16.7%    1   (     6)
Errors           =  83.3%    5   (     6)
REF: అవును
HYP: అవును
SENTENCE 1102
Correct          = 100.0%    1   (     1)
Errors           =   0.0%    0   (     1)
REF: [31mసత్యనారాయణ [0m [31mస్వామి[0m [31mగుడి[0m
HYP: [31mస్వచ్ఛందంగా[0m [31mసమయం  [0m [31mకూడా[0m
SENTENCE 1103
Correct          =   0.0%    0   (     3)
Errors           = 100.0%    3   (     3)
REF: [31mబ్రతకడం[0m [31mచాలా[0m కష్టం
HYP: [31mబుధవారం[0m [31mచానా[0m కష్టం
SENTENCE 1104
Correct          =  33.3%    1   (     3)
Errors           =  66.7%    2   (     3)
REF: అవును
HYP: అవును
SENTENCE 1105
Correct          = 100.0%    1   (     1)
Errors           =   0.0%    0   (     1)
REF: అవును
HYP: అవును
SENTENCE 1106
Correct          = 100.0%    1   (     1)
Errors           =   0.0%    0   (     1)
REF: కానీ ఇప్పుడు [31mవచ్చే[0m అమరావతి విషయం [31m****[0m [31mగాని[0m [31mఅమరావతి[0m [31mఈ   [0m
HYP: కానీ ఇప్పుడు [31mవచ్చి[0m అమరావతి విషయం [31mఅండి[0m [31mఅని [0m [31mఅమరా   [0m [31mఅవతే[0m
SENTENCE 1107
Correct          =  50.0%    4   (     8)
Errors           =  62.5%    5   (     8)
REF: ఎలా ఉన్నావు
HYP: ఎలా ఉన్నావు
SENTENCE 1108
Correct          = 100.0%    2   (     2)
Errors           =   0.0%    0   (     2)
REF: ఆహా లేదు లేదు లేదు మా [31mఇంట్లో[0m [31mఅయితే[0m [31mపంపించరు[0m [31mఅంత        [0m [31mగమ్మున[0m
HYP: ఆహా లేదు లేదు లేదు మా [31m******[0m [31m*****[0m [31mఇంట్లోకి[0m [31mపంపించాలంటే[0m [31mకొందరు[0m
SENTENCE 1109
Correct          =  50.0%    5   (    10)
Errors           =  50.0%    5   (    10)
REF: లేకపోయింది
HYP: లేకపోయింది
SENTENCE 1110
Correct          = 100.0%    1   (     1)
Errors           =   0.0%    0   (     1)
REF: దాని [31mమిద[0m [31mవారికి[0m [31mప్రతీ[0m
HYP: దాని [31mమీద[0m [31mవాడికి[0m [31mప్రతి[0m
SENTENCE 1111
Correct          =  25.0%    1   (     4)
Errors           =  75.0%    3   (     4)
REF: దేవుడు కూడా [31mమనకి[0m సహాయం చేస్తాడు
HYP: దేవుడు కూడా [31mమనం [0m సహాయం చేస్తాడు
SENTENCE 1112
Correct          =  80.0%    4   (     5)
Errors           =  20.0%    1   (     5)
REF: [31mనువ్వేమి[0m [31mచదువుకున్నావ్[0m
HYP: [31mలేదు    [0m [31mచదువుకున్నం  [0m
SENTENCE 1113
Correct          =   0.0%    0   (     2)
Errors           = 100.0%    2   (     2)
REF: [31mవేల్లరంట[0m [31mఅని [0m చెప్పారు
HYP: [31mఏదైనా   [0m [31mఇంకా[0m చెప్పారు
SENTENCE 1114
Correct          =  33.3%    1   (     3)
Errors           =  66.7%    2   (     3)
REF: అభిముఖంగా [31m*******[0m [31m****[0m [31m***********[0m [31m******[0m [31mఢీకొనడం [0m [31mవల్లే[0m [31mచంద్రుడు[0m [31mఏర్పడ్డాడని[0m [31mఅధ్యయన[0m చెబుతోంది
HYP: అభిముఖంగా [31mదిగ్కరణ[0m [31mమోదీ[0m [31mచంద్రబాబులో[0m [31mఎర్పడ్[0m [31mపడడానికి[0m [31mఅదనపు[0m [31mఅదే     [0m [31mనాక        [0m [31mసేవల  [0m చెబుతోంది
SENTENCE 1115
Correct          =  28.6%    2   (     7)
Errors           = 128.6%    9   (     7)
REF: పవన్ కళ్యాణ్ [31mప్రకటన[0m [31mఅనంతరం   [0m ఎక్కువ [31mతెలుగుదేశం       [0m [31mపార్టీ [0m [31mనాయకులే[0m స్వాగతించారు
HYP: పవన్ కళ్యాణ్ [31m******[0m [31mప్రకటనలను[0m ఎక్కువ [31mతీర్చిదిద్దేందుకు[0m [31mప్రతిని[0m [31mనాయకులు[0m స్వాగతించారు
SENTENCE 1116
Correct          =  44.4%    4   (     9)
Errors           =  55.6%    5   (     9)
REF: ప్రభుత్వ [31mప్రజావ్యతిరేక[0m [31mవిధానాలను[0m [31mప్రశ్నిస్తారనే[0m [31mభయంతోనే  [0m [31mవిద్యార్థులకు[0m [31mరాజకీయాలు [0m [31mవద్దంటున్నారని[0m [31mచెప్పారు[0m
HYP: ప్రభుత్వ [31mప్రజల        [0m [31mవిత్తనాలు[0m [31mప్రశ్నిస్తానని[0m [31mబెందాన్ని[0m [31mవిద్యార్థులు [0m [31mరాజకీయాలకు[0m [31mతెలుసునని     [0m [31mతెలిపారు[0m
SENTENCE 1117
Correct          =  11.1%    1   (     9)
Errors           =  88.9%    8   (     9)
REF: భారీ [31mవర్షాలు[0m దాదాపు నాలుగు లక్షల [31m*****[0m [31mఎకరాల్లో[0m [31mపంటను[0m [31mనష్టం  [0m [31mవాటిల్లింది[0m
HYP: భారీ [31mవర్షాల [0m దాదాపు నాలుగు లక్షల [31mఎకరాల[0m [31mపండుగ   [0m [31mనాష్ [0m [31mబాటింగ్[0m [31mఎండి       [0m
SENTENCE 1118
Correct          =  44.4%    4   (     9)
Errors           =  66.7%    6   (     9)
REF: అలాగే [31mమీరి[0m
HYP: అలాగే [31mమీరు[0m
SENTENCE 1119
Correct          =  50.0%    1   (     2)
Errors           =  50.0%    1   (     2)
REF: మీకు తెలిసిన [31m****[0m [31mవరకైతే[0m
HYP: మీకు తెలిసిన [31mవరకే[0m [31mఅయితే [0m
SENTENCE 1120
Correct          =  66.7%    2   (     3)
Errors           =  66.7%    2   (     3)
REF: చైనా [31m*******[0m [31mసముద్ర[0m [31mదీవులకు[0m [31mఅమెరికాకు[0m ఎలాంటి [31mసంబంధమూ[0m లేదు
HYP: చైనా [31mసామూర్త[0m [31mతీవ్ర [0m [31mకులాలకు[0m [31mఅమరికాకు [0m ఎలాంటి [31mసంబంధం [0m లేదు
SENTENCE 1121
Correct          =  42.9%    3   (     7)
Errors           =  71.4%    5   (     7)
REF: చెప్పాను
HYP: చెప్పాను
SENTENCE 1122
Correct          = 100.0%    1   (     1)
Errors           =   0.0%    0   (     1)
REF: ఎమ్మెల్సీ [31mసీటును   [0m [31mచిరంజీవి [0m తన [31m****[0m [31m*******[0m [31mవర్గానికి[0m [31mచెందిన[0m [31mకోటగిరి  [0m [31mవిద్యాధర    [0m [31mరావుకు[0m [31mఇప్పించాలని[0m [31mవిశ్వప్రయత్నం[0m చేశారు
HYP: ఎమ్మెల్సీ [31mస్టేట్లను[0m [31mచెల్లించి[0m తన [31mవద్ద[0m [31mఅనుచరుల[0m [31mకోటేరి   [0m [31mవిద్యా[0m [31mవ్యాధులను[0m [31mఆపిరిచారులనే[0m [31mవిషయం [0m [31mపై         [0m [31mప్రయత్నం     [0m చేశారు
SENTENCE 1123
Correct          =  25.0%    3   (    12)
Errors           =  91.7%   11   (    12)
REF: అప్పుడప్పుడు [31mఎదన్న[0m పని [31mఉంటె[0m
HYP: అప్పుడప్పుడు [31mఇదైనా[0m పని [31mఅంటే[0m
SENTENCE 1124
Correct          =  50.0%    2   (     4)
Errors           =  50.0%    2   (     4)
REF: నా ఆలోచన [31mకొచ్చు    [0m అయితే మన [31m**[0m [31mమహిళలు[0m
HYP: నా ఆలోచన [31mకూర్చొచ్చు[0m అయితే మన [31mమా[0m [31mమీడలు [0m
SENTENCE 1125
Correct          =  66.7%    4   (     6)
Errors           =  50.0%    3   (     6)
REF: విలీనం సందర్భంగా [31mఆంధ్ర [0m తెలంగాణ నాయకుల మధ్య పెద్ద మనుషుల ఒప్పందం కుదిరింది
HYP: విలీనం సందర్భంగా [31mఆంధ్రా[0m తెలంగాణ నాయకుల మధ్య పెద్ద మనుషుల ఒప్పందం కుదిరింది
SENTENCE 1126
Correct          =  90.0%    9   (    10)
Errors           =  10.0%    1   (    10)
REF: తీసుకున్న [31mతరువాత[0m
HYP: తీసుకున్న [31mతర్వాత[0m
SENTENCE 1127
Correct          =  50.0%    1   (     2)
Errors           =  50.0%    1   (     2)
REF: ఈ కార్యక్రమం చరిత్రలో [31m******[0m [31m****[0m [31mనిలిచిపోయేంతటి[0m ప్రాధాన్యతను సంతరించుకుందని అభిప్రాయపడ్డారు
HYP: ఈ కార్యక్రమం చరిత్రలో [31mనిలిచి[0m [31mపోయే[0m [31mఇంతకి         [0m ప్రాధాన్యతను సంతరించుకుందని అభిప్రాయపడ్డారు
SENTENCE 1128
Correct          =  85.7%    6   (     7)
Errors           =  42.9%    3   (     7)
REF: [31mచిదంబరం [0m [31mచేసిన    [0m [31mప్రకటనకు[0m ప్రభుత్వం కట్టుబడి ఉంటుందా [31mఅనేది[0m [31mచెప్పలేకుండా[0m [31mఉంది              [0m
HYP: [31mశ్రివారం[0m [31mచేస్తున్న[0m [31mప్రకటనపై[0m ప్రభుత్వం కట్టుబడి ఉంటుందా [31m*****[0m [31mఅని         [0m [31mచెప్పలేకపోయారన్నది[0m
SENTENCE 1129
Correct          =  33.3%    3   (     9)
Errors           =  66.7%    6   (     9)
REF: [31m*********[0m [31m*****[0m [31mహోమియోపతి[0m
HYP: [31mప్రభుత్వం[0m [31mయొక్క[0m [31mతి       [0m
SENTENCE 1130
Correct          =   0.0%    0   (     1)
Errors           = 300.0%    3   (     1)
REF: [31mఇబ్బంది  [0m పడుతున్నారు
HYP: [31mఇబ్బందులు[0m పడుతున్నారు
SENTENCE 1131
Correct          =  50.0%    1   (     2)
Errors           =  50.0%    1   (     2)
REF: నేను చూడలేదు
HYP: నేను చూడలేదు
SENTENCE 1132
Correct          = 100.0%    2   (     2)
Errors           =   0.0%    0   (     2)
REF: కార్మికులు తమ [31mపోరాటాన్ని[0m [31mతాత్కాలికంగా[0m [31mవిరమించారు  [0m
HYP: కార్మికులు తమ [31mపోరాటం    [0m [31mఆగ్రహాన్ని  [0m [31mవిమర్శించారు[0m
SENTENCE 1133
Correct          =  40.0%    2   (     5)
Errors           =  60.0%    3   (     5)
REF: అవును
HYP: అవును
SENTENCE 1134
Correct          = 100.0%    1   (     1)
Errors           =   0.0%    0   (     1)
REF: అది [31m****[0m [31m*******[0m [31m*****[0m [31m***[0m [31mతెలుయనోల్లు[0m [31mఎవరైనా[0m సరే [31mతెలుసుకోవచ్చు[0m
HYP: అది [31mమీరు[0m [31mతెలియని[0m [31mమళ్ళీ[0m [31mఎంత[0m [31mవరకు       [0m [31mఅయిన  [0m సరే [31mకొంచెం       [0m
SENTENCE 1135
Correct          =  40.0%    2   (     5)
Errors           = 140.0%    7   (     5)
REF: [31m******[0m [31mభూగర్భజలాలు[0m [31mపడిపోయి   [0m [31mబోరులన్నీ[0m [31mఅడుగంటి   [0m [31mపోగా[0m [31mరక్షిత    [0m [31mమంచినీటి[0m [31mపథకాలు [0m దెబ్బతిన్నాయి
HYP: [31mభూగర్భ[0m [31mజలాలు      [0m [31mపడిపోయాయని[0m [31mబొర్రెడ్ [0m [31mసోనియాగంటే[0m [31mఓ   [0m [31mకార్యక్రమం[0m [31mనుంచి   [0m [31mపథకాలను[0m దెబ్బతిన్నాయి
SENTENCE 1136
Correct          =  11.1%    1   (     9)
Errors           = 100.0%    9   (     9)
REF: తమ [31mఆధ్వర్యంలోని[0m [31mసంఘమే[0m [31mఅసలైనదని[0m కూడా పవన్ [31mరెడ్డి   [0m చెప్పారు
HYP: తమ [31mఆధురంలో     [0m [31mసందడి[0m [31mఅసలైనని [0m కూడా పవన్ [31mకల్యాక్షీ[0m చెప్పారు
SENTENCE 1137
Correct          =  50.0%    4   (     8)
Errors           =  50.0%    4   (     8)
REF: [31mఅట్లాగా[0m [31mఉందంటే [0m అది నిజంగా [31m*******[0m [31m*****[0m [31m****[0m [31mజరిగిందనుకుంటున్నార[0m [31mమీరు [0m
HYP: [31m*******[0m [31mఅటువంటి[0m అది నిజంగా [31mజరిగితే[0m [31mనన్ను[0m [31mకుడా[0m [31mనాకు               [0m [31mఇల్లు[0m
SENTENCE 1138
Correct          =  33.3%    2   (     6)
Errors           = 116.7%    7   (     6)
REF: అవును
HYP: అవును
SENTENCE 1139
Correct          = 100.0%    1   (     1)
Errors           =   0.0%    0   (     1)
REF: ఈ విత్తనాలు
HYP: ఈ విత్తనాలు
SENTENCE 1140
Correct          = 100.0%    2   (     2)
Errors           =   0.0%    0   (     2)
REF: [31mఅమ్మాయే[0m
HYP: [31mఅమ్మాయి[0m
SENTENCE 1141
Correct          =   0.0%    0   (     1)
Errors           = 100.0%    1   (     1)
REF: [31m***[0m [31mమొదలైతే [0m [31mబాగుంటది[0m
HYP: [31mఅదే[0m [31mఎందుకంటే[0m [31mఉంటారు  [0m
SENTENCE 1142
Correct          =   0.0%    0   (     2)
Errors           = 150.0%    3   (     2)
REF: [31mఅంతే[0m
HYP: [31mఅంటే[0m
SENTENCE 1143
Correct          =   0.0%    0   (     1)
Errors           = 100.0%    1   (     1)
REF: మనసు కూడా [31mచురుగా  [0m మారుతుంది
HYP: మనసు కూడా [31mచుట్టుగా[0m మారుతుంది
SENTENCE 1144
Correct          =  75.0%    3   (     4)
Errors           =  25.0%    1   (     4)
REF: [31mకచ్చితంగా[0m [31mప్రజల    [0m [31mవైపు      [0m [31mప్రజల[0m [31mపక్షాన్ని[0m ఆలోచిస్తాడు [31mప్రజలా [0m
HYP: [31m*********[0m [31mఖచ్చితంగా[0m [31mప్రతిభలోకి[0m [31mపది  [0m [31mలక్షల    [0m ఆలోచిస్తాడు [31mతల్లిదా[0m
SENTENCE 1145
Correct          =  14.3%    1   (     7)
Errors           =  85.7%    6   (     7)
REF: నాకు బాగానే [31mఉన్నను[0m [31mనా   [0m [31mజీవితానికి[0m [31mఏంటి[0m [31mమిత్రమా[0m
HYP: నాకు బాగానే [31m******[0m [31mఉన్నా[0m [31mజీవితాన్ని[0m [31mగాని[0m [31mనిమ్మతమ[0m
SENTENCE 1146
Correct          =  28.6%    2   (     7)
Errors           =  71.4%    5   (     7)
REF: రాష్ట్ర రాజకీయాల్లో [31mమరుగున[0m పడిపోయిన ప్రత్యేక హోదా అంశం [31mమళ్లీ[0m తెరపైకి వచ్చింది
HYP: రాష్ట్ర రాజకీయాల్లో [31mమరో   [0m పడిపోయిన ప్రత్యేక హోదా అంశం [31mవళ్లే[0m తెరపైకి వచ్చింది
SENTENCE 1147
Correct          =  80.0%    8   (    10)
Errors           =  20.0%    2   (    10)
REF: అవును
HYP: అవును
SENTENCE 1148
Correct          = 100.0%    1   (     1)
Errors           =   0.0%    0   (     1)
REF: [31mఆ  [0m జరిగిన పుష్కరాల్లో కూడా కొన్ని [31mఅపశ్రుతులు[0m [31mజరినై[0m [31mఅందుట్లో[0m [31mదెగ్గర  [0m [31mదెగ్గర   [0m [31mఒ     [0m [31mపదమూడు[0m [31mపద్నాలుగు[0m [31mమంది[0m చనిపోవడం [31mకూడా [0m
HYP: [31mఅది[0m జరిగిన పుష్కరాల్లో కూడా కొన్ని [31m**********[0m [31m*****[0m [31m********[0m [31mఅబస్తులు[0m [31mజరిగినాయి[0m [31mఅంటులో[0m [31mదేవుడు[0m [31mఅతను     [0m [31mమనం [0m చనిపోవడం [31mకూడదు[0m
SENTENCE 1149
Correct          =  31.2%    5   (    16)
Errors           =  68.8%   11   (    16)
REF: తెలీదు తెలీదు
HYP: తెలీదు తెలీదు
SENTENCE 1150
Correct          = 100.0%    2   (     2)
Errors           =   0.0%    0   (     2)
REF: [31mఎక్కువుగా[0m వాడడం వల్ల ఏంటంటే మనకి బాగా
HYP: [31mఎక్కువగా [0m వాడడం వల్ల ఏంటంటే మనకి బాగా
SENTENCE 1151
Correct          =  83.3%    5   (     6)
Errors           =  16.7%    1   (     6)
REF: ఈ [31m******[0m [31mకొనుగోళ్ళుకు[0m [31mఆదరణ   [0m పెంచేస్తున్నాం అయితే [31mకొనే  [0m ముందు ఈ జాగ్రత్తలు [31mతప్పని[0m [31mసరి      [0m
HYP: ఈ [31mకొడుకు[0m [31mవాళ్ళు      [0m [31mవాళ్ళని[0m పెంచేస్తున్నాం అయితే [31mకొన్ని[0m ముందు ఈ జాగ్రత్తలు [31m******[0m [31mతప్పనిసరి[0m
SENTENCE 1152
Correct          =  54.5%    6   (    11)
Errors           =  54.5%    6   (    11)
REF: [31mస్వభావం[0m [31mకూడా     [0m అలాగే [31mఉంది[0m
HYP: [31m*******[0m [31mసౌకర్యాలు[0m అలాగే [31m****[0m
SENTENCE 1153
Correct          =  25.0%    1   (     4)
Errors           =  75.0%    3   (     4)
REF: [31mఅందుకు[0m [31mఆయన్ని  [0m తెచ్చి [31mగుడి[0m దగ్గర అమ్ముకుంటున్నారు
HYP: [31mఅందులో[0m [31mఅయ్యన్ని[0m తెచ్చి [31mముడి[0m దగ్గర అమ్ముకుంటున్నారు
SENTENCE 1154
Correct          =  50.0%    3   (     6)
Errors           =  50.0%    3   (     6)
REF: కేసు నమోదు చేసిన [31mదర్యప్తు[0m చేస్తున్నట్లు [31mఎస్సై   [0m తెలిపారు
HYP: కేసు నమోదు చేసిన [31mఫిర్యాదు[0m చేస్తున్నట్లు [31mవెస్తాయి[0m తెలిపారు
SENTENCE 1155
Correct          =  71.4%    5   (     7)
Errors           =  28.6%    2   (     7)
REF: ఆహా
HYP: ఆహా
SENTENCE 1156
Correct          = 100.0%    1   (     1)
Errors           =   0.0%    0   (     1)
REF: ఇంకా [31mఆ[0m
HYP: ఇంకా [31m*[0m
SENTENCE 1157
Correct          =  50.0%    1   (     2)
Errors           =  50.0%    1   (     2)
REF: అలాగే నిరక్షరాస్యత కూడా నిరుద్యోగానికి కారణం అవుతుంది
HYP: అలాగే నిరక్షరాస్యత కూడా నిరుద్యోగానికి కారణం అవుతుంది
SENTENCE 1158
Correct          = 100.0%    6   (     6)
Errors           =   0.0%    0   (     6)
REF: [31mవింటుంటేనే[0m [31mఒళ్ళు  [0m [31mగగుర్పొడిచే[0m ఈ [31mదారుణం  [0m [31mఆలస్యంగా[0m [31mవెలుగులోకి [0m వచ్చింది
HYP: [31mవింటూనే   [0m [31mవిలీకగా[0m [31mకురుస్తే   [0m ఈ [31mదారుణంగా[0m [31mఆదేశంతో [0m [31mవెళ్లొందుకు[0m వచ్చింది
SENTENCE 1159
Correct          =  25.0%    2   (     8)
Errors           =  75.0%    6   (     8)
REF: దీనికి [31mస్పందించిన[0m [31mసిస్కో    [0m [31mఛైర్మన్[0m తమ [31mకార్యాలయాన్ని[0m ఏర్పాటు [31mచేస్తామని[0m హామీ ఇచ్చారు
HYP: దీనికి [31m**********[0m [31mసంబంధించిన[0m [31mసూచనలు [0m తమ [31mకార్యాలయాలను [0m ఏర్పాటు [31mచేశామని  [0m హామీ ఇచ్చారు
SENTENCE 1160
Correct          =  50.0%    5   (    10)
Errors           =  50.0%    5   (    10)
REF: [31m********[0m [31mహుటాహుటిన[0m [31mఘటనా [0m [31mస్థలానికి [0m చేరుకున్న పోలీసులు [31mనిందితుడ్ని[0m చూసి ఒక్కసారిగా [31m****[0m [31mహతాశులయ్యారు[0m
HYP: [31mపూర్తయిన[0m [31mఘనత      [0m [31mరెండు[0m [31mస్థానానికి[0m చేరుకున్న పోలీసులు [31mనిందితుడు  [0m చూసి ఒక్కసారిగా [31mహాట్[0m [31mచేయాలి      [0m
SENTENCE 1161
Correct          =  44.4%    4   (     9)
Errors           =  77.8%    7   (     9)
REF: ఆ రోజు [31mఅంత[0m [31mఅమౌంటే   [0m [31mమార్చుకోవడానికి  [0m [31mవుంది [0m [31mఅంతకంటే[0m [31mఎక్కువ[0m [31mవున్నది[0m [31mఏం       [0m [31mచేసుకుంటాడు[0m
HYP: ఆ రోజు [31m***[0m [31mదాంట్లోనే[0m [31mమాట్లాడుకుంటున్నా[0m [31mమాత్రం[0m [31mకదండీ  [0m [31mకూడా  [0m [31mదేవి   [0m [31mచేసుకుంటూ[0m [31mరూ         [0m
SENTENCE 1162
Correct          =  18.2%    2   (    11)
Errors           =  81.8%    9   (    11)
REF: అక్కడ ఏమైందో [31mఏంటో   [0m తెలీదు
HYP: అక్కడ ఏమైందో [31mఇప్పుడు[0m తెలీదు
SENTENCE 1163
Correct          =  75.0%    3   (     4)
Errors           =  25.0%    1   (     4)
REF: మీరు మీ భార్య [31mఎన్ని [0m [31mగంట్లకి[0m [31mలేస్తారండి[0m
HYP: మీరు మీ భార్య [31mద్వారా[0m [31mలే     [0m [31mచేస్తారండి[0m
SENTENCE 1164
Correct          =  50.0%    3   (     6)
Errors           =  50.0%    3   (     6)
REF: ఒక [31mసంవత్సరం[0m చేస్తే మాకు
HYP: ఒక [31mసౌకర్యం [0m చేస్తే మాకు
SENTENCE 1165
Correct          =  75.0%    3   (     4)
Errors           =  25.0%    1   (     4)
REF: అది కూడా [31m******[0m [31mస్వామిజి[0m [31mబాబాలు[0m [31mవిల్లె[0m [31mవస్తారు[0m
HYP: అది కూడా [31mస్వామి[0m [31mవిజయ    [0m [31mభావాలు[0m [31mవిలివి[0m [31mఎవర్సర్[0m
SENTENCE 1166
Correct          =  33.3%    2   (     6)
Errors           =  83.3%    5   (     6)
REF: ఎక్కువగా [31mచదువుకున్నా[0m చదువుకున్న వాళ్లకి చదువుకోలేని వాళ్ళకి
HYP: ఎక్కువగా [31mచదువుకున్న [0m చదువుకున్న వాళ్లకి చదువుకోలేని వాళ్ళకి
SENTENCE 1167
Correct          =  83.3%    5   (     6)
Errors           =  16.7%    1   (     6)
REF: [31m****[0m [31m**[0m [31m******[0m [31m****[0m [31mసునీత       [0m [31mప్రధానార్చకుడు[0m [31mభద్రకాళి[0m [31mశేషుల  [0m [31mఆధ్వర్యంలో[0m [31mవేద     [0m [31mస్వస్తి [0m [31mపూర్ణకుంభంతో[0m స్వాగతం పలికారు
HYP: [31mసినీ[0m [31mతో[0m [31mప్రధాన[0m [31mచొడు[0m [31mబృద్దపల్లిలో[0m [31mశేషు          [0m [31mలాగ్    [0m [31mతెలంగాణ[0m [31mవేదిక     [0m [31mఆస్పత్రి[0m [31mభూనాకులు[0m [31mమొదట        [0m స్వాగతం పలికారు
SENTENCE 1168
Correct          =  20.0%    2   (    10)
Errors           = 120.0%   12   (    10)
REF: మొక్కజొన్న [31mఇలాగా    [0m చాలా
HYP: మొక్కజొన్న [31mఆడపిల్లకు[0m చాలా
SENTENCE 1169
Correct          =  66.7%    2   (     3)
Errors           =  33.3%    1   (     3)
REF: నైపుణ్యం ఉన్న [31mఅభ్యర్థులను[0m ఆయా సంస్థలు [31mఏరి[0m [31mకోరి [0m [31mఎంపిక[0m [31mచేసుకుంటుంటాయి[0m
HYP: నైపుణ్యం ఉన్న [31mఅభివృద్ధిను[0m ఆయా సంస్థలు [31m***[0m [31mఏర్పు[0m [31mయాత్ర[0m [31mచేసుకున్నాయి  [0m
SENTENCE 1170
Correct          =  44.4%    4   (     9)
Errors           =  55.6%    5   (     9)
REF: ఈ [31mసమాచారం  [0m [31mతెలుసుకొన్న[0m మృతుల [31m******[0m [31mకుటుంసభ్యులు[0m [31mకన్నీరుమున్నీరుగా[0m [31mవిలపిస్తున్నారు [0m
HYP: ఈ [31mసమావేశాలు[0m [31mతెలుసుకున్న[0m మృతుల [31mకుటుంబ[0m [31mసభ్యులు     [0m [31mకల్వనున్నట్టుగా  [0m [31mవినిపిస్తున్నారు[0m
SENTENCE 1171
Correct          =  28.6%    2   (     7)
Errors           =  85.7%    6   (     7)
REF: [31m******[0m [31mశ్రీవారి  [0m [31mసేవలో [0m [31mఅల్లరి [0m [31mనరేష్   [0m [31mదంపతులు[0m [31mతిరుమల[0m [31mవేంకటేశ్వరుడికి[0m [31mఅలంకరించే[0m [31mఅసలు[0m [31mసిసలైన[0m [31mఅద్భుత[0m [31mపుష్పాలతో[0m [31mఇక్కడి           [0m [31mవేదికపైన[0m [31mకొలువు  [0m [31mతీరిన [0m [31mస్వామివారికి[0m [31mఅలంకరించారు[0m
HYP: [31mస్త్రీ[0m [31mహరిక్ష్మణ్[0m [31mవనరన్న[0m [31mవిషయంలో[0m [31mప్రభుత్వ[0m [31mతెలుగు [0m [31mమామిడి[0m [31mపై             [0m [31mశుభ్రంగా [0m [31mఉన్న[0m [31mక్రి  [0m [31mసమస్యల[0m [31mనేపథ్యంలో[0m [31mసురుస్తున్నప్పుడు[0m [31mతప్పులు [0m [31mప్రస్తుత[0m [31mప్రధాన[0m [31mకార్యదర్శి  [0m [31mరా         [0m
SENTENCE 1172
Correct          =   0.0%    0   (    18)
Errors           = 105.6%   19   (    18)
REF: నెల్లూరు జిల్లాలో ఈదురు [31mగాలుల[0m [31mతో     [0m కూడిన భారీ వర్షం కురుస్తోంది
HYP: నెల్లూరు జిల్లాలో ఈదురు [31m*****[0m [31mగాలులతో[0m కూడిన భారీ వర్షం కురుస్తోంది
SENTENCE 1173
Correct          =  77.8%    7   (     9)
Errors           =  22.2%    2   (     9)
REF: సరే
HYP: సరే
SENTENCE 1174
Correct          = 100.0%    1   (     1)
Errors           =   0.0%    0   (     1)
REF: [31mవాళ్ళ[0m నమ్మకం [31mవాళ్ళది[0m
HYP: [31mబాగా [0m నమ్మకం [31mవాళ్ళకి[0m
SENTENCE 1175
Correct          =  33.3%    1   (     3)
Errors           =  66.7%    2   (     3)
REF: అట్లాంటి ప్రదేశంలో ఉన్న వాళ్ళు
HYP: అట్లాంటి ప్రదేశంలో ఉన్న వాళ్ళు
SENTENCE 1176
Correct          = 100.0%    4   (     4)
Errors           =   0.0%    0   (     4)
REF: [31m*****[0m [31m**[0m [31m*********[0m [31mనెలాఖరులోగా[0m [31mతరలిన [0m [31mశాఖలు [0m [31mమినహాయిస్తే[0m [31mమిగిలిన[0m [31mశాఖలకు [0m ఇంకా [31mభవనాలే     [0m [31mసమకూర[0m లేదని [31mగుర్తించారు  [0m
HYP: [31mజలాక్[0m [31mలో[0m [31mగోల్కోటలో[0m [31mతెలంగాణ    [0m [31mసాహ్రణ[0m [31mవినాయక[0m [31mచయిన       [0m [31mమిగతా  [0m [31mసహకరులు[0m ఇంకా [31mభాగస్వామ్యం[0m [31mకూడా [0m లేదని [31mకురుత్రించారు[0m
SENTENCE 1177
Correct          =  18.2%    2   (    11)
Errors           = 109.1%   12   (    11)
REF: అది [31mఎ[0m విధంగా [31mచేస్తారు[0m [31mప్రజలకి[0m చేస్తారా [31mదేశానికి[0m [31mచేస్తారా[0m
HYP: అది [31mఏ[0m విధంగా [31mచేసే    [0m [31mప్రతి  [0m చేస్తారా [31mచేసారండి[0m [31mచేస్తారు[0m
SENTENCE 1178
Correct          =  37.5%    3   (     8)
Errors           =  62.5%    5   (     8)
REF: ఫిర్యాదు వస్తే హత్య కేసు నమోదు చేస్తామని పోలీసులు అంటున్నారు
HYP: ఫిర్యాదు వస్తే హత్య కేసు నమోదు చేస్తామని పోలీసులు అంటున్నారు
SENTENCE 1179
Correct          = 100.0%    8   (     8)
Errors           =   0.0%    0   (     8)
REF: అలా చేయడం వల్ల దాని [31mకరెక్ట్[0m [31mధర        [0m [31mమీకు[0m [31mతెలుస్తుంది[0m
HYP: అలా చేయడం వల్ల దాని [31m*******[0m [31mకార్యకర్తల[0m [31mమీద [0m [31mతెలుస్తోంది[0m
SENTENCE 1180
Correct          =  50.0%    4   (     8)
Errors           =  50.0%    4   (     8)
REF: అవునవును
HYP: అవునవును
SENTENCE 1181
Correct          = 100.0%    1   (     1)
Errors           =   0.0%    0   (     1)
REF: [31mకొంత[0m [31mమందికి     [0m అవసరం
HYP: [31m****[0m [31mకుటుంబానికి[0m అవసరం
SENTENCE 1182
Correct          =  33.3%    1   (     3)
Errors           =  66.7%    2   (     3)
REF: దేశంలో [31mపద[0m [31mపదేళ్లలో[0m మూడు లక్షల మంది [31mచెరకు [0m రైతులు [31mఆత్మహత్యలకు[0m [31mపాల్పడిన[0m చెప్పారు
HYP: దేశంలో [31m**[0m [31mపద్దెలలో[0m మూడు లక్షల మంది [31mతిరుగు[0m రైతులు [31mఆత్మహత్యకు [0m [31mపాల్పడి [0m చెప్పారు
SENTENCE 1183
Correct          =  54.5%    6   (    11)
Errors           =  45.5%    5   (    11)
REF: [31m**********[0m [31mఫిర్యాదుదారులతో[0m [31mవ్యవహరించే   [0m తీరుపై [31mసిబ్బందికి[0m అవగాహన కల్పిస్తున్నామని [31mకమలాసన్ [0m రెడ్డి తెలిపారు
HYP: [31mఫిర్యాదులో[0m [31mరాజు           [0m [31mవ్యాహరేజెక్టి[0m తీరుపై [31mసిబ్బంది  [0m అవగాహన కల్పిస్తున్నామని [31mకమలాహలను[0m రెడ్డి తెలిపారు
SENTENCE 1184
Correct          =  55.6%    5   (     9)
Errors           =  55.6%    5   (     9)
REF: [31mఇప్పుడు[0m [31mఅయితే    [0m అసలు
HYP: [31m*******[0m [31mఇప్పుడైతే[0m అసలు
SENTENCE 1185
Correct          =  33.3%    1   (     3)
Errors           =  66.7%    2   (     3)
REF: పెద్ద [31mనోట్ల [0m రద్దు చేసారు
HYP: పెద్ద [31mనోట్లు[0m రద్దు చేసారు
SENTENCE 1186
Correct          =  75.0%    3   (     4)
Errors           =  25.0%    1   (     4)
REF: అవునా
HYP: అవునా
SENTENCE 1187
Correct          = 100.0%    1   (     1)
Errors           =   0.0%    0   (     1)
REF: [31mపైన[0m ప్రకటన చేశారు
HYP: [31mపని[0m ప్రకటన చేశారు
SENTENCE 1188
Correct          =  66.7%    2   (     3)
Errors           =  33.3%    1   (     3)
REF: [31mదాని  [0m గురించి [31m*****[0m [31mఎవైన [0m [31mనీకు    [0m [31mఏమైనా[0m [31mకొత్తగా[0m [31mఅలాంటివి[0m [31mఏమైనా [0m తెలిస్తే చెప్పు నాకు
HYP: [31mదాన్ని[0m గురించి [31mఏమైనా[0m [31mకొత్త[0m [31mలొత్తిది[0m [31mఅయిన [0m [31mఅంటే   [0m [31mమీరు    [0m [31mఏమన్నా[0m తెలిస్తే చెప్పు నాకు
SENTENCE 1189
Correct          =  36.4%    4   (    11)
Errors           =  72.7%    8   (    11)
REF: ఈ [31mలెక్కల[0m [31mప్రకారం[0m [31mరాజ్యసభలో[0m [31mతెలంగాణ [0m [31mబిల్లులు[0m [31mపై    [0m [31mచర్చ        [0m [31mఅనంతరం    [0m [31mఓటింగ్[0m జరిగినా [31mసంకీర్ణ  [0m ప్రభుత్వం [31mసునాయాసంగా[0m [31mవిజయం     [0m [31mసాధిస్తుందని[0m అంటున్నారు
HYP: ఈ [31m******[0m [31m*******[0m [31m*********[0m [31mలక్క్కలు[0m [31mప్రకాశం [0m [31mసెలంగా[0m [31mనిలిపిలోపాటు[0m [31mచార్మనంతరం[0m [31mఓటుకు [0m జరిగినా [31mసంక్రాంతి[0m ప్రభుత్వం [31m**********[0m [31mసూర్యనాయకం[0m [31mసాగిస్తుందని[0m అంటున్నారు
SENTENCE 1190
Correct          =  23.5%    4   (    17)
Errors           =  76.5%   13   (    17)
REF: రెండు [31mనెలలుగా[0m [31mతన  [0m [31mభర్త[0m [31mనుంచి   [0m తన [31mబిడ్డలకు [0m [31mహాని[0m ఉందని చాలా [31m***********[0m [31mకుమిలిపోయానని[0m [31mఇక   [0m [31mఏం        [0m [31mజరుగుతుందోననే[0m [31mఆందోళన  [0m ఉందని ఆమె అన్నది
HYP: రెండు [31m*******[0m [31mనెలల[0m [31mకాలం[0m [31mపత్తింది[0m తన [31mపిట్టలోని[0m [31mహారీ[0m ఉందని చాలా [31mకుడిపోయానని[0m [31mఈ            [0m [31mకలియం[0m [31mజరుగుతుందో[0m [31mఅనే          [0m [31mఅందోళనలు[0m ఉందని ఆమె అన్నది
SENTENCE 1191
Correct          =  38.9%    7   (    18)
Errors           =  66.7%   12   (    18)
REF: అదే
HYP: అదే
SENTENCE 1192
Correct          = 100.0%    1   (     1)
Errors           =   0.0%    0   (     1)
REF: [31m*******[0m [31mసమస్యాత్మక[0m [31mపరీక్షా[0m కేంద్రాల్లో [31mసిసి  [0m [31mకెమెరాలు[0m ఏర్పాటు [31mచేస్తున్నట్లు[0m తెలిపారు
HYP: [31mసమస్యను[0m [31mమక్కర్    [0m [31mపరీక్ష [0m కేంద్రాల్లో [31mసిపిఎం[0m [31mనాయకులు [0m ఏర్పాటు [31mచేస్తున్నట్టు[0m తెలిపారు
SENTENCE 1193
Correct          =  37.5%    3   (     8)
Errors           =  75.0%    6   (     8)
REF: బినామీదారులపై కూడా [31mచర్యలు[0m [31mచేపట్టేందుకు[0m రంగం సిద్ధం [31mచేస్తున్నారు     [0m
HYP: బినామీదారులపై కూడా [31mజగన్  [0m [31mఎందుకు      [0m రంగం సిద్ధం [31mచేస్తున్నారన్నారు[0m
SENTENCE 1194
Correct          =  57.1%    4   (     7)
Errors           =  42.9%    3   (     7)
REF: [31mఇప్పుడు[0m ఏంటంటే
HYP: [31mఇంకా   [0m ఏంటంటే
SENTENCE 1195
Correct          =  50.0%    1   (     2)
Errors           =  50.0%    1   (     2)
REF: [31mఐతే  [0m నెల క్రితం [31mఉన్న  [0m [31mధరలు   [0m [31mఇప్పులేవ్[0m
HYP: [31mఅయితే[0m నెల క్రితం [31mఅనంతరం[0m [31mఇప్పుడు[0m [31mలేవు     [0m
SENTENCE 1196
Correct          =  33.3%    2   (     6)
Errors           =  66.7%    4   (     6)
REF: పరిశ్రమలు ఉపాధి [31mకల్పన  [0m కోసం పెట్టుబడులు [31mఉపయోగపడుతాయని[0m ఆయన చెప్పారు
HYP: పరిశ్రమలు ఉపాధి [31mకార్మిక[0m కోసం పెట్టుబడులు [31mఉపయోగపడతాయని [0m ఆయన చెప్పారు
SENTENCE 1197
Correct          =  75.0%    6   (     8)
Errors           =  25.0%    2   (     8)
REF: అలాగా [31m******[0m [31mచేస్తుంటరా[0m
HYP: అలాగా [31mచేస్తూ[0m [31mఉంటారా    [0m
SENTENCE 1198
Correct          =  50.0%    1   (     2)
Errors           = 100.0%    2   (     2)
REF: అఖిల భారత విద్య విజ్ఞాన సంస్థను ఏర్పాటు [31mచేసేందుకు    [0m అనువైన స్థలాన్ని పరిశీలించేందుకు కేంద్ర [31mబృందం[0m [31mశనివారం[0m [31mఉదయం     [0m [31mమంగళగిరిలో[0m [31mపర్యటించింది[0m
HYP: అఖిల భారత విద్య విజ్ఞాన సంస్థను ఏర్పాటు [31mచేసుకునేందుకు[0m అనువైన స్థలాన్ని పరిశీలించేందుకు కేంద్ర [31m*****[0m [31m*******[0m [31mప్రభుత్వం[0m [31mచర్యలపై   [0m [31mపరిణించింది [0m
SENTENCE 1199
Correct          =  62.5%   10   (    16)
Errors           =  37.5%    6   (    16)
REF: [31m*****[0m [31m*********[0m [31mఐక్యరాజ్యసమితి[0m తనకు ఇచ్చిన బాధ్యతను [31mశక్తి[0m [31mమేర  [0m [31mనెరేస్తుందని[0m [31mసానియా         [0m [31mమీర్జా       [0m ఈ [31mసందర్భంగా[0m అన్నారు
HYP: [31mఅయితే[0m [31mరాజస్థామ్[0m [31mవీరికి        [0m తనకు ఇచ్చిన బాధ్యతను [31m*****[0m [31mషక్కి[0m [31mమేలు        [0m [31mనిర్వహిస్తుందని[0m [31mసాన్యాంభిస్తా[0m ఈ [31mసందర్బంగా[0m అన్నారు
SENTENCE 1200
Correct          =  41.7%    5   (    12)
Errors           =  75.0%    9   (    12)
REF: అవును
HYP: అవును
SENTENCE 1201
Correct          = 100.0%    1   (     1)
Errors           =   0.0%    0   (     1)
REF: తెలంగాణలో కరువు పరిస్థితులు [31mనెలకొంటే[0m సమీక్షించేందుకు ముఖ్యమంత్రి [31mకె[0m [31mచంద్రశేఖర్[0m [31mరావుకు[0m [31mసమయం         [0m [31mదొరకలేదా[0m [31mఅని       [0m ఆయన ప్రశ్నించారు
HYP: తెలంగాణలో కరువు పరిస్థితులు [31mనెలకొన్న[0m సమీక్షించేందుకు ముఖ్యమంత్రి [31m**[0m [31m**********[0m [31mకే    [0m [31mచంద్రశేఖరరావు[0m [31mసమీతిల  [0m [31mపర్యకారాణి[0m ఆయన ప్రశ్నించారు
SENTENCE 1202
Correct          =  50.0%    7   (    14)
Errors           =  50.0%    7   (    14)
REF: కాని దీని కోసం ప్రభుత్వం ఎలాంటి [31m******[0m [31mచర్యలు    [0m [31mతీసుకోవాల్సిన[0m [31mఅవసరముంది[0m
HYP: కాని దీని కోసం ప్రభుత్వం ఎలాంటి [31mచర్యలూ[0m [31mతిసుకోళ్లు[0m [31mసమస్త        [0m [31mఉన్నాయి  [0m
SENTENCE 1203
Correct          =  62.5%    5   (     8)
Errors           =  50.0%    4   (     8)
REF: చంద్రబాబు [31mసీనియర్[0m [31mసిటిజన్[0m ఇంటికి [31m******[0m [31m******[0m [31mవెళ్లి[0m [31mవిచారించుకోవాల్సి[0m ఉంటుందన్నారు
HYP: చంద్రబాబు [31mసేన    [0m [31mసిపిఐం [0m ఇంటికి [31mవెళ్లే[0m [31mవిచారణ[0m [31mవిచారణ[0m [31mచేసుకోవాల్సి     [0m ఉంటుందన్నారు
SENTENCE 1204
Correct          =  42.9%    3   (     7)
Errors           =  85.7%    6   (     7)
REF: ఇద్దరికీ వచ్చేసి ముప్పై [31mవేలు[0m
HYP: ఇద్దరికీ వచ్చేసి ముప్పై [31mనేను[0m
SENTENCE 1205
Correct          =  75.0%    3   (     4)
Errors           =  25.0%    1   (     4)
REF: చాలా ఇంకా చెప్పాలంటే
HYP: చాలా ఇంకా చెప్పాలంటే
SENTENCE 1206
Correct          = 100.0%    3   (     3)
Errors           =   0.0%    0   (     3)
REF: [31mజరీబు [0m [31mప్రాంతలో   [0m కూడా భూముల ధరలు [31mవేగంగా[0m పెరుగుతున్నాయి
HYP: [31mజాతియు[0m [31mప్రాంతాల్లో[0m కూడా భూముల ధరలు [31mవిధంగా[0m పెరుగుతున్నాయి
SENTENCE 1207
Correct          =  57.1%    4   (     7)
Errors           =  42.9%    3   (     7)
REF: ఈ మేరకు చెప్పారు
HYP: ఈ మేరకు చెప్పారు
SENTENCE 1208
Correct          = 100.0%    3   (     3)
Errors           =   0.0%    0   (     3)
REF: [31mఆమె[0m [31mతమిళనాడు   [0m మాజీ ముఖ్యమంత్రి జయలలిత [31mతన[0m [31mఅభిప్రాయం[0m [31mకూడా       [0m ఉంది
HYP: [31m***[0m [31mఅమెరికాలోని[0m మాజీ ముఖ్యమంత్రి జయలలిత [31m**[0m [31mతరలి     [0m [31mప్రయాణికుడు[0m ఉంది
SENTENCE 1209
Correct          =  44.4%    4   (     9)
Errors           =  55.6%    5   (     9)
REF: వాళ్ళ అధికారులతో మాట్లాడితే గానీ
HYP: వాళ్ళ అధికారులతో మాట్లాడితే గానీ
SENTENCE 1210
Correct          = 100.0%    4   (     4)
Errors           =   0.0%    0   (     4)
REF: అడిగాను
HYP: అడిగాను
SENTENCE 1211
Correct          = 100.0%    1   (     1)
Errors           =   0.0%    0   (     1)
REF: కాగా [31m****[0m [31mనరేంద్ర[0m [31mమోడీ [0m [31mమంగళవారం[0m తెలంగాణలో [31m******[0m నాలుగు [31mసభల్లో[0m పాల్గొంటున్నారు
HYP: కాగా [31mనగదు[0m [31mబోటి   [0m [31mముందు[0m [31mవరకు    [0m తెలంగాణలో [31mనాలుగు[0m నాలుగు [31mసవరణలో[0m పాల్గొంటున్నారు
SENTENCE 1212
Correct          =  50.0%    4   (     8)
Errors           =  75.0%    6   (     8)
REF: ఏపీ ఉమ్మడి రాష్ట్రంగా ఉన్నప్పుడు భవన నిర్మాణ కార్మికుల సంక్షేమ నిధిలో [31mరూ     [0m
HYP: ఏపీ ఉమ్మడి రాష్ట్రంగా ఉన్నప్పుడు భవన నిర్మాణ కార్మికుల సంక్షేమ నిధిలో [31mరూపాయలు[0m
SENTENCE 1213
Correct          =  90.0%    9   (    10)
Errors           =  10.0%    1   (    10)
REF: అవునా
HYP: అవునా
SENTENCE 1214
Correct          = 100.0%    1   (     1)
Errors           =   0.0%    0   (     1)
REF: మరి ఈ [31mచెత్తను[0m [31mకొనేవాళ్లు  [0m [31mఎవరైనా[0m ఉన్నారా అని [31mవెతుకుతుంటాం   [0m [31mకూడా[0m
HYP: మరి ఈ [31mచట్టంలో[0m [31mకొన్నేవాళ్లు[0m [31mఎదైనా [0m ఉన్నారా అని [31mవెతుక్కుంటున్నా[0m [31mకుడా[0m
SENTENCE 1215
Correct          =  44.4%    4   (     9)
Errors           =  55.6%    5   (     9)
REF: శాతవాహనాల [31mకాలంలోనే[0m అమరావతి ప్రపంచంలోనే అతిపెద్ద వాణిజ్య [31mకేంద్రంగా[0m [31mవెలుగొందిందని[0m తెలిపారు
HYP: శాతవాహనాల [31mకారణంగా [0m అమరావతి ప్రపంచంలోనే అతిపెద్ద వాణిజ్య [31mతీరంగా   [0m [31mనెలకొందని    [0m తెలిపారు
SENTENCE 1216
Correct          =  66.7%    6   (     9)
Errors           =  33.3%    3   (     9)
REF: [31mనీకు  [0m సరే విజయ్
HYP: [31mఎక్కువ[0m సరే విజయ్
SENTENCE 1217
Correct          =  66.7%    2   (     3)
Errors           =  33.3%    1   (     3)
REF: ఉండకూడదు
HYP: ఉండకూడదు
SENTENCE 1218
Correct          = 100.0%    1   (     1)
Errors           =   0.0%    0   (     1)
REF: మీ
HYP: మీ
SENTENCE 1219
Correct          = 100.0%    1   (     1)
Errors           =   0.0%    0   (     1)
REF: [31mజూలై[0m [31mచివరిలో[0m [31mఇది[0m [31mఆన్[0m [31mలైన్      [0m [31mమరియు[0m [31mఆఫ్   [0m [31mలైన్   [0m [31mసేల్స్[0m [31mలో      [0m [31mఅందుబాటులోకి[0m [31mవస్తుంది             [0m
HYP: [31m****[0m [31m*******[0m [31m***[0m [31m***[0m [31mజ్యోనియాలో[0m [31mఈ    [0m [31mవివాహం[0m [31mనెమ్మని[0m [31mఆపే   [0m [31mప్రయత్నం[0m [31mచేస్తున్నందు[0m [31mముట్టుకొనివ్వవస్తుంది[0m
SENTENCE 1220
Correct          =   0.0%    0   (    12)
Errors           = 100.0%   12   (    12)
REF: [31mవాటి[0m [31mఉపయోగాన్ని    [0m
HYP: [31mవారి[0m [31mఉపయోగాలున్నాయి[0m
SENTENCE 1221
Correct          =   0.0%    0   (     2)
Errors           = 100.0%    2   (     2)
REF: [31mఅరకొరక[0m [31mసమాచారం[0m ఇచ్చిన మంత్రులకు తక్కువ [31mర్యాంకులు[0m [31mకేటాయించారు [0m
HYP: [31mతర్వాత[0m [31mసమాజంలో[0m ఇచ్చిన మంత్రులకు తక్కువ [31mవేడుకలు  [0m [31mహెచ్చరించారు[0m
SENTENCE 1222
Correct          =  42.9%    3   (     7)
Errors           =  57.1%    4   (     7)
REF: అవును
HYP: అవును
SENTENCE 1223
Correct          = 100.0%    1   (     1)
Errors           =   0.0%    0   (     1)
REF: ఉగ్రవాదులకు [31m****[0m [31mమరణశిక్షలు[0m [31mఅమలు  [0m చేయడం వల్ల [31mవచ్చే  [0m [31mఎలాంటి[0m పరిణామాలు ఎదుర్కొనేందుకైనా ప్రభుత్వం సిద్ధంగా ఉందని చెప్పారు
HYP: ఉగ్రవాదులకు [31mమరణి[0m [31mస్కూలలు   [0m [31mఆందోళన[0m చేయడం వల్ల [31mవచ్చేలా[0m [31mఅంటే  [0m పరిణామాలు ఎదుర్కొనేందుకైనా ప్రభుత్వం సిద్ధంగా ఉందని చెప్పారు
SENTENCE 1224
Correct          =  69.2%    9   (    13)
Errors           =  38.5%    5   (    13)
REF: [31m******[0m [31mబంగ్లాదేశ్[0m [31mరచయిత్రి[0m [31mతస్లీమా[0m [31mనస్రీన్[0m [31mప్రముఖ[0m [31mరచయిచ   [0m [31mసల్మాన్  [0m [31mరష్దీలపై[0m చేసిన వ్యాఖ్యలు మాత్రమే [31mబయటకు [0m వచ్చాయి
HYP: [31mఆంధ్రఐ[0m [31mఏజెన్సీలో [0m [31mఅత్యధిక [0m [31mసినిమా [0m [31mరంగస్టీ[0m [31mరంగం  [0m [31mకాజేపుతో[0m [31mసమావేశాలు[0m [31mసర్వేల్ [0m చేసిన వ్యాఖ్యలు మాత్రమే [31mబైటుకు[0m వచ్చాయి
SENTENCE 1225
Correct          =  30.8%    4   (    13)
Errors           =  76.9%   10   (    13)
REF: ప్రత్యక్ష ఎన్నికల్లో [31m****[0m [31mచావుదెబ్బ[0m తింటే [31m**[0m [31mఒక్కమాట[0m [31mకూడ [0m ఎందుకు మాట్లాడలేదని ఆయన ప్రశ్నించారు
HYP: ప్రత్యక్ష ఎన్నికల్లో [31mచాలా[0m [31mదెబ్బ    [0m తింటే [31mఒక[0m [31mమాట    [0m [31mకూడా[0m ఎందుకు మాట్లాడలేదని ఆయన ప్రశ్నించారు
SENTENCE 1226
Correct          =  70.0%    7   (    10)
Errors           =  50.0%    5   (    10)
REF: వెలుగొండ పూర్తయితే [31mప్రకాశం[0m జిల్లా కరువు రహిత ప్రాంతంగా మారుతుందన్నారు
HYP: వెలుగొండ పూర్తయితే [31mప్రఘాసం[0m జిల్లా కరువు రహిత ప్రాంతంగా మారుతుందన్నారు
SENTENCE 1227
Correct          =  87.5%    7   (     8)
Errors           =  12.5%    1   (     8)
REF: [31mవినటాన్ని[0m [31mదాన్ని[0m గురించి విన్నారా
HYP: [31mపెడతానే  [0m [31mదాని  [0m గురించి విన్నారా
SENTENCE 1228
Correct          =  50.0%    2   (     4)
Errors           =  50.0%    2   (     4)
REF: అవును
HYP: అవును
SENTENCE 1229
Correct          = 100.0%    1   (     1)
Errors           =   0.0%    0   (     1)
REF: చేప [31mమందు [0m [31mపంపిణీ[0m [31mజనానికి[0m ఎలాంటి అసౌకర్యం కలగకుండా భారీగా ఏర్పాట్లు చేశారు
HYP: చేప [31mమొంది[0m [31mమంగళజీ[0m [31mజడానికి[0m ఎలాంటి అసౌకర్యం కలగకుండా భారీగా ఏర్పాట్లు చేశారు
SENTENCE 1230
Correct          =  70.0%    7   (    10)
Errors           =  30.0%    3   (    10)
REF: [31m****[0m [31mదానివల్ల[0m ఇంకా [31mకొంచెం   [0m [31mజనాలు[0m ఎక్కువగా [31m*******[0m [31m******[0m [31m****[0m [31mడబ్బులు[0m [31mదాచుకోవడానికి[0m [31mఅవకాశం[0m [31mదొరికింది[0m
HYP: [31mదాని[0m [31mవల్ల    [0m ఇంకా [31mమనుషుల్ని[0m [31mచాలా [0m ఎక్కువగా [31mడబ్బుల్[0m [31mఅందులో[0m [31mఅసలు[0m [31mకూడా   [0m [31mకొంచం        [0m [31mలోకి  [0m [31mఅందింది  [0m
SENTENCE 1231
Correct          =  22.2%    2   (     9)
Errors           = 122.2%   11   (     9)
REF: [31mఅలాగే [0m నేను కూడా [31m*****[0m [31mనూ [0m [31mఇదయ్యాను[0m
HYP: [31mఅలాగని[0m నేను కూడా [31mఅన్నా[0m [31mఇది[0m [31mఅయినా   [0m
SENTENCE 1232
Correct          =  40.0%    2   (     5)
Errors           =  80.0%    4   (     5)
REF: [31mప్రాచీన[0m హోదా [31m******[0m [31mపొందే[0m [31mఅందుకు[0m [31mతెలుగు[0m [31mతెలుగుకు[0m [31mఅన్ని  [0m [31mఅర్హతలున్నాయని[0m [31mన్యాయస్థానం[0m [31mపేర్కొంది  [0m
HYP: [31mరాజీనా [0m హోదా [31mపోలీసు[0m [31mఅనేది[0m [31mకెళ్ళు[0m [31mకనిపి [0m [31mఅర్హత   [0m [31mలేకుండా[0m [31mఅని           [0m [31mనినాసరం    [0m [31mపెరుగుతోంది[0m
SENTENCE 1233
Correct          =  10.0%    1   (    10)
Errors           = 100.0%   10   (    10)
REF: అవునా
HYP: అవునా
SENTENCE 1234
Correct          = 100.0%    1   (     1)
Errors           =   0.0%    0   (     1)
REF: [31mఇషాంత్[0m [31mకనీస [0m [31mధరను  [0m ఎక్కువగా [31mనిర్ణయించడం[0m వల్లే వేలంలో [31m****[0m [31m**********[0m [31mఅతడు  [0m [31mఅమ్ముడుపోలేదని[0m [31mగంభీర్[0m [31mఅనుచిత[0m [31mవ్యాఖ్య    [0m చేశాడు
HYP: [31m******[0m [31mవిషాధ[0m [31mసంఘాలు[0m ఎక్కువగా [31mనిర్ణయించిన[0m వల్లే వేలంలో [31mఅతను[0m [31mబ్రహ్మరోజు[0m [31mబొడ్డు[0m [31mలేదని         [0m [31mమంత్రి[0m [31mనారా  [0m [31mచంద్రబారుకు[0m చేశాడు
SENTENCE 1235
Correct          =  30.8%    4   (    13)
Errors           =  84.6%   11   (    13)
REF: [31mసమస్యలని[0m [31mఎడురుకోవలసి  [0m [31mవస్తుంది[0m కదా అందుకనే [31mమరి [0m [31mముందు       [0m [31mమనకి  [0m
HYP: [31mసమస్యలు [0m [31mఎదుర్కోవాల్సి[0m [31mవస్తది  [0m కదా అందుకనే [31mమనకి[0m [31mఇవ్వనున్నాము[0m [31mఅక్కడే[0m
SENTENCE 1236
Correct          =  25.0%    2   (     8)
Errors           =  75.0%    6   (     8)
REF: [31mభారతదేశంలోని[0m [31mమానవశక్తి[0m [31mయువశక్తి[0m [31mఅద్భుతమని[0m [31mవారిని     [0m [31mపూర్తి  [0m స్థాయిలో [31m******[0m [31mవినియోగించాలని[0m [31mసూచించారు [0m
HYP: [31mమార్టర్     [0m [31mనుంచి    [0m [31mతిరిగి  [0m [31mవిస్తృత  [0m [31mప్రతిపాదనలు[0m [31mప్రభుత్వ[0m స్థాయిలో [31mవేగంగా[0m [31mచంద్రశేద్ర    [0m [31mహర్షించారు[0m
SENTENCE 1237
Correct          =  11.1%    1   (     9)
Errors           = 100.0%    9   (     9)
REF: ఆయన చెల్లెలు [31m****[0m [31m*****[0m [31m*****[0m [31mభర్త [0m [31mకొద్దిరోజుల[0m [31mకిందట [0m మృతి చెందారు
HYP: ఆయన చెల్లెలు [31mబాగా[0m [31mకొత్త[0m [31mకొత్త[0m [31mకొత్త[0m [31mరోజుల      [0m [31mక్రితం[0m మృతి చెందారు
SENTENCE 1238
Correct          =  57.1%    4   (     7)
Errors           =  85.7%    6   (     7)
REF: ఉంటారా
HYP: ఉంటారా
SENTENCE 1239
Correct          = 100.0%    1   (     1)
Errors           =   0.0%    0   (     1)
REF: [31mవల్ల  [0m ఒక పేద [31m*******[0m [31mకుటుంభం[0m [31mబ్రతక  [0m [31mలేలపోతుంది[0m
HYP: [31mపిల్లల[0m ఒక పేద [31mకుటుంబం[0m [31mపనులు  [0m [31mపొందాలి[0m [31mఅప్పుడు   [0m
SENTENCE 1240
Correct          =  33.3%    2   (     6)
Errors           =  83.3%    5   (     6)
REF: ప్రభుత్వం [31m*********[0m [31mచదివించే[0m [31mదానితో[0m విద్యార్ధులు ఎంతో
HYP: ప్రభుత్వం [31mచెరిగించే[0m [31mఏదంటే   [0m [31mఒక    [0m విద్యార్ధులు ఎంతో
SENTENCE 1241
Correct          =  60.0%    3   (     5)
Errors           =  60.0%    3   (     5)
REF: [31mచాల [0m బాగుంది
HYP: [31mచాలా[0m బాగుంది
SENTENCE 1242
Correct          =  50.0%    1   (     2)
Errors           =  50.0%    1   (     2)
REF: [31mఆ[0m అవునండి
HYP: [31m*[0m అవునండి
SENTENCE 1243
Correct          =  50.0%    1   (     2)
Errors           =  50.0%    1   (     2)
REF: రైతు కుటుంబాల్లో [31m*******[0m [31mఒకరికి[0m [31mఉద్యోగం [0m ఇస్తామని సంస్థ [31mఒప్పందం[0m కుదుర్చుకుంది
HYP: రైతు కుటుంబాల్లో [31mఓదార్పు[0m [31mయాత్ర [0m [31mఉగ్రవాదం[0m ఇస్తామని సంస్థ [31mబంధం   [0m కుదుర్చుకుంది
SENTENCE 1244
Correct          =  62.5%    5   (     8)
Errors           =  50.0%    4   (     8)
REF: దీనివల్ల
HYP: దీనివల్ల
SENTENCE 1245
Correct          = 100.0%    1   (     1)
Errors           =   0.0%    0   (     1)
REF: మానసికంగా చాలా [31mఉల్లాసంగా[0m
HYP: మానసికంగా చాలా [31mవస్తుందా [0m
SENTENCE 1246
Correct          =  66.7%    2   (     3)
Errors           =  33.3%    1   (     3)
REF: ఈ సంఘటనతో పోలీసులు కేసు దర్యాప్తు చేసుకున్నారు
HYP: ఈ సంఘటనతో పోలీసులు కేసు దర్యాప్తు చేసుకున్నారు
SENTENCE 1247
Correct          = 100.0%    6   (     6)
Errors           =   0.0%    0   (     6)
REF: అవును
HYP: అవును
SENTENCE 1248
Correct          = 100.0%    1   (     1)
Errors           =   0.0%    0   (     1)
REF: [31mఅందువలన [0m [31mమనం[0m చెప్పాలి ఆ [31mమొక్క [0m [31mలాక్కూడదమ్మా[0m
HYP: [31mఅందువల్ల[0m [31mమన [0m చెప్పాలి ఆ [31mమక్కలు[0m [31mకాకుండా     [0m
SENTENCE 1249
Correct          =  33.3%    2   (     6)
Errors           =  66.7%    4   (     6)
REF: ప్రభుత్వం తీసుకున్న [31mజాగ్రత్తల[0m వల్ల [31m*****[0m [31mగర్భిణీలకు[0m [31mసుఖప్రసవం [0m అయి [31mపండంటి[0m [31mబిడ్డలకు  [0m [31mజన్మనిచ్చారు[0m
HYP: ప్రభుత్వం తీసుకున్న [31mజాగ్రత్త [0m వల్ల [31mగడిపి[0m [31mలేకుండా   [0m [31mప్రస్తుతమూ[0m అయి [31mపంట   [0m [31mఇబ్బందులకు[0m [31mసరిమిచ్చారు [0m
SENTENCE 1250
Correct          =  40.0%    4   (    10)
Errors           =  70.0%    7   (    10)
REF: [31mఆయనకు[0m అవసరం [31mఉంది[0m [31mఅని[0m [31mచెప్పేసి[0m [31mమనం      [0m [31mచెప్పలేం[0m ఎందుకు అవసరం [31mఉంది[0m [31mఅని     [0m [31mచెప్పలేము[0m అని అంటే
HYP: [31mఆయనకి[0m అవసరం [31m****[0m [31m***[0m [31mఅనేది   [0m [31mలేకపోయినా[0m [31mఎప్పుడు [0m ఎందుకు అవసరం [31mలేని[0m [31mచెప్పారు[0m [31mఏమో      [0m అని అంటే
SENTENCE 1251
Correct          =  35.7%    5   (    14)
Errors           =  64.3%    9   (    14)
REF: ఇంకా చెప్పండి
HYP: ఇంకా చెప్పండి
SENTENCE 1252
Correct          = 100.0%    2   (     2)
Errors           =   0.0%    0   (     2)
REF: ఆ [31mపత్రికలు[0m రాష్ట్ర అభివృద్ధిలో భాగస్వామ్యం [31mకాదా[0m అని ప్రశ్నించారు
HYP: ఆ [31mపత్తికి [0m రాష్ట్ర అభివృద్ధిలో భాగస్వామ్యం [31mకదా [0m అని ప్రశ్నించారు
SENTENCE 1253
Correct          =  75.0%    6   (     8)
Errors           =  25.0%    2   (     8)
REF: ఐదు రోజుల పాటు [31mనిర్వహించనున్న[0m ఈ సదస్సును [31m*****[0m [31mశాస్త్రసాంకేతిక[0m [31mరంగాల  [0m [31mప్రగతిని[0m సమీక్షించుకోవడంతో పాటు ప్రత్యేక [31m**********[0m [31mప్రణాళికలను[0m [31mరూపొందించుకుంటామని[0m చెప్పారు
HYP: ఐదు రోజుల పాటు [31mనిర్వహించిన   [0m ఈ సదస్సును [31mసాస్య[0m [31mసాంకేతిక       [0m [31mప్రంగాల[0m [31mప్రవర్తన[0m సమీక్షించుకోవడంతో పాటు ప్రత్యేక [31mప్రణాళికలు[0m [31mరుపజనలు    [0m [31mచేసుకుంటామని      [0m చెప్పారు
SENTENCE 1254
Correct          =  60.0%    9   (    15)
Errors           =  53.3%    8   (    15)
REF: ఆహా
HYP: ఆహా
SENTENCE 1255
Correct          = 100.0%    1   (     1)
Errors           =   0.0%    0   (     1)
REF: అయ్యో
HYP: అయ్యో
SENTENCE 1256
Correct          = 100.0%    1   (     1)
Errors           =   0.0%    0   (     1)
REF: [31mవేరే[0m [31mరాష్ట్రం[0m [31mగురించి[0m [31mమనకెందుకు[0m [31mవేరే[0m [31mదేశం[0m [31mకోసం      [0m [31mమనకెందుకు[0m
HYP: [31mవేరు[0m [31mరాజ్    [0m [31mకుమార్ [0m [31mకెండలు   [0m [31mఎదో [0m [31mలేదో[0m [31mతెలుసుకొని[0m [31mమనకేందుకు[0m
SENTENCE 1257
Correct          =   0.0%    0   (     8)
Errors           = 100.0%    8   (     8)
REF: ఈ వ్యవహారంపై [31mఒక[0m [31mనిపుణుల[0m [31mకమిటీని    [0m [31mనియమించే[0m [31mప్రతిపాదన[0m కూడా ప్రభుత్వ [31mపరిశీలనలో    [0m [31mవున్నట్లు[0m సమాచారం
HYP: ఈ వ్యవహారంపై [31m**[0m [31m*******[0m [31mకనిపించడంలో[0m [31mకనిపించే[0m [31mప్రస్తావన[0m కూడా ప్రభుత్వ [31mపరిస్థితుల్లో[0m [31mఉన్నట్లు [0m సమాచారం
SENTENCE 1258
Correct          =  41.7%    5   (    12)
Errors           =  58.3%    7   (    12)
REF: అలా ఎందుకు
HYP: అలా ఎందుకు
SENTENCE 1259
Correct          = 100.0%    2   (     2)
Errors           =   0.0%    0   (     2)
REF: దీంతో [31m********[0m [31mభారతీయులకు[0m [31mఒకేరోజు[0m రెండు [31mపండుగలు[0m చేసుకునే అవకాశం [31m****************[0m [31mకల్పించినట్లయింది[0m
HYP: దీంతో [31mబాధితుడు[0m [31mకూకే      [0m [31mరోజు   [0m రెండు [31mపంటును [0m చేసుకునే అవకాశం [31mకల్పించనున్నట్లు[0m [31mఅయింది           [0m
SENTENCE 1260
Correct          =  50.0%    4   (     8)
Errors           =  75.0%    6   (     8)
REF: [31m*****[0m [31m******[0m [31mఆయనకు[0m [31mసంపాదన    [0m [31mలేదనుకోండి[0m [31mతన   [0m [31mకుటుంబాన్ని[0m [31mపోషించలేరు[0m [31mతనని  [0m [31mతానూ    [0m [31mపోషించుకోలేరు[0m
HYP: [31mఆయనకి[0m [31mసంబంధం[0m [31mలేదని[0m [31mకొంటుంబాని[0m [31mపోచీ      [0m [31mచేయరు[0m [31mకాని       [0m [31mదాని      [0m [31mదానంలో[0m [31mపోలీసులు[0m [31mచూడాలి       [0m
SENTENCE 1261
Correct          =   0.0%    0   (     9)
Errors           = 122.2%   11   (     9)
REF: [31mఇంకా [0m [31mవెనకి  [0m [31mవెళ్ళిపోయే[0m వాళ్ళు కూడా [31mచాల [0m మంది ఉన్నారు
HYP: [31mఇక్కడ[0m [31mవెనక్కి[0m [31mవెళ్లిపోయి[0m వాళ్ళు కూడా [31mచాలా[0m మంది ఉన్నారు
SENTENCE 1262
Correct          =  50.0%    4   (     8)
Errors           =  50.0%    4   (     8)
REF: [31mవేరేగా[0m వస్తుంటారు
HYP: [31mమీరు  [0m వస్తుంటారు
SENTENCE 1263
Correct          =  50.0%    1   (     2)
Errors           =  50.0%    1   (     2)
REF: దాని గురించి [31mకూడా[0m మొత్తం కూడా వస్తది [31mఅంత [0m కూడా ఉంటది
HYP: దాని గురించి [31m****[0m మొత్తం కూడా వస్తది [31mఅంతా[0m కూడా ఉంటది
SENTENCE 1264
Correct          =  77.8%    7   (     9)
Errors           =  22.2%    2   (     9)
REF: [31mఇక్కడ[0m [31mజేసేవి  [0m [31mవేరుగా[0m [31mఉంటై      [0m [31mఅక్కడ[0m [31mజేసేవి[0m వేరుగా ఉంటాయి
HYP: [31m*****[0m [31mఇక్కడికి[0m [31mచేసారు[0m [31mవేల్లిదంటే[0m [31mఇలా  [0m [31mచేసారు[0m వేరుగా ఉంటాయి
SENTENCE 1265
Correct          =  25.0%    2   (     8)
Errors           =  75.0%    6   (     8)
REF: చాలా మంచిది
HYP: చాలా మంచిది
SENTENCE 1266
Correct          = 100.0%    2   (     2)
Errors           =   0.0%    0   (     2)
REF: ఇంకా
HYP: ఇంకా
SENTENCE 1267
Correct          = 100.0%    1   (     1)
Errors           =   0.0%    0   (     1)
REF: చాలా చాలా [31mబాగుంటుంది[0m [31mఅందరు[0m
HYP: చాలా చాలా [31mమందికి    [0m [31mఅందరూ[0m
SENTENCE 1268
Correct          =  50.0%    2   (     4)
Errors           =  50.0%    2   (     4)
REF: కానీ [31mగుడ్డుకు[0m [31mబదులుగా[0m [31mనేరుగా[0m [31mకోడిపిల్ల[0m బయటకు వచ్చింది
HYP: కానీ [31mగుడ్డకు [0m [31mపదులుగా[0m [31mనిలువ [0m [31mకోడికపై  [0m బయటకు వచ్చింది
SENTENCE 1269
Correct          =  42.9%    3   (     7)
Errors           =  57.1%    4   (     7)
REF: చాలా [31m*[0m [31mఅపురూపంగా[0m [31mచూసుకుంటాం [0m చాలా గౌరవంగా
HYP: చాలా [31mఆ[0m [31mప్రభుగ్య [0m [31mచూస్తున్నాం[0m చాలా గౌరవంగా
SENTENCE 1270
Correct          =  60.0%    3   (     5)
Errors           =  60.0%    3   (     5)
REF: [31m****[0m [31mదానివల్ల[0m [31mకుడా[0m [31mమనం[0m [31mఎప్పుడు[0m ఇంట్లోనే [31mఉండకుదు [0m
HYP: [31mదాని[0m [31mవల్ల    [0m [31mమనకు[0m [31mమరి[0m [31mఇప్పుడు[0m ఇంట్లోనే [31mఉండకూడదు[0m
SENTENCE 1271
Correct          =  16.7%    1   (     6)
Errors           = 100.0%    6   (     6)
REF: అంతేకాకుండా మంత్రులు చాలా మంది [31mజిల్లాలలో[0m [31mపుష్కర    [0m [31mపనులు      [0m పర్యవేక్షిస్తున్న కారణంగా సమావేశానికి హాజరు కాలేమని ముఖ్యమంత్రి సమాచారం అందజేశారు
HYP: అంతేకాకుండా మంత్రులు చాలా మంది [31m*********[0m [31mజిల్లాల్లో[0m [31mపుష్కరపనులు[0m పర్యవేక్షిస్తున్న కారణంగా సమావేశానికి హాజరు కాలేమని ముఖ్యమంత్రి సమాచారం అందజేశారు
SENTENCE 1272
Correct          =  80.0%   12   (    15)
Errors           =  20.0%    3   (    15)
REF: అవునా
HYP: అవునా
SENTENCE 1273
Correct          = 100.0%    1   (     1)
Errors           =   0.0%    0   (     1)
REF: తెలుగుదేశం పార్టీ మాత్రమే కాకుండా [31mకాంగ్రెసు[0m [31mపై       [0m కూడా పోరాటం చేయాల్సిన [31mపస్థితి[0m [31mవైయస్[0m [31mజగన్[0m [31mతెలంగాణకు[0m [31mఅనుకూలంగా[0m [31mతీసుకునే[0m పరిస్థితి ఉంటుందని కెసిఆర్ ఆశిస్తున్నారు
HYP: తెలుగుదేశం పార్టీ మాత్రమే కాకుండా [31m*********[0m [31mకందిష్టపై[0m కూడా పోరాటం చేయాల్సిన [31m*******[0m [31m*****[0m [31m****[0m [31m*********[0m [31m*********[0m [31m********[0m పరిస్థితి ఉంటుందని కెసిఆర్ ఆశిస్తున్నారు
SENTENCE 1274
Correct          =  57.9%   11   (    19)
Errors           =  42.1%    8   (    19)
REF: [31mఇంక [0m [31mవాట్లకి[0m మందులు కూడా [31mవుండవు[0m [31mఅసలు    [0m
HYP: [31mఇంకా[0m [31mవాడికి [0m మందులు కూడా [31m******[0m [31mఉండాల్సి[0m
SENTENCE 1275
Correct          =  33.3%    2   (     6)
Errors           =  66.7%    4   (     6)
REF: అలాగని [31mఎవరో[0m [31mవచ్చి[0m [31mచేస్తార్లే[0m అని కాదు కదా
HYP: అలాగని [31m****[0m [31mఎలా  [0m [31mవచ్చేసాడు [0m అని కాదు కదా
SENTENCE 1276
Correct          =  57.1%    4   (     7)
Errors           =  42.9%    3   (     7)
REF: అంత [31m****[0m [31m****[0m [31mభయంకరమైన[0m [31mవేడి[0m అసలు ఇంకా
HYP: అంత [31mబాగా[0m [31mఇంకా[0m [31mరూపాయలు [0m [31mఏవీ [0m అసలు ఇంకా
SENTENCE 1277
Correct          =  60.0%    3   (     5)
Errors           =  80.0%    4   (     5)
REF: [31m**[0m [31mఒక్కగానొక్క[0m [31mకూతురు [0m మొత్తం
HYP: [31mఒక[0m [31mనాటకు      [0m [31mవద్దులు[0m మొత్తం
SENTENCE 1278
Correct          =  33.3%    1   (     3)
Errors           = 100.0%    3   (     3)
REF: అవును
HYP: అవును
SENTENCE 1279
Correct          = 100.0%    1   (     1)
Errors           =   0.0%    0   (     1)
REF: [31m*****[0m [31mబాల్యవివాహాలు[0m [31mచెయ్యకూడదు[0m
HYP: [31mబాల్య[0m [31mవివాహాలు     [0m [31mచేయకూడదు  [0m
SENTENCE 1280
Correct          =   0.0%    0   (     2)
Errors           = 150.0%    3   (     2)
REF: చెప్పండి ఇంకా
HYP: చెప్పండి ఇంకా
SENTENCE 1281
Correct          = 100.0%    2   (     2)
Errors           =   0.0%    0   (     2)
REF: దానికి [31mలోపలికి[0m [31mవెళ్ళడం[0m ద్వారా [31m*********[0m [31m*********[0m [31mఅద్భుతమైన[0m [31mపురుషత్వాన్ని[0m [31mపొందవచ్చు[0m
HYP: దానికి [31mలోపలకి [0m [31mవెళ్లిన[0m ద్వారా [31mఅభివృద్ధి[0m [31mమేకపించదు[0m [31mకాని     [0m [31mపవన్         [0m [31mకళ్యాణ్  [0m
SENTENCE 1282
Correct          =  28.6%    2   (     7)
Errors           = 100.0%    7   (     7)
REF: నెల [31m********[0m [31mరోజుల్లోనే[0m [31mనాలుగో[0m [31mమంత్రివర్గ[0m సమావేశానికి ప్రభుత్వం [31mసిద్ధమౌతుంది [0m
HYP: నెల [31mరోజుల్లో[0m [31mరెండు     [0m [31mనాలుగు[0m [31mలక్షల     [0m సమావేశానికి ప్రభుత్వం [31mసిద్ధమవుతోంది[0m
SENTENCE 1283
Correct          =  42.9%    3   (     7)
Errors           =  71.4%    5   (     7)
REF: [31mఆదిత్య[0m [31mఅయితే[0m మంచిది [31mకదా [0m [31mఆదిత్య[0m [31mలో [0m [31mఅయితే [0m
HYP: [31mఅది   [0m [31mతిరగ [0m మంచిది [31mకాదు[0m [31mఅది   [0m [31mఇతర[0m [31mవేత్తే[0m
SENTENCE 1284
Correct          =  14.3%    1   (     7)
Errors           =  85.7%    6   (     7)
REF: మనం [31m*****[0m [31mఒప్పుకోవాలి[0m [31mఅంతే[0m గాని
HYP: మనం [31mఉప్పు[0m [31mకాదు       [0m [31mఅంటే[0m గాని
SENTENCE 1285
Correct          =  50.0%    2   (     4)
Errors           =  75.0%    3   (     4)
REF: [31m****[0m [31mదూరంగా[0m [31mపెడితే  [0m [31mమంచిది   [0m
HYP: [31mధోని[0m [31mగా    [0m [31mపెట్టమని[0m [31mచెప్పింది[0m
SENTENCE 1286
Correct          =   0.0%    0   (     3)
Errors           = 133.3%    4   (     3)
REF: అవును మన [31mచూపిస్తే[0m [31mఆ         [0m రెండు [31mచూపిస్తున్నాడు[0m [31mఆ           [0m [31mరెండు[0m మన [31mవల్ల  [0m [31mఏమి[0m ఉపయోగం లేదు మనకి [31mఏంటి [0m
HYP: అవును మన [31m********[0m [31mచెప్పేస్తే[0m రెండు [31m**************[0m [31mచెప్తున్నారు[0m [31mరండి [0m మన [31mవాళ్ళు[0m [31mఏమో[0m ఉపయోగం లేదు మనకి [31mమైంది[0m
SENTENCE 1287
Correct          =  46.7%    7   (    15)
Errors           =  53.3%    8   (    15)
REF: [31mబా  [0m చెప్తారా
HYP: [31mబాగా[0m చెప్తారా
SENTENCE 1288
Correct          =  50.0%    1   (     2)
Errors           =  50.0%    1   (     2)
REF: [31mఅక్కడ[0m [31mటీ      [0m తాగుతున్న సమయంలో గాలి జనార్దన్ రెడ్డి [31mశ్రీరాములు[0m [31mఇంటికి    [0m వెళ్లారు
HYP: [31m*****[0m [31mఅక్కడికి[0m తాగుతున్న సమయంలో గాలి జనార్దన్ రెడ్డి [31mసిఎల్     [0m [31mఅంగటింటికి[0m వెళ్లారు
SENTENCE 1289
Correct          =  60.0%    6   (    10)
Errors           =  40.0%    4   (    10)
REF: కరువు తట్టుకోలేక రైతులు ఆత్మహత్యలు [31m****************[0m [31mచేసుకుంటున్నారని[0m [31mచాలామంది[0m [31mవలస    [0m [31mవెళ్ళారని[0m ఆయన చంద్రబాబు [31mపట్టించుకోవడం [0m లేదన్నారు
HYP: కరువు తట్టుకోలేక రైతులు ఆత్మహత్యలు [31mచేసుకుంటున్నానని[0m [31mచాలా            [0m [31mమంది    [0m [31mవారసులు[0m [31mవెళ్లారని[0m ఆయన చంద్రబాబు [31mపెట్టించుకోవడం[0m లేదన్నారు
SENTENCE 1290
Correct          =  58.3%    7   (    12)
Errors           =  50.0%    6   (    12)
REF: అవునండి
HYP: అవునండి
SENTENCE 1291
Correct          = 100.0%    1   (     1)
Errors           =   0.0%    0   (     1)
REF: ఏమైనా [31mసమస్యలు[0m [31mఉంటే      [0m పార్టీ [31mఅంతర్గత[0m [31mసమావేశాల్లో[0m [31mమాట్లాడుదామన్నారు[0m
HYP: ఏమైనా [31m*******[0m [31mసమస్యలుంటే[0m పార్టీ [31mఅనంతరం [0m [31mసమావేశంలో  [0m [31mమాట్లాడలేదన్నారు [0m
SENTENCE 1292
Correct          =  28.6%    2   (     7)
Errors           =  71.4%    5   (     7)
REF: ఇప్పుడు
HYP: ఇప్పుడు
SENTENCE 1293
Correct          = 100.0%    1   (     1)
Errors           =   0.0%    0   (     1)
REF: ఓటుకు నోటు కేసులో చంద్రబాబు [31m******[0m [31m****[0m [31mత్వరలోనే[0m [31mఅరెస్టవుతారని[0m [31mజోస్యం  [0m చెప్పారు
HYP: ఓటుకు నోటు కేసులో చంద్రబాబు [31mతురాలు[0m [31mనీరు[0m [31mఅరెస్టు [0m [31mవద్దని       [0m [31mశ్రీశైనం[0m చెప్పారు
SENTENCE 1294
Correct          =  62.5%    5   (     8)
Errors           =  62.5%    5   (     8)
REF: సమాచారాన్ని [31mనువ్వు[0m [31mఎలా   [0m [31mతెల్సుకోగలవ్[0m
HYP: సమాచారాన్ని [31m******[0m [31mవిధానం[0m [31mతెలుసుకోవాలి[0m
SENTENCE 1295
Correct          =  25.0%    1   (     4)
Errors           =  75.0%    3   (     4)
REF: నిషేధం [31mపూర్తి  [0m [31mకావడంతో[0m [31mఅతడ్ని[0m [31mమళ్లీ[0m జట్టులోకి తీసుకున్నారు
HYP: నిషేధం [31mపూర్తిగా[0m [31mరెండవ  [0m [31mతొనడం [0m [31mలేదని[0m జట్టులోకి తీసుకున్నారు
SENTENCE 1296
Correct          =  42.9%    3   (     7)
Errors           =  57.1%    4   (     7)
REF: కొద్దిగా
HYP: కొద్దిగా
SENTENCE 1297
Correct          = 100.0%    1   (     1)
Errors           =   0.0%    0   (     1)
REF: [31mవిజయనగరం[0m [31mనిను[0m [31mఎప్పుడు[0m [31mవెళ్తాను[0m [31mకదా[0m [31mనీకు  [0m [31mతెలుసు   [0m కదా అక్కడ [31mమా      [0m [31mచుట్టాలు[0m ఉంటారు
HYP: [31mబిజెనా  [0m [31mగు  [0m [31mనెహ్రు [0m [31mఎప్పుడు [0m [31mఅలా[0m [31mతిన్ని[0m [31mతెలుస్తది[0m కదా అక్కడ [31mఅవాస్మకం[0m [31mఅంతటి   [0m ఉంటారు
SENTENCE 1298
Correct          =  25.0%    3   (    12)
Errors           =  75.0%    9   (    12)
REF: ఎన్నికల ప్రచారం సమయంలో తనకు సహకరించిన [31mవారిందరికీ[0m [31mపేరు[0m [31mపేరునా   [0m కృతజ్ఞతలు [31mతెలియజేస్తున్నట్లు[0m ప్రకటించారు
HYP: ఎన్నికల ప్రచారం సమయంలో తనకు సహకరించిన [31m**********[0m [31m****[0m [31mవారందరికీ[0m కృతజ్ఞతలు [31mతెలియజేస్తున్నట్టు[0m ప్రకటించారు
SENTENCE 1299
Correct          =  63.6%    7   (    11)
Errors           =  36.4%    4   (    11)
REF: అవునా
HYP: అవునా
SENTENCE 1300
Correct          = 100.0%    1   (     1)
Errors           =   0.0%    0   (     1)
REF: [31mహైదరాబాదుపై[0m [31mరాజీ   [0m [31mపడలేను   [0m కాబట్టి [31m*[0m [31m***[0m [31m****[0m [31m******[0m [31m**[0m [31mపదేళ్లు[0m [31mఆలస్యమైనా[0m [31mనూతన   [0m [31mరాష్ట్రాన్ని[0m పోరాడి [31mసాధించమనుకున్నారు [0m
HYP: [31mఉన్నాయి    [0m [31mరాజముడు[0m [31mరాజేపడిది[0m కాబట్టి [31mఈ[0m [31mపది[0m [31mవేలు[0m [31mఆలస్యం[0m [31mగా[0m [31mవారి   [0m [31mసమయన     [0m [31mవృత్తిన[0m [31mరాష్ట్రంలో  [0m పోరాడి [31mసాధించామనుకున్నారు[0m
SENTENCE 1301
Correct          =  20.0%    2   (    10)
Errors           = 130.0%   13   (    10)
REF: చంద్రబాబును కూడా తన [31mతనయుడి[0m [31mపెళ్లిలో[0m ఆహ్వానించేందుకు వచ్చారని తెలుస్తోంది
HYP: చంద్రబాబును కూడా తన [31mతనయీని[0m [31mపులిహోరే[0m ఆహ్వానించేందుకు వచ్చారని తెలుస్తోంది
SENTENCE 1302
Correct          =  75.0%    6   (     8)
Errors           =  25.0%    2   (     8)
REF: అవును
HYP: అవును
SENTENCE 1303
Correct          = 100.0%    1   (     1)
Errors           =   0.0%    0   (     1)
REF: ఇంకా
HYP: ఇంకా
SENTENCE 1304
Correct          = 100.0%    1   (     1)
Errors           =   0.0%    0   (     1)
REF: ఆ చూశాను
HYP: ఆ చూశాను
SENTENCE 1305
Correct          = 100.0%    2   (     2)
Errors           =   0.0%    0   (     2)
REF: సమాచారం అందుకున్న స్థానికులు [31mప్రశ్నించారు[0m
HYP: సమాచారం అందుకున్న స్థానికులు [31mపరిశీలించారు[0m
SENTENCE 1306
Correct          =  75.0%    3   (     4)
Errors           =  25.0%    1   (     4)
REF: తెచ్చుకొని [31m***[0m [31mఆళ్ళ       [0m [31mకుటుంబానికి[0m [31mన్యాయం[0m [31mచేయగలుగుతాడు[0m
HYP: తెచ్చుకొని [31mఆరు[0m [31mకుటుంబాన్ని[0m [31mనాయకులు    [0m [31mకి    [0m [31mవెళ్తాడు    [0m
SENTENCE 1307
Correct          =  20.0%    1   (     5)
Errors           = 100.0%    5   (     5)
REF: [31mటర్కీ[0m [31mపర్యటన[0m నుంచి ముఖ్యమంత్రి [31mచంద్రబాబు[0m [31mనాయుడు         [0m వచ్చిన వెంటనే పలు అంశాలపై స్పష్టత ఇస్తానని [31mకృష్ణారావు  [0m అంటున్నారు
HYP: [31mతరతే [0m [31mపరిటాల[0m నుంచి ముఖ్యమంత్రి [31m*********[0m [31mచంద్రబాబునాయుడు[0m వచ్చిన వెంటనే పలు అంశాలపై స్పష్టత ఇస్తానని [31mకృష్ణారావును[0m అంటున్నారు
SENTENCE 1308
Correct          =  64.3%    9   (    14)
Errors           =  35.7%    5   (    14)
REF: విమానంలో భారీగా బంగారాన్ని [31mతరలిస్తున్నట్లు [0m [31mఅధికారులకు[0m సమాచారం అందింది
HYP: విమానంలో భారీగా బంగారాన్ని [31mతొలగిస్తున్నట్లు[0m [31mఅధికారులు [0m సమాచారం అందింది
SENTENCE 1309
Correct          =  71.4%    5   (     7)
Errors           =  28.6%    2   (     7)
REF: అవునండి
HYP: అవునండి
SENTENCE 1310
Correct          = 100.0%    1   (     1)
Errors           =   0.0%    0   (     1)
REF: బయట [31mఏంటది[0m
HYP: బయట [31mఉంటది[0m
SENTENCE 1311
Correct          =  50.0%    1   (     2)
Errors           =  50.0%    1   (     2)
REF: అవునండి అది [31mకూడా[0m బాగుంది [31mనాకు[0m కూడా బాగా [31mనచ్చింది[0m [31mఅండి      [0m
HYP: అవునండి అది [31mచాలా[0m బాగుంది [31mఅని [0m కూడా బాగా [31m********[0m [31mనచ్చిందండి[0m
SENTENCE 1312
Correct          =  55.6%    5   (     9)
Errors           =  44.4%    4   (     9)
REF: పేరు
HYP: పేరు
SENTENCE 1313
Correct          = 100.0%    1   (     1)
Errors           =   0.0%    0   (     1)
REF: చెప్పండి
HYP: చెప్పండి
SENTENCE 1314
Correct          = 100.0%    1   (     1)
Errors           =   0.0%    0   (     1)
REF: [31mఎలాగ [0m [31mపరిసరాలను[0m [31mశుభ్రంగా[0m [31mఉంచుకొవాలి[0m [31mఎలాంటి[0m దుస్తులు ధరించాలి [31mఎలాంటి  [0m ఆహరం తీసుకోవాలి [31m********[0m [31mఅలాంటివన్నీ[0m [31mచెప్తే[0m [31mబావుంటుంది[0m కదా
HYP: [31mఎలాగో[0m [31mపరిశ్రమలు[0m [31mచుట్టూ  [0m [31mగుడి      [0m [31mలలింటి[0m దుస్తులు ధరించాలి [31mవెల్లండా[0m ఆహరం తీసుకోవాలి [31mఅలాంటివి[0m [31mఅన్ని      [0m [31mచెప్పే[0m [31mబాగుండదు  [0m కదా
SENTENCE 1315
Correct          =  35.7%    5   (    14)
Errors           =  71.4%   10   (    14)
REF: అవునా
HYP: అవునా
SENTENCE 1316
Correct          = 100.0%    1   (     1)
Errors           =   0.0%    0   (     1)
REF: ఏంటంటే ఒక
HYP: ఏంటంటే ఒక
SENTENCE 1317
Correct          = 100.0%    2   (     2)
Errors           =   0.0%    0   (     2)
REF: [31mఎలాంటి[0m [31mపెద్ద[0m [31mఆశలు    [0m [31mలేవు [0m
HYP: [31m******[0m [31mఅవి  [0m [31mఅలాంటిది[0m [31mదాశలో[0m
SENTENCE 1318
Correct          =   0.0%    0   (     4)
Errors           = 100.0%    4   (     4)
REF: పరిచయం [31mఅవుతున్న[0m [31mచిత్రం  [0m [31mఇది [0m
HYP: పరిచయం [31mఅవుతాను [0m [31mచెప్తాను[0m [31mమీది[0m
SENTENCE 1319
Correct          =  25.0%    1   (     4)
Errors           =  75.0%    3   (     4)
REF: [31mఅంటే[0m
HYP: [31mఅంతే[0m
SENTENCE 1320
Correct          =   0.0%    0   (     1)
Errors           = 100.0%    1   (     1)
REF: [31mకాని[0m ఇప్పుడు వారు తీవ్ర స్థాయిలో [31mతెరాసపైన[0m విరుచుకు పడుతున్నారు
HYP: [31mకానీ[0m ఇప్పుడు వారు తీవ్ర స్థాయిలో [31mతెరాసపై [0m విరుచుకు పడుతున్నారు
SENTENCE 1321
Correct          =  75.0%    6   (     8)
Errors           =  25.0%    2   (     8)
REF: అవును
HYP: అవును
SENTENCE 1322
Correct          = 100.0%    1   (     1)
Errors           =   0.0%    0   (     1)
REF: అవును
HYP: అవును
SENTENCE 1323
Correct          = 100.0%    1   (     1)
Errors           =   0.0%    0   (     1)
REF: ఇప్పుడు
HYP: ఇప్పుడు
SENTENCE 1324
Correct          = 100.0%    1   (     1)
Errors           =   0.0%    0   (     1)
REF: అలాంటివి
HYP: అలాంటివి
SENTENCE 1325
Correct          = 100.0%    1   (     1)
Errors           =   0.0%    0   (     1)
REF: ఈ [31mవిపత్తు[0m వల్ల [31mకూలిపోయిన[0m వందలాది భవనాలు ఇళ్ల [31mశిథిలాల[0m కింద [31mచిక్కుకున్న[0m వారిని గుర్తించేందుకు [31m*************[0m [31m********[0m [31mసహాయ[0m [31mసిబ్బంది  [0m [31mముమ్మర[0m ప్రయత్నాలు చేస్తున్నారు
HYP: ఈ [31mవివోద్ [0m వల్ల [31mకురిపైనా [0m వందలాది భవనాలు ఇళ్ల [31mసిద్ధాల[0m కింద [31mచెప్పుకున్న[0m వారిని గుర్తించేందుకు [31mసహాయస్థింబంది[0m [31mమమేరర్పణ[0m [31mపై  [0m [31mఅధ్యానింగ్[0m [31mపడే   [0m ప్రయత్నాలు చేస్తున్నారు
SENTENCE 1326
Correct          =  58.8%   10   (    17)
Errors           =  52.9%    9   (    17)
REF: అందుకే అందువల్ల
HYP: అందుకే అందువల్ల
SENTENCE 1327
Correct          = 100.0%    2   (     2)
Errors           =   0.0%    0   (     2)
REF: అది [31mఆ[0m [31mపదం      [0m [31mచెప్పినందుకు[0m
HYP: అది [31m*[0m [31mఅప్పుడంటే[0m [31mచిన్నంటేనే  [0m
SENTENCE 1328
Correct          =  25.0%    1   (     4)
Errors           =  75.0%    3   (     4)
REF: అవును
HYP: అవును
SENTENCE 1329
Correct          = 100.0%    1   (     1)
Errors           =   0.0%    0   (     1)
REF: [31mనచ్చినా[0m
HYP: [31mనచ్చిన [0m
SENTENCE 1330
Correct          =   0.0%    0   (     1)
Errors           = 100.0%    1   (     1)
REF: ఈ [31mనిధులు[0m [31mఎందుకు     [0m విడుదల చేశారని ఆయన ప్రశ్నించారు
HYP: ఈ [31m******[0m [31mనిధులివ్వకు[0m విడుదల చేశారని ఆయన ప్రశ్నించారు
SENTENCE 1331
Correct          =  71.4%    5   (     7)
Errors           =  28.6%    2   (     7)
REF: సాగు [31mతాగునీరు[0m [31mలేక       [0m ప్రజలు ఆవేదన వ్యక్తం చేశారు
HYP: సాగు [31mకాగా    [0m [31mనెల్లూరులో[0m ప్రజలు ఆవేదన వ్యక్తం చేశారు
SENTENCE 1332
Correct          =  71.4%    5   (     7)
Errors           =  28.6%    2   (     7)
REF: అలాగే [31mమహాకవి[0m [31mశ్రీశ్రీ   [0m [31mచెప్పినట్లు[0m [31mపెట్టుబడికి[0m [31mకట్టుకథకి [0m [31mపుట్టిన [0m [31mవిషపుత్రికే[0m [31mనేటి    [0m [31mదిన       [0m [31mపత్రిక[0m
HYP: అలాగే [31m******[0m [31mమహాభావిస్తు[0m [31mసీర్చినట్లు[0m [31mపెట్టుబడి  [0m [31mకట్టబెట్టి[0m [31mకట్టుబడి[0m [31mపుష్కర     [0m [31mకేంద్రీయ[0m [31mపిత్లపత్తి[0m [31mక     [0m
SENTENCE 1333
Correct          =   9.1%    1   (    11)
Errors           =  90.9%   10   (    11)
REF: అయితే [31mమీరూ[0m
HYP: అయితే [31mమీరు[0m
SENTENCE 1334
Correct          =  50.0%    1   (     2)
Errors           =  50.0%    1   (     2)
REF: [31mతిరిగి  [0m [31mఅధికారం [0m [31mమాదేనని[0m వైయస్ రాజశేఖర రెడ్డి [31mధీమా[0m [31mవ్యక్తం[0m చేస్తుండగా అధికారం [31m****[0m [31mమాదేనని    [0m తెలుగుదేశం పార్టీ [31mఅధ్యక్షుడు  [0m నారా చంద్రబాబు నాయుడు అంటున్నారు
HYP: [31mతిరిగారు[0m [31mఅధికారుల[0m [31mమాటలను [0m వైయస్ రాజశేఖర రెడ్డి [31m****[0m [31mడిమాండ్[0m చేస్తుండగా అధికారం [31mమాదే[0m [31mనిర్ణయానికి[0m తెలుగుదేశం పార్టీ [31mఅధ్యక్షుడుగా[0m నారా చంద్రబాబు నాయుడు అంటున్నారు
SENTENCE 1335
Correct          =  61.1%   11   (    18)
Errors           =  44.4%    8   (    18)
REF: అంటే [31mవాటి [0m [31mఆహారము[0m [31mఎట్లాంటి[0m [31mఇవ్వాలి[0m అనేది తీసుకొని
HYP: అంటే [31mవాట్ల[0m [31mఆహారం [0m [31mఎటువంటి [0m [31mవాళ్ళే [0m అనేది తీసుకొని
SENTENCE 1336
Correct          =  42.9%    3   (     7)
Errors           =  57.1%    4   (     7)
REF: చాలా [31mబా  [0m [31mచేస్తారు[0m [31mనిజమే[0m
HYP: చాలా [31mబాగా[0m [31mచేస్తాను[0m [31mనుంచి[0m
SENTENCE 1337
Correct          =  25.0%    1   (     4)
Errors           =  75.0%    3   (     4)
REF: మనం
HYP: మనం
SENTENCE 1338
Correct          = 100.0%    1   (     1)
Errors           =   0.0%    0   (     1)
REF: అవునవును
HYP: అవునవును
SENTENCE 1339
Correct          = 100.0%    1   (     1)
Errors           =   0.0%    0   (     1)
REF: సీఎం కేసీఆర్ తీసుకున్న [31mనిర్ణయాన్ని[0m [31mఎట్టి        [0m [31mపరిస్థితుల్లో[0m [31mఆపబోమని [0m [31mస్పష్టం[0m చేశారు
HYP: సీఎం కేసీఆర్ తీసుకున్న [31mనిర్ణయానికి[0m [31mపరిస్థితుల్లో[0m [31mఆ            [0m [31mభోగాన్ని[0m [31mస్వాగతం[0m చేశారు
SENTENCE 1340
Correct          =  44.4%    4   (     9)
Errors           =  55.6%    5   (     9)
REF: మరో రెండు రోజుల [31m*****[0m [31m****[0m [31mపాటు[0m [31mఇక్కడ[0m [31mమోస్తరు[0m భారీ [31m******[0m [31mవర్షాలు[0m [31mకురిసే[0m [31mఅవకాశముందని[0m వాతావరణ శాఖ [31mఅంచనా[0m [31mవేసింది    [0m
HYP: మరో రెండు రోజుల [31mమనోడు[0m [31mమూడు[0m [31mనెలల[0m [31mమూతో [0m [31mమొత్తం [0m భారీ [31mవర్గాల[0m [31mకోసం   [0m [31mఅవకాశం[0m [31mఉందని      [0m వాతావరణ శాఖ [31mఅంచని[0m [31mవినిపిసింది[0m
SENTENCE 1341
Correct          =  42.9%    6   (    14)
Errors           =  78.6%   11   (    14)
REF: తిరుపతిలో కొద్దిగా విమర్శలు చేసిన పవన్ కళ్యాణ్ [31mకాకినాడ    [0m సభలో మాత్రం బీజేపీ పైన నిప్పులు [31mకురిపించారు[0m
HYP: తిరుపతిలో కొద్దిగా విమర్శలు చేసిన పవన్ కళ్యాణ్ [31mకార్యక్రమాల[0m సభలో మాత్రం బీజేపీ పైన నిప్పులు [31mకూర్పించాడు[0m
SENTENCE 1342
Correct          =  84.6%   11   (    13)
Errors           =  15.4%    2   (    13)
REF: ఆ తర్వాత [31mకూడా[0m [31mఅతని[0m లైంగిక వేధింపులకు [31mఫుల్[0m [31mస్టాప్   [0m [31mపడలేదు[0m
HYP: ఆ తర్వాత [31mకూాడ[0m [31mతన  [0m లైంగిక వేధింపులకు [31m****[0m [31mగురిచాపలు[0m [31mలేదు  [0m
SENTENCE 1343
Correct          =  44.4%    4   (     9)
Errors           =  55.6%    5   (     9)
REF: నవ్యాంధ్ర నిర్మాణం కోసం చేయూతనిద్దామని ప్రజలకు పిలుపునిచ్చారు
HYP: నవ్యాంధ్ర నిర్మాణం కోసం చేయూతనిద్దామని ప్రజలకు పిలుపునిచ్చారు
SENTENCE 1344
Correct          = 100.0%    6   (     6)
Errors           =   0.0%    0   (     6)
REF: కట్నాలు ఎక్కువగా [31m*****[0m [31mఇచ్చుకోలేరు[0m
HYP: కట్నాలు ఎక్కువగా [31mఇష్టం[0m [31mలేదు       [0m
SENTENCE 1345
Correct          =  66.7%    2   (     3)
Errors           =  66.7%    2   (     3)
REF: ప్రయత్నించినప్పుడు ఏంటంటే
HYP: ప్రయత్నించినప్పుడు ఏంటంటే
SENTENCE 1346
Correct          = 100.0%    2   (     2)
Errors           =   0.0%    0   (     2)
REF: అంటే ఇప్పుడు
HYP: అంటే ఇప్పుడు
SENTENCE 1347
Correct          = 100.0%    2   (     2)
Errors           =   0.0%    0   (     2)
REF: కేవలం [31mయాప్స్[0m మాత్రమే కాదు [31mకాంటాక్ట్స్[0m [31mసెట్టింగ్స్[0m [31mనోటిఫికేషన్[0m [31mబార్  [0m [31mసెట్టింగ్[0m [31mటాగిల్స్[0m [31mకూడా        [0m
HYP: కేవలం [31mయాస్  [0m మాత్రమే కాదు [31mకొంటా      [0m [31mశ్రద్ధ     [0m [31mనుంటి      [0m [31mముట్టి[0m [31mకీల్షన్  [0m [31mభారత    [0m [31mట్రోపించకుడా[0m
SENTENCE 1348
Correct          =  27.3%    3   (    11)
Errors           =  72.7%    8   (    11)
REF: సభాపతి [31m***[0m [31mమధుసూధనా[0m [31mచారి [0m తిరస్కరించారు
HYP: సభాపతి [31mమధు[0m [31mస్వర్ణ  [0m [31mఆచారి[0m తిరస్కరించారు
SENTENCE 1349
Correct          =  50.0%    2   (     4)
Errors           =  75.0%    3   (     4)
REF: జనంలో మార్పు రావాలంటే [31mఏదో [0m [31mఒక్కరూ[0m మారిపోతే [31mసరిపోదు  [0m కదా
HYP: జనంలో మార్పు రావాలంటే [31mనేను[0m [31mఒక్కరు[0m మారిపోతే [31mసరిపోద్ది[0m కదా
SENTENCE 1350
Correct          =  62.5%    5   (     8)
Errors           =  37.5%    3   (     8)
REF: అవును
HYP: అవును
SENTENCE 1351
Correct          = 100.0%    1   (     1)
Errors           =   0.0%    0   (     1)
REF: అట్లా
HYP: అట్లా
SENTENCE 1352
Correct          = 100.0%    1   (     1)
Errors           =   0.0%    0   (     1)
REF: ఉపాధి హామీ పథకం [31mనుండి[0m [31mఈ        [0m [31mనిధులను  [0m [31mమంజూరు[0m చేశారు
HYP: ఉపాధి హామీ పథకం [31m*****[0m [31mవర్గీయుని[0m [31mదుర్ఘటనకు[0m [31mమంచిదో[0m చేశారు
SENTENCE 1353
Correct          =  50.0%    4   (     8)
Errors           =  50.0%    4   (     8)
REF: రైతు కుటుంబానికి [31m**********[0m [31m******[0m [31m****************[0m [31mసాయం    [0m [31mనిజామాబాద్[0m [31mజిల్లాలోని[0m [31mసదాశివనగర్[0m [31mమండలంలో [0m [31mరామారెడ్డి[0m [31mగ్రామాన్ని[0m [31mసందర్శించిన[0m నేతలు [31m************[0m [31m*********[0m [31mలింబాదరి [0m [31mకుటుంబానికి[0m [31mరూపాయలు   [0m
HYP: రైతు కుటుంబానికి [31mస్వాహీనితో[0m [31mవాదులు[0m [31mచెల్లెలించాలనేసి[0m [31mసతీస్థుల[0m [31mఅధిష్టానాల[0m [31mమార్గం    [0m [31mకూడా      [0m [31mరామారావు[0m [31mదంపతులు   [0m [31mగ్రామానికి[0m [31mసంతోషించిన [0m నేతలు [31mనిర్మాణానికి[0m [31mరూపాయిలకు[0m [31mరూపాయిలకు[0m [31mరూపాయిలకు  [0m [31mరంపమణిగారు[0m
SENTENCE 1354
Correct          =  21.4%    3   (    14)
Errors           = 114.3%   16   (    14)
REF: న్యాయమూర్తి [31mఈ[0m మేరకు ఆయనకు ప్రత్యేక అనుమతి ఇచ్చారు
HYP: న్యాయమూర్తి [31m*[0m మేరకు ఆయనకు ప్రత్యేక అనుమతి ఇచ్చారు
SENTENCE 1355
Correct          =  85.7%    6   (     7)
Errors           =  14.3%    1   (     7)
REF: ఆ చెప్పు
HYP: ఆ చెప్పు
SENTENCE 1356
Correct          = 100.0%    2   (     2)
Errors           =   0.0%    0   (     2)
REF: అవును
HYP: అవును
SENTENCE 1357
Correct          = 100.0%    1   (     1)
Errors           =   0.0%    0   (     1)
REF: ఆ తర్వాత [31mవిద్యార్థులకు[0m [31mపరీక్షల[0m [31mనేపథ్యంలో  [0m [31mఆపినట్లు         [0m చెప్పారు
HYP: ఆ తర్వాత [31mనిద్ర        [0m [31mమర్ది  [0m [31mద్వారక్షకుల[0m [31mనిర్మించనున్నట్లు[0m చెప్పారు
SENTENCE 1358
Correct          =  42.9%    3   (     7)
Errors           =  57.1%    4   (     7)
REF: అవును మిత్రమా
HYP: అవును మిత్రమా
SENTENCE 1359
Correct          = 100.0%    2   (     2)
Errors           =   0.0%    0   (     2)
REF: [31mబలరాం[0m [31mరాష్ట్ర [0m కమిటీ సభ్యులు [31m********[0m [31m*******[0m [31m****[0m [31mమంతెన[0m [31mసీతారాం [0m [31mతదితర   [0m [31mనేతలు[0m [31mఅమరవీరులకు[0m [31mఘనంగా   [0m [31mనివాళులర్పించారు[0m
HYP: [31mబెల  [0m [31mరామారావు[0m కమిటీ సభ్యులు [31mమంత్రిని[0m [31mశిక్షాల[0m [31mమేధి[0m [31mరెండు[0m [31mరోజులుగా[0m [31mమల్లుభూల[0m [31mరెండు[0m [31mగ్రామంలో  [0m [31mనివాళులు[0m [31mఅర్పించారు      [0m
SENTENCE 1360
Correct          =  18.2%    2   (    11)
Errors           = 109.1%   12   (    11)
REF: మొత్తం [31m*****[0m [31mపెంచేసారంట  [0m కదా దాని గురించి [31mమీకేమన్నా[0m తెలిసిందా
HYP: మొత్తం [31mపెంచి[0m [31mచేయాలనుకుంటు[0m కదా దాని గురించి [31mఇంకేమన్నా[0m తెలిసిందా
SENTENCE 1361
Correct          =  71.4%    5   (     7)
Errors           =  42.9%    3   (     7)
REF: ఇంకా
HYP: ఇంకా
SENTENCE 1362
Correct          = 100.0%    1   (     1)
Errors           =   0.0%    0   (     1)
REF: [31mసబ్సిడీలను[0m ఎత్తివేసి [31mప్రజావాహిని[0m [31mనిర్వీర్యం[0m [31mచేసేందుకు      [0m ప్రయత్నిస్తోందని [31m*****[0m [31mవివరించారు[0m
HYP: [31mసభ్యులను  [0m ఎత్తివేసి [31mప్రజా      [0m [31mవాజిని    [0m [31mనిర్వహిరచేందుకు[0m ప్రయత్నిస్తోందని [31mధ్వజం[0m [31mచేశారు    [0m
SENTENCE 1363
Correct          =  28.6%    2   (     7)
Errors           =  85.7%    6   (     7)
REF: [31mవినేదాన్ని[0m కాదు [31mఎందుకంటె[0m నేను
HYP: [31mవిన్నగానే [0m కాదు [31mఎందుకంటే[0m నేను
SENTENCE 1364
Correct          =  50.0%    2   (     4)
Errors           =  50.0%    2   (     4)
REF: ఇంకా అంటే
HYP: ఇంకా అంటే
SENTENCE 1365
Correct          = 100.0%    2   (     2)
Errors           =   0.0%    0   (     2)
REF: ఈ ఏడాది ప్రారంభంలో [31mఅట్లెటికో[0m [31mడీ    [0m [31mకోల్ [0m [31mకతా  [0m చేతిలో ఓటమి పాలైన [31mఢిల్లీ[0m
HYP: ఈ ఏడాది ప్రారంభంలో [31mఅట్లెట్  [0m [31mకోహ్లీ[0m [31mకోరకు[0m [31mకత్తా[0m చేతిలో ఓటమి పాలైన [31mడి    [0m
SENTENCE 1366
Correct          =  54.5%    6   (    11)
Errors           =  45.5%    5   (    11)
REF: ఈ నేపథ్యంలో జట్టు [31m*******[0m [31mసభ్యులందరితో[0m కలిసి [31mలంచ్[0m చేశారు
HYP: ఈ నేపథ్యంలో జట్టు [31mసభ్యులు[0m [31mఅందరంతో     [0m కలిసి [31mలంచి[0m చేశారు
SENTENCE 1367
Correct          =  71.4%    5   (     7)
Errors           =  42.9%    3   (     7)
REF: [31mఅంటే[0m [31mఅతను[0m [31mతీసే[0m [31mసినిమాలు[0m [31mబట్టి      [0m [31mదిన్ని [0m [31mబట్టి [0m [31mఅతన్ని[0m [31mఅంచనా [0m [31mవేస్తాను[0m అంతే తప్ప
HYP: [31m****[0m [31m****[0m [31m****[0m [31mఅట్లా   [0m [31mభిస్తేశ్వరి[0m [31mసినిమాల[0m [31mబయటికి[0m [31mతిరిగి[0m [31mపెట్టి[0m [31mనచ్చదనం [0m అంతే తప్ప
SENTENCE 1368
Correct          =  16.7%    2   (    12)
Errors           =  83.3%   10   (    12)
REF: తర్వాత [31mఇంకేముంది[0m [31mఆడ  [0m [31mపిల్లలై[0m [31mపుట్టిం [0m [31mతర్వాత     [0m [31mపెళ్లి[0m [31mచేసుకోవాలి[0m [31mకదా [0m పెళ్లి చేసుకొని
HYP: తర్వాత [31m*********[0m [31mఇంటి[0m [31mఉంది   [0m [31mఆడుతున్న[0m [31mలేకుంటున్నా[0m [31mతెలిసి[0m [31mకూడా      [0m [31mకూడా[0m పెళ్లి చేసుకొని
SENTENCE 1369
Correct          =  27.3%    3   (    11)
Errors           =  72.7%    8   (    11)
REF: అవును
HYP: అవును
SENTENCE 1370
Correct          = 100.0%    1   (     1)
Errors           =   0.0%    0   (     1)
REF: తమకు [31mతాముగా[0m [31mహాని     [0m [31mతలపెట్టుకుంటూ[0m ఓ [31m*********[0m [31mసాహోసపేతమైన[0m [31mగారడీలు [0m [31mగగుర్పాటుకు[0m [31mగురిచేస్తున్నాయి[0m
HYP: తమకు [31mతాము  [0m [31mఅనామినార్[0m [31mకట్టుకుంటూ   [0m ఓ [31mసాస్రబాబు[0m [31mపైన        [0m [31mకార్డిగా[0m [31mపని        [0m [31mచేస్తున్నాయి    [0m
SENTENCE 1371
Correct          =  22.2%    2   (     9)
Errors           =  88.9%    8   (     9)
REF: [31mబా  [0m వచ్చింది
HYP: [31mబాగా[0m వచ్చింది
SENTENCE 1372
Correct          =  50.0%    1   (     2)
Errors           =  50.0%    1   (     2)
REF: మీ అభిప్రాయం [31m**[0m [31m********[0m [31mఏమంటారు[0m [31mఇంధు[0m [31mమిద [0m మీ
HYP: మీ అభిప్రాయం [31mఏం[0m [31mఅంటారండి[0m [31mమీరు   [0m [31mఏం  [0m [31mలేదు[0m మీ
SENTENCE 1373
Correct          =  50.0%    3   (     6)
Errors           =  83.3%    5   (     6)
REF: ఇంట్లో [31mపరిస్థితి[0m [31mబా         [0m [31mలేవు [0m కదా
HYP: ఇంట్లో [31m*********[0m [31mపరిస్తుతులు[0m [31mఆళ్ళే[0m కదా
SENTENCE 1374
Correct          =  40.0%    2   (     5)
Errors           =  60.0%    3   (     5)
REF: అది చాలా నచ్చింది ఇక్కడ
HYP: అది చాలా నచ్చింది ఇక్కడ
SENTENCE 1375
Correct          = 100.0%    4   (     4)
Errors           =   0.0%    0   (     4)
REF: చేస్తావా
HYP: చేస్తావా
SENTENCE 1376
Correct          = 100.0%    1   (     1)
Errors           =   0.0%    0   (     1)
REF: దీంతో [31mకోహ్లీ   [0m [31mఅని[0m అభిమానులు
HYP: దీంతో [31mకోద్యాంద్[0m [31mఆ  [0m అభిమానులు
SENTENCE 1377
Correct          =  50.0%    2   (     4)
Errors           =  50.0%    2   (     4)
REF: [31mతీస్కెల్లారా[0m [31mఏమైంది[0m
HYP: [31mతిసుకరల     [0m [31mఏమింది[0m
SENTENCE 1378
Correct          =   0.0%    0   (     2)
Errors           = 100.0%    2   (     2)
REF: [31mరైతులకు[0m [31mఇవ్వాల్సిన  [0m [31mడబ్బులు[0m [31mకూడా[0m [31mఇవ్వకుండా[0m [31mకోట్లాది[0m [31mరూపాయలు[0m [31mకోట్లాది[0m [31mరూపాయలు[0m [31mబకాయిలు    [0m [31mపెట్టారు [0m
HYP: [31mరైతులు [0m [31mవివాసింటబులు[0m [31mకూడా   [0m [31mఎవరూ[0m [31mకొన్నా   [0m [31mకొడాలి  [0m [31mరుపాయ్ [0m [31mకుమార్  [0m [31mజోబు   [0m [31mఅభిప్రాయాలూ[0m [31mపెట్టలేదు[0m
SENTENCE 1379
Correct          =   0.0%    0   (    11)
Errors           = 100.0%   11   (    11)
REF: [31mచిరిగిపోయిన[0m [31mఎరుపురంగు[0m [31mగౌను [0m మాత్రమే [31mఅస్తి[0m [31mపంజరం  [0m పైన ఉంది
HYP: [31mచిరిప్యాపన [0m [31mఏర్పడం   [0m [31mగౌరవం[0m మాత్రమే [31mఆత్మ [0m [31mఅస్త్రం[0m పైన ఉంది
SENTENCE 1380
Correct          =  37.5%    3   (     8)
Errors           =  62.5%    5   (     8)
REF: ఈ విషయం తెలుసుకున్న కుటుంబ [31m******[0m [31mసభ్యులు [0m [31mవిషాదంలో[0m [31mమునిగిపోయారు[0m
HYP: ఈ విషయం తెలుసుకున్న కుటుంబ [31mసభ్యుల[0m [31mవిషయాలను[0m [31mమొదటి   [0m [31mపోయారు      [0m
SENTENCE 1381
Correct          =  57.1%    4   (     7)
Errors           =  57.1%    4   (     7)
REF: ఇంకా చెప్పాలంటే చాలా ఉన్నాయండి
HYP: ఇంకా చెప్పాలంటే చాలా ఉన్నాయండి
SENTENCE 1382
Correct          = 100.0%    4   (     4)
Errors           =   0.0%    0   (     4)
REF: ఇంకా ఇంకా [31mఏముంటాయ్[0m
HYP: ఇంకా ఇంకా [31mఏముంటాయి[0m
SENTENCE 1383
Correct          =  66.7%    2   (     3)
Errors           =  33.3%    1   (     3)
REF: జగన్ మానసిక పరిస్థితి [31m****[0m [31mబాగాలేదని[0m [31mఆసుపత్రిలో[0m చికిత్స చేయించుకోవాలని మంత్రి దేవినేని [31mఉమా[0m [31mనిప్పులు [0m [31mచెరిగారు[0m
HYP: జగన్ మానసిక పరిస్థితి [31mబాగా[0m [31mలేదని    [0m [31mఆస్పత్రిలో[0m చికిత్స చేయించుకోవాలని మంత్రి దేవినేని [31m***[0m [31mఉమామహిత్య[0m [31mచేయారు  [0m
SENTENCE 1384
Correct          =  58.3%    7   (    12)
Errors           =  50.0%    6   (    12)
REF: మరి మాములుగా
HYP: మరి మాములుగా
SENTENCE 1385
Correct          = 100.0%    2   (     2)
Errors           =   0.0%    0   (     2)
REF: [31m*******[0m [31mతమ్ముడా[0m
HYP: [31mతమ్ముడు[0m [31mరా     [0m
SENTENCE 1386
Correct          =   0.0%    0   (     1)
Errors           = 200.0%    2   (     1)
REF: చాలా బాగుంటాయి అయన [31mకథలు[0m [31mఅని   [0m
HYP: చాలా బాగుంటాయి అయన [31mకదలు[0m [31mఅవన్నీ[0m
SENTENCE 1387
Correct          =  60.0%    3   (     5)
Errors           =  40.0%    2   (     5)
REF: ఏదైనా చేసుకోవచ్చు
HYP: ఏదైనా చేసుకోవచ్చు
SENTENCE 1388
Correct          = 100.0%    2   (     2)
Errors           =   0.0%    0   (     2)
REF: రాష్ట్రంలో [31mకేరళ  [0m [31mతరహా[0m [31mసముద్ర[0m పర్యాటక [31mరంగాన్ని[0m అభివృద్ధి చేయాలని ప్రభుత్వం [31mభావిస్తోంది[0m
HYP: రాష్ట్రంలో [31mకెళ్లా[0m [31mచాలా[0m [31mసంబంధం[0m పర్యాటక [31mరంగానికి[0m అభివృద్ధి చేయాలని ప్రభుత్వం [31mభావిస్తుంది[0m
SENTENCE 1389
Correct          =  50.0%    5   (    10)
Errors           =  50.0%    5   (    10)
REF: [31mపిల్లలు[0m [31mగురించి[0m [31mకొంచెం  [0m ఇంట్లో
HYP: [31mపిల్లల [0m [31mవరుకు  [0m [31mచేయకుండా[0m ఇంట్లో
SENTENCE 1390
Correct          =  25.0%    1   (     4)
Errors           =  75.0%    3   (     4)
REF: ఇంకా
HYP: ఇంకా
SENTENCE 1391
Correct          = 100.0%    1   (     1)
Errors           =   0.0%    0   (     1)
REF: [31mవుంటాయి[0m కదా
HYP: [31mఉంటాయి [0m కదా
SENTENCE 1392
Correct          =  50.0%    1   (     2)
Errors           =  50.0%    1   (     2)
REF: వెనక్కి [31mవెళ్ళిపోతున్నారు[0m
HYP: వెనక్కి [31mవెళ్లిపోతున్నారు[0m
SENTENCE 1393
Correct          =  50.0%    1   (     2)
Errors           =  50.0%    1   (     2)
REF: అదే అండి [31mఇప్పుడు[0m [31mనేను[0m [31mరాం      [0m [31mగోపాల్      [0m [31mవర్మ    [0m [31mగారి  [0m [31mట్విట్స్[0m [31mగురించి [0m [31mవాటి   [0m గురించి మాట్లాడలేదండి
HYP: అదే అండి [31m*******[0m [31m****[0m [31mతెలిసినవి[0m [31mరాములువాళ్ళు[0m [31mచిస్తూరు[0m [31mజిల్లా[0m [31mవాటికి  [0m [31mపులిచిని[0m [31mమట్టులు[0m గురించి మాట్లాడలేదండి
SENTENCE 1394
Correct          =  30.8%    4   (    13)
Errors           =  69.2%    9   (    13)
REF: ఒక [31m****[0m [31mవిడిపోయిన[0m కుటుంబాన్ని ఎలా [31mకలపాలి[0m ఎలా [31mతిర్చిదిద్దాలి[0m అనేది ఉండేది
HYP: ఒక [31mవీటి[0m [31mపనులు    [0m కుటుంబాన్ని ఎలా [31mఖలపాలి[0m ఎలా [31mతీర్చుకొనేది  [0m అనేది ఉండేది
SENTENCE 1395
Correct          =  66.7%    6   (     9)
Errors           =  44.4%    4   (     9)
REF: అవునా నాకు
HYP: అవునా నాకు
SENTENCE 1396
Correct          = 100.0%    2   (     2)
Errors           =   0.0%    0   (     2)
REF: చూడొచ్చు
HYP: చూడొచ్చు
SENTENCE 1397
Correct          = 100.0%    1   (     1)
Errors           =   0.0%    0   (     1)
REF: అవునా
HYP: అవునా
SENTENCE 1398
Correct          = 100.0%    1   (     1)
Errors           =   0.0%    0   (     1)
REF: ఈ [31mసంఘటనను[0m చూసిన ఓ వ్యక్తి [31mఅడ్డుకునే[0m ప్రయత్నం చేయగా అతని పైన దాడికి పాల్పడ్డారు
HYP: ఈ [31mసంఘటన  [0m చూసిన ఓ వ్యక్తి [31mఅడ్డుకొనే[0m ప్రయత్నం చేయగా అతని పైన దాడికి పాల్పడ్డారు
SENTENCE 1399
Correct          =  83.3%   10   (    12)
Errors           =  16.7%    2   (    12)
REF: ఈ నేపథ్యంలో [31mఐక్య[0m [31mఉద్యమాల[0m [31mఆవశ్యకత [0m [31mఎంతైనా[0m [31mఉందన్నారు        [0m
HYP: ఈ నేపథ్యంలో [31m****[0m [31mఅయితే  [0m [31mఉద్యమాలు[0m [31mఅవసరి [0m [31mతెలంగాణవుతున్నారు[0m
SENTENCE 1400
Correct          =  28.6%    2   (     7)
Errors           =  71.4%    5   (     7)
REF: కొన్ని రోజుల [31mతర్వాత[0m [31mఖాళీ[0m చేస్తానని [31mచెప్పానని[0m [31mఎన్టీఆర్[0m [31mఫోటో[0m [31mపక్కన  [0m [31mవైయస్ [0m [31mఫోటో   [0m పెట్టడం వల్లే [31mఖాళీ[0m [31mచేయించారని[0m [31mనాని[0m [31mఆరోపిస్తున్నారు[0m
HYP: కొన్ని రోజుల [31mతరువాత[0m [31mకాలు[0m చేస్తానని [31m*********[0m [31mచెప్పినా[0m [31mఇంటి[0m [31mఆరోపణలు[0m [31mవసింపి[0m [31mపోకులపై[0m పెట్టడం వల్లే [31mకాలు[0m [31mచేయించాలని[0m [31mఆమె [0m [31mఅనుకుంటున్నారు [0m
SENTENCE 1401
Correct          =  29.4%    5   (    17)
Errors           =  70.6%   12   (    17)
REF: అయితే ఢిల్లీలో జరిగే [31mఖర్చుల      [0m [31mనిమిత్తం[0m తన భార్య [31mజమున  [0m [31mవద్ద[0m [31mనుండి  [0m [31mఐదువేల[0m [31mరూపాయాలను[0m [31mతీసుకొన్నాడు  [0m
HYP: అయితే ఢిల్లీలో జరిగే [31mకార్ష్యాన్ని[0m [31mమెత్తగా [0m తన భార్య [31mదేవుడు[0m [31mపవన్[0m [31mకళ్యాణ్[0m [31mఎదురు [0m [31mపడి      [0m [31mతీసుకోనున్నారు[0m
SENTENCE 1402
Correct          =  38.5%    5   (    13)
Errors           =  61.5%    8   (    13)
REF: ఆహా [31mమల్లీ[0m [31mవెళ్ళాం[0m [31mమేము    [0m
HYP: ఆహా [31mఅవును[0m [31mఅయ్యేది[0m [31mవిన్నాను[0m
SENTENCE 1403
Correct          =  25.0%    1   (     4)
Errors           =  75.0%    3   (     4)
REF: [31m*****[0m [31m*******[0m [31mలక్ష్మమ్మ [0m [31mమృతికి[0m [31mసంతాపాన్నికుటుంబానికి[0m [31mప్రగాఢ[0m సానుభూతిని తెలిపారు
HYP: [31mరక్షణ[0m [31mమంగతికి[0m [31mసంతాపాన్ని[0m [31mకూడా  [0m [31mమానికి               [0m [31mప్రకార[0m సానుభూతిని తెలిపారు
SENTENCE 1404
Correct          =  33.3%    2   (     6)
Errors           = 100.0%    6   (     6)
REF: [31mకాని[0m ఇప్పుడు
HYP: [31mకానీ[0m ఇప్పుడు
SENTENCE 1405
Correct          =  50.0%    1   (     2)
Errors           =  50.0%    1   (     2)
REF: జరిగే
HYP: జరిగే
SENTENCE 1406
Correct          = 100.0%    1   (     1)
Errors           =   0.0%    0   (     1)
REF: వ్యవసాయ [31m***[0m [31mసంక్షేమం[0m [31mరాబోతుందని[0m వ్యవసాయ కార్మికులు రైతులు [31m******[0m కూలీల [31m**********[0m [31m****[0m [31mహక్కులకోసం [0m [31mపోరాడాల్సిన[0m [31mఅవసరముందని[0m చెప్పారు
HYP: వ్యవసాయ [31mశాఖ[0m [31mఉన్న    [0m [31mరాబోతోందని[0m వ్యవసాయ కార్మికులు రైతులు [31mకూలీలు[0m కూలీల [31mకిలోమీటర్ల[0m [31mకోసం[0m [31mపోరాడుతున్న[0m [31mఅవసరం      [0m [31mఉందని     [0m చెప్పారు
SENTENCE 1407
Correct          =  54.5%    6   (    11)
Errors           =  81.8%    9   (    11)
REF: కానీ
HYP: కానీ
SENTENCE 1408
Correct          = 100.0%    1   (     1)
Errors           =   0.0%    0   (     1)
REF: [31mరాజధాని[0m [31mఅవినీతి      [0m [31mపైన    [0m [31mతమ     [0m [31mపార్టీ[0m [31mపోరాడుతుందని [0m చెప్పారు
HYP: [31mవారి   [0m [31mతల్లిదండ్రులు[0m [31mప్రధాని[0m [31mనరేంద్ర[0m [31mమోడీ  [0m [31mప్రవర్తిందంగా[0m చెప్పారు
SENTENCE 1409
Correct          =  14.3%    1   (     7)
Errors           =  85.7%    6   (     7)
REF: [31mబొబ్బిలి[0m
HYP: [31mపోపి    [0m
SENTENCE 1410
Correct          =   0.0%    0   (     1)
Errors           = 100.0%    1   (     1)
REF: స్వయంగా ఆ విషయాన్ని [31mపవన్[0m [31mకల్యాణ్[0m [31mజెపితో[0m [31mచెప్పినట్లు[0m [31mప్రచారం[0m [31mసాగుతోంది[0m
HYP: స్వయంగా ఆ విషయాన్ని [31mపాలక[0m [31mగ్యాంఛి[0m [31mజాతీయ [0m [31mపెట్టుకొని [0m [31mసమాచారం[0m [31mసాగుతుంది[0m
SENTENCE 1411
Correct          =  33.3%    3   (     9)
Errors           =  66.7%    6   (     9)
REF: [31mఅంగన్[0m [31mవాడీ [0m చెప్పారని [31mకానీ[0m [31mఆ   [0m [31mహామీని[0m ఇప్పటి వరకు [31m******[0m [31m*******[0m [31mనెరవేర్చలేదన్నారు[0m
HYP: [31mఅందరు[0m [31mఅడిగి[0m చెప్పారని [31m****[0m [31mకాని[0m [31mఆమెను [0m ఇప్పటి వరకు [31mనిలబడి[0m [31mచదివేది[0m [31mఅన్నారు          [0m
SENTENCE 1412
Correct          =  33.3%    3   (     9)
Errors           =  88.9%    8   (     9)
REF: [31mపిల్లలు[0m [31mచదువు  [0m చదువు [31mఅని[0m [31mఒత్తిడి[0m [31mపెట్టరు[0m
HYP: [31m*******[0m [31mపిన్నలు[0m చదువు [31m***[0m [31mచదివిన [0m [31mఉద్దేశం[0m
SENTENCE 1413
Correct          =  16.7%    1   (     6)
Errors           =  83.3%    5   (     6)
REF: ఆ అమ్మాయి ఎంత [31mక్షోబకి[0m [31mగురి   [0m [31mఅయితది  [0m అ ఒక [31mతన   [0m
HYP: ఆ అమ్మాయి ఎంత [31m*******[0m [31mచూపకుడు[0m [31mఅవుతుంది[0m అ ఒక [31mరాతనా[0m
SENTENCE 1414
Correct          =  55.6%    5   (     9)
Errors           =  44.4%    4   (     9)
REF: రాష్ట్రంలో [31mసగానికి[0m పైగా [31mతీర  [0m ప్రాంతం [31mకోతకు [0m [31mగురయ్యే[0m ప్రమాదం ఉందని ఆందోళన వ్యక్తం చేశారు
HYP: రాష్ట్రంలో [31mస్థానిక[0m పైగా [31mతీవ్ర[0m ప్రాంతం [31mకూతురు[0m [31mఏపీ    [0m ప్రమాదం ఉందని ఆందోళన వ్యక్తం చేశారు
SENTENCE 1415
Correct          =  66.7%    8   (    12)
Errors           =  33.3%    4   (    12)
REF: [31mభాషలో  [0m [31mచెప్పా  [0m
HYP: [31mవర్షాలు[0m [31mచెప్పాలి[0m
SENTENCE 1416
Correct          =   0.0%    0   (     2)
Errors           = 100.0%    2   (     2)
REF: మళ్ళీ [31m***[0m [31mవెంటనే[0m [31mనేను  [0m [31mఒక   [0m [31mఅరగంట  [0m [31mతర్వాత[0m [31mమళ్ళీ[0m [31mమా  [0m [31mఅమ్మ [0m [31mగుడికెల్లోచ్చింది[0m
HYP: మళ్ళీ [31mఎంత[0m [31mనిమిది[0m [31mనువ్వే[0m [31mకారంట[0m [31mప్రభావం[0m [31mవల్లే [0m [31mమనము [0m [31mకూడా[0m [31mఇల్లు[0m [31mవచ్చింది         [0m
SENTENCE 1417
Correct          =  10.0%    1   (    10)
Errors           = 100.0%   10   (    10)
REF: [31mఒక్క[0m కుటుంబం కాదు కదా ఇప్పుడు
HYP: [31mకాక [0m కుటుంబం కాదు కదా ఇప్పుడు
SENTENCE 1418
Correct          =  80.0%    4   (     5)
Errors           =  20.0%    1   (     5)
REF: అలాగా [31mరెండు[0m కలిపి [31mచేసేస్తూ[0m [31mఉంటాను  [0m [31mఅన్నమాట  [0m
HYP: అలాగా [31mఅరండి[0m కలిపి [31m********[0m [31mచేసేట్టు[0m [31mఉంటారనమాట[0m
SENTENCE 1419
Correct          =  33.3%    2   (     6)
Errors           =  66.7%    4   (     6)
REF: [31mఇంటి  [0m నుంచి
HYP: [31mఇంట్లో[0m నుంచి
SENTENCE 1420
Correct          =  50.0%    1   (     2)
Errors           =  50.0%    1   (     2)
REF: [31m*********[0m [31mమాదిగలతో[0m [31mపెట్టుకుంటే[0m చంద్రబాబు [31mచరిత్ర[0m [31mగల్లంతవుతుందని[0m [31mఈ          [0m సందర్భంగా ఆయన హెచ్చరించారు
HYP: [31mమాదిగిలతో[0m [31mపెద్ద   [0m [31mఉన్న       [0m చంద్రబాబు [31mచర్యలు[0m [31mతీరు          [0m [31mతగ్గుతుందని[0m సందర్భంగా ఆయన హెచ్చరించారు
SENTENCE 1421
Correct          =  44.4%    4   (     9)
Errors           =  66.7%    6   (     9)
REF: అవునండి
HYP: అవునండి
SENTENCE 1422
Correct          = 100.0%    1   (     1)
Errors           =   0.0%    0   (     1)
REF: [31mనా  [0m [31mగురించి[0m [31mఎందుకే[0m చెప్పుకోవాలి [31mమీరు[0m [31mఅని  [0m
HYP: [31mనాకు[0m [31mరొచ్చది[0m [31mకూడా  [0m చెప్పుకోవాలి [31m****[0m [31mమీరని[0m
SENTENCE 1423
Correct          =  16.7%    1   (     6)
Errors           =  83.3%    5   (     6)
REF: [31m****[0m [31mఓడిపోయారు[0m
HYP: [31mఒకటి[0m [31mకాదు     [0m
SENTENCE 1424
Correct          =   0.0%    0   (     1)
Errors           = 200.0%    2   (     1)
REF: ఎక్కడో [31mచిన్న[0m
HYP: ఎక్కడో [31mచెన్న[0m
SENTENCE 1425
Correct          =  50.0%    1   (     2)
Errors           =  50.0%    1   (     2)
REF: ఆహా
HYP: ఆహా
SENTENCE 1426
Correct          = 100.0%    1   (     1)
Errors           =   0.0%    0   (     1)
REF: అలాగే
HYP: అలాగే
SENTENCE 1427
Correct          = 100.0%    1   (     1)
Errors           =   0.0%    0   (     1)
REF: విజయవాడ నుంచి [31m******[0m [31mపూర్తిస్థాయిలో[0m కార్యకలాపాలను కొనసాగించడానికి [31mస్థలాభావం[0m [31mఎదురవుతోంది[0m
HYP: విజయవాడ నుంచి [31mపూర్తి[0m [31mస్థాయిలో      [0m కార్యకలాపాలను కొనసాగించడానికి [31mసలబవర్   [0m [31mఎదురవుతుంది[0m
SENTENCE 1428
Correct          =  57.1%    4   (     7)
Errors           =  57.1%    4   (     7)
REF: [31m*********[0m [31mమచ్చుకైనా[0m [31mలేడు        [0m [31mమానవత్వం[0m [31mఉన్నవాడు[0m [31mఅంటూ[0m [31mఅందెశ్రీ[0m రాసిన ఈ [31mపాటను[0m [31mఅర్ధం  [0m పడుతుంది
HYP: [31mమజ్లిపైనే[0m [31mనలుగురు  [0m [31mమానవత్వంలోని[0m [31mవాడు    [0m [31mఅంతుతూ  [0m [31mసీటు[0m [31mఇదే     [0m రాసిన ఈ [31mపాట  [0m [31mఅద్భుతం[0m పడుతుంది
SENTENCE 1429
Correct          =  27.3%    3   (    11)
Errors           =  81.8%    9   (    11)
REF: దీంట్లోనే [31mమాకు[0m [31mనాకు[0m [31mసంతృప్తి[0m [31mచెందుతుంది[0m [31mఅందుకనే         [0m [31mచెప్పేసి[0m [31mఅండి       [0m
HYP: దీంట్లోనే [31m****[0m [31m****[0m [31mమార్కులు[0m [31mనల్ల      [0m [31mసంప్రదించందున్ని[0m [31mఅందుకని [0m [31mచెప్పలేదండి[0m
SENTENCE 1430
Correct          =  12.5%    1   (     8)
Errors           =  87.5%    7   (     8)
REF: నడిపించే శక్తి ఇంకా [31m******[0m [31mరాలేదని [0m [31mనాయకత్వ[0m [31mలక్షణాలు[0m [31mరాలేదని[0m [31mనా [0m ఉద్దేశం
HYP: నడిపించే శక్తి ఇంకా [31mరాలేదు[0m [31mఅన్నయ్యా[0m [31mతొలసిన [0m [31mఇంకా    [0m [31mరాలేదు [0m [31mఅయన[0m ఉద్దేశం
SENTENCE 1431
Correct          =  44.4%    4   (     9)
Errors           =  66.7%    6   (     9)
REF: [31mశిల్పారామంలో[0m వివిధ జిల్లాల [31mనుంచి[0m వచ్చిన [31mజానపదకళాకారులు[0m [31mమైమ్[0m [31mలంబాడా[0m [31mగిరిజన   [0m [31mనృత్యాలతో [0m [31mకళారూపాల[0m [31mప్రదర్శనలను[0m [31mఏర్పాటు[0m [31mచేశారు          [0m
HYP: [31mజిల్లాలోని  [0m వివిధ జిల్లాల [31mనురచి[0m వచ్చిన [31m**************[0m [31m****[0m [31m******[0m [31mజానపదకాలు[0m [31mమైనార్పాటు[0m [31mధిర్ణ   [0m [31mదొష్టితో   [0m [31mకూడా   [0m [31mతరలిసమయిపోయేశారు[0m
SENTENCE 1432
Correct          =  21.4%    3   (    14)
Errors           =  78.6%   11   (    14)
REF: సాహిత్యంలో [31mసహృదయత[0m [31mసౌజన్యం[0m వ్యక్తిత్వ వికాసం [31m****[0m [31m***********[0m [31mప్రేమ[0m [31mకరుణ   [0m [31mప్రజ్ఞ[0m [31mమానవీయ [0m [31mవిలువలు[0m [31mసంస్కృతి[0m [31mలక్ష్యం[0m
HYP: సాహిత్యంలో [31mసాధింప[0m [31mజాన్య  [0m వ్యక్తిత్వ వికాసం [31mపేరు[0m [31mకార్యకర్తలు[0m [31mఈ    [0m [31mకారణంపై[0m [31mమానవ  [0m [31mవిఎమ్మి[0m [31mవిలువల [0m [31mసంస్కృతీ[0m [31mలక్ష   [0m
SENTENCE 1433
Correct          =  25.0%    3   (    12)
Errors           =  91.7%   11   (    12)
REF: ఏం [31mలేదురా[0m చెప్పాలి
HYP: ఏం [31mలేదు  [0m చెప్పాలి
SENTENCE 1434
Correct          =  66.7%    2   (     3)
Errors           =  33.3%    1   (     3)
REF: పద్దతి మార్చుకోకపోతే [31mగట్టి   [0m [31mప్రతిఘటనను[0m ఎదుర్కోక తప్పదని [31mహెచ్చరించారాయన[0m
HYP: పద్దతి మార్చుకోకపోతే [31mవ్యాఖ్యల[0m [31mప్రకటనలో  [0m ఎదుర్కోక తప్పదని [31mహెచ్చరించారు  [0m
SENTENCE 1435
Correct          =  57.1%    4   (     7)
Errors           =  42.9%    3   (     7)
REF: ఈ విషయాన్ని ఆమె కుటుంబ సభ్యులు [31m*****[0m [31mకూడా [0m [31mధ్రువీకరించారు[0m
HYP: ఈ విషయాన్ని ఆమె కుటుంబ సభ్యులు [31mకోరడం[0m [31mలేదని[0m [31mకలిపించారు    [0m
SENTENCE 1436
Correct          =  71.4%    5   (     7)
Errors           =  42.9%    3   (     7)
REF: అవునండి
HYP: అవునండి
SENTENCE 1437
Correct          = 100.0%    1   (     1)
Errors           =   0.0%    0   (     1)
REF: సంస్థ [31mఅనేది   [0m [31mపెడదాము[0m [31mఇలా [0m [31mఅందరిని[0m మంచి [31mవిజ్ఞానం    [0m వైపు తీసుకురావడానికి ఎంతో [31mఆనందంగా[0m ఉంటుందని చూస్తున్నాము
HYP: సంస్థ [31mనిలపడాను[0m [31mఇలా    [0m [31mఉందా[0m [31mనేను   [0m మంచి [31mవిన్యాగాన్ని[0m వైపు తీసుకురావడానికి ఎంతో [31mఅనంతగా [0m ఉంటుందని చూస్తున్నాము
SENTENCE 1438
Correct          =  53.8%    7   (    13)
Errors           =  46.2%    6   (    13)
REF: [31m*******[0m [31mసార్వత్రిక[0m [31mఎన్నికలు[0m చేరుతున్నారని పేర్కొన్నారు
HYP: [31mసారురతి[0m [31mరెండు     [0m [31mకళ్లు   [0m చేరుతున్నారని పేర్కొన్నారు
SENTENCE 1439
Correct          =  50.0%    2   (     4)
Errors           =  75.0%    3   (     4)
REF: ఇప్పుడు అక్కడ [31mఅలా[0m [31mజరగట [0m [31mలేదు     [0m
HYP: ఇప్పుడు అక్కడ [31m***[0m [31mఅట్లా[0m [31mజరగట్లేదు[0m
SENTENCE 1440
Correct          =  40.0%    2   (     5)
Errors           =  60.0%    3   (     5)
REF: బాగా [31mఆకలి[0m [31mమీద   [0m [31mఉన్నాము[0m
HYP: బాగా [31m****[0m [31mఆడతానే[0m [31mఉన్నామో[0m
SENTENCE 1441
Correct          =  25.0%    1   (     4)
Errors           =  75.0%    3   (     4)
REF: ఆత్మ [31mను[0m శరీరాన్ని నిరంతరం [31m**[0m [31m*[0m [31mలయబద్దం[0m చేస్తుంటే [31mఅద్భుత[0m [31mసాధన    [0m [31mక్రియ [0m
HYP: ఆత్మ [31m**[0m శరీరాన్ని నిరంతరం [31mలో[0m [31mఏ[0m [31mభద్రతను[0m చేస్తుంటే [31mఅదిక  [0m [31mసాదాన్ని[0m [31mఇక్కడే[0m
SENTENCE 1442
Correct          =  44.4%    4   (     9)
Errors           =  77.8%    7   (     9)
REF: అవును
HYP: అవును
SENTENCE 1443
Correct          = 100.0%    1   (     1)
Errors           =   0.0%    0   (     1)
REF: [31m*********[0m [31mచేసుకొనేవాడు[0m [31mమంచోడ [0m లేదా అని
HYP: [31mచేసుకుంటే[0m [31mకూడా        [0m [31mమంచోడు[0m లేదా అని
SENTENCE 1444
Correct          =  50.0%    2   (     4)
Errors           =  75.0%    3   (     4)
REF: దీని ప్రభావంతో రాష్ట్రమంతటా భారీ వర్షాలు పడే అవకాశం ఉంటుందని వాతావరణ శాఖ నిపుణులు చెబుతున్నారు
HYP: దీని ప్రభావంతో రాష్ట్రమంతటా భారీ వర్షాలు పడే అవకాశం ఉంటుందని వాతావరణ శాఖ నిపుణులు చెబుతున్నారు
SENTENCE 1445
Correct          = 100.0%   12   (    12)
Errors           =   0.0%    0   (    12)
REF: సుమారు [31mఎనిమిది[0m [31mగంటల      [0m పాటు నిర్వహించిన ఈ సమావేశంలో [31m*******[0m [31mవెనుకబడిన[0m [31mవర్గాల[0m ప్రజలు [31m****[0m [31mవృత్తిదారుల[0m అభివృద్ధి కోసం ప్రభుత్వం అమలు చేస్తున్న పథకాలు [31mశాఖల   [0m [31mపనితీరుపై[0m సమీక్షించారు
HYP: సుమారు [31m*******[0m [31mఎన్నికల్లో[0m పాటు నిర్వహించిన ఈ సమావేశంలో [31mగులింగ్[0m [31mవర్గం    [0m [31mవరంగల్[0m ప్రజలు [31mమృతి[0m [31mతారలా      [0m అభివృద్ధి కోసం ప్రభుత్వం అమలు చేస్తున్న పథకాలు [31mపాల్పడే[0m [31mప్రసక్తి [0m సమీక్షించారు
SENTENCE 1446
Correct          =  65.0%   13   (    20)
Errors           =  45.0%    9   (    20)
REF: స్నానం [31mచేసావా[0m
HYP: స్నానం [31mచేశావా[0m
SENTENCE 1447
Correct          =  50.0%    1   (     2)
Errors           =  50.0%    1   (     2)
REF: [31mఅందుకే     [0m [31mప్రమాదం[0m జరిగిన వెంటనే [31mఅటు[0m [31mఒడిశా  [0m [31mఇటు         [0m ఆంధ్రప్రదేశ్ ప్రభుత్వాలు అధికారులు [31mహుటాహుటిన[0m [31mరావడానికి[0m [31mసహాయక       [0m [31mచర్యలు[0m [31mముమ్మరం[0m [31mచెయ్యడానికి[0m అవకాశం ఏర్పడింది
HYP: [31mఅంత్యక్రియల[0m [31mప్రాంతం[0m జరిగిన వెంటనే [31m***[0m [31mఅటువంటి[0m [31mవిశ్వాణానికి[0m ఆంధ్రప్రదేశ్ ప్రభుత్వాలు అధికారులు [31m*********[0m [31mకుట్ర    [0m [31mవినూత్సవాలకు[0m [31mచేరిన [0m [31mమమురు  [0m [31mచేయడానికి  [0m అవకాశం ఏర్పడింది
SENTENCE 1448
Correct          =  38.9%    7   (    18)
Errors           =  61.1%   11   (    18)
REF: నేను కూడా చూద్దాం ఒకసారి [31mఎలా[0m [31mఉంటాదో[0m [31mఅని   [0m
HYP: నేను కూడా చూద్దాం ఒకసారి [31mకదా[0m [31mవింటూ [0m [31mఉన్నది[0m
SENTENCE 1449
Correct          =  57.1%    4   (     7)
Errors           =  42.9%    3   (     7)
REF: పెళ్లి [31m*********[0m [31m***[0m [31mచేసుకుందామంటూ[0m [31mశంకరమ్మ [0m కొన్ని రోజుల నుంచి [31m*******[0m [31mగొడవపడుతోంది[0m
HYP: పెళ్లి [31mచేసుకున్న[0m [31mఆమె[0m [31mమృతి         [0m [31mచెందటంపై[0m కొన్ని రోజుల నుంచి [31mగడవడ్డు[0m [31mఉంది        [0m
SENTENCE 1450
Correct          =  57.1%    4   (     7)
Errors           =  85.7%    6   (     7)
REF: [31mఈ[0m [31mఒక[0m [31mవిట్లికి[0m [31mకి    [0m కూడా [31mఉపయోగం[0m [31mఅనేది     [0m ఉంటుంది
HYP: [31m*[0m [31m**[0m [31mయొక్క   [0m [31mవీటికి[0m కూడా [31m******[0m [31mఉపయోగపడేది[0m ఉంటుంది
SENTENCE 1451
Correct          =  25.0%    2   (     8)
Errors           =  75.0%    6   (     8)
REF: ఈ విధంగా [31mసంస్కృతి[0m కూడా
HYP: ఈ విధంగా [31mసంస్కృత [0m కూడా
SENTENCE 1452
Correct          =  75.0%    3   (     4)
Errors           =  25.0%    1   (     4)
REF: [31mపెరిగిపోయి[0m
HYP: [31mనిర్భయ    [0m
SENTENCE 1453
Correct          =   0.0%    0   (     1)
Errors           = 100.0%    1   (     1)
REF: [31mఅ[0m [31mభారత[0m [31mరాజ్యాంగం [0m [31mఅనేది[0m
HYP: [31mఆ[0m [31mభరత్[0m [31mరాజ్యాంగమే[0m [31mఅది  [0m
SENTENCE 1454
Correct          =   0.0%    0   (     4)
Errors           = 100.0%    4   (     4)
REF: నాకు [31m******[0m [31mదేవుడుస్[0m [31mఅంటే    [0m [31mఅయ్యప్ప[0m [31mస్వామి[0m అంటే బాగా ఇష్టం
HYP: నాకు [31mదేవుడు[0m [31mసందేశం  [0m [31mఅయిపోయిన[0m [31mబాగా   [0m [31mఇష్టం [0m అంటే బాగా ఇష్టం
SENTENCE 1455
Correct          =  50.0%    4   (     8)
Errors           =  62.5%    5   (     8)
REF: [31mఒక్క [0m [31mసోము   [0m [31mవీర్రాజు[0m మాత్రం వీరికి [31m*****[0m [31mజత   [0m [31mకలిసిన [0m [31mసందర్భాలు[0m ఉన్నాయి
HYP: [31mఒక్కో[0m [31mసోమవారం[0m [31mనిరాశ   [0m మాత్రం వీరికి [31mదత్తా[0m [31mకథిన్[0m [31mసర్దార్[0m [31mబాల్య    [0m ఉన్నాయి
SENTENCE 1456
Correct          =  33.3%    3   (     9)
Errors           =  77.8%    7   (     9)
REF: అది
HYP: అది
SENTENCE 1457
Correct          = 100.0%    1   (     1)
Errors           =   0.0%    0   (     1)
REF: ఎంత కష్టం [31m****[0m [31mఉన్నా[0m దేశం కోసం
HYP: ఎంత కష్టం [31mకూడా[0m [31mసరే  [0m దేశం కోసం
SENTENCE 1458
Correct          =  80.0%    4   (     5)
Errors           =  40.0%    2   (     5)
REF: అయితే [31mబావా[0m [31mఇక్కడికొచ్చి[0m [31mరావాలి     [0m [31mఇక్కడికొచ్చాకా[0m మాట్లాడాలి
HYP: అయితే [31m****[0m [31mబాగా        [0m [31mదేవర్యాల్లో[0m [31mనిలవచేయడం     [0m మాట్లాడాలి
SENTENCE 1459
Correct          =  33.3%    2   (     6)
Errors           =  66.7%    4   (     6)
REF: చూడలేదా
HYP: చూడలేదా
SENTENCE 1460
Correct          = 100.0%    1   (     1)
Errors           =   0.0%    0   (     1)
REF: ఇప్పుడు [31m****[0m [31mయువతైతే[0m చాలా [31m****[0m [31m******[0m [31mవరకూ[0m [31mచెడ్డ[0m [31mదారిలో   [0m [31mనడవడానికే[0m [31mఅలోచిస్తున్నారు[0m
HYP: ఇప్పుడు [31mయువత[0m [31mఅయితే  [0m చాలా [31mవరకు[0m [31mచంద్రి[0m [31mనారా[0m [31mలో   [0m [31mనడవడానికి[0m [31mఅలవా     [0m [31mచేస్తున్నారు   [0m
SENTENCE 1461
Correct          =  25.0%    2   (     8)
Errors           = 112.5%    9   (     8)
REF: అని [31mఆది[0m [31mపెట్టుకునే       [0m [31mదాని[0m [31mకన్నా[0m
HYP: అని [31mఆ  [0m [31mతెలుసుకుంటున్నారు[0m [31mఅంతే[0m [31mకదా  [0m
SENTENCE 1462
Correct          =  20.0%    1   (     5)
Errors           =  80.0%    4   (     5)
REF: [31mఇంత[0m [31mడబ్బు [0m [31mఖర్చు[0m [31mపెట్టింది     [0m ప్రజల [31mప్రాణాలు [0m [31mతీసేందుకా[0m అన్నారు
HYP: [31mఈ  [0m [31mఇంట్లో[0m [31mడబ్బు[0m [31mఖర్చుపెట్టింది[0m ప్రజల [31mప్రాంతాలు[0m [31mతీసేందుకు[0m అన్నారు
SENTENCE 1463
Correct          =  25.0%    2   (     8)
Errors           =  75.0%    6   (     8)
REF: [31mకౌల్తార్[0m [31mలో  [0m [31mఆత్మహత్యల [0m [31mనివారణకు[0m [31mచర్యలు     [0m [31mతీసుకోవాలనీ[0m [31mవ్యవసాయ [0m [31mపరికరాలు[0m ఇవ్వాలని అన్నారు
HYP: [31mకొంత    [0m [31mనూతన[0m [31mజిల్లాల్లో[0m [31mచిరంజీవి[0m [31mతీసుకోవాలనే[0m [31mలేఖ        [0m [31mఇస్తామని[0m [31mపరిటాల  [0m ఇవ్వాలని అన్నారు
SENTENCE 1464
Correct          =  20.0%    2   (    10)
Errors           =  80.0%    8   (    10)
REF: [31mఅసెంబ్లీ[0m [31mలాబీలో  [0m మీడియాతో మాట్లాడుతూ [31mఆయన[0m [31mఈ     [0m వ్యాఖ్యలు చేశారు
HYP: [31mసమయంలో  [0m [31mమీడియాలో[0m మీడియాతో మాట్లాడుతూ [31m***[0m [31mఆయన్ని[0m వ్యాఖ్యలు చేశారు
SENTENCE 1465
Correct          =  50.0%    4   (     8)
Errors           =  50.0%    4   (     8)
REF: ఇంకా
HYP: ఇంకా
SENTENCE 1466
Correct          = 100.0%    1   (     1)
Errors           =   0.0%    0   (     1)
REF: కొత్త రాజధాని అమరావతి రాష్ట్ర [31mపరిపాలనకు[0m కేంద్ర బిందువు కానుంది
HYP: కొత్త రాజధాని అమరావతి రాష్ట్ర [31mపరిపాలన  [0m కేంద్ర బిందువు కానుంది
SENTENCE 1467
Correct          =  87.5%    7   (     8)
Errors           =  12.5%    1   (     8)
REF: [31mవచ్చాచనని[0m తెలిపారు
HYP: [31mవచ్చానని [0m తెలిపారు
SENTENCE 1468
Correct          =  50.0%    1   (     2)
Errors           =  50.0%    1   (     2)
REF: అవును [31mనిజం [0m
HYP: అవును [31mనిజమే[0m
SENTENCE 1469
Correct          =  50.0%    1   (     2)
Errors           =  50.0%    1   (     2)
REF: [31mభిన్నత్వాన్ని[0m [31mతెలియజేయాలి[0m
HYP: [31mబినతానికి    [0m [31mచేయి       [0m
SENTENCE 1470
Correct          =   0.0%    0   (     2)
Errors           = 100.0%    2   (     2)
REF: [31m******[0m [31mతెలిదు[0m [31mకానీ[0m
HYP: [31mపెళ్లి[0m [31mజీవితం[0m [31mకని [0m
SENTENCE 1471
Correct          =   0.0%    0   (     2)
Errors           = 150.0%    3   (     2)
REF: చెప్పు విశేషాలు
HYP: చెప్పు విశేషాలు
SENTENCE 1472
Correct          = 100.0%    2   (     2)
Errors           =   0.0%    0   (     2)
REF: అవునవును
HYP: అవునవును
SENTENCE 1473
Correct          = 100.0%    1   (     1)
Errors           =   0.0%    0   (     1)
REF: [31mఎన్ని[0m సమస్యలు ఉన్నా [31mఉపాధ్యాయులకు[0m [31mఏ          [0m [31mలోటు   [0m చేయలేదని [31mబాబు[0m అన్నారు
HYP: [31mఇన్ని[0m సమస్యలు ఉన్నా [31m************[0m [31mపద్యాలయాలకు[0m [31mఏర్పాటు[0m చేయలేదని [31mపాబ [0m అన్నారు
SENTENCE 1474
Correct          =  44.4%    4   (     9)
Errors           =  55.6%    5   (     9)
REF: చూసిన [31mతర్వాత[0m
HYP: చూసిన [31mతరువాత[0m
SENTENCE 1475
Correct          =  50.0%    1   (     2)
Errors           =  50.0%    1   (     2)
REF: అతను [31m******[0m [31mవిద్యావంతుడైనా[0m
HYP: అతను [31mవిద్యా[0m [31mవంతురానికైనా  [0m
SENTENCE 1476
Correct          =  50.0%    1   (     2)
Errors           = 100.0%    2   (     2)
REF: [31m********[0m [31mదేశంలో[0m [31mనల్లధనం      [0m [31mనిరోధానికి    [0m ప్రధాని మోడీ తీసుకున్న [31m******[0m [31m*****[0m [31m************[0m [31mనిర్ణయం[0m [31mవిప్లవాత్మకమన్నారు[0m
HYP: [31mదేశంలోనే[0m [31mగతంలో [0m [31mనిర్వర్తించడం[0m [31mనిరుద్యోగానికి[0m ప్రధాని మోడీ తీసుకున్న [31mమెమైన్[0m [31mఇద్దు[0m [31mవాతావరణాన్ని[0m [31mరాకుండా[0m [31mమన్నారు           [0m
SENTENCE 1477
Correct          =  37.5%    3   (     8)
Errors           = 112.5%    9   (     8)
REF: ఈ విషయాన్ని శుక్రవారం రాత్రి ఆంధ్రప్రదేశ్ హోం మంత్రి నిమ్మకాయల చినరాజప్ప చెప్పారు
HYP: ఈ విషయాన్ని శుక్రవారం రాత్రి ఆంధ్రప్రదేశ్ హోం మంత్రి నిమ్మకాయల చినరాజప్ప చెప్పారు
SENTENCE 1478
Correct          = 100.0%   10   (    10)
Errors           =   0.0%    0   (    10)
REF: అంటే ఇప్పుడు మనకి
HYP: అంటే ఇప్పుడు మనకి
SENTENCE 1479
Correct          = 100.0%    3   (     3)
Errors           =   0.0%    0   (     3)
REF: [31mపక్కనే[0m ఉన్న తెలంగాణలో కల్వకుంట్ల చంద్రశేఖర రావుతో పాటు ప్రధాని మోడీ చిత్రాలను సైతం [31mప్రచురిస్తున్నారన్నారు[0m
HYP: [31mఅక్కనే[0m ఉన్న తెలంగాణలో కల్వకుంట్ల చంద్రశేఖర రావుతో పాటు ప్రధాని మోడీ చిత్రాలను సైతం [31mప్రచురిస్తారన్నారు    [0m
SENTENCE 1480
Correct          =  83.3%   10   (    12)
Errors           =  16.7%    2   (    12)
REF: నేను [31mగుడా[0m అదే
HYP: నేను [31mకూడా[0m అదే
SENTENCE 1481
Correct          =  66.7%    2   (     3)
Errors           =  33.3%    1   (     3)
REF: [31mఈగ[0m [31mలో    [0m [31mఅసలు [0m [31mపద్ధతి[0m [31mకాదండి[0m [31mఅది [0m
HYP: [31mఈ [0m [31mకాలంలో[0m [31mఅర్హత[0m [31mపద్దతి[0m [31mఆయా   [0m [31mఅంటే[0m
SENTENCE 1482
Correct          =   0.0%    0   (     6)
Errors           = 100.0%    6   (     6)
REF: అవునవును
HYP: అవునవును
SENTENCE 1483
Correct          = 100.0%    1   (     1)
Errors           =   0.0%    0   (     1)
REF: ఇంకా
HYP: ఇంకా
SENTENCE 1484
Correct          = 100.0%    1   (     1)
Errors           =   0.0%    0   (     1)
REF: పురాతన సంపద [31mచరిత్రను[0m [31mసమాజానికి[0m [31mపరిచయం   [0m [31mచేయడంలో    [0m కీలకంగా [31mవ్యవహరించే[0m [31mపురావస్తు  [0m [31mశాఖను     [0m [31mబలోపేతం[0m [31mచేయనున్నట్లు     [0m తెలంగాణ పర్యాటక శాఖ కార్యదర్శి [31mబుర్రా[0m [31mవెంకటేశం   [0m [31mబుధవారం [0m అన్నారు
HYP: పురాతన సంపద [31mకల్పించే[0m [31mవిధమైన   [0m [31mసమాజానికి[0m [31mపరిశ్రిమలకు[0m కీలకంగా [31m**********[0m [31mవ్యవహరించిన[0m [31mపురోహితుడు[0m [31mసుషక్  [0m [31mబర్మోర్తించినట్లు[0m తెలంగాణ పర్యాటక శాఖ కార్యదర్శి [31mబోర్డు[0m [31mవెంకటేశ్వర్[0m [31mబుద్దుగా[0m అన్నారు
SENTENCE 1485
Correct          =  40.0%    8   (    20)
Errors           =  60.0%   12   (    20)
REF: ఇటీవల [31mనీ[0m [31mఎముకలు[0m [31mవిరిచి   [0m పంపిస్తానని [31mసామెట్ [0m [31mఅనగా[0m [31mవిజేందర్[0m [31mనవ్వేశాడు      [0m
HYP: ఇటీవల [31m**[0m [31mనీయం  [0m [31mకురిపించి[0m పంపిస్తానని [31mస్థానిక[0m [31mఅనాథ[0m [31mవిజయం   [0m [31mకనిపిస్తున్నాయి[0m
SENTENCE 1486
Correct          =  22.2%    2   (     9)
Errors           =  77.8%    7   (     9)
REF: [31mఒకటీ[0m రెండు చోట్ల [31m****[0m [31mవర్షపు [0m [31mజల్లులు[0m [31mకురిసే[0m [31mఅవకాశముందని[0m తెలిపారు
HYP: [31mఒకటి[0m రెండు చోట్ల [31mకవిత[0m [31mసభ్యులు[0m [31mకోసే   [0m [31mఅవసరం [0m [31mఉందని      [0m తెలిపారు
SENTENCE 1487
Correct          =  37.5%    3   (     8)
Errors           =  75.0%    6   (     8)
REF: [31mఆసే్ట్రలియా[0m [31mమహిళ  [0m మృతికి సంబంధించిన [31mవివరాలను[0m [31mఅడిగి [0m [31mతెలుసుకున్నారు[0m
HYP: [31mఆస్ట్రేలియా[0m [31mమార్పు[0m మృతికి సంబంధించిన [31mవారిని  [0m [31mవిడుదల[0m [31mచేస్తున్నారు  [0m
SENTENCE 1488
Correct          =  28.6%    2   (     7)
Errors           =  71.4%    5   (     7)
REF: [31mఅక్కడ [0m [31mబాబాయి[0m [31mవెళ్ళేవాడు[0m చిన్నప్పుడు
HYP: [31mఅక్కడే[0m [31mబాధగా [0m [31mలేవు      [0m చిన్నప్పుడు
SENTENCE 1489
Correct          =  25.0%    1   (     4)
Errors           =  75.0%    3   (     4)
REF: అంతే
HYP: అంతే
SENTENCE 1490
Correct          = 100.0%    1   (     1)
Errors           =   0.0%    0   (     1)
REF: వాళ్ళు ఒక [31mమంచి [0m [31mసినిమా [0m [31mతీస్తున్నామని[0m [31mచెప్పి[0m [31mచెప్పి[0m [31mతీసారు[0m [31mఒక     [0m [31mరెండున్నర[0m [31mఏండ్లు[0m [31mతీసారు[0m [31mదాన్ని   [0m
HYP: వాళ్ళు ఒక [31mమనిషి[0m [31mమనిషిని[0m [31mచేస్తే       [0m [31mమనం   [0m [31mచేస్తే[0m [31mచెప్పి[0m [31mతీసేసార[0m [31mఘటన      [0m [31mదాన్ని[0m [31mఎల్లి [0m [31mతీసేసారని[0m
SENTENCE 1491
Correct          =  15.4%    2   (    13)
Errors           =  84.6%   11   (    13)
REF: అలా [31mఉంటే[0m ఇంకా
HYP: అలా [31mఉంటై[0m ఇంకా
SENTENCE 1492
Correct          =  66.7%    2   (     3)
Errors           =  33.3%    1   (     3)
REF: ఇప్పుడు దాని గురించి [31mమాట్లాడాలంటే[0m ఇప్పుడు
HYP: ఇప్పుడు దాని గురించి [31mమాట్లాడంటే  [0m ఇప్పుడు
SENTENCE 1493
Correct          =  80.0%    4   (     5)
Errors           =  20.0%    1   (     5)
REF: తన [31mసినిమా[0m [31mహిట్    [0m కోసం అభిమానులు ఎలా [31m****[0m [31mఆరాటపడ్డారో[0m వివరించారు
HYP: తన [31m******[0m [31mసినిమాకు[0m కోసం అభిమానులు ఎలా [31mఆడటం[0m [31mపట్ల       [0m వివరించారు
SENTENCE 1494
Correct          =  62.5%    5   (     8)
Errors           =  50.0%    4   (     8)
REF: [31mదీన్ని[0m కూడా ఈ [31mనెలాఖరునాటికి[0m పూర్తి చేస్తామని [31mచెబుతున్నారు[0m
HYP: [31mదీనికి[0m కూడా ఈ [31mనెలకొన్నట్టు [0m పూర్తి చేస్తామని [31mచెప్తున్నారు[0m
SENTENCE 1495
Correct          =  57.1%    4   (     7)
Errors           =  42.9%    3   (     7)
REF: దీంతో ఈ [31m******[0m [31mసీజన్లో[0m అతి తక్కువ [31m****[0m [31mస్కోరుకే[0m [31mఆలౌటైన[0m [31mజట్టుగా[0m ముంబై నిలిచింది
HYP: దీంతో ఈ [31mసిరిస్[0m [31mలు     [0m అతి తక్కువ [31mసోది[0m [31mఆలోపేన  [0m [31mచట్టం [0m [31mహమ్    [0m ముంబై నిలిచింది
SENTENCE 1496
Correct          =  60.0%    6   (    10)
Errors           =  60.0%    6   (    10)
REF: అలా [31m*****[0m [31mపట్టుకుంటే[0m [31mచాలు[0m [31mఅలాగే [0m చనిపోతారు
HYP: అలా [31mపడితే[0m [31mమంత్రి    [0m [31mచాలా[0m [31mఅల్లరి[0m చనిపోతారు
SENTENCE 1497
Correct          =  40.0%    2   (     5)
Errors           =  80.0%    4   (     5)
REF: అవును
HYP: అవును
SENTENCE 1498
Correct          = 100.0%    1   (     1)
Errors           =   0.0%    0   (     1)
REF: అవును
HYP: అవును
SENTENCE 1499
Correct          = 100.0%    1   (     1)
Errors           =   0.0%    0   (     1)
REF: చాలా మంది [31m*****[0m [31mవస్తారు[0m
HYP: చాలా మంది [31mఉన్నా[0m [31mసరే    [0m
SENTENCE 1500
Correct          =  66.7%    2   (     3)
Errors           =  66.7%    2   (     3)
REF: [31m***[0m [31m****[0m [31mఎలాంటివి[0m
HYP: [31mఎలా[0m [31mఅంటే[0m [31mవి      [0m
SENTENCE 1501
Correct          =   0.0%    0   (     1)
Errors           = 300.0%    3   (     1)
REF: బాగా ఇష్టం
HYP: బాగా ఇష్టం
SENTENCE 1502
Correct          = 100.0%    2   (     2)
Errors           =   0.0%    0   (     2)
REF: అవును
HYP: అవును
SENTENCE 1503
Correct          = 100.0%    1   (     1)
Errors           =   0.0%    0   (     1)
REF: అవునా
HYP: అవునా
SENTENCE 1504
Correct          = 100.0%    1   (     1)
Errors           =   0.0%    0   (     1)
REF: నీలాగే
HYP: నీలాగే
SENTENCE 1505
Correct          = 100.0%    1   (     1)
Errors           =   0.0%    0   (     1)
REF: ఆర్థిక [31mసంఘానికి[0m ప్రత్యేక హోదాపై [31mసిఫార్సు[0m చేసే అధికారం లేదన్నారు
HYP: ఆర్థిక [31mసంఘాలు  [0m ప్రత్యేక హోదాపై [31mసిపార్సు[0m చేసే అధికారం లేదన్నారు
SENTENCE 1506
Correct          =  75.0%    6   (     8)
Errors           =  25.0%    2   (     8)
REF: ఆస్కారం అంటే ఎక్కువ ఉంటుంది
HYP: ఆస్కారం అంటే ఎక్కువ ఉంటుంది
SENTENCE 1507
Correct          = 100.0%    4   (     4)
Errors           =   0.0%    0   (     4)
REF: కాగా [31m****[0m [31mచాలామంది[0m దళారులు ఉన్నారని ఒకరికి తెలియకుండా మరొకరు ఉన్నారని గుర్తించారు
HYP: కాగా [31mచాలా[0m [31mమంది    [0m దళారులు ఉన్నారని ఒకరికి తెలియకుండా మరొకరు ఉన్నారని గుర్తించారు
SENTENCE 1508
Correct          =  88.9%    8   (     9)
Errors           =  22.2%    2   (     9)
REF: మాట్లాడతాను
HYP: మాట్లాడతాను
SENTENCE 1509
Correct          = 100.0%    1   (     1)
Errors           =   0.0%    0   (     1)
REF: ఎలా [31mప్ర[0m [31mఅనే   [0m [31mదాని  [0m [31mమీద   [0m [31mఅవగాహన       [0m [31mపెంపొందించుకోవలనేది[0m ఉంటది
HYP: ఎలా [31mఅని[0m [31mదాన్ని[0m [31mదానికి[0m [31mఅవగాహన[0m [31mఅనిపించకపోవడం[0m [31mలేదు               [0m ఉంటది
SENTENCE 1510
Correct          =  25.0%    2   (     8)
Errors           =  75.0%    6   (     8)
REF: ఐదుగురు [31mఅబ్బాయిలు[0m [31mఐదుగురు [0m [31mఅమ్మాయిలు[0m [31mఆమరణ[0m [31mనిరాహారదీక్ష[0m [31mచేస్తామని[0m [31mచెప్పారని[0m [31mచాలా     [0m [31mమంచిదని [0m అన్నారు
HYP: ఐదుగురు [31mబాల్య    [0m [31mవిగ్రహమై[0m [31mరామాలయంలో[0m [31mఆమె [0m [31mరాత్రి      [0m [31mదేవినేని [0m [31mచేస్తానని[0m [31mచెప్పారని[0m [31mచాలామంది[0m అన్నారు
SENTENCE 1511
Correct          =  18.2%    2   (    11)
Errors           =  81.8%    9   (    11)
REF: మా అమ్మ వచ్చి
HYP: మా అమ్మ వచ్చి
SENTENCE 1512
Correct          = 100.0%    3   (     3)
Errors           =   0.0%    0   (     3)
REF: పెద్ద సంఖ్యలో ఉద్యోగాలు కల్పిస్తానని హామీలు [31mగుప్పించారు[0m
HYP: పెద్ద సంఖ్యలో ఉద్యోగాలు కల్పిస్తానని హామీలు [31mగుర్తించారు[0m
SENTENCE 1513
Correct          =  83.3%    5   (     6)
Errors           =  16.7%    1   (     6)
REF: దాని వల్ల [31mప్రజలకు[0m చాలా నష్టం అవుతుంది
HYP: దాని వల్ల [31mపెదలలో [0m చాలా నష్టం అవుతుంది
SENTENCE 1514
Correct          =  83.3%    5   (     6)
Errors           =  16.7%    1   (     6)
REF: [31mఆహ [0m అవునా
HYP: [31mఆహా[0m అవునా
SENTENCE 1515
Correct          =  50.0%    1   (     2)
Errors           =  50.0%    1   (     2)
REF: బాలలపై మంచి ప్రభావాన్ని [31mచూపే[0m చిత్రాలను ఈ సందర్భంగా ప్రదర్శిస్తున్నారు
HYP: బాలలపై మంచి ప్రభావాన్ని [31mచూపి[0m చిత్రాలను ఈ సందర్భంగా ప్రదర్శిస్తున్నారు
SENTENCE 1516
Correct          =  87.5%    7   (     8)
Errors           =  12.5%    1   (     8)
REF: [31mత్వరలో[0m వస్తే చాలా వరకు [31mఇంకా[0m [31mఎక్కువ[0m ఇంకా ఎక్కువ
HYP: [31mత్వరగా[0m వస్తే చాలా వరకు [31m****[0m [31m******[0m ఇంకా ఎక్కువ
SENTENCE 1517
Correct          =  62.5%    5   (     8)
Errors           =  37.5%    3   (     8)
REF: నిర్మాణ పనులు మాత్రం ముందుకు [31mకదలడం[0m లేదని విమర్శించారు
HYP: నిర్మాణ పనులు మాత్రం ముందుకు [31mతగలడం[0m లేదని విమర్శించారు
SENTENCE 1518
Correct          =  85.7%    6   (     7)
Errors           =  14.3%    1   (     7)
REF: [31mఇంకా [0m [31mచేయించుకున్నారు[0m
HYP: [31mఅక్కడ[0m [31mచేయించుకోవాలి  [0m
SENTENCE 1519
Correct          =   0.0%    0   (     2)
Errors           = 100.0%    2   (     2)
REF: [31mపక్క [0m [31mరాష్ట్రం[0m గురించి కూడా తెలుసుకుంటే
HYP: [31mఅక్కర[0m [31mరాస్తు  [0m గురించి కూడా తెలుసుకుంటే
SENTENCE 1520
Correct          =  60.0%    3   (     5)
Errors           =  40.0%    2   (     5)
REF: ఈ మూడు [31mవేల[0m [31mరూపాయల్లో[0m [31mవచ్చేసింది[0m [31mకొనేసుకున్నా[0m కాని
HYP: ఈ మూడు [31m***[0m [31mయొవరాల్లో[0m [31mవచ్చేసినా [0m [31mకొనుక్కున్నా[0m కాని
SENTENCE 1521
Correct          =  42.9%    3   (     7)
Errors           =  57.1%    4   (     7)
REF: ఆదివారం జరిగిన [31mఈ       [0m [31mప్రమాదంలో[0m [31mతీవ్రంగా[0m [31mగాయపడిన[0m [31mఅనీ     [0m [31mనికుంజ్[0m [31mఆస్పత్రిలో[0m చికిత్స పొందుతూ మరణించాడు
HYP: ఆదివారం జరిగిన [31mప్రభావతి[0m [31mతీరంగా   [0m [31mగాయపడిన [0m [31mఅన్ని  [0m [31mకేబినెట్[0m [31mఆ      [0m [31mఅస్పత్రికి[0m చికిత్స పొందుతూ మరణించాడు
SENTENCE 1522
Correct          =  41.7%    5   (    12)
Errors           =  58.3%    7   (    12)
REF: కానీ అవినీతి మాత్రం [31mతగ్గడం[0m లేదు [31mఎన్నో [0m [31mజరుగుతున్నాయి[0m మన దాంట్లో
HYP: కానీ అవినీతి మాత్రం [31mకథకడం [0m లేదు [31mఎందుకు[0m [31mచెడుతున్నాయి [0m మన దాంట్లో
SENTENCE 1523
Correct          =  66.7%    6   (     9)
Errors           =  33.3%    3   (     9)
REF: [31mలేదండి[0m [31mమరీ[0m అంత [31mసన్నగా[0m [31mఅవ్వాల్సిన[0m [31mఅంత      [0m అవసరం కూడా లేదండి
HYP: [31mలేదంటే[0m [31mమరి[0m అంత [31m******[0m [31mసంపాది    [0m [31mకావాల్సిన[0m అవసరం కూడా లేదండి
SENTENCE 1524
Correct          =  44.4%    4   (     9)
Errors           =  55.6%    5   (     9)
REF: [31m**[0m [31mఅదే [0m [31mఅండి     [0m
HYP: [31mనా[0m [31mపేరు[0m [31mఅన్నయ్యను[0m
SENTENCE 1525
Correct          =   0.0%    0   (     2)
Errors           = 150.0%    3   (     2)
REF: [31mనువ్వు[0m [31mమానద్దు[0m
HYP: [31mమా    [0m [31mనాన్న  [0m
SENTENCE 1526
Correct          =   0.0%    0   (     2)
Errors           = 100.0%    2   (     2)
REF: ఈ సంఘటన అనంతపురం జిల్లా ధర్మవరంలో శనివారం చోటు చేసుకుంది
HYP: ఈ సంఘటన అనంతపురం జిల్లా ధర్మవరంలో శనివారం చోటు చేసుకుంది
SENTENCE 1527
Correct          = 100.0%    8   (     8)
Errors           =   0.0%    0   (     8)
REF: కేసులకు [31mభయపడి [0m [31mహోదా[0m కోసం కేంద్రం [31mపైన[0m [31mఒత్తిడి[0m తెచ్చే ప్రయత్నాలను [31mవిరమించుకోవద్దని[0m హితవు పలికారు
HYP: కేసులకు [31mబయటికి[0m [31mబోదా[0m కోసం కేంద్రం [31m***[0m [31mనుంచి  [0m తెచ్చే ప్రయత్నాలను [31mవివరించుకోవద్దని[0m హితవు పలికారు
SENTENCE 1528
Correct          =  58.3%    7   (    12)
Errors           =  41.7%    5   (    12)
REF: కానీ
HYP: కానీ
SENTENCE 1529
Correct          = 100.0%    1   (     1)
Errors           =   0.0%    0   (     1)
REF: [31mఆలోచించాల్సిన[0m [31mవిషయం        [0m [31mఇది      [0m
HYP: [31m*************[0m [31mఆలోచించవల్సిన[0m [31mవిషయానికి[0m
SENTENCE 1530
Correct          =   0.0%    0   (     3)
Errors           = 100.0%    3   (     3)
REF: [31m******[0m [31mమంత్రిపదవుల[0m కోసం [31mఆయనపై[0m [31mతీవ్రంగా[0m [31mఒత్తిడి[0m [31mవస్తున్నట్లు[0m [31mగా          [0m తెలిసింది
HYP: [31mమంత్రి[0m [31mపదవుల      [0m కోసం [31mఆయన  [0m [31mప్రతి   [0m [31mగ్రామం [0m [31mఉత్తర్వులు  [0m [31mవస్తున్నట్లు[0m తెలిసింది
SENTENCE 1531
Correct          =  25.0%    2   (     8)
Errors           =  87.5%    7   (     8)
REF: [31mఅయినా[0m [31mఈ[0m [31mఅయినా[0m [31mమర్చిపోలేము[0m [31mలే  [0m [31mచిన్నప్పుడివి[0m
HYP: [31mఆయన  [0m [31mఆ[0m [31mమరి  [0m [31mమరిచిపోలో  [0m [31mఉన్న[0m [31mవచ్చినప్పటికి[0m
SENTENCE 1532
Correct          =   0.0%    0   (     6)
Errors           = 100.0%    6   (     6)
REF: [31m******[0m [31mలింబయ్యది[0m నిజామాబాద్ జిల్లా [31m******[0m [31mసదాశివనగర్[0m మండలం [31mరామారెడ్డి  [0m [31mగ్రామం[0m
HYP: [31mదింపల్[0m [31mఅదే      [0m నిజామాబాద్ జిల్లా [31mసదస్సు[0m [31mనగదు      [0m మండలం [31mరామారెడ్డికి[0m [31mఅంది  [0m
SENTENCE 1533
Correct          =  42.9%    3   (     7)
Errors           =  85.7%    6   (     7)
REF: మూడు [31m**********[0m [31mసంవత్సరాల[0m [31mతరువాత[0m [31mరోజుకి[0m [31mకనీసం[0m [31mఒక్క[0m [31mరూపాయి[0m [31mసంపాయిచ్చిన[0m
HYP: మూడు [31mసంవత్సరాలు[0m [31mతలలోసి   [0m [31mకనీసం [0m [31mఒక    [0m [31mఒక   [0m [31mరోజు[0m [31mప్రశం [0m [31mవచ్చినా    [0m
SENTENCE 1534
Correct          =  12.5%    1   (     8)
Errors           = 100.0%    8   (     8)
REF: [31mఇబ్బంది[0m [31mకానీ [0m [31mనేను[0m
HYP: [31mఇంకా   [0m [31mఅందరు[0m [31mకానీ[0m
SENTENCE 1535
Correct          =   0.0%    0   (     3)
Errors           = 100.0%    3   (     3)
REF: [31m*****[0m [31mసన్యాసి[0m [31mగంభీర[0m [31mవదనంతో[0m ఈ [31mరాజ్యమునకు [0m [31mముగ్గురు[0m [31mశ్రుతులు[0m ఉన్నారు
HYP: [31mసంఘ్య[0m [31mసింగ్  [0m [31mమీర  [0m [31mబతంతో [0m ఈ [31mరాజమండ్రికి[0m [31mగుర్రు  [0m [31mసూచనలు  [0m ఉన్నారు
SENTENCE 1536
Correct          =  25.0%    2   (     8)
Errors           =  87.5%    7   (     8)
REF: [31mఆరోగ్యానికి[0m కూడా [31mమంచింది[0m
HYP: [31mఆరోగ్యాన్ని[0m కూడా [31mమంచిది [0m
SENTENCE 1537
Correct          =  33.3%    1   (     3)
Errors           =  66.7%    2   (     3)
REF: నా పేరు అశ్విని అండి
HYP: నా పేరు అశ్విని అండి
SENTENCE 1538
Correct          = 100.0%    4   (     4)
Errors           =   0.0%    0   (     4)
REF: చిన్న పిల్లలకి మనం
HYP: చిన్న పిల్లలకి మనం
SENTENCE 1539
Correct          = 100.0%    3   (     3)
Errors           =   0.0%    0   (     3)
REF: [31mకరవుతో [0m [31mఅల్లాడుతున్న[0m రాష్ట్రానికి కేంద్రం నుంచి ఎలాంటి సహాయం [31m********[0m [31mఅందటంలేదని[0m ఈ [31m*********[0m [31mనేపధ్యంలో[0m [31mకేంద్ర     [0m [31mనిధులపై[0m [31mశ్వేతపత్రాన్ని[0m విడుదల చేయాలన్నారు
HYP: [31mకరువుతో[0m [31mఅలవాటును    [0m రాష్ట్రానికి కేంద్రం నుంచి ఎలాంటి సహాయం [31mఅందకపోతే[0m [31mలేదని     [0m ఈ [31mనేపథ్యంలో[0m [31mలేని     [0m [31mప్రతినిధులు[0m [31mపసుపు  [0m [31mనామి          [0m విడుదల చేయాలన్నారు
SENTENCE 1540
Correct          =  53.3%    8   (    15)
Errors           =  60.0%    9   (    15)
REF: ఒకప్పుడు [31mఆయనా[0m
HYP: ఒకప్పుడు [31mఆయన [0m
SENTENCE 1541
Correct          =  50.0%    1   (     2)
Errors           =  50.0%    1   (     2)
REF: అవును
HYP: అవును
SENTENCE 1542
Correct          = 100.0%    1   (     1)
Errors           =   0.0%    0   (     1)
REF: తొందరగా [31mతను[0m నటించిన [31m********[0m [31mసినిమాల్ని[0m [31mచూడటానికి[0m [31mఇష్టపడేవారు[0m [31mకాదేమో[0m
HYP: తొందరగా [31mతన [0m నటించిన [31mసినిమానే[0m [31mచూడడానికి [0m [31mషియపడి   [0m [31mవారు       [0m [31mకాదనం [0m
SENTENCE 1543
Correct          =  28.6%    2   (     7)
Errors           =  85.7%    6   (     7)
REF: [31m*******[0m [31m*********[0m [31mతిరుమల[0m [31mబ్రహ్మోత్సవాల్లో[0m [31mభాగంగా[0m [31mఎనిమిదో[0m [31mరోజు [0m [31mబుధవారం[0m [31mఉదయం  [0m [31mరథోత్సవం[0m [31mవైభవంగా[0m [31mజరిగింది [0m
HYP: [31mతెలంగాణ[0m [31mప్రభుత్వం[0m [31mఅన్ని [0m [31mవిధంగా          [0m [31mఎందుకు[0m [31mరోజున  [0m [31mశుభ్ర[0m [31mవారం   [0m [31mరాత్రి[0m [31mతొమ్మిదో[0m [31mమంది   [0m [31mసమీపిచీరం[0m
SENTENCE 1544
Correct          =   0.0%    0   (    10)
Errors           = 120.0%   12   (    10)
REF: అవును
HYP: అవును
SENTENCE 1545
Correct          = 100.0%    1   (     1)
Errors           =   0.0%    0   (     1)
REF: అవును కాదు
HYP: అవును కాదు
SENTENCE 1546
Correct          = 100.0%    2   (     2)
Errors           =   0.0%    0   (     2)
REF: పెరగడం జరిగింది
HYP: పెరగడం జరిగింది
SENTENCE 1547
Correct          = 100.0%    2   (     2)
Errors           =   0.0%    0   (     2)
REF: చూపించారు
HYP: చూపించారు
SENTENCE 1548
Correct          = 100.0%    1   (     1)
Errors           =   0.0%    0   (     1)
REF: ఇంకా
HYP: ఇంకా
SENTENCE 1549
Correct          = 100.0%    1   (     1)
Errors           =   0.0%    0   (     1)
REF: [31mఢిల్లీ[0m [31mలో[0m [31mచంద్రబాబు[0m [31mపై       [0m [31mపరోక్ష[0m [31mవిమర్శలు[0m చేసిన [31mహరికృష్ణ[0m [31mఆ[0m [31mతర్వాత  [0m కార్యాలయంలో [31mబైఠాయించారు [0m
HYP: [31m******[0m [31m**[0m [31mఢిల్లీలో [0m [31mచంద్రబాబే[0m [31mపరిచయం[0m [31mఅసలు    [0m చేసిన [31m********[0m [31m*[0m [31mఆత్మహత్య[0m కార్యాలయంలో [31mబుద్దయించారు[0m
SENTENCE 1550
Correct          =  16.7%    2   (    12)
Errors           =  83.3%   10   (    12)
REF: చాలా దాంట్లో తెలియలేని [31mమనకి[0m ప్రదేశాలు [31m*****[0m [31mపూర్వకాలంలో[0m [31mరాజ్యంలో  [0m
HYP: చాలా దాంట్లో తెలియలేని [31mమనకే[0m ప్రదేశాలు [31mఉప్పు[0m [31mమకాలు      [0m [31mరాజ్యాల్లో[0m
SENTENCE 1551
Correct          =  57.1%    4   (     7)
Errors           =  57.1%    4   (     7)
REF: [31mతొమ్మిది[0m [31mరోజులు[0m
HYP: [31mతమ్మిది [0m [31mరాజు  [0m
SENTENCE 1552
Correct          =   0.0%    0   (     2)
Errors           = 100.0%    2   (     2)
REF: బాగా
HYP: బాగా
SENTENCE 1553
Correct          = 100.0%    1   (     1)
Errors           =   0.0%    0   (     1)
REF: [31mశివ    [0m
HYP: [31mశివాలయం[0m
SENTENCE 1554
Correct          =   0.0%    0   (     1)
Errors           = 100.0%    1   (     1)
REF: అవును చాలా అయితే [31mబాగా[0m చదువుకున్నారు
HYP: అవును చాలా అయితే [31mబా  [0m చదువుకున్నారు
SENTENCE 1555
Correct          =  80.0%    4   (     5)
Errors           =  20.0%    1   (     5)
REF: కానీ పెద్దవాళ్ళు ఆలోచించాలి కదా
HYP: కానీ పెద్దవాళ్ళు ఆలోచించాలి కదా
SENTENCE 1556
Correct          = 100.0%    4   (     4)
Errors           =   0.0%    0   (     4)
REF: [31m*****[0m [31m****[0m [31mప్రతినెలా[0m [31mజీతాలు[0m [31mఇవ్వకపోయినా[0m పనిచేస్తున్నామని [31mఉన్నట్టుండి[0m [31mతొలగించడం[0m అన్యాయమని ఆవేదన వ్యక్తం [31mచేస్తు[0m [31mన్నారు      [0m
HYP: [31mప్రతి[0m [31mనెలా[0m [31mజీడా     [0m [31mఈ     [0m [31mఘటన        [0m పనిచేస్తున్నామని [31mఉన్నత      [0m [31mటిడిజిలో [0m అన్యాయమని ఆవేదన వ్యక్తం [31m******[0m [31mచేస్తున్నారు[0m
SENTENCE 1557
Correct          =  36.4%    4   (    11)
Errors           =  81.8%    9   (    11)
REF: ప్రత్యేక హోదాను [31mఅయితే[0m [31mప్యాకేజీ   [0m [31mవల్ల [0m [31mలాబము [0m
HYP: ప్రత్యేక హోదాను [31mఅడిగి[0m [31mప్రయాణికులు[0m [31mమండలం[0m [31mదాదాపు[0m
SENTENCE 1558
Correct          =  33.3%    2   (     6)
Errors           =  66.7%    4   (     6)
REF: ఇంకా
HYP: ఇంకా
SENTENCE 1559
Correct          = 100.0%    1   (     1)
Errors           =   0.0%    0   (     1)
REF: కాబట్టి [31m*******[0m [31mవీళ్ళకి[0m
HYP: కాబట్టి [31mఇప్పుడు[0m [31mఒకరికే [0m
SENTENCE 1560
Correct          =  50.0%    1   (     2)
Errors           = 100.0%    2   (     2)
REF: [31m******[0m [31mనిత్యావసర[0m [31mవస్తువులు[0m
HYP: [31mఇద్దరు[0m [31mఅ        [0m [31mస్వస్తులు[0m
SENTENCE 1561
Correct          =   0.0%    0   (     2)
Errors           = 150.0%    3   (     2)
REF: ప్రస్తుతం [31mవిభజనపై[0m దృష్టి సారించిన అధిష్టానం ఆ తర్వాత [31mదీనిపై[0m [31mఓ     [0m నిర్ణయం తీసుకుంది
HYP: ప్రస్తుతం [31mవిభజన  [0m దృష్టి సారించిన అధిష్టానం ఆ తర్వాత [31mరెండు [0m [31mనిమిది[0m నిర్ణయం తీసుకుంది
SENTENCE 1562
Correct          =  72.7%    8   (    11)
Errors           =  27.3%    3   (    11)
REF: అంటే మన [31mసాంప్రదాయం[0m ఎవరైనా [31m*****[0m [31mగౌరవిస్తారు[0m
HYP: అంటే మన [31mసాంప్రదాయో[0m ఎవరైనా [31mగోలైన[0m [31mగౌరవించారు [0m
SENTENCE 1563
Correct          =  60.0%    3   (     5)
Errors           =  60.0%    3   (     5)
REF: ఓహో
HYP: ఓహో
SENTENCE 1564
Correct          = 100.0%    1   (     1)
Errors           =   0.0%    0   (     1)
REF: ఈ పథకం కింద ప్రతి [31m****[0m [31m****[0m [31mకుటుంబానికి[0m [31mఆర్థిక[0m [31mసహాయన్ని[0m [31mరూ [0m
HYP: ఈ పథకం కింద ప్రతి [31mకూడా[0m [31mమనకి[0m [31mఅర్థిక     [0m [31mసమయం  [0m [31mనిలుపు  [0m [31mఐడి[0m
SENTENCE 1565
Correct          =  50.0%    4   (     8)
Errors           =  75.0%    6   (     8)
REF: చదువు
HYP: చదువు
SENTENCE 1566
Correct          = 100.0%    1   (     1)
Errors           =   0.0%    0   (     1)
REF: [31mజో[0m
HYP: [31mసో[0m
SENTENCE 1567
Correct          =   0.0%    0   (     1)
Errors           = 100.0%    1   (     1)
REF: [31m****[0m [31mవెలుగొండ[0m పూర్తయితే ప్రకాశం జిల్లా [31mకరువు[0m [31mరహిత     [0m [31mప్రాంతంగా[0m మారుతుందన్నారు
HYP: [31mవీరు[0m [31mకొందరు  [0m పూర్తయితే ప్రకాశం జిల్లా [31m*****[0m [31mకార్యవర్గ[0m [31mప్రాంతంలో[0m మారుతుందన్నారు
SENTENCE 1568
Correct          =  50.0%    4   (     8)
Errors           =  62.5%    5   (     8)
REF: మన వల్ల కాదండి [31mఅదీ[0m
HYP: మన వల్ల కాదండి [31mఅది[0m
SENTENCE 1569
Correct          =  75.0%    3   (     4)
Errors           =  25.0%    1   (     4)
REF: [31mకాదే[0m
HYP: [31mకాదు[0m
SENTENCE 1570
Correct          =   0.0%    0   (     1)
Errors           = 100.0%    1   (     1)
REF: చెప్పు
HYP: చెప్పు
SENTENCE 1571
Correct          = 100.0%    1   (     1)
Errors           =   0.0%    0   (     1)
REF: రానున్న రోజుల్లో పోలవరం ప్రాజెక్టు [31mవద్ద   [0m కూడా [31m*****[0m [31mపెద్దఎత్తున[0m [31mవనాల  [0m [31mఅభివృద్ది[0m చేపడతామన్నారు
HYP: రానున్న రోజుల్లో పోలవరం ప్రాజెక్టు [31mవర్గాలు[0m కూడా [31mపెద్ద[0m [31mఎత్తున     [0m [31mవర్గాల[0m [31mఅభివృద్ధి[0m చేపడతామన్నారు
SENTENCE 1572
Correct          =  60.0%    6   (    10)
Errors           =  50.0%    5   (    10)
REF: [31mతల్లిదండ్రులు[0m చెప్పినట్టు కూడా నడుచుకుంటూ ఉంటె
HYP: [31mతల్లితండ్రులు[0m చెప్పినట్టు కూడా నడుచుకుంటూ ఉంటె
SENTENCE 1573
Correct          =  80.0%    4   (     5)
Errors           =  20.0%    1   (     5)
REF: కాగా శాసనసభలో [31mనోటుకు[0m [31mఓటు  [0m [31mవ్యవహారంపై [0m తీవ్ర [31mదుమారం   [0m చెలరేగింది
HYP: కాగా శాసనసభలో [31m******[0m [31mనోట్ల[0m [31mరవాణారెడ్డి[0m తీవ్ర [31mసినిమాలను[0m చెలరేగింది
SENTENCE 1574
Correct          =  50.0%    4   (     8)
Errors           =  50.0%    4   (     8)
REF: [31mఇళ్ళల   [0m [31mమద్యన  [0m [31mజరుగుతున్నాయి[0m [31mకాబట్టి[0m అలా ఎప్పుడు ఉండకూడదు [31m*******[0m వాళ్ళకి [31m***[0m [31mవాళ్ళ[0m [31mవృత్తి[0m [31mఅది[0m [31mకాబట్టి [0m వాళ్ళు [31m*****[0m [31mఎక్కడైనా[0m [31mఊరు     [0m [31mచివరన[0m
HYP: [31mఎల్లలేదు[0m [31mమనిషిని[0m [31mజరుగుతుంది   [0m [31mకాబట్టే[0m అలా ఎప్పుడు ఉండకూడదు [31mవాళ్ళకి[0m వాళ్ళకి [31mఅవి[0m [31mఉ    [0m [31mఉత్తి [0m [31mఅవి[0m [31mకాపాడ్డి[0m వాళ్ళు [31mఎక్కడ[0m [31mమురిచి  [0m [31mఉండొచ్చు[0m [31mఅన్న [0m
SENTENCE 1575
Correct          =  31.2%    5   (    16)
Errors           =  87.5%   14   (    16)
REF: [31mమధ్యాహ్న[0m భోజన పథకం అమలు చేసేందుకు [31mప్రాణలికలు[0m సిద్ధంగా ఉన్నాయని పేర్కొన్నారు
HYP: [31mమద్యానం [0m భోజన పథకం అమలు చేసేందుకు [31mప్రణాళికలు[0m సిద్ధంగా ఉన్నాయని పేర్కొన్నారు
SENTENCE 1576
Correct          =  77.8%    7   (     9)
Errors           =  22.2%    2   (     9)
REF: అవును
HYP: అవును
SENTENCE 1577
Correct          = 100.0%    1   (     1)
Errors           =   0.0%    0   (     1)
REF: నాకు అలాంటివి [31mఅలవాట్లు[0m లేవు
HYP: నాకు అలాంటివి [31mఅలవాటు  [0m లేవు
SENTENCE 1578
Correct          =  75.0%    3   (     4)
Errors           =  25.0%    1   (     4)
REF: [31mఉండాలి [0m ఉండాలి అది [31mలేకుండా[0m నేను [31mఇంత   [0m [31mవరకు  [0m [31mరాలేను[0m కదా
HYP: [31mఒంటరిగా[0m ఉండాలి అది [31mరాకొండ [0m నేను [31mదొరకడం[0m [31mరాదండి[0m [31mఉండాలి[0m కదా
SENTENCE 1579
Correct          =  44.4%    4   (     9)
Errors           =  55.6%    5   (     9)
REF: తర్వాత మామూలు పరిస్థితులు నెలకొనే అవకాశం ఉందని తెలిపారు
HYP: తర్వాత మామూలు పరిస్థితులు నెలకొనే అవకాశం ఉందని తెలిపారు
SENTENCE 1580
Correct          = 100.0%    7   (     7)
Errors           =   0.0%    0   (     7)
REF: మా ఊర్లో
HYP: మా ఊర్లో
SENTENCE 1581
Correct          = 100.0%    2   (     2)
Errors           =   0.0%    0   (     2)
REF: [31mశ్రీదేవి[0m మాట్లాడుతూ [31mప్రపంచ     [0m [31mవ్యాప్తంగా[0m [31mమహిళలు  [0m [31mఅనేక[0m [31mరాణిస్తున్నప్పటికీ[0m [31mనేటికీ[0m వారిపై దాడులు [31m******[0m [31m*************[0m [31mకొనసాగుతూనే[0m [31mఉన్నాయన్నారు[0m
HYP: [31mసెమీదే  [0m మాట్లాడుతూ [31mప్రభజాత్యుల[0m [31mఅన్ని     [0m [31mర్వాణీకా[0m [31mనాడు[0m [31mఇస్తున్నప్పటికీ   [0m [31mనీటి  [0m వారిపై దాడులు [31mకుమారు[0m [31mసాగుతున్నాయని[0m [31mఉన్నాయని   [0m [31mఅన్నారు     [0m
SENTENCE 1582
Correct          =  25.0%    3   (    12)
Errors           =  91.7%   11   (    12)
REF: ఇంకా
HYP: ఇంకా
SENTENCE 1583
Correct          = 100.0%    1   (     1)
Errors           =   0.0%    0   (     1)
REF: [31mవిస్తారంగా[0m కురుస్తున్న [31mవర్షాల  [0m వల్ల రైతులు [31mవ్యవసాయ   [0m [31mపనులు[0m ప్రారంభించారు
HYP: [31mవిస్తరణగా [0m కురుస్తున్న [31mవర్షాలకు[0m వల్ల రైతులు [31mడ్వాక్రాయి[0m [31mపన్ను[0m ప్రారంభించారు
SENTENCE 1584
Correct          =  50.0%    4   (     8)
Errors           =  50.0%    4   (     8)
REF: [31mఅరవింద్[0m [31mగారు [0m [31mమీ[0m [31mఊరులో [0m
HYP: [31mఅరి    [0m [31mదగ్గర[0m [31mని[0m [31mమూలిలో[0m
SENTENCE 1585
Correct          =   0.0%    0   (     4)
Errors           = 100.0%    4   (     4)
REF: ఎన్నికల సమయంలో కాపులకు తెలుగుదేశం ఇచ్చిన హామీలను ప్రస్తావించారు
HYP: ఎన్నికల సమయంలో కాపులకు తెలుగుదేశం ఇచ్చిన హామీలను ప్రస్తావించారు
SENTENCE 1586
Correct          = 100.0%    7   (     7)
Errors           =   0.0%    0   (     7)
REF: ఇంకా
HYP: ఇంకా
SENTENCE 1587
Correct          = 100.0%    1   (     1)
Errors           =   0.0%    0   (     1)
REF: [31mవ్యవసాయం[0m [31mగోదావరి   [0m [31mప్రకాశం[0m [31mజిల్లాలకు  [0m [31mవెళుతున్నారు     [0m
HYP: [31m********[0m [31mవ్యవసాయంపై[0m [31mదాడిలో [0m [31mకార్యకర్తలు[0m [31mనిర్వహించనున్నారు[0m
SENTENCE 1588
Correct          =   0.0%    0   (     5)
Errors           = 100.0%    5   (     5)
REF: ఇంకేం చేస్తున్నారు
HYP: ఇంకేం చేస్తున్నారు
SENTENCE 1589
Correct          = 100.0%    2   (     2)
Errors           =   0.0%    0   (     2)
REF: ముఖ్యమంత్రి నారా చంద్రబాబు నాయుడు ప్రతిపక్ష [31mరాష్ట్ర [0m అభివృద్ధి చేస్తున్నారన్నారు
HYP: ముఖ్యమంత్రి నారా చంద్రబాబు నాయుడు ప్రతిపక్ష [31mరాష్ట్రం[0m అభివృద్ధి చేస్తున్నారన్నారు
SENTENCE 1590
Correct          =  87.5%    7   (     8)
Errors           =  12.5%    1   (     8)
REF: [31mఅవన్నీ  [0m [31mవండుకుంటాం[0m
HYP: [31mఅలాంటివి[0m [31mఅందుకుంటాం[0m
SENTENCE 1591
Correct          =   0.0%    0   (     2)
Errors           = 100.0%    2   (     2)
REF: [31mఇచ్చి [0m [31mఉండోచు[0m
HYP: [31mఇచ్చిన[0m [31mవచ్చు [0m
SENTENCE 1592
Correct          =   0.0%    0   (     2)
Errors           = 100.0%    2   (     2)
REF: శనివారం చిత్తూరు నెల్లూరు [31m******[0m [31mజిల్లాలలో [0m [31mవరద   [0m [31mబాధిత[0m [31mప్రాంతాలను [0m వెంకయ్య తెలిపారు
HYP: శనివారం చిత్తూరు నెల్లూరు [31mజిల్లా[0m [31mజిల్లాల్లో[0m [31mరాధాకా[0m [31mపాత్ర[0m [31mప్రాంతాల్లో[0m వెంకయ్య తెలిపారు
SENTENCE 1593
Correct          =  55.6%    5   (     9)
Errors           =  55.6%    5   (     9)
REF: అంతర్జాతీయ యోగా దినోత్సవం అనేది ఒక ప్రజా [31mఉద్యమంలా[0m మారిందని అన్నారు
HYP: అంతర్జాతీయ యోగా దినోత్సవం అనేది ఒక ప్రజా [31mఉద్యమంలో[0m మారిందని అన్నారు
SENTENCE 1594
Correct          =  88.9%    8   (     9)
Errors           =  11.1%    1   (     9)
REF: [31mజయంతి   [0m జరిగింది
HYP: [31mవ్యవసాయం[0m జరిగింది
SENTENCE 1595
Correct          =  50.0%    1   (     2)
Errors           =  50.0%    1   (     2)
REF: [31mవారంతా[0m
HYP: [31mవరంత  [0m
SENTENCE 1596
Correct          =   0.0%    0   (     1)
Errors           = 100.0%    1   (     1)
REF: [31mవీళ్ళిద్దరూ[0m కలిసి
HYP: [31mమీరెద్దరు  [0m కలిసి
SENTENCE 1597
Correct          =  50.0%    1   (     2)
Errors           =  50.0%    1   (     2)
REF: [31mకదా  [0m
HYP: [31mఅక్కడ[0m
SENTENCE 1598
Correct          =   0.0%    0   (     1)
Errors           = 100.0%    1   (     1)
REF: [31mచదువుకోకపోతే[0m [31mనీ[0m [31mభవిస్యత్తు[0m కూడా బాగోదు అని చెప్పి మనం
HYP: [31mచదువుకోపోతే [0m [31mని[0m [31mభవిష్యత్  [0m కూడా బాగోదు అని చెప్పి మనం
SENTENCE 1599
Correct          =  62.5%    5   (     8)
Errors           =  37.5%    3   (     8)
REF: అన్ని వర్గాల ప్రజల [31mఅవసరాలు[0m తీర్చే విధంగా ఈ కేంద్రాన్ని ఏర్పాటు చేశామని చెప్పారు
HYP: అన్ని వర్గాల ప్రజల [31mఅసరాలు [0m తీర్చే విధంగా ఈ కేంద్రాన్ని ఏర్పాటు చేశామని చెప్పారు
SENTENCE 1600
Correct          =  90.9%   10   (    11)
Errors           =   9.1%    1   (    11)
REF: గతంలో ఎన్నడూ లేని విధంగా ఈసారి కోడి [31mపందాలను[0m పెద్ద ఎత్తున నిర్వహించారు
HYP: గతంలో ఎన్నడూ లేని విధంగా ఈసారి కోడి [31mపందాలు [0m పెద్ద ఎత్తున నిర్వహించారు
SENTENCE 1601
Correct          =  90.0%    9   (    10)
Errors           =  10.0%    1   (    10)
REF: [31m******[0m [31m****[0m [31m*****[0m [31mభారీ[0m [31mసంఖ్యలో[0m [31mవచ్చిపోయే[0m [31mరైళ్ల[0m [31mరాకపోకలను[0m [31mనియంత్రించడం[0m [31mతలకుమించిన[0m [31mభారంలా [0m [31mమారింది[0m
HYP: [31mబాలిసీ[0m [31mకిలో[0m [31mవచ్చి[0m [31mపోయే[0m [31mరైలు   [0m [31mలాక్కు   [0m [31mగురైన[0m [31mఎంతటి    [0m [31mతలెత్తించడం [0m [31mద్వారా    [0m [31mప్రముఖం[0m [31mఅమలుంది[0m
SENTENCE 1602
Correct          =   0.0%    0   (     9)
Errors           = 133.3%   12   (     9)
REF: ధ్వని కాలుష్యం
HYP: ధ్వని కాలుష్యం
SENTENCE 1603
Correct          = 100.0%    2   (     2)
Errors           =   0.0%    0   (     2)
REF: దాసరి వైసిపిలో [31mచేరుతారా[0m [31mఅనే     [0m చర్చ కూడా సాగింది
HYP: దాసరి వైసిపిలో [31m********[0m [31mచేరతారనే[0m చర్చ కూడా సాగింది
SENTENCE 1604
Correct          =  71.4%    5   (     7)
Errors           =  28.6%    2   (     7)
REF: అలా [31mభాధ్యతలు[0m [31mస్వీకరించిన[0m [31mవాళ్ళు   [0m [31mఎవరైనా[0m ఉన్నారా
HYP: అలా [31m********[0m [31mబాద్యత     [0m [31mసీకరించడం[0m [31mఏదైనా [0m ఉన్నారా
SENTENCE 1605
Correct          =  33.3%    2   (     6)
Errors           =  66.7%    4   (     6)
REF: [31mఆయన[0m ఇంకా [31mదేవుడు[0m చాలా [31m*****[0m [31mకాచి   [0m [31mకాపాడాలనే[0m ఆయన చేసే
HYP: [31mఅయన[0m ఇంకా [31mదీపుడు[0m చాలా [31mకష్టం[0m [31mకాకుండా[0m [31mఅనే      [0m ఆయన చేసే
SENTENCE 1606
Correct          =  50.0%    4   (     8)
Errors           =  62.5%    5   (     8)
REF: [31mజ్వాలా[0m [31mనువ్వు   [0m [31mచేసింది[0m తప్పని [31mగోపీచంద్  [0m చెప్పవచ్చునని [31mఓ [0m వైఖరి తెలుసుకోవాలని ఎందుకు [31mమాట్లాడడం[0m లేదని [31mఆమె[0m అన్నారు
HYP: [31m******[0m [31mజ్వానాలను[0m [31mచేసిన  [0m తప్పని [31mగొప్పించిన[0m చెప్పవచ్చునని [31mఒక[0m వైఖరి తెలుసుకోవాలని ఎందుకు [31mమాట్లాడటం[0m లేదని [31mఆయన[0m అన్నారు
SENTENCE 1607
Correct          =  50.0%    7   (    14)
Errors           =  50.0%    7   (    14)
REF: [31mవాళ్ళే[0m అలా చేసుకుంటూ
HYP: [31mవాళ్ళు[0m అలా చేసుకుంటూ
SENTENCE 1608
Correct          =  66.7%    2   (     3)
Errors           =  33.3%    1   (     3)
REF: [31m****[0m [31mలేదంటే[0m ఇంకా ఎవరైనా [31mతక్కువగా[0m [31mచదువుకున్న[0m [31mవాళ్ళు    [0m [31mగాని[0m వాళ్ళు కూడా చాలా బాగా వాళ్ళ [31mప్రదర్శన[0m [31mఆట[0m [31mప్రదర్శనలు[0m
HYP: [31mమీరు[0m [31mలంటే  [0m ఇంకా ఎవరైనా [31mతక్కువ  [0m [31mవచ్చారు   [0m [31mకొనేవాళ్ళు[0m [31mకానీ[0m వాళ్ళు కూడా చాలా బాగా వాళ్ళ [31m********[0m [31m**[0m [31mప్రదేశంలో [0m
SENTENCE 1609
Correct          =  46.7%    7   (    15)
Errors           =  60.0%    9   (    15)
REF: ఏంటంటే [31mఅట్లనే[0m చూస్తూ [31mఉండపోలేము[0m కదా ఏదైనా [31mఎవరిదైన [0m [31mతప్  [0m
HYP: ఏంటంటే [31mఅతను  [0m చూస్తూ [31mఉంటుండి  [0m కదా ఏదైనా [31mఎవరికైనా[0m [31mతప్పు[0m
SENTENCE 1610
Correct          =  50.0%    4   (     8)
Errors           =  50.0%    4   (     8)
REF: ఇదే చూసుకుంటున్నారు
HYP: ఇదే చూసుకుంటున్నారు
SENTENCE 1611
Correct          = 100.0%    2   (     2)
Errors           =   0.0%    0   (     2)
REF: తెలుగుదేశం పార్టీ సీనియర్ నేత నందమూరి హరికృష్ణ రాజీనామా తెలుగుదేశం పార్టీలో [31mపెద్ద[0m [31mచర్చకు [0m [31mదారి[0m [31mతీసింది[0m
HYP: తెలుగుదేశం పార్టీ సీనియర్ నేత నందమూరి హరికృష్ణ రాజీనామా తెలుగుదేశం పార్టీలో [31mకదిలి[0m [31mచిత్రిక[0m [31mదాడి[0m [31mచేసింది[0m
SENTENCE 1612
Correct          =  69.2%    9   (    13)
Errors           =  30.8%    4   (    13)
REF: [31m***[0m [31m***[0m [31mసభాస్థలిలో[0m [31mసర్వమత  [0m [31mప్రార్థనలు[0m చేసి [31mశంఖం  [0m [31mపూరించి   [0m [31mకార్యక్రమాన్ని[0m ప్రారంభించారు
HYP: [31mసభా[0m [31mసభా[0m [31mస్థలాల్లో [0m [31mసర్వత్రా[0m [31mనందమూరి   [0m చేసి [31mశాకంబూ[0m [31mపూర్తిచ్చి[0m [31mకార్యక్రమాలను [0m ప్రారంభించారు
SENTENCE 1613
Correct          =  25.0%    2   (     8)
Errors           = 100.0%    8   (     8)
REF: మరి [31mఈ[0m [31mరోజు[0m [31mఅదే     [0m [31mరేపు   [0m [31mవస్తాది[0m అని అనుకుంటే
HYP: మరి [31m*[0m [31mఇది [0m [31mచూడ్లేదు[0m [31mఎప్పుడు[0m [31mవస్తది [0m అని అనుకుంటే
SENTENCE 1614
Correct          =  37.5%    3   (     8)
Errors           =  62.5%    5   (     8)
REF: ఆయన ఆవేదన వ్యక్తం చేశారు
HYP: ఆయన ఆవేదన వ్యక్తం చేశారు
SENTENCE 1615
Correct          = 100.0%    4   (     4)
Errors           =   0.0%    0   (     4)
REF: అవునవును
HYP: అవునవును
SENTENCE 1616
Correct          = 100.0%    1   (     1)
Errors           =   0.0%    0   (     1)
REF: అవునా
HYP: అవునా
SENTENCE 1617
Correct          = 100.0%    1   (     1)
Errors           =   0.0%    0   (     1)
REF: అప్పుడు [31mదుర్గమ్మ[0m [31mతల్లి [0m
HYP: అప్పుడు [31mజ్వరంగా [0m [31mతెలీదు[0m
SENTENCE 1618
Correct          =  33.3%    1   (     3)
Errors           =  66.7%    2   (     3)
REF: [31mతగ్గుతున్నాయ్[0m
HYP: [31mతగ్గుతున్నాయి[0m
SENTENCE 1619
Correct          =   0.0%    0   (     1)
Errors           = 100.0%    1   (     1)
REF: అవునండి అవునండి
HYP: అవునండి అవునండి
SENTENCE 1620
Correct          = 100.0%    2   (     2)
Errors           =   0.0%    0   (     2)
REF: [31mఆ[0m [31mదిశగా [0m చర్యలు తీసుకోవాలని కేంద్ర ప్రభుత్వాన్ని కోరారు
HYP: [31m*[0m [31mఆదిశేల[0m చర్యలు తీసుకోవాలని కేంద్ర ప్రభుత్వాన్ని కోరారు
SENTENCE 1621
Correct          =  71.4%    5   (     7)
Errors           =  28.6%    2   (     7)
REF: [31m**[0m [31mఈ  [0m క్రమంలో [31mఖర్చు [0m [31mతగ్గించుకోవడానికి[0m [31mగాను[0m గత కొంతకాలంగా [31m*********[0m [31m****[0m [31mఉద్యోగుల్లో[0m [31mభారీ    [0m [31mకోరత[0m [31mఎర్పడుతుందిడుతొన్న[0m తెలిపారు
HYP: [31mఇక[0m [31mఅమీ[0m క్రమంలో [31mకష్టతో[0m [31mకించపోతానని      [0m [31mగానీ[0m గత కొంతకాలంగా [31mఉద్యోగులు[0m [31mబారి[0m [31mకుక్తా     [0m [31mఏలకొక్తా[0m [31mఏ   [0m [31mప్రార్థనలు        [0m తెలిపారు
SENTENCE 1622
Correct          =  33.3%    4   (    12)
Errors           =  91.7%   11   (    12)
REF: [31m*******[0m [31mఅనగనగా[0m
HYP: [31mఅందరికి[0m [31mఅలాగా [0m
SENTENCE 1623
Correct          =   0.0%    0   (     1)
Errors           = 200.0%    2   (     1)
REF: ఆ చెప్పు
HYP: ఆ చెప్పు
SENTENCE 1624
Correct          = 100.0%    2   (     2)
Errors           =   0.0%    0   (     2)
REF: [31m*********[0m [31mపోషించారని[0m కాదు
HYP: [31mపోషించేది[0m [31mఅని       [0m కాదు
SENTENCE 1625
Correct          =  50.0%    1   (     2)
Errors           = 100.0%    2   (     2)
REF: అంటే
HYP: అంటే
SENTENCE 1626
Correct          = 100.0%    1   (     1)
Errors           =   0.0%    0   (     1)
REF: ఎన్నికలు గురించి [31mమాట్లాడు[0m [31mకున్నాము    [0m [31mఎన్నికలు[0m [31mబాగానే[0m [31mఅవుతున్నాయి[0m [31mఅంతా[0m [31mబానే  [0m ఉంది
HYP: ఎన్నికలు గురించి [31m********[0m [31mమాట్లాడకుండా[0m [31mఎనిమిది [0m [31mబానే  [0m [31mఉత్తున్నాయి[0m [31mఅంట [0m [31mబాగానే[0m ఉంది
SENTENCE 1627
Correct          =  30.0%    3   (    10)
Errors           =  70.0%    7   (    10)
REF: ఆ ప్రాంతాలు అత్యంత దారుణంగా ఉన్నాయని ఆ [31m***********[0m [31m*****[0m [31m******[0m [31mప్రాంతాల్లోకి[0m [31mఉగ్రవాదులూ[0m [31mతీవ్రవాదులు[0m [31mచొరబడి[0m ఉండవచ్చునని అనుమానిస్తున్నారు
HYP: ఆ ప్రాంతాలు అత్యంత దారుణంగా ఉన్నాయని ఆ [31mప్రాంతాల్లో[0m [31mతీవ్ర[0m [31mవద్దకు[0m [31mతీవ్ర        [0m [31mవనలు      [0m [31mచొరవ       [0m [31mపడి   [0m ఉండవచ్చునని అనుమానిస్తున్నారు
SENTENCE 1628
Correct          =  66.7%    8   (    12)
Errors           =  58.3%    7   (    12)
REF: [31mఎనబై[0m [31mఐదు[0m [31mసంవత్సరాల[0m [31mవరకు      [0m కూడా
HYP: [31m****[0m [31m***[0m [31mఎందుకంటే [0m [31mసంవత్సరాలు[0m కూడా
SENTENCE 1629
Correct          =  20.0%    1   (     5)
Errors           =  80.0%    4   (     5)
REF: [31m***********[0m [31m******[0m [31mగొల్లపల్లి[0m [31mసూర్యారావు[0m [31mఅధ్యక్షతన[0m [31mగొల్లపల్లి[0m [31mసూర్యారావు[0m [31mఅధ్యక్షతన[0m శాసన సభా హక్కుల [31mకమిటీ   [0m [31mశనివారం   [0m [31mవెలగపూడిలోని[0m [31mనూతన[0m [31mఅసెంబ్లీ[0m [31mప్రాంగణంలో[0m [31mసమావేశమైంది[0m
HYP: [31mగొడ్డలపల్లి[0m [31mసుమారు[0m [31mఅదెే      [0m [31mఅసెంబ్లీ  [0m [31mనూనెల    [0m [31mపై        [0m [31mసుదీర్ఘ   [0m [31mఆర్థిక   [0m శాసన సభా హక్కుల [31mసంబంధాలు[0m [31mకల్వకుంట్ల[0m [31mచంద్రశేఖర్  [0m [31mరావు[0m [31mకమ్యూనిక[0m [31mసమావేశం   [0m [31mజరిగింది   [0m
SENTENCE 1630
Correct          =  18.8%    3   (    16)
Errors           =  93.8%   15   (    16)
REF: అది [31mఇ   [0m
HYP: అది [31mమీరు[0m
SENTENCE 1631
Correct          =  50.0%    1   (     2)
Errors           =  50.0%    1   (     2)
REF: మాది విజయవాడ [31mదగ్గర    [0m [31mశ్రీకాకుళం[0m
HYP: మాది విజయవాడ [31mదయ్యకరంగా[0m [31mచేయకపోడం  [0m
SENTENCE 1632
Correct          =  50.0%    2   (     4)
Errors           =  50.0%    2   (     4)
REF: ఆహా
HYP: ఆహా
SENTENCE 1633
Correct          = 100.0%    1   (     1)
Errors           =   0.0%    0   (     1)
REF: ఇప్పుడు [31mఇప్పుడుఎంటి[0m [31mఅంటే  [0m [31mఅమ్మ[0m
HYP: ఇప్పుడు [31mఇప్పుడు    [0m [31mఏంటంటే[0m [31mమా  [0m
SENTENCE 1634
Correct          =  25.0%    1   (     4)
Errors           =  75.0%    3   (     4)
REF: ఆహా
HYP: ఆహా
SENTENCE 1635
Correct          = 100.0%    1   (     1)
Errors           =   0.0%    0   (     1)
REF: కాబట్టి
HYP: కాబట్టి
SENTENCE 1636
Correct          = 100.0%    1   (     1)
Errors           =   0.0%    0   (     1)
REF: ఈ [31mకాల్పులల్లో[0m ఎక్కువగా మహిళలు [31mచిన్నారులు[0m మృతి [31mచెందినట్లు[0m తెలిపారు
HYP: ఈ [31mకార్మికుల  [0m ఎక్కువగా మహిళలు [31mచిన్నారు  [0m మృతి [31mచెందినట్టు[0m తెలిపారు
SENTENCE 1637
Correct          =  62.5%    5   (     8)
Errors           =  37.5%    3   (     8)
REF: అక్కడ ఈ మధ్యనే [31m**[0m [31mతవక్కల్లో[0m
HYP: అక్కడ ఈ మధ్యనే [31mతమ[0m [31mగళ్లో    [0m
SENTENCE 1638
Correct          =  75.0%    3   (     4)
Errors           =  50.0%    2   (     4)
REF: [31mఅందుబాటులో[0m [31mఉంచామని[0m తెలిపారు
HYP: [31mఅందువల్లే [0m [31mఉంచమని [0m తెలిపారు
SENTENCE 1639
Correct          =  33.3%    1   (     3)
Errors           =  66.7%    2   (     3)
REF: స్వతంత్ర దినోత్సవం [31mవేడుకలు[0m జరిగిన సంగతి తెలిసిందే
HYP: స్వతంత్ర దినోత్సవం [31mబేడుకలు[0m జరిగిన సంగతి తెలిసిందే
SENTENCE 1640
Correct          =  83.3%    5   (     6)
Errors           =  16.7%    1   (     6)
REF: చేస్తారు మీరు మొక్కలు
HYP: చేస్తారు మీరు మొక్కలు
SENTENCE 1641
Correct          = 100.0%    3   (     3)
Errors           =   0.0%    0   (     3)
REF: [31mఈ[0m [31mతరహా  [0m [31mఉత్పత్తుల[0m [31mవలన   [0m చేనేత కార్మికులు తమ ఉత్పత్తులను మరింత [31m*******[0m [31mప్రాచుర్యం   [0m [31mకల్పించుకునే[0m అవకాశం [31mలభిస్తోందన్నారు[0m
HYP: [31mఆ[0m [31mతర్వాల[0m [31mఉద్రోతి  [0m [31mవారిని[0m చేనేత కార్మికులు తమ ఉత్పత్తులను మరింత [31mప్రచారం[0m [31mకల్పించేందుకు[0m [31mకావల్సిన    [0m అవకాశం [31mలభించనుందన్నారు[0m
SENTENCE 1642
Correct          =  46.2%    6   (    13)
Errors           =  61.5%    8   (    13)
REF: అవును
HYP: అవును
SENTENCE 1643
Correct          = 100.0%    1   (     1)
Errors           =   0.0%    0   (     1)
REF: అతను ఆత్మహత్య [31mచేసుకున్నాడా[0m లేదా [31m***[0m [31mమరేమైనా[0m కారణం ఉందా అనే విషయం [31mతెలపడం [0m లేదు
HYP: అతను ఆత్మహత్య [31mచేసుకున్నాడు[0m లేదా [31mమరే[0m [31mమైనా   [0m కారణం ఉందా అనే విషయం [31mతెలిపడం[0m లేదు
SENTENCE 1644
Correct          =  72.7%    8   (    11)
Errors           =  36.4%    4   (    11)
REF: [31mఅంతా[0m [31mఒకటే  [0m
HYP: [31mఅంత [0m [31mగుప్తే[0m
SENTENCE 1645
Correct          =   0.0%    0   (     2)
Errors           = 100.0%    2   (     2)
REF: [31mనెలకు   [0m [31mఒక్కసారైనా[0m [31mపారిశుద్ధ్య[0m కార్మికులు రావడం లేదని
HYP: [31mనెలకొక్క[0m [31mసరైన      [0m [31mపారిశ్రామిక[0m కార్మికులు రావడం లేదని
SENTENCE 1646
Correct          =  50.0%    3   (     6)
Errors           =  50.0%    3   (     6)
REF: అయితే [31mమీరూ[0m
HYP: అయితే [31mమీరు[0m
SENTENCE 1647
Correct          =  50.0%    1   (     2)
Errors           =  50.0%    1   (     2)
REF: సామాజిక మార్పులు [31m******[0m [31mజరగాల్సి[0m ఉందని అన్నీ ఒకేసారి [31mజరగవన్నారు   [0m
HYP: సామాజిక మార్పులు [31mచెన్నె[0m [31mజెరుగు  [0m ఉందని అన్నీ ఒకేసారి [31mచేద్దామన్నారు[0m
SENTENCE 1648
Correct          =  71.4%    5   (     7)
Errors           =  42.9%    3   (     7)
REF: ఈ అంశంపై బాలసుబ్రహ్మణ్యం [31mమాట్లాడు  [0m [31mగురుకులాను[0m [31mమార్చి[0m [31mతగిన  [0m మౌలిక వసతులు [31mకల్పించ[0m [31mలేదన్నారు       [0m
HYP: ఈ అంశంపై బాలసుబ్రహ్మణ్యం [31mమాట్లాడుతూ[0m [31mగురుకులాగా[0m [31mమార్చే[0m [31mతరిమిన[0m మౌలిక వసతులు [31m*******[0m [31mకల్పించలేదన్నారు[0m
SENTENCE 1649
Correct          =  45.5%    5   (    11)
Errors           =  54.5%    6   (    11)
REF: [31mమరో[0m [31mవైపు   [0m ఈ ఘటనలో మరో ఇద్దరు గాయపడ్డారు
HYP: [31m***[0m [31mమరోవైపు[0m ఈ ఘటనలో మరో ఇద్దరు గాయపడ్డారు
SENTENCE 1650
Correct          =  71.4%    5   (     7)
Errors           =  28.6%    2   (     7)
REF: అది మాట [31mవరుసకే[0m అంటున్నారో నిజంగానే అలా నమ్ముతున్నారో తెలియడం లేదు
HYP: అది మాట [31mవస్తే [0m అంటున్నారో నిజంగానే అలా నమ్ముతున్నారో తెలియడం లేదు
SENTENCE 1651
Correct          =  88.9%    8   (     9)
Errors           =  11.1%    1   (     9)
REF: కేంద్ర ఆర్థిక మంత్రి [31mఅరుణ్[0m [31mజైట్లీ[0m [31mఆంధ్రప్రదేశ్[0m [31mరాష్ట్రానికి[0m తాము [31mచేస్తున్న[0m [31mసాయాన్ని [0m [31mచేయబోతున్న[0m [31mసాయాన్ని [0m వివరించారు
HYP: కేంద్ర ఆర్థిక మంత్రి [31m*****[0m [31mరాంతో [0m [31mపేదశ        [0m [31mఅసెంబ్లీ    [0m తాము [31mచేస్తన్న [0m [31mవిశ్రాంతి[0m [31mవున్నక    [0m [31mసహాయాన్ని[0m వివరించారు
SENTENCE 1652
Correct          =  38.5%    5   (    13)
Errors           =  61.5%    8   (    13)
REF: [31m****[0m [31mవారానికిఒకసారి[0m [31mసరిపోతుంది[0m కదా
HYP: [31mవారం[0m [31mకోసం          [0m [31mజరుగుతుంది[0m కదా
SENTENCE 1653
Correct          =  33.3%    1   (     3)
Errors           = 100.0%    3   (     3)
REF: అన్న [31m******[0m [31mఅంశంపై[0m [31mకూపీ  [0m లాగే ప్రయత్నం చేస్తున్నారు అధికారులు
HYP: అన్న [31mఅవకాశం[0m [31mపై    [0m [31mకూతురు[0m లాగే ప్రయత్నం చేస్తున్నారు అధికారులు
SENTENCE 1654
Correct          =  71.4%    5   (     7)
Errors           =  42.9%    3   (     7)
REF: [31mఅది[0m
HYP: [31mఅవి[0m
SENTENCE 1655
Correct          =   0.0%    0   (     1)
Errors           = 100.0%    1   (     1)
REF: శుక్రవారం విశాఖలో జరిగిన విలేకరుల సమావేశంలో ఆయన మాట్లాడారు
HYP: శుక్రవారం విశాఖలో జరిగిన విలేకరుల సమావేశంలో ఆయన మాట్లాడారు
SENTENCE 1656
Correct          = 100.0%    7   (     7)
Errors           =   0.0%    0   (     7)
REF: తెలుగులో [31mవచ్చిది  [0m
HYP: తెలుగులో [31mవొచ్చింది[0m
SENTENCE 1657
Correct          =  50.0%    1   (     2)
Errors           =  50.0%    1   (     2)
REF: అవును
HYP: అవును
SENTENCE 1658
Correct          = 100.0%    1   (     1)
Errors           =   0.0%    0   (     1)
REF: కాబట్టి
HYP: కాబట్టి
SENTENCE 1659
Correct          = 100.0%    1   (     1)
Errors           =   0.0%    0   (     1)
REF: [31mజగన్[0m [31mమోహన్    [0m [31mరెడ్డి[0m చంద్రబాబు పవన్ కళ్యాణ్
HYP: [31mజనం [0m [31mబాగుంటాయి[0m [31mఅంటే  [0m చంద్రబాబు పవన్ కళ్యాణ్
SENTENCE 1660
Correct          =  50.0%    3   (     6)
Errors           =  50.0%    3   (     6)
REF: [31mతీరా[0m [31mచూస్తే   [0m ఏమి ఉండదు [31mవాళ్ళ   [0m [31mదగ్గర[0m
HYP: [31m****[0m [31mతిరాచలేదు[0m ఏమి ఉండదు [31mఅలాంటియ్[0m [31mగా   [0m
SENTENCE 1661
Correct          =  33.3%    2   (     6)
Errors           =  66.7%    4   (     6)
REF: [31mదాఖలు [0m చేయడానికి లక్ష్మినారాయణ [31mసిద్ధపడుతున్నట్లు[0m తెలుస్తోంది
HYP: [31mదాకాలు[0m చేయడానికి లక్ష్మినారాయణ [31mసిద్దపడుతున్నట్లు[0m తెలుస్తోంది
SENTENCE 1662
Correct          =  60.0%    3   (     5)
Errors           =  40.0%    2   (     5)
REF: అయితే
HYP: అయితే
SENTENCE 1663
Correct          = 100.0%    1   (     1)
Errors           =   0.0%    0   (     1)
REF: [31mఎక్కడైనా[0m నేర్చుకున్నారా
HYP: [31mఎక్కడ   [0m నేర్చుకున్నారా
SENTENCE 1664
Correct          =  50.0%    1   (     2)
Errors           =  50.0%    1   (     2)
REF: ఆ [31mహల [0m [31mఅంటారా[0m
HYP: ఆ [31mఅలా[0m [31mఅంటావా[0m
SENTENCE 1665
Correct          =  33.3%    1   (     3)
Errors           =  66.7%    2   (     3)
REF: అవును
HYP: అవును
SENTENCE 1666
Correct          = 100.0%    1   (     1)
Errors           =   0.0%    0   (     1)
REF: [31mఇప్పుడున్న[0m [31mరోజుల్లో[0m
HYP: [31mఇప్పుడు   [0m [31mరోజులో  [0m
SENTENCE 1667
Correct          =   0.0%    0   (     2)
Errors           = 100.0%    2   (     2)
REF: అలా [31mచూసుకోచ్చు[0m
HYP: అలా [31mచూసుకొచ్చు[0m
SENTENCE 1668
Correct          =  50.0%    1   (     2)
Errors           =  50.0%    1   (     2)
REF: బాగుంటది
HYP: బాగుంటది
SENTENCE 1669
Correct          = 100.0%    1   (     1)
Errors           =   0.0%    0   (     1)
REF: అవును
HYP: అవును
SENTENCE 1670
Correct          = 100.0%    1   (     1)
Errors           =   0.0%    0   (     1)
REF: రాష్ట్ర విభజన [31m****[0m [31m****[0m [31mబిల్లులో[0m [31mపేర్కొన్న[0m కేంద్ర [31mవిద్యాలయ [0m సంస్థలకు [31mత్వరలోనే   [0m శంకుస్థాపన చేయడానికి [31mసన్నద్ధమవుతున్నామని[0m చెప్పారు
HYP: రాష్ట్ర విభజన [31mపీల్[0m [31mపేరు[0m [31mపేరు    [0m [31mకొంతమంది [0m కేంద్ర [31mవిద్యాలయం[0m సంస్థలకు [31mతీవ్రవాదులు[0m శంకుస్థాపన చేయడానికి [31mసందర్భమవుతున్నాయని [0m చెప్పారు
SENTENCE 1671
Correct          =  58.3%    7   (    12)
Errors           =  58.3%    7   (    12)
REF: అంటే [31mకొంచెమే[0m [31mఉంటాదండీ[0m [31mమరీ   [0m [31mఅంత[0m ఎక్కువగా ఉండదు
HYP: అంటే [31mకొంచెం [0m [31mఅంటారు  [0m [31mదాన్ని[0m [31mమనం[0m ఎక్కువగా ఉండదు
SENTENCE 1672
Correct          =  42.9%    3   (     7)
Errors           =  57.1%    4   (     7)
REF: అంటే [31m*******[0m
HYP: అంటే [31mఇప్పుడు[0m
SENTENCE 1673
Correct          = 100.0%    1   (     1)
Errors           = 100.0%    1   (     1)
REF: అలాగా
HYP: అలాగా
SENTENCE 1674
Correct          = 100.0%    1   (     1)
Errors           =   0.0%    0   (     1)
REF: [31mఢిల్లీ[0m విమానాశ్రయంలో కనిపించిన విషయం తెలిసిందే
HYP: [31mదీన్ని[0m విమానాశ్రయంలో కనిపించిన విషయం తెలిసిందే
SENTENCE 1675
Correct          =  80.0%    4   (     5)
Errors           =  20.0%    1   (     5)
REF: వాళ్ళు కూడా బాగా
HYP: వాళ్ళు కూడా బాగా
SENTENCE 1676
Correct          = 100.0%    3   (     3)
Errors           =   0.0%    0   (     3)
REF: భూములిస్తాం మౌలిక [31mసదుపాయాలు[0m కల్పిస్తాం మా రాష్ట్రానికి [31mరండి   [0m
HYP: భూములిస్తాం మౌలిక [31mసదుపాయాల [0m కల్పిస్తాం మా రాష్ట్రానికి [31mఎదురంది[0m
SENTENCE 1677
Correct          =  71.4%    5   (     7)
Errors           =  28.6%    2   (     7)
REF: అవునండి మీరైతే బాగా [31mచెప్పినారండి  [0m [31mదాని[0m గురించి
HYP: అవునండి మీరైతే బాగా [31mచెప్తున్నారంటే[0m [31mగనుక[0m గురించి
SENTENCE 1678
Correct          =  66.7%    4   (     6)
Errors           =  33.3%    2   (     6)
REF: [31m*******[0m [31mచూడ్డానికి[0m [31mఇష్టపడతాను[0m
HYP: [31mచూడటండి[0m [31mసినిమా    [0m [31mపెట్టాను  [0m
SENTENCE 1679
Correct          =   0.0%    0   (     2)
Errors           = 150.0%    3   (     2)
REF: [31mఅట్లాగే[0m చెప్పడం కూడా
HYP: [31mపట్టుదల[0m చెప్పడం కూడా
SENTENCE 1680
Correct          =  66.7%    2   (     3)
Errors           =  33.3%    1   (     3)
REF: సత్యవతి [31m*****[0m [31mమరణ   [0m [31mవార్త[0m [31mతెలిసి[0m [31mకుడుములకుంట్ల[0m గ్రామంలో విషాదం నెలకొంది
HYP: సత్యవతి [31mమరణాల[0m [31mమార్పు[0m [31mతెరి [0m [31mస్కూలు[0m [31mముంగడ        [0m గ్రామంలో విషాదం నెలకొంది
SENTENCE 1681
Correct          =  50.0%    4   (     8)
Errors           =  62.5%    5   (     8)
REF: జరుగుతాయి
HYP: జరుగుతాయి
SENTENCE 1682
Correct          = 100.0%    1   (     1)
Errors           =   0.0%    0   (     1)
REF: అంటే ఇప్పుడు [31mసాధారణ[0m [31mవ్యక్తి [0m [31mవెళ్లి[0m [31mరాజకియ్యలలో[0m పాల్గొన్న సరే
HYP: అంటే ఇప్పుడు [31mసాదారణ[0m [31mక్రికెట్[0m [31mఈ     [0m [31mరాజకీయాల్లో[0m పాల్గొన్న సరే
SENTENCE 1683
Correct          =  50.0%    4   (     8)
Errors           =  50.0%    4   (     8)
REF: ఇది ఇలా ఉండగా [31m**[0m [31mతమిళనాడు[0m దివంగత ముఖ్యమంత్రి [31m******[0m [31mజయలలితకు[0m [31mకూడా  [0m [31mహైదరాబాద్[0m [31mలో  [0m [31mఆస్తులున్నాయి [0m
HYP: ఇది ఇలా ఉండగా [31mతమ[0m [31mఇళ్లను  [0m దివంగత ముఖ్యమంత్రి [31mచేయలేక[0m [31mసూక్ష్మ [0m [31mదేవేలు[0m [31mటాకు     [0m [31mకూడా[0m [31mఎదురవుతున్నాయి[0m
SENTENCE 1684
Correct          =  45.5%    5   (    11)
Errors           =  72.7%    8   (    11)
REF: నిజంగా ప్రజా ప్రయోజనాల కోసం [31mకేంద్ర[0m [31mరాష్ట్ర[0m [31mప్రభుత్వాలను[0m [31mఎండ       [0m ఎండగట్టే [31mతత్వమే[0m [31mగనుక[0m [31mపవన్[0m [31mలో        [0m ఉంటే
HYP: నిజంగా ప్రజా ప్రయోజనాల కోసం [31m******[0m [31mకేంద్రం[0m [31mనుంచి       [0m [31mపెద్దవాలను[0m ఎండగట్టే [31m******[0m [31m****[0m [31mతోనే[0m [31mగణకపాలెంలో[0m ఉంటే
SENTENCE 1685
Correct          =  42.9%    6   (    14)
Errors           =  57.1%    8   (    14)
REF: [31mఊహించుకునే[0m విధంగా
HYP: [31mగుంచెప్పిన[0m విధంగా
SENTENCE 1686
Correct          =  50.0%    1   (     2)
Errors           =  50.0%    1   (     2)
REF: రాష్ట్ర ప్రభుత్వం [31m**[0m [31m**[0m [31m******[0m [31mగొప్పగా[0m [31mచెప్పుకుంటున్న[0m [31mచెప్పుకుంటున్న[0m [31mనిరంతర[0m విద్యుత్ [31m**********[0m [31m****[0m [31mరుణమాఫీ[0m [31mకేంద్రం[0m [31mసహకారంతో[0m [31mచేసినవేనని[0m చెప్పారు
HYP: రాష్ట్ర ప్రభుత్వం [31mలో[0m [31mఒక[0m [31mతెలుగు[0m [31mతెలుగు [0m [31mద్వారా        [0m [31mచేకుకున్న     [0m [31mలేదంటే[0m విద్యుత్ [31mఉత్తర్వులు[0m [31mమాఫీ[0m [31mఎంతో   [0m [31mసహకారం [0m [31mచేశాయని [0m [31mఆయన       [0m చెప్పారు
SENTENCE 1687
Correct          =  33.3%    4   (    12)
Errors           = 108.3%   13   (    12)
REF: నాకు [31mచాల [0m అంటే [31mచాల [0m ఇష్టం
HYP: నాకు [31mచాలా[0m అంటే [31mచాలా[0m ఇష్టం
SENTENCE 1688
Correct          =  60.0%    3   (     5)
Errors           =  40.0%    2   (     5)
REF: ప్రభాస్
HYP: ప్రభాస్
SENTENCE 1689
Correct          = 100.0%    1   (     1)
Errors           =   0.0%    0   (     1)
REF: [31mకానీ[0m [31mఆలా[0m [31mచేయటం[0m చాలా తప్పు
HYP: [31m****[0m [31mఎలా[0m [31mచేయడం[0m చాలా తప్పు
SENTENCE 1690
Correct          =  40.0%    2   (     5)
Errors           =  60.0%    3   (     5)
REF: ఈ స్థితిలో ఈ [31m***********[0m [31mఅసంతృప్తిని[0m [31mఅంతటినీ[0m [31mకోదండరామ్[0m తనకు [31mఅనుకూలంగా[0m [31mమలుచుకోగలుగుతారా [0m [31mఅనేది [0m [31mప్రశ్న   [0m
HYP: ఈ స్థితిలో ఈ [31mఅసంతృప్తితో[0m [31mఆమె        [0m [31mతత్తిని[0m [31mకోదండరాం [0m తనకు [31mభూమిలో   [0m [31mమున్సుపెళ్లాల్సిన[0m [31mఅవినీత[0m [31mప్రస్తావి[0m
SENTENCE 1691
Correct          =  36.4%    4   (    11)
Errors           =  72.7%    8   (    11)
REF: అవునవును
HYP: అవునవును
SENTENCE 1692
Correct          = 100.0%    1   (     1)
Errors           =   0.0%    0   (     1)
REF: ఆడపిల్లలకు భోజనం చెప్పి వాళ్ళకి బట్టలు పెట్టి
HYP: ఆడపిల్లలకు భోజనం చెప్పి వాళ్ళకి బట్టలు పెట్టి
SENTENCE 1693
Correct          = 100.0%    6   (     6)
Errors           =   0.0%    0   (     6)
REF: [31mతల్లిదండ్రులకు[0m [31mఉంటుంది      [0m [31mకదా     [0m [31mఇద్దరు[0m పిల్లలు [31mపుట్టిన [0m ఇంట్లో [31mఇద్దర్నీ[0m [31mఒకేలా [0m [31mచూసుకోవాలనిపిస్తది[0m [31mకానీ    [0m [31mవాళ్ళ [0m [31mఆర్థికస్తోమత[0m [31mవాళ్ళకి[0m [31mసరిపోక[0m [31mవాళ్ళు[0m [31mఆ     [0m [31mవిధంగా [0m [31mచేస్తారు[0m
HYP: [31m**************[0m [31mతల్లితండ్రులు[0m [31mకొంటుందో[0m [31mఇద్దరి[0m పిల్లలు [31mపుట్టినా[0m ఇంట్లో [31mఇంట్లో  [0m [31mఇంట్లో[0m [31mఇద్దరు            [0m [31mయుత్రాలు[0m [31mచూస్తా[0m [31mఉంటుంది     [0m [31mకాని   [0m [31mవాళ్ళ [0m [31mఆర్థిక[0m [31mస్తోమత[0m [31mవాళ్ళకి[0m [31mసరస్కరు [0m
SENTENCE 1694
Correct          =  10.5%    2   (    19)
Errors           =  89.5%   17   (    19)
REF: మనకి ఒక [31mశాస్త్రం[0m ఉంది ప్రతి దానికి
HYP: మనకి ఒక [31mశాస్త్ర [0m ఉంది ప్రతి దానికి
SENTENCE 1695
Correct          =  83.3%    5   (     6)
Errors           =  16.7%    1   (     6)
REF: మీరు
HYP: మీరు
SENTENCE 1696
Correct          = 100.0%    1   (     1)
Errors           =   0.0%    0   (     1)
REF: [31mమన [0m చదవడం మన బాధ్యత అంటే
HYP: [31mమనం[0m చదవడం మన బాధ్యత అంటే
SENTENCE 1697
Correct          =  80.0%    4   (     5)
Errors           =  20.0%    1   (     5)
REF: ఇంకా
HYP: ఇంకా
SENTENCE 1698
Correct          = 100.0%    1   (     1)
Errors           =   0.0%    0   (     1)
REF: దాంట్లో [31mతాన[0m పేరు
HYP: దాంట్లో [31mతన [0m పేరు
SENTENCE 1699
Correct          =  66.7%    2   (     3)
Errors           =  33.3%    1   (     3)
REF: అవును
HYP: అవును
SENTENCE 1700
Correct          = 100.0%    1   (     1)
Errors           =   0.0%    0   (     1)
REF: మీ అభిప్రాయం ఏంటి
HYP: మీ అభిప్రాయం ఏంటి
SENTENCE 1701
Correct          = 100.0%    3   (     3)
Errors           =   0.0%    0   (     3)
REF: అవును
HYP: అవును
SENTENCE 1702
Correct          = 100.0%    1   (     1)
Errors           =   0.0%    0   (     1)
REF: విజయవాడకు ఉద్యోగులు తరలి [31mవెళ్ళడమే[0m పెద్ద [31mసమస్యగా[0m ఉందని [31mఉన్నతోద్యోగి  [0m ఒకరు వ్యాఖ్యానించారు
HYP: విజయవాడకు ఉద్యోగులు తరలి [31mవెళ్లడమే[0m పెద్ద [31mసమస్య  [0m ఉందని [31mఉన్నతోద్యానికి[0m ఒకరు వ్యాఖ్యానించారు
SENTENCE 1703
Correct          =  70.0%    7   (    10)
Errors           =  30.0%    3   (    10)
REF: వాళ్ళు
HYP: వాళ్ళు
SENTENCE 1704
Correct          = 100.0%    1   (     1)
Errors           =   0.0%    0   (     1)
REF: మీరు [31m*****[0m [31mవాహనం [0m [31mనడిపేటప్పుడు[0m లేకుంటే
HYP: మీరు [31mవానలు[0m [31mపెట్టే[0m [31mటప్పులు     [0m లేకుంటే
SENTENCE 1705
Correct          =  50.0%    2   (     4)
Errors           =  75.0%    3   (     4)
REF: [31mదాన్[0m ప్రకారం
HYP: [31mదాని[0m ప్రకారం
SENTENCE 1706
Correct          =  50.0%    1   (     2)
Errors           =  50.0%    1   (     2)
REF: [31mమొన్న[0m [31mశ్రీకృష్ణాష్టమి[0m [31mనాడు    [0m గ్రామస్తులంతా [31m****[0m [31m******[0m [31m****[0m [31m*****[0m [31mమద్యపాన  [0m [31mనిషేధంపై [0m [31mప్రతిజ్ఞ[0m చేశారు
HYP: [31mమన   [0m [31mసీట్రిస్తున్న  [0m [31mకొంటెండు[0m గ్రామస్తులంతా [31mమధ్య[0m [31mవారిని[0m [31mకేసు[0m [31mనమోదు[0m [31mచేసేందుకు[0m [31mప్రస్తుతం[0m [31mని      [0m చేశారు
SENTENCE 1707
Correct          =  25.0%    2   (     8)
Errors           = 125.0%   10   (     8)
REF: [31mఏదో[0m వాళ్ళు [31mపాపం[0m [31mఏదో    [0m
HYP: [31mఎదో[0m వాళ్ళు [31mపవన్[0m [31mకళ్యాణ్[0m
SENTENCE 1708
Correct          =  25.0%    1   (     4)
Errors           =  75.0%    3   (     4)
REF: వారం రోజుల్లో రాష్ట్రానికి [31mచిన్న [0m [31mనోట్లు [0m అందే అవకాశం ఉందన్నారు
HYP: వారం రోజుల్లో రాష్ట్రానికి [31mచెందిన[0m [31mనవ్వులూ[0m అందే అవకాశం ఉందన్నారు
SENTENCE 1709
Correct          =  75.0%    6   (     8)
Errors           =  25.0%    2   (     8)
REF: [31mఇలాగా[0m అంటే [31m****[0m [31m*****[0m [31mనచ్చదు[0m అన్నట్టుగా [31mమాట్లాడారా[0m
HYP: [31mఎలా  [0m అంటే [31mనాకు[0m [31mచదువు[0m [31mఅని   [0m అన్నట్టుగా [31mమాట్లాడాలి[0m
SENTENCE 1710
Correct          =  40.0%    2   (     5)
Errors           = 100.0%    5   (     5)
REF: మన వాళ్ళు [31m**[0m [31m****[0m [31mమనకోసం[0m [31mకాకపోతే[0m [31mఇంకెవరికోసం[0m [31mపెడతారు[0m
HYP: మన వాళ్ళు [31mమన[0m [31mకోసం[0m [31mగా    [0m [31mకొత్త  [0m [31mఇంకెవరుకోసం[0m [31mబయట    [0m
SENTENCE 1711
Correct          =  33.3%    2   (     6)
Errors           = 100.0%    6   (     6)
REF: ఆ [31m*****[0m [31m*****[0m [31m******[0m [31mయత్నాలు[0m [31mబెడిసికొట్టడంతో[0m వెంకట్రావు [31mతగరపు[0m [31mవలసలోని[0m [31mతన   [0m [31mఅక్క[0m ఇంటికి [31mతీసుకెళ్లాడు[0m
HYP: ఆ [31mయుత్న[0m [31mనాలను[0m [31mబిరిస్[0m [31mకుట్ర  [0m [31mతో             [0m వెంకట్రావు [31mతగు  [0m [31mపవన్   [0m [31mవలనతో[0m [31mతనకు[0m ఇంటికి [31mతీసుకున్నాడు[0m
SENTENCE 1712
Correct          =  30.0%    3   (    10)
Errors           = 100.0%   10   (    10)
REF: అందుకే [31mవల్ల[0m [31mఇప్పుడు[0m [31mమన     [0m [31mచేతకానితనం [0m అనుకుంటున్నారు
HYP: అందుకే [31m****[0m [31mవాళ్ళ  [0m [31mబిడ్డను[0m [31mచేర్కుంటాను[0m అనుకుంటున్నారు
SENTENCE 1713
Correct          =  33.3%    2   (     6)
Errors           =  66.7%    4   (     6)
REF: నాతో చాలా [31m*********[0m [31m****[0m [31mఆప్యాయంగా[0m [31mమాట్లాడేవారు[0m [31mప్రతి[0m [31mఆదివారమూ  [0m [31mసెలవు[0m [31mదొరికినప్పుడల్లా[0m [31mనా        [0m [31mదగ్గర[0m [31mకి    [0m [31mవచ్చి  [0m
HYP: నాతో చాలా [31mఅభిప్రాయం[0m [31mనేను[0m [31mమాట్లాడే [0m [31mవారి        [0m [31mదగరము[0m [31mఉన్నప్పుడు[0m [31mఈ    [0m [31mసలాలు           [0m [31mఉన్నప్పుడు[0m [31mకదా  [0m [31mదానికి[0m [31mకొలచ్చి[0m
SENTENCE 1714
Correct          =  16.7%    2   (    12)
Errors           = 100.0%   12   (    12)
REF: [31m***[0m [31mఫలితం[0m [31mరాకపోతే[0m [31mఅతను[0m [31mఎంత [0m సంపాదించినా
HYP: [31mపది[0m [31mరకాలు[0m [31mపోతే   [0m [31mఅతని[0m [31mయొంత[0m సంపాదించినా
SENTENCE 1715
Correct          =  20.0%    1   (     5)
Errors           = 100.0%    5   (     5)
REF: [31m******[0m [31mపశ్చిమగోదావరి[0m జిల్లా [31mతణుకు[0m [31mపట్టణ  [0m [31mపరిది[0m [31mపరిధిలో[0m ఆదివారం మధ్యాహ్నం కురిసిన వర్షంతో పాటు [31mచేపలు[0m పడటం [31m******[0m [31mజనాన్ని           [0m విస్మయపర్చింది
HYP: [31mపశ్చిమ[0m [31mగోదావరి      [0m జిల్లా [31mతనకు [0m [31mపట్టణపై[0m [31mపది  [0m [31mరాజు   [0m ఆదివారం మధ్యాహ్నం కురిసిన వర్షంతో పాటు [31mచాపలు[0m పడటం [31mజరగదని[0m [31mవిశ్వమిస్తున్నాయని[0m విస్మయపర్చింది
SENTENCE 1716
Correct          =  53.3%    8   (    15)
Errors           =  60.0%    9   (    15)
REF: [31m*****[0m [31m****[0m [31mడబ్బులేనోడు[0m కూడా అదే కావాలనుకుంటే చాలా కష్టం కదా
HYP: [31mడబ్బు[0m [31mలేని[0m [31mవాళ్ళకు    [0m కూడా అదే కావాలనుకుంటే చాలా కష్టం కదా
SENTENCE 1717
Correct          =  85.7%    6   (     7)
Errors           =  42.9%    3   (     7)
REF: ఆ ఇద్దరు ఒక [31mపాపా[0m [31mఒక [0m బాబు
HYP: ఆ ఇద్దరు ఒక [31m****[0m [31mపాప[0m బాబు
SENTENCE 1718
Correct          =  66.7%    4   (     6)
Errors           =  33.3%    2   (     6)
REF: తెలుసా నీకు
HYP: తెలుసా నీకు
SENTENCE 1719
Correct          = 100.0%    2   (     2)
Errors           =   0.0%    0   (     2)
REF: ఇంకా వాళ్ళు చెప్పింది [31mచెయ్యాలి[0m [31mఅని      [0m చెప్పి పిల్లలు
HYP: ఇంకా వాళ్ళు చెప్పింది [31m********[0m [31mచెయ్యాలని[0m చెప్పి పిల్లలు
SENTENCE 1720
Correct          =  71.4%    5   (     7)
Errors           =  28.6%    2   (     7)
REF: అక్కడ [31mచూసినట్లయితే[0m [31mఅలా[0m ఉంటుంది
HYP: అక్కడ [31mచుసినట్లయితే[0m [31mఎలా[0m ఉంటుంది
SENTENCE 1721
Correct          =  50.0%    2   (     4)
Errors           =  50.0%    2   (     4)
REF: అంతే
HYP: అంతే
SENTENCE 1722
Correct          = 100.0%    1   (     1)
Errors           =   0.0%    0   (     1)
REF: చెయ్యట్లేదు అవును
HYP: చెయ్యట్లేదు అవును
SENTENCE 1723
Correct          = 100.0%    2   (     2)
Errors           =   0.0%    0   (     2)
REF: నేను మా తమ్ముడు
HYP: నేను మా తమ్ముడు
SENTENCE 1724
Correct          = 100.0%    3   (     3)
Errors           =   0.0%    0   (     3)
REF: గుంటూరు జిల్లా [31mనరసరావుపేట [0m మండలం [31m****[0m [31mరావిపాడులో[0m ఆత్మహత్య చేసుకున్న [31mకౌలురైతు[0m [31mశౌరిరాజు[0m [31mకుటుంబాన్ని[0m [31mబుధవారం   [0m ఆయన [31m*****[0m [31mపరామర్శించారు[0m
HYP: గుంటూరు జిల్లా [31mనర్సాపూరపేట[0m మండలం [31mలాభి[0m [31mపాడుతూ    [0m ఆత్మహత్య చేసుకున్న [31mకౌలు    [0m [31mరైతు    [0m [31mశావిరాజుగా [0m [31mకుటుంబాలను[0m ఆయన [31mపలమను[0m [31mసుంచారు      [0m
SENTENCE 1725
Correct          =  46.2%    6   (    13)
Errors           =  69.2%    9   (    13)
REF: ఉగ్రవాదులు [31mతల             [0m [31mదాచుకున్నారని[0m [31mఫ్రాన్స్[0m [31mఇంటిలిజెన్స్[0m వర్గాలు గుర్తించాయి
HYP: ఉగ్రవాదులు [31mతలదాచుతున్నారని[0m [31mప్రాంతీయ     [0m [31mఇంటికి  [0m [31mజంతికెచ్చి  [0m వర్గాలు గుర్తించాయి
SENTENCE 1726
Correct          =  42.9%    3   (     7)
Errors           =  57.1%    4   (     7)
REF: [31m***[0m [31mఅది  [0m [31mరక్షణ [0m [31mబలగాలకు [0m [31mసమర్థమైన[0m [31mరాజకీయ    [0m [31mమద్దతును[0m [31mసమకూరుస్తుంది[0m
HYP: [31mఅదే[0m [31mరకంగా[0m [31mవెలుగా[0m [31mసమాచారమే[0m [31mరాజకీయం [0m [31mఅందుతుందని[0m [31mసమక్కుం [0m [31mవచ్చింది     [0m
SENTENCE 1727
Correct          =   0.0%    0   (     7)
Errors           = 114.3%    8   (     7)
REF: వెంటనే స్పందించిన స్థానికులు శిథిలాల్లో [31mచిక్కుకున్న[0m [31mవారిని[0m రక్షిస్తున్నారు
HYP: వెంటనే స్పందించిన స్థానికులు శిథిలాల్లో [31mనిలుచుకోగలన[0m [31mవారికి[0m రక్షిస్తున్నారు
SENTENCE 1728
Correct          =  71.4%    5   (     7)
Errors           =  28.6%    2   (     7)
REF: [31mఅజంగఢ్[0m [31mస్థానం      [0m [31mవిషయంలో   [0m [31mబలరాం  [0m [31mఅభ్యర్థిత్వాన్ని[0m [31mమార్చే[0m [31mఅవకాశం[0m [31mలేదని   [0m [31mఎస్పీ[0m ప్రతినిధి [31mరాంగోపాల్[0m [31mయాదవ్    [0m ప్రకటించారు
HYP: [31m******[0m [31mఅనంతపురానికి[0m [31mస్థానికులు[0m [31mబలగాలను[0m [31mఅభివృద్ధి       [0m [31mపని   [0m [31mమాత్రం[0m [31mఅసంకర్యం[0m [31mఇస్తూ[0m ప్రతినిధి [31mరాహుల్   [0m [31mపాల్యాలగా[0m ప్రకటించారు
SENTENCE 1729
Correct          =  15.4%    2   (    13)
Errors           =  84.6%   11   (    13)
REF: నాకు మంచి మిత్రుడు సాయి అని చాలా [31mమంచి[0m [31mవాడు    [0m
HYP: నాకు మంచి మిత్రుడు సాయి అని చాలా [31m****[0m [31mమంచివాడు[0m
SENTENCE 1730
Correct          =  75.0%    6   (     8)
Errors           =  25.0%    2   (     8)
REF: తెలుగు సంస్థ [31mముసఫ్ఫా[0m [31mఆహ్వానం[0m [31mమేరకు[0m [31mదుబాయి[0m [31mవెళ్లిన[0m మంత్రి తన పర్యటన [31mవిశేషాలను[0m మంగళవారం ఒక ప్రకటనలో తెలిపారు
HYP: తెలుగు సంస్థ [31mమొస్తరు[0m [31mఆగ్రహం [0m [31mమేళకు[0m [31mతుపాయి[0m [31mవిజయల  [0m మంత్రి తన పర్యటన [31mవిశేషాల  [0m మంగళవారం ఒక ప్రకటనలో తెలిపారు
SENTENCE 1731
Correct          =  60.0%    9   (    15)
Errors           =  40.0%    6   (    15)
REF: అయితే
HYP: అయితే
SENTENCE 1732
Correct          = 100.0%    1   (     1)
Errors           =   0.0%    0   (     1)
REF: ప్రభాస్ కూడా [31mబా  [0m [31mనచ్చాడు [0m
HYP: ప్రభాస్ కూడా [31mబాగా[0m [31mనేర్చాడు[0m
SENTENCE 1733
Correct          =  50.0%    2   (     4)
Errors           =  50.0%    2   (     4)
REF: [31mగంగూలీ[0m [31mఅవుట్[0m [31mకాగానే[0m [31mడిక్లేరు[0m [31mచేశారు        [0m
HYP: [31m******[0m [31m*****[0m [31mగణపతి [0m [31mఎవరికైనా[0m [31mవిక్రయించేశారు[0m
SENTENCE 1734
Correct          =   0.0%    0   (     5)
Errors           = 100.0%    5   (     5)
REF: నిధులకు కొరత లేదని [31mకేంద్రం[0m సహకారానికీ ప్రయత్నిస్తామని తెలిపారు
HYP: నిధులకు కొరత లేదని [31mకేంద్ర [0m సహకారానికీ ప్రయత్నిస్తామని తెలిపారు
SENTENCE 1735
Correct          =  85.7%    6   (     7)
Errors           =  14.3%    1   (     7)
REF: ఆ [31mఅదే [0m
HYP: ఆ [31mఅంటే[0m
SENTENCE 1736
Correct          =  50.0%    1   (     2)
Errors           =  50.0%    1   (     2)
REF: హామీల నుంచి మొదలు ప్రత్యేక హోదా వరకు చంద్రబాబు ప్రజలను మభ్యపెడుతున్నారన్నారు
HYP: హామీల నుంచి మొదలు ప్రత్యేక హోదా వరకు చంద్రబాబు ప్రజలను మభ్యపెడుతున్నారన్నారు
SENTENCE 1737
Correct          = 100.0%    9   (     9)
Errors           =   0.0%    0   (     9)
REF: [31mభలే[0m [31mభలే      [0m [31mమగాడివోయ్[0m [31mపిల్లజమిందర్ [0m
HYP: [31m***[0m [31mపరిమామాలు[0m [31mకాడు     [0m [31mతల్లితండ్రులు[0m
SENTENCE 1738
Correct          =   0.0%    0   (     4)
Errors           = 100.0%    4   (     4)
REF: అవును
HYP: అవును
SENTENCE 1739
Correct          = 100.0%    1   (     1)
Errors           =   0.0%    0   (     1)
REF: [31mవారి     [0m ద్వారా రాష్ట్ర ప్రభుత్వానికి [31mవేల[0m [31mకోట్ల [0m [31mరూపాయల   [0m [31mఆదాయం[0m [31mసమకూరుతోందని[0m తెలిపారు
HYP: [31mవారిద్దరు[0m ద్వారా రాష్ట్ర ప్రభుత్వానికి [31m***[0m [31mవీలుగా[0m [31mకోల్పోయిన[0m [31mఆనందం[0m [31mకురుస్తోందని[0m తెలిపారు
SENTENCE 1740
Correct          =  40.0%    4   (    10)
Errors           =  60.0%    6   (    10)
REF: అనంతరం ఒకే [31mపాణపట్టంపై[0m [31mవెలిసిన[0m కాళేశ్వర ముక్తేశ్వరస్వామి వారిని దర్శించుకుని ప్రత్యేక పూజలు నిర్వహించారు
HYP: అనంతరం ఒకే [31mపాఠబట్టం  [0m [31mభైలిసిన[0m కాళేశ్వర ముక్తేశ్వరస్వామి వారిని దర్శించుకుని ప్రత్యేక పూజలు నిర్వహించారు
SENTENCE 1741
Correct          =  81.8%    9   (    11)
Errors           =  18.2%    2   (    11)
REF: అయితే [31mఆ[0m [31mవిమానం   [0m నుంచి [31mరేడియో   [0m సంకేతాలు అందకుండా పోయినట్లు [31m****[0m [31mఅధికవర్గాలు[0m వెల్లడించాయి
HYP: అయితే [31m*[0m [31mఅవిశ్వానం[0m నుంచి [31mరీబిడ్డలో[0m సంకేతాలు అందకుండా పోయినట్లు [31mఅధిక[0m [31mవర్గాలు    [0m వెల్లడించాయి
SENTENCE 1742
Correct          =  60.0%    6   (    10)
Errors           =  50.0%    5   (    10)
REF: ఆమె [31mచేసి[0m ప్రతి [31mఒక్కటి  [0m బాగా
HYP: ఆమె [31mచేసే[0m ప్రతి [31mఒక్కరికి[0m బాగా
SENTENCE 1743
Correct          =  60.0%    3   (     5)
Errors           =  40.0%    2   (     5)
REF: [31m******[0m [31mఅత్యంత     [0m [31mవెనుకబడిన[0m [31mవర్గాలుగా[0m [31mబ్రాహ్మణులను[0m గుర్తించి ప్రభుత్వం [31mరూ     [0m
HYP: [31mఅఖిలతో[0m [31mపేరుకుపోయిన[0m [31mవారి     [0m [31mదాదాపుగా [0m [31mప్రాంతాలను  [0m గుర్తించి ప్రభుత్వం [31mరూపాయలు[0m
SENTENCE 1744
Correct          =  28.6%    2   (     7)
Errors           =  85.7%    6   (     7)
REF: [31mబాగుంది[0m [31mసినిమా    [0m
HYP: [31mబాగా   [0m [31mనేర్చుకొని[0m
SENTENCE 1745
Correct          =   0.0%    0   (     2)
Errors           = 100.0%    2   (     2)
REF: ఈ నేపథ్యంలో తెలంగాణ రాష్ట్ర సమితి [31m*[0m [31mఎంపీ [0m [31mఏకంగా [0m [31mప్రయివేటు[0m [31mబిల్లు[0m [31mప్రతిపాదించడం[0m [31mగమనార్హం     [0m
HYP: ఈ నేపథ్యంలో తెలంగాణ రాష్ట్ర సమితి [31mఈ[0m [31mఎపిటి[0m [31mకుంటపై[0m [31mరెండు    [0m [31mపెళ్లి[0m [31mప్రతిపాదనలు  [0m [31mచెందుతున్నారు[0m
SENTENCE 1746
Correct          =  45.5%    5   (    11)
Errors           =  63.6%    7   (    11)
REF: అయితే [31mప్రస్తుతం[0m బియ్యంతో పాటు నిత్యవసర సరుకుల ధరలు ఆకాశాన్నంటుతున్న విషయం తెలిసిందే
HYP: అయితే [31mప్రస్తుత [0m బియ్యంతో పాటు నిత్యవసర సరుకుల ధరలు ఆకాశాన్నంటుతున్న విషయం తెలిసిందే
SENTENCE 1747
Correct          =  90.0%    9   (    10)
Errors           =  10.0%    1   (    10)
REF: అక్రమాలు [31mచేసే[0m [31mవారు    [0m ఎవరైనా సరే [31m****[0m [31mవదిలిపెట్టేది[0m [31mలేదని   [0m [31mచంద్రబాబు[0m [31mనాయుడు         [0m అనేక [31mసార్లు [0m చెప్పారు
HYP: అక్రమాలు [31m****[0m [31mచేసేవారీ[0m ఎవరైనా సరే [31mమధ్య[0m [31mబయట          [0m [31mతిరిగేది[0m [31mలేదని    [0m [31mచంద్రబాబునాయుడు[0m అనేక [31mవిషయాలు[0m చెప్పారు
SENTENCE 1748
Correct          =  41.7%    5   (    12)
Errors           =  66.7%    8   (    12)
REF: ఆహా
HYP: ఆహా
SENTENCE 1749
Correct          = 100.0%    1   (     1)
Errors           =   0.0%    0   (     1)
REF: [31m*[0m [31mఈమధ్యన[0m [31mచూశానురా[0m [31mమొన్న[0m మా ఇంటి దగ్గర కూడా
HYP: [31mఈ[0m [31mమధ్యనే[0m [31mచూశాను  [0m [31mమనం  [0m మా ఇంటి దగ్గర కూడా
SENTENCE 1750
Correct          =  57.1%    4   (     7)
Errors           =  57.1%    4   (     7)
REF: [31m*********[0m [31mప్రభుత్వానికి[0m చిత్తశుద్ధి [31mలోపించడం[0m [31mవల్లనే  [0m [31mఇలాంటి[0m [31mవిధానాలు    [0m [31mఅనుసరిస్తుందని[0m విమర్శించారు
HYP: [31mప్రభుత్వం[0m [31mఅన్ని        [0m చిత్తశుద్ధి [31mలోకేష్  [0m [31mచెరవాలని[0m [31mయాజకీయ[0m [31mకార్యక్రమాలు[0m [31mఅనుసరించారని  [0m విమర్శించారు
SENTENCE 1751
Correct          =  25.0%    2   (     8)
Errors           =  87.5%    7   (     8)
REF: ఈ మేరకు గురువారం రాత్రి ఆయన ఓ ప్రకటన విడుదల చేశారు
HYP: ఈ మేరకు గురువారం రాత్రి ఆయన ఓ ప్రకటన విడుదల చేశారు
SENTENCE 1752
Correct          = 100.0%    9   (     9)
Errors           =   0.0%    0   (     9)
REF: [31mఎంత    [0m [31mదూరం    [0m [31mనుంచైనా[0m [31mమనం         [0m [31mమాట్లాడచ్చు[0m [31mమాట్లాడుకోవచ్చు[0m
HYP: [31mయాత్రలో[0m [31mనిజంగానే[0m [31mమన     [0m [31mమాట్లాడేసుకు[0m [31mమాట్లాడకలు [0m [31mవచ్చావు        [0m
SENTENCE 1753
Correct          =   0.0%    0   (     6)
Errors           = 100.0%    6   (     6)
REF: [31mఏం[0m చేస్తారు
HYP: [31mఎం[0m చేస్తారు
SENTENCE 1754
Correct          =  50.0%    1   (     2)
Errors           =  50.0%    1   (     2)
REF: అవును
HYP: అవును
SENTENCE 1755
Correct          = 100.0%    1   (     1)
Errors           =   0.0%    0   (     1)
REF: సరిగ్గా అర్ధం అవ్వట్లేదు [31mర[0m సరిగ్గా [31mచెప్పమ్మా       [0m
HYP: సరిగ్గా అర్ధం అవ్వట్లేదు [31m*[0m సరిగ్గా [31mచెప్పుకుంటున్నాం[0m
SENTENCE 1756
Correct          =  66.7%    4   (     6)
Errors           =  33.3%    2   (     6)
REF: అదే కాకుండా
HYP: అదే కాకుండా
SENTENCE 1757
Correct          = 100.0%    2   (     2)
Errors           =   0.0%    0   (     2)
REF: [31mనంద్యాలలో[0m [31mఓ    [0m వ్యక్తి [31mదారుణ    [0m [31mహత్యకర్నూలు[0m జిల్లా [31m********[0m [31mనంద్యాల[0m [31mపట్టణంలో [0m ఓ వ్యక్తి [31mదారుణ[0m [31mహత్యకు    [0m గురయ్యాడు
HYP: [31mనంద్యాల  [0m [31mపూర్వ[0m వ్యక్తి [31mదారుణహత్య[0m [31mఒకరును     [0m జిల్లా [31mనందేళంతా[0m [31mజల     [0m [31mపన్నుల్లో[0m ఓ వ్యక్తి [31mతన   [0m [31mవ్యాఖ్యలకు[0m గురయ్యాడు
SENTENCE 1758
Correct          =  38.5%    5   (    13)
Errors           =  69.2%    9   (    13)
REF: [31mగూగుల్[0m [31mచాటున[0m [31mగమ్మత్తైన[0m [31mఫీచర్లు[0m [31mమైళ్ల[0m [31mనుంచి  [0m [31mకిలోమీటర్ల[0m [31mవరకు   [0m [31mమైళ్లకు[0m [31mకిలోమీటర్లకు[0m [31mమధ్య  [0m [31mవ్యత్యాసాన్నిఈ[0m [31mప్రత్యేకమైన[0m [31mగూగల్[0m [31mసెర్చ్     [0m [31mఫీచర్ [0m [31mస్పష్టంగా    [0m [31mసూచిస్తుంది[0m
HYP: [31m******[0m [31mభూగర్[0m [31mసాటువంటి [0m [31mప్రముఖ [0m [31mతన   [0m [31mపీతల్లో[0m [31mపర్యాటాలను[0m [31mచూపడంతో[0m [31mవారు   [0m [31mకొనయల్లకుండా[0m [31mకొందరు[0m [31mవిద్యా        [0m [31mసన్ని      [0m [31mఈ    [0m [31mప్రత్యేకమైన[0m [31mభూములు[0m [31mతెచ్చేస్తామని[0m [31mసూచిస్తోరది[0m
SENTENCE 1759
Correct          =   0.0%    0   (    18)
Errors           = 100.0%   18   (    18)
REF: [31m*********[0m [31mరావడం [0m [31mఅనేది [0m [31mచాలా [0m [31mమెచ్చుకో[0m [31mదగిందండి[0m
HYP: [31mరావడమనేది[0m [31mప్రధాన[0m [31mపరిచయం[0m [31mఅయితే[0m [31mనేను    [0m [31mఅండి    [0m
SENTENCE 1760
Correct          =   0.0%    0   (     5)
Errors           = 120.0%    6   (     5)
REF: ఎలా [31mవొండుతారు[0m
HYP: ఎలా [31mఉంటారు   [0m
SENTENCE 1761
Correct          =  50.0%    1   (     2)
Errors           =  50.0%    1   (     2)
REF: [31mఒక్క[0m కారణంగా చెప్పుకోవచ్చు [31mమనం[0m
HYP: [31m****[0m కారణంగా చెప్పుకోవచ్చు [31m***[0m
SENTENCE 1762
Correct          =  50.0%    2   (     4)
Errors           =  50.0%    2   (     4)
REF: [31mఉంటై  [0m కదా
HYP: [31mఉంటాయి[0m కదా
SENTENCE 1763
Correct          =  50.0%    1   (     2)
Errors           =  50.0%    1   (     2)
REF: ప్రజల
HYP: ప్రజల
SENTENCE 1764
Correct          = 100.0%    1   (     1)
Errors           =   0.0%    0   (     1)
REF: [31mఅవున[0m [31mఅవును   [0m
HYP: [31m****[0m [31mఅవునవును[0m
SENTENCE 1765
Correct          =   0.0%    0   (     2)
Errors           = 100.0%    2   (     2)
REF: [31m*******[0m [31mఅర్చనా[0m [31mరామసుందరం[0m [31mసిబిఐలో[0m [31mజాయింట్[0m [31mడైరెక్టర్[0m [31mహోదా[0m [31mఅందుకున్న [0m మొదటి [31m*******[0m [31m********[0m [31mమహిళ  [0m కూడా [31m******[0m [31m*****[0m [31m***[0m [31m*****[0m [31mఅర్చనా[0m [31mరామసుందరం[0m [31mకావడం[0m [31mగమనార్హం           [0m
HYP: [31mఅస్ట్రా[0m [31mఅనవసరం[0m [31mసిద్దిపేట[0m [31mడిజా   [0m [31mఎంటి   [0m [31mట్రాక్టర్[0m [31mఫోదా[0m [31mఅనుకున్నంత[0m మొదటి [31mమహిళలకు[0m [31mపూర్తయిన[0m [31mక్షుడ్[0m కూడా [31mహచ్చరణ[0m [31mఅవసరం[0m [31mఅని[0m [31mఅవసరం[0m [31mఅని   [0m [31mఅవసరం    [0m [31mఉందని[0m [31mఅనుకుంటున్నామన్నారు[0m
SENTENCE 1766
Correct          =  14.3%    2   (    14)
Errors           = 135.7%   19   (    14)
REF: [31mఇంకా[0m [31mమనికి   [0m దాన్ని [31mమనము[0m
HYP: [31m****[0m [31mఇంట్లోనే[0m దాన్ని [31mమనం [0m
SENTENCE 1767
Correct          =  25.0%    1   (     4)
Errors           =  75.0%    3   (     4)
REF: తమ [31m****[0m [31mఉత్పత్తులను[0m ప్రజల్లోకి [31m******[0m [31mతీసుకువెళ్లే[0m క్రమంలో ఈ [31mఉద్యమాలనే[0m [31mతమ[0m [31mప్రసార  [0m [31mసాధనాలుగా[0m [31mఎంచుకునే[0m [31mవారు           [0m
HYP: తమ [31mవద్ద[0m [31mనాను       [0m ప్రజల్లోకి [31mతీసుకు[0m [31mవెళ్లే      [0m క్రమంలో ఈ [31m*********[0m [31m**[0m [31mఉద్యమాలు[0m [31mనిమజ్జన  [0m [31mసాధనాలు [0m [31mఅందించుకునేవారు[0m
SENTENCE 1768
Correct          =  33.3%    4   (    12)
Errors           =  83.3%   10   (    12)
REF: అభివృద్ధి పేరుతో మన భూమి [31mచుట్టూ[0m కాలుష్యాన్ని [31mపెంచేస్తున్నాం [0m
HYP: అభివృద్ధి పేరుతో మన భూమి [31mసుట్టు[0m కాలుష్యాన్ని [31mపెంచేస్తున్నారు[0m
SENTENCE 1769
Correct          =  71.4%    5   (     7)
Errors           =  28.6%    2   (     7)
REF: ఇతర రాష్ట్రాల నుంచి కూడా ఈ అంశంపై [31mవిజ్ఞప్తులు[0m వస్తున్నాయని పేర్కొన్నారు
HYP: ఇతర రాష్ట్రాల నుంచి కూడా ఈ అంశంపై [31mవిజ్ఞప్తుల [0m వస్తున్నాయని పేర్కొన్నారు
SENTENCE 1770
Correct          =  88.9%    8   (     9)
Errors           =  11.1%    1   (     9)
REF: అవును
HYP: అవును
SENTENCE 1771
Correct          = 100.0%    1   (     1)
Errors           =   0.0%    0   (     1)
REF: అవును
HYP: అవును
SENTENCE 1772
Correct          = 100.0%    1   (     1)
Errors           =   0.0%    0   (     1)
REF: చాలా ఉన్నాయి
HYP: చాలా ఉన్నాయి
SENTENCE 1773
Correct          = 100.0%    2   (     2)
Errors           =   0.0%    0   (     2)
REF: [31mఎనభై[0m [31mఒకటి      [0m
HYP: [31mఎం  [0m [31mఅయిపోయింది[0m
SENTENCE 1774
Correct          =   0.0%    0   (     2)
Errors           = 100.0%    2   (     2)
REF: [31mఎలాగ[0m మరి [31mమంచీ[0m
HYP: [31mఎలా [0m మరి [31mమంచి[0m
SENTENCE 1775
Correct          =  33.3%    1   (     3)
Errors           =  66.7%    2   (     3)
REF: ఏడాది చివరలో [31mనాలుగు[0m [31mపుస్తకాలను[0m [31mబట్టీపట్టి  [0m [31mపరీక్షలకు[0m [31mహాజరయ్యే[0m [31mచదువులను [0m కాలం [31mచెల్లింది[0m
HYP: ఏడాది చివరలో [31mఅమలుకు[0m [31mవిపసింగా  [0m [31mబట్టీపట్టులు[0m [31mపరికరంగా [0m [31mఆధారంగా [0m [31mయాజములుగా[0m కాలం [31mచేయండి   [0m
SENTENCE 1776
Correct          =  30.0%    3   (    10)
Errors           =  70.0%    7   (    10)
REF: [31m****[0m [31mఇప్పుడిస్తున్నారు[0m ఇది వరకు చూసుకుంటే [31m*****[0m [31mఇచ్చేవారు[0m కాదు
HYP: [31mనీకు[0m [31mపుడిస్తున్నారు   [0m ఇది వరకు చూసుకుంటే [31mఇచ్చే[0m [31mవారు     [0m కాదు
SENTENCE 1777
Correct          =  66.7%    4   (     6)
Errors           =  66.7%    4   (     6)
REF: [31m*****[0m [31mవీటివల్ల[0m
HYP: [31mఇట్లా[0m [31mవల్ల    [0m
SENTENCE 1778
Correct          =   0.0%    0   (     1)
Errors           = 200.0%    2   (     1)
REF: [31mపరవన్నం  [0m అంటే చాలా [31mఇష్టము[0m
HYP: [31mపర్వాలేదు[0m అంటే చాలా [31mఇష్టం [0m
SENTENCE 1779
Correct          =  50.0%    2   (     4)
Errors           =  50.0%    2   (     4)
REF: [31m**[0m [31mఏమిటో [0m [31mచూద్దాం [0m
HYP: [31mమీ[0m [31mఇంట్లో[0m [31mచెప్తావా[0m
SENTENCE 1780
Correct          =   0.0%    0   (     2)
Errors           = 150.0%    3   (     2)
REF: [31mనల్గొండ [0m జిల్లా
HYP: [31mనల్లగొండ[0m జిల్లా
SENTENCE 1781
Correct          =  50.0%    1   (     2)
Errors           =  50.0%    1   (     2)
REF: [31m***[0m [31m****[0m [31m******[0m [31mనరికేస్తున్నారు[0m అదే
HYP: [31mమరి[0m [31mకాదు[0m [31mఅస్సలు[0m [31mఉంటారు         [0m అదే
SENTENCE 1782
Correct          =  50.0%    1   (     2)
Errors           = 200.0%    4   (     2)
REF: అయితే తమను మోసం చేయడం ఆయన వల్ల కాదని చెప్పారు
HYP: అయితే తమను మోసం చేయడం ఆయన వల్ల కాదని చెప్పారు
SENTENCE 1783
Correct          = 100.0%    8   (     8)
Errors           =   0.0%    0   (     8)
REF: అవును
HYP: అవును
SENTENCE 1784
Correct          = 100.0%    1   (     1)
Errors           =   0.0%    0   (     1)
REF: [31mఅది [0m
HYP: [31mఅంతే[0m
SENTENCE 1785
Correct          =   0.0%    0   (     1)
Errors           = 100.0%    1   (     1)
REF: అవును
HYP: అవును
SENTENCE 1786
Correct          = 100.0%    1   (     1)
Errors           =   0.0%    0   (     1)
REF: అలా
HYP: అలా
SENTENCE 1787
Correct          = 100.0%    1   (     1)
Errors           =   0.0%    0   (     1)
REF: [31mఅవును[0m [31mఅవును   [0m
HYP: [31m*****[0m [31mఅవునవును[0m
SENTENCE 1788
Correct          =   0.0%    0   (     2)
Errors           = 100.0%    2   (     2)
REF: అవును
HYP: అవును
SENTENCE 1789
Correct          = 100.0%    1   (     1)
Errors           =   0.0%    0   (     1)
REF: అవును [31mనేస్తమా[0m
HYP: అవును [31mనిజమ   [0m
SENTENCE 1790
Correct          =  50.0%    1   (     2)
Errors           =  50.0%    1   (     2)
REF: చాలా [31mజరిగినై  [0m
HYP: చాలా [31mజరిగినియ్[0m
SENTENCE 1791
Correct          =  50.0%    1   (     2)
Errors           =  50.0%    1   (     2)
REF: ఓ మహిళపై [31m******[0m [31mగుర్తుతెలియని[0m వ్యక్తులు సామూహిక అత్యాచారానికి పాల్పడ్డారు
HYP: ఓ మహిళపై [31mగుర్తు[0m [31mతెలియని      [0m వ్యక్తులు సామూహిక అత్యాచారానికి పాల్పడ్డారు
SENTENCE 1792
Correct          =  85.7%    6   (     7)
Errors           =  28.6%    2   (     7)
REF: అందుకే [31m********[0m [31mఅలాంటివి[0m [31mనమ్మకూడదు[0m [31mమోసపోకూడదు[0m
HYP: అందుకే [31mఇలాంటివి[0m [31mనమ్మకం  [0m [31mవస్తా    [0m [31mపడుతూ     [0m
SENTENCE 1793
Correct          =  25.0%    1   (     4)
Errors           = 100.0%    4   (     4)
REF: తమ ఇద్దరి మధ్య ఘర్షణ [31mజరగలేదని[0m [31mసర   [0m [31mదాకు[0m [31mకొట్లాడుకున్నామని[0m అతడు [31mచెప్పాడని[0m తెలుస్తోంది
HYP: తమ ఇద్దరి మధ్య ఘర్షణ [31m********[0m [31mలేదని[0m [31mసదరు[0m [31mకోరడుతున్నామని   [0m అతడు [31mచెప్పారని[0m తెలుస్తోంది
SENTENCE 1794
Correct          =  54.5%    6   (    11)
Errors           =  45.5%    5   (    11)
REF: చాలా [31mబాగుంటది[0m
HYP: చాలా [31mబాగుంది [0m
SENTENCE 1795
Correct          =  50.0%    1   (     2)
Errors           =  50.0%    1   (     2)
REF: అంత ఇబ్బందిగా ఉందా
HYP: అంత ఇబ్బందిగా ఉందా
SENTENCE 1796
Correct          = 100.0%    3   (     3)
Errors           =   0.0%    0   (     3)
REF: నాకేం [31m******[0m [31mదేల్సండి[0m
HYP: నాకేం [31mతెలుసా[0m [31mఅండి    [0m
SENTENCE 1797
Correct          =  50.0%    1   (     2)
Errors           = 100.0%    2   (     2)
REF: [31mఆయన  [0m ఇటీవల చేస్తున్న [31mప్రకటనలు[0m ఆ [31mప్రశ్నలు [0m [31mఉదయించడానికి   [0m కారణం
HYP: [31mఅయినా[0m ఇటీవల చేస్తున్న [31mప్రకటనలో[0m ఆ [31mప్రశ్నలకు[0m [31mఉద్దేశించడానికి[0m కారణం
SENTENCE 1798
Correct          =  50.0%    4   (     8)
Errors           =  50.0%    4   (     8)
REF: [31mఇది[0m [31mచట్ట       [0m [31mవిరుద్ధమే[0m [31mగాక   [0m [31mజీవహింస[0m [31mకూడానని      [0m [31mవిన్నవించారు [0m
HYP: [31mఈ  [0m [31mచంద్రవిత్తి[0m [31mమిద      [0m [31mకళ్లకు[0m [31mజీవనం  [0m [31mసుక్రవారాన్ని[0m [31mవినియోగించారు[0m
SENTENCE 1799
Correct          =   0.0%    0   (     7)
Errors           = 100.0%    7   (     7)
REF: ఆమె ఇంట్లో ఒంటరిగా ఉన్న సమయంలో [31m***[0m [31mఅఘాయిత్యం[0m చేశారు
HYP: ఆమె ఇంట్లో ఒంటరిగా ఉన్న సమయంలో [31mఅదే[0m [31mవ్యక్తం  [0m చేశారు
SENTENCE 1800
Correct          =  85.7%    6   (     7)
Errors           =  28.6%    2   (     7)
REF: [31mఏదేమైనా[0m [31mవచ్చే  [0m ఏడాది నుంచి [31mఅలాంటి[0m [31mపొరపాటు[0m జరగకుండా ఎక్కువ [31mపాఠశాలల[0m విద్యార్థులు [31mపరీక్ష              [0m [31mరాసేలా  [0m [31mచూస్తాము       [0m
HYP: [31mఏదైనా  [0m [31mఒత్తిడి[0m ఏడాది నుంచి [31mఎలాంటి[0m [31mపోరాటం [0m జరగకుండా ఎక్కువ [31mపక్షంలో[0m విద్యార్థులు [31mపరిష్కరించాల్సిందిగా[0m [31mరాహస్థాల[0m [31mచివరిస్తున్నాయి[0m
SENTENCE 1801
Correct          =  38.5%    5   (    13)
Errors           =  61.5%    8   (    13)
REF: ప్రత్యేక హోదా కోసం తాము [31mపోరాటానికి[0m [31mసిద్ధంగా[0m ఉన్నామని [31mచెబుతూ [0m చంద్రబాబు [31mసిద్ధమేనా[0m అని ఆయన అడిగారు
HYP: ప్రత్యేక హోదా కోసం తాము [31mకోరాడానికి[0m [31mసిద్దంగా[0m ఉన్నామని [31mచెప్తుం[0m చంద్రబాబు [31mసిద్ధమైన [0m అని ఆయన అడిగారు
SENTENCE 1802
Correct          =  69.2%    9   (    13)
Errors           =  30.8%    4   (    13)
REF: వారి చదువులు [31mతక్కువేనని[0m [31mవారి     [0m [31mసంతకాలను[0m [31mబట్టి    [0m తెలుస్తోంది
HYP: వారి చదువులు [31m**********[0m [31mతక్కువైనా[0m [31mనివాస   [0m [31mసందర్భంగా[0m తెలుస్తోంది
SENTENCE 1803
Correct          =  42.9%    3   (     7)
Errors           =  57.1%    4   (     7)
REF: కాబట్టి
HYP: కాబట్టి
SENTENCE 1804
Correct          = 100.0%    1   (     1)
Errors           =   0.0%    0   (     1)
REF: అవును
HYP: అవును
SENTENCE 1805
Correct          = 100.0%    1   (     1)
Errors           =   0.0%    0   (     1)
REF: ఆయన సరిగ్గా ప్రచారం చేయకపోవడం డబ్బు ఖర్చుపెట్టకపోవడం
HYP: ఆయన సరిగ్గా ప్రచారం చేయకపోవడం డబ్బు ఖర్చుపెట్టకపోవడం
SENTENCE 1806
Correct          = 100.0%    6   (     6)
Errors           =   0.0%    0   (     6)
REF: అది
HYP: అది
SENTENCE 1807
Correct          = 100.0%    1   (     1)
Errors           =   0.0%    0   (     1)
REF: దీని [31mద్వారా[0m వాళ్ళ [31mపరిజ్ఞానం[0m [31mఅనేది   [0m తగ్గిపోతుంది
HYP: దీని [31mద్వార [0m వాళ్ళ [31mపైన      [0m [31mఅనమానికి[0m తగ్గిపోతుంది
SENTENCE 1808
Correct          =  50.0%    3   (     6)
Errors           =  50.0%    3   (     6)
REF: [31mఅలా  [0m [31mఅనేం[0m కాదు కదా
HYP: [31mఅవునా[0m [31mనీను[0m కాదు కదా
SENTENCE 1809
Correct          =  50.0%    2   (     4)
Errors           =  50.0%    2   (     4)
REF: [31mఎదో[0m విధంగా ఇది చేసుకుంటే [31mబాగుంటదని[0m నా [31mఉద్దేశం[0m [31mఅండి        [0m
HYP: [31mఏదో[0m విధంగా ఇది చేసుకుంటే [31mబావుంటదని[0m నా [31m*******[0m [31mఉద్దేశ్యమండి[0m
SENTENCE 1810
Correct          =  50.0%    4   (     8)
Errors           =  50.0%    4   (     8)
REF: ఆయన ఇంకా ఈ [31m****[0m [31mవయసులో[0m [31mలౌక్యంగా[0m ఉండాల్సిన అవసరం లేదేమో
HYP: ఆయన ఇంకా ఈ [31mమైస్[0m [31mలొల్లో[0m [31mకింద    [0m ఉండాల్సిన అవసరం లేదేమో
SENTENCE 1811
Correct          =  75.0%    6   (     8)
Errors           =  37.5%    3   (     8)
REF: ఈ కారణంగానే [31mస్మృతి[0m [31mఇరానీ[0m [31mనిర్మలా[0m [31mసీతారామన్ [0m ప్రకాశ్ [31m********[0m [31mజవదేకర్[0m [31mవంటి[0m వారికి చోటు [31mదక్కింది[0m
HYP: ఈ కారణంగానే [31mసూలికి[0m [31mరాని [0m [31mనిర్మల [0m [31mసీతారామును[0m ప్రకాశ్ [31mఅవదేశ్వర[0m [31mరావు   [0m [31mఅంటే[0m వారికి చోటు [31mదక్కేంది[0m
SENTENCE 1812
Correct          =  41.7%    5   (    12)
Errors           =  66.7%    8   (    12)
REF: ఇప్పుడు మాములుగా ఇప్పుడు
HYP: ఇప్పుడు మాములుగా ఇప్పుడు
SENTENCE 1813
Correct          = 100.0%    3   (     3)
Errors           =   0.0%    0   (     3)
REF: శుక్రవారం జగన్ విచారణకు హాజరు [31mకాగానే[0m [31mఅరెస్టు[0m [31mచేస్తారనే[0m ప్రచారం [31mజరిగింది  [0m
HYP: శుక్రవారం జగన్ విచారణకు హాజరు [31mకానీ  [0m [31mఅవసరి  [0m [31mచేస్తారని[0m ప్రచారం [31mజరుగుతోంది[0m
SENTENCE 1814
Correct          =  55.6%    5   (     9)
Errors           =  44.4%    4   (     9)
REF: గాలి
HYP: గాలి
SENTENCE 1815
Correct          = 100.0%    1   (     1)
Errors           =   0.0%    0   (     1)
REF: తెలంగాణ చరిత్రకు [31mప్రానాలికత[0m [31mఎక్కడా    [0m అని అడుగుతున్నారని కానీ [31m******[0m [31m********[0m [31mచరిత్రకు[0m [31mప్రానలికత[0m [31mఅవసరంలేదని[0m వివరించారు
HYP: తెలంగాణ చరిత్రకు [31mప్రణాళిక  [0m [31mక్రికార్డు[0m అని అడుగుతున్నారని కానీ [31mజైలుతో[0m [31mప్రణాళిక[0m [31mతా      [0m [31mఅవసరం    [0m [31mలేదని     [0m వివరించారు
SENTENCE 1816
Correct          =  54.5%    6   (    11)
Errors           =  63.6%    7   (    11)
REF: ఆదాయపు పన్నుశాఖ వద్ద [31m*****[0m [31m*******[0m [31mఅనుమానాస్పద[0m [31mఖాతాలు    [0m [31mఆదాయపు[0m [31mపన్నుశాఖ[0m [31mవద్ద [0m [31mఅనుమానాస్పద[0m [31mఖాతాల    [0m [31mవివరాలున్నాయి[0m
HYP: ఆదాయపు పన్నుశాఖ వద్ద [31mఆమెను[0m [31mస్వర్గం[0m [31mసద్దులు    [0m [31mఅథాయిరపడిన[0m [31mశాఖ   [0m [31mమంత్రి  [0m [31mఉపందు[0m [31mశాఖ        [0m [31mఅధికారులు[0m [31mఉన్నాయి      [0m
SENTENCE 1817
Correct          =  27.3%    3   (    11)
Errors           =  90.9%   10   (    11)
REF: [31mశ్రీనివాసరావులను[0m విజయవాడలో కొత్తగా ఏర్పాటు చేసిన [31mకార్యాలయంలో[0m పనిచేసేందుకు [31mపంపించాలని[0m ఉత్తర్వులు [31mజారీ[0m [31mచేసారు    [0m
HYP: [31mశ్రీనివాసరావును [0m విజయవాడలో కొత్తగా ఏర్పాటు చేసిన [31mకార్యాలయాలు[0m పనిచేసేందుకు [31mపంపించారని[0m ఉత్తర్వులు [31m****[0m [31mజారీచేశారు[0m
SENTENCE 1818
Correct          =  54.5%    6   (    11)
Errors           =  45.5%    5   (    11)
REF: ఈ దాడిలో [31mతీవ్రంగా[0m గాయపడిన తండ్రి [31mమూడు[0m [31mరోజుల [0m పాటు [31mఆస్పత్రిలో[0m చికిత్స పొందుతూ [31mమరణించాడు[0m
HYP: ఈ దాడిలో [31mత్వరలోనే[0m గాయపడిన తండ్రి [31m****[0m [31mమోడళ్ల[0m పాటు [31mఆసుపత్రిలో[0m చికిత్స పొందుతూ [31mపంపించాడు[0m
SENTENCE 1819
Correct          =  58.3%    7   (    12)
Errors           =  41.7%    5   (    12)
REF: [31mమనం[0m [31mఎళ్ళీ   [0m
HYP: [31m***[0m [31mమనవిల్లి[0m
SENTENCE 1820
Correct          =   0.0%    0   (     2)
Errors           = 100.0%    2   (     2)
REF: సమాజం అంటూ పార్టీని వీడి టీడీపీలోకి చెందిన ఎమ్మెల్యేలు ప్రశ్నించారు
HYP: సమాజం అంటూ పార్టీని వీడి టీడీపీలోకి చెందిన ఎమ్మెల్యేలు ప్రశ్నించారు
SENTENCE 1821
Correct          = 100.0%    8   (     8)
Errors           =   0.0%    0   (     8)
REF: అవునండి
HYP: అవునండి
SENTENCE 1822
Correct          = 100.0%    1   (     1)
Errors           =   0.0%    0   (     1)
REF: అయితే [31mఇప్పటికిప్పుడు[0m [31mమాత్రం [0m [31mఈ     [0m [31mవిషయాన్ని[0m ప్రకటించే పరిస్థితి [31mమాత్రం[0m [31mలేదు     [0m
HYP: అయితే [31mఇప్పటికీ      [0m [31mఇప్పుడు[0m [31mమాత్రం[0m [31mనిషేధం   [0m ప్రకటించే పరిస్థితి [31m******[0m [31mమార్చలేదు[0m
SENTENCE 1823
Correct          =  33.3%    3   (     9)
Errors           =  66.7%    6   (     9)
REF: మీ [31m*******[0m [31mచుట్టాలందరూ[0m వస్తారా
HYP: మీ [31mచుట్టాల[0m [31mఅందరూ      [0m వస్తారా
SENTENCE 1824
Correct          =  66.7%    2   (     3)
Errors           =  66.7%    2   (     3)
REF: అవును
HYP: అవును
SENTENCE 1825
Correct          = 100.0%    1   (     1)
Errors           =   0.0%    0   (     1)
REF: [31mదీంతో[0m [31mఆగ్రహానికి[0m [31mగురైన  [0m [31mమృతురాలి[0m [31mబంధువులు[0m [31mపోలీసులకు     [0m [31mఫిర్యాదు[0m [31mచేశారు       [0m
HYP: [31m*****[0m [31m**********[0m [31mతెలంగాణ[0m [31mజాగృతి  [0m [31mఅనుబంధం [0m [31mసానిపాదించాలని[0m [31mప్రజల్ని[0m [31mప్రదర్శించారు[0m
SENTENCE 1826
Correct          =   0.0%    0   (     8)
Errors           = 100.0%    8   (     8)
REF: [31mఇదీ[0m ఇక్కడే
HYP: [31mఇది[0m ఇక్కడే
SENTENCE 1827
Correct          =  50.0%    1   (     2)
Errors           =  50.0%    1   (     2)
REF: [31mఇంతకు [0m మీరు
HYP: [31mఇంటికి[0m మీరు
SENTENCE 1828
Correct          =  50.0%    1   (     2)
Errors           =  50.0%    1   (     2)
REF: [31m*******[0m [31mఆస్పత్రిలో[0m చికిత్స [31m************[0m [31mపొందుతూ   [0m [31mబాధితురాలు[0m [31mసోమవారం[0m [31mఉదయం  [0m [31mమృతి[0m చెందింది
HYP: [31mరాష్ట్ర[0m [31mవ్యాప్తంలో[0m చికిత్స [31mపొందుతున్నతో[0m [31mబాధితుల్లో[0m [31mసుమంత     [0m [31mభావం   [0m [31mతెలుగు[0m [31mమృత [0m చెందింది
SENTENCE 1829
Correct          =  25.0%    2   (     8)
Errors           = 100.0%    8   (     8)
REF: ఇంకా
HYP: ఇంకా
SENTENCE 1830
Correct          = 100.0%    1   (     1)
Errors           =   0.0%    0   (     1)
REF: ఆ
HYP: ఆ
SENTENCE 1831
Correct          = 100.0%    1   (     1)
Errors           =   0.0%    0   (     1)
REF: [31mనువ్వేం[0m [31mచేస్తన్నావ్ [0m
HYP: [31mనువ్వే [0m [31mచేస్తున్నావ్[0m
SENTENCE 1832
Correct          =   0.0%    0   (     2)
Errors           = 100.0%    2   (     2)
REF: [31m****[0m [31mగంగాధర్[0m [31mవిద్యార్థులను[0m
HYP: [31mదాని[0m [31mదాని   [0m [31mవిద్యార్దులను[0m
SENTENCE 1833
Correct          =   0.0%    0   (     2)
Errors           = 150.0%    3   (     2)
REF: అవునా
HYP: అవునా
SENTENCE 1834
Correct          = 100.0%    1   (     1)
Errors           =   0.0%    0   (     1)
REF: ఇప్పుడు ఏంటంటే ఇప్పుడు [31mచాల [0m [31mవరకూ[0m
HYP: ఇప్పుడు ఏంటంటే ఇప్పుడు [31mచాలా[0m [31mవరకు[0m
SENTENCE 1835
Correct          =  60.0%    3   (     5)
Errors           =  40.0%    2   (     5)
REF: [31mడాన్స్[0m చాలా బాగా చేస్తాను
HYP: [31mదాని  [0m చాలా బాగా చేస్తాను
SENTENCE 1836
Correct          =  75.0%    3   (     4)
Errors           =  25.0%    1   (     4)
REF: ఈ [31mమొత్తం[0m [31mవ్యవహారంలో [0m [31mనట్టి[0m [31mకుమార్  [0m [31mనోటి[0m వెంట [31mజగ్గి[0m [31mరెడ్డి[0m [31mఅనే     [0m [31mపేరు   [0m [31mప్రముఖంగా[0m వినిపిస్తుంది
HYP: ఈ [31m******[0m [31mముద్రగాయలను[0m [31mనటి  [0m [31mకుమారుడు[0m [31mమృతి[0m వెంట [31m*****[0m [31mజగన్  [0m [31mకిరెడ్డి[0m [31mఎన్నికల[0m [31mప్రమాదంలో[0m వినిపిస్తుంది
SENTENCE 1837
Correct          =  23.1%    3   (    13)
Errors           =  76.9%   10   (    13)
REF: నా గురించి [31mఇప్పుడు[0m [31mఅదేవిధంగా[0m [31mనా    [0m [31mతల్లిదండ్రులు[0m ఎంతగానో [31mసహకరిస్తున్నారు[0m
HYP: నా గురించి [31mఎప్పుడు[0m [31mఅదే      [0m [31mవిధమైన[0m [31mప్రదేశాన్ని  [0m ఎంతగానో [31mసాగరిస్తున్నారు[0m
SENTENCE 1838
Correct          =  37.5%    3   (     8)
Errors           =  62.5%    5   (     8)
REF: [31mసున్నితమైన[0m మానవ సంబంధాలకు [31mపరస్పర    [0m [31mఅనురాగానికి[0m ఆయన సినిమాలు ప్రాధాన్యం ఇచ్చాయి
HYP: [31mసొన్నితమైన[0m మానవ సంబంధాలకు [31mపరిస్థితుల[0m [31mఅందురాణికి [0m ఆయన సినిమాలు ప్రాధాన్యం ఇచ్చాయి
SENTENCE 1839
Correct          =  66.7%    6   (     9)
Errors           =  33.3%    3   (     9)
REF: [31m*****[0m [31mఇవన్నీ[0m [31mమనం   [0m [31mచూ  [0m తెలుసుకోవాలి
HYP: [31mఇట్లా[0m [31mనువ్వు[0m [31mనువ్వు[0m [31mనువ్[0m తెలుసుకోవాలి
SENTENCE 1840
Correct          =  25.0%    1   (     4)
Errors           = 100.0%    4   (     4)
REF: అది బాగుంటది
HYP: అది బాగుంటది
SENTENCE 1841
Correct          = 100.0%    2   (     2)
Errors           =   0.0%    0   (     2)
REF: కాగా ఉదయం ఏపీ శాసనసభలో [31mసభా[0m [31mహక్కుల[0m [31mసంఘం[0m సమావేశమైంది
HYP: కాగా ఉదయం ఏపీ శాసనసభలో [31m***[0m [31mసభలో  [0m [31mసంగం[0m సమావేశమైంది
SENTENCE 1842
Correct          =  62.5%    5   (     8)
Errors           =  37.5%    3   (     8)
REF: అవును
HYP: అవును
SENTENCE 1843
Correct          = 100.0%    1   (     1)
Errors           =   0.0%    0   (     1)
REF: [31m**********[0m [31mప్రచురిస్తున్నాయి[0m
HYP: [31mప్రతిష్టను[0m [31mఉన్నాయి          [0m
SENTENCE 1844
Correct          =   0.0%    0   (     1)
Errors           = 200.0%    2   (     1)
REF: అది [31mమళ్ళి[0m
HYP: అది [31mమళ్ళీ[0m
SENTENCE 1845
Correct          =  50.0%    1   (     2)
Errors           =  50.0%    1   (     2)
REF: ఆ చెప్పండి
HYP: ఆ చెప్పండి
SENTENCE 1846
Correct          = 100.0%    2   (     2)
Errors           =   0.0%    0   (     2)
REF: [31m*******[0m [31mబాగుంది[0m [31mకొత్తదనంతో[0m [31mఉంది[0m చాలా బాగుంది
HYP: [31mబావుంది[0m [31mకొంత   [0m [31mదూరం      [0m [31mదొంగ[0m చాలా బాగుంది
SENTENCE 1847
Correct          =  40.0%    2   (     5)
Errors           =  80.0%    4   (     5)
REF: [31mఅపస్మార [0m [31mఅపస్మారక[0m స్థితిలో ఉన్న ఆయనను అనంతపురం [31mప్రభుత్వ     [0m ఆసుపత్రికి తరలించగా రాత్రి [31mకి[0m [31mచనిపోయాడు[0m
HYP: [31mఅపస్మారక[0m [31mస్మారక  [0m స్థితిలో ఉన్న ఆయనను అనంతపురం [31mప్రభుత్వాన్ని[0m ఆసుపత్రికి తరలించగా రాత్రి [31m**[0m [31mచంపేయాడు [0m
SENTENCE 1848
Correct          =  58.3%    7   (    12)
Errors           =  41.7%    5   (    12)
REF: [31m*[0m [31m****[0m [31mఆరోపణలు[0m ప్రత్యారోపణలతో [31m****[0m తమకు సంబంధం లేదని [31mవాస్తవాల[0m [31mఆధారంగా[0m దర్యాఫ్తు చేస్తున్నామన్నారు
HYP: [31mఆ[0m [31mరోగు[0m [31mపనిలో  [0m ప్రత్యారోపణలతో [31mసంఘం[0m తమకు సంబంధం లేదని [31mవాతావరణ [0m [31mగంగా   [0m దర్యాఫ్తు చేస్తున్నామన్నారు
SENTENCE 1849
Correct          =  66.7%    6   (     9)
Errors           =  66.7%    6   (     9)
REF: మంత్రి నారాయణతో కలిసి మంగళవారం రాత్రి [31m*******[0m [31mప్రధాన[0m [31mన్యాయమూర్తి[0m నివాసానికి వెళ్లిన [31m***[0m [31mఆయనను [0m [31mఆహ్వానించారు[0m
HYP: మంత్రి నారాయణతో కలిసి మంగళవారం రాత్రి [31mప్రధానణ[0m [31mన్యాయం[0m [31mమొదటి      [0m నివాసానికి వెళ్లిన [31mఆయన[0m [31mవివాహం[0m [31mఅవించారు    [0m
SENTENCE 1850
Correct          =  63.6%    7   (    11)
Errors           =  54.5%    6   (    11)
REF: [31m*****[0m [31mబంగ్లాదేశ్[0m [31mరచయిత్రి[0m [31mతస్లీమా[0m [31mనస్రీన్[0m [31mప్రముఖ[0m [31mరచయిచ [0m [31mసల్మాన్[0m [31mరషీద్    [0m [31mలపై      [0m చేసిన [31mవ్యాఖ్యలు [0m మాత్రం బయటకు వచ్చాయి
HYP: [31mబాంబు[0m [31mఅదే       [0m [31mచర్య    [0m [31mతీరత   [0m [31mస్వీన  [0m [31mనాసిన్[0m [31mప్రముఖ[0m [31mరచయిత  [0m [31mసార్వణ్యత[0m [31mసార్వికలు[0m చేసిన [31mవ్యాఖ్యలను[0m మాత్రం బయటకు వచ్చాయి
SENTENCE 1851
Correct          =  28.6%    4   (    14)
Errors           =  78.6%   11   (    14)
REF: మొత్తం
HYP: మొత్తం
SENTENCE 1852
Correct          = 100.0%    1   (     1)
Errors           =   0.0%    0   (     1)
REF: ఇప్పుడు [31mబయటకు[0m వచ్చిన వ్యక్తి
HYP: ఇప్పుడు [31mబయట  [0m వచ్చిన వ్యక్తి
SENTENCE 1853
Correct          =  75.0%    3   (     4)
Errors           =  25.0%    1   (     4)
REF: [31mమనకింక[0m [31mతక్కువ[0m [31mపడొచ్చు[0m [31mకూడా    [0m
HYP: [31mమనం   [0m [31mఇంకా  [0m [31mతక్కువ [0m [31mపడచుకోడా[0m
SENTENCE 1854
Correct          =   0.0%    0   (     4)
Errors           = 100.0%    4   (     4)
REF: తద్వారా సరుకులు పక్కదారి పట్టకుండా [31m*****[0m [31m*********[0m [31mనిజమైన   [0m [31mలబ్ధిదారులకే   [0m [31mచేరతాయని[0m [31mభావించారు[0m
HYP: తద్వారా సరుకులు పక్కదారి పట్టకుండా [31mనేతలు[0m [31mఅనుకూలంగా[0m [31mనిర్ణయాలు[0m [31mప్రార్థిస్తారని[0m [31mగౌరీపం  [0m [31mచారు     [0m
SENTENCE 1855
Correct          =  50.0%    4   (     8)
Errors           =  75.0%    6   (     8)
REF: ఇలా చేయడం వల్ల [31mతను [0m
HYP: ఇలా చేయడం వల్ల [31mదాని[0m
SENTENCE 1856
Correct          =  75.0%    3   (     4)
Errors           =  25.0%    1   (     4)
REF: అక్కడ వ్యవసాయం కూడా చేస్తారండి
HYP: అక్కడ వ్యవసాయం కూడా చేస్తారండి
SENTENCE 1857
Correct          = 100.0%    4   (     4)
Errors           =   0.0%    0   (     4)
REF: అలా [31m******[0m [31mఎందుకిస్తున్నారు[0m
HYP: అలా [31mఎందుకు[0m [31mఇస్తున్నారు     [0m
SENTENCE 1858
Correct          =  50.0%    1   (     2)
Errors           = 100.0%    2   (     2)
REF: చెప్పు
HYP: చెప్పు
SENTENCE 1859
Correct          = 100.0%    1   (     1)
Errors           =   0.0%    0   (     1)
REF: కొద్ది రోజుల [31mతర్వాత [0m [31mరామమూర్తిని[0m [31mతప్ప     [0m [31mమిగిలిన[0m [31mవారిని   [0m [31mవిడుదల[0m చేశారు
HYP: కొద్ది రోజుల [31mకర్మాటక[0m [31mరాము       [0m [31mగుర్తింపు[0m [31mతప్ప   [0m [31mవేగవాన్ని[0m [31mవివిధ [0m చేశారు
SENTENCE 1860
Correct          =  33.3%    3   (     9)
Errors           =  66.7%    6   (     9)
REF: కేంద్రంలో [31mయూనియన్[0m [31mగవర్నమెంట్[0m కాకుండా [31mఫెడరల్ [0m ప్రభుత్వం ఉండాలని ఆయన ఆశించారు
HYP: కేంద్రంలో [31mఈ      [0m [31mవేధింపులను[0m కాకుండా [31mప్రకారం[0m ప్రభుత్వం ఉండాలని ఆయన ఆశించారు
SENTENCE 1861
Correct          =  66.7%    6   (     9)
Errors           =  33.3%    3   (     9)
REF: [31mఅమ్మాయిలే[0m చేసేస్తారు అని చెప్తూ ఉంటారు
HYP: [31mఅమ్మాయిలు[0m చేసేస్తారు అని చెప్తూ ఉంటారు
SENTENCE 1862
Correct          =  80.0%    4   (     5)
Errors           =  20.0%    1   (     5)
REF: మరి [31mనువ్వు[0m
HYP: మరి [31mమీకు  [0m
SENTENCE 1863
Correct          =  50.0%    1   (     2)
Errors           =  50.0%    1   (     2)
REF: అయితే మంత్రి పల్లె రఘునాథ్ రెడ్డి విషయంలో మాత్రం అలా [31mజరగడం[0m లేదు
HYP: అయితే మంత్రి పల్లె రఘునాథ్ రెడ్డి విషయంలో మాత్రం అలా [31mచదవడం[0m లేదు
SENTENCE 1864
Correct          =  90.0%    9   (    10)
Errors           =  10.0%    1   (    10)
REF: మన [31mతాతల[0m [31mతరం   [0m [31mనుంచి[0m [31mవచ్చిన [0m వ్యవసాయ స్థలాన్ని [31mముక్కలు[0m [31mముక్కలు    [0m చేస్తారు
HYP: మన [31m****[0m [31mతర్వాత[0m [31mతరగతి[0m [31mచొచ్చిన[0m వ్యవసాయ స్థలాన్ని [31m*******[0m [31mముఖ్యమంత్రి[0m చేస్తారు
SENTENCE 1865
Correct          =  40.0%    4   (    10)
Errors           =  60.0%    6   (    10)
REF: [31m****[0m [31mబాడ్మింటన్[0m కాకుండా [31mఅంటే[0m మాములుగా
HYP: [31mబాగా[0m [31mమిగతా     [0m కాకుండా [31mఅండి[0m మాములుగా
SENTENCE 1866
Correct          =  50.0%    2   (     4)
Errors           =  75.0%    3   (     4)
REF: ఏంటి
HYP: ఏంటి
SENTENCE 1867
Correct          = 100.0%    1   (     1)
Errors           =   0.0%    0   (     1)
REF: ఈ కార్యక్రమంలో సిపిఎం గుంటూరు జిల్లా కార్యదర్శివర్గ సభ్యులు [31mజె[0m
HYP: ఈ కార్యక్రమంలో సిపిఎం గుంటూరు జిల్లా కార్యదర్శివర్గ సభ్యులు [31mజీ[0m
SENTENCE 1868
Correct          =  87.5%    7   (     8)
Errors           =  12.5%    1   (     8)
REF: మనకు [31mపే[0m మనకు
HYP: మనకు [31mతో[0m మనకు
SENTENCE 1869
Correct          =  66.7%    2   (     3)
Errors           =  33.3%    1   (     3)
REF: వచ్చిన [31m***[0m [31mలాభాలతో[0m [31mపిల్లన్ని [0m [31mచదివించుకోవడానికి[0m [31mఆర్ధిక[0m ఇబ్బందులు లేకుండా కుటుంబ [31m*********[0m [31mజీవనానికి[0m [31mఉపయోగిస్తూ    [0m
HYP: వచ్చిన [31mఇలా[0m [31mవాళ్ళతో[0m [31mపెళ్ళిళ్ళు[0m [31mచదివించకపోవడానికి[0m [31mఆర్థిక[0m ఇబ్బందులు లేకుండా కుటుంబ [31mజీవనాన్ని[0m [31mఎందుకు   [0m [31mఉపయాగిస్తున్నా[0m
SENTENCE 1870
Correct          =  40.0%    4   (    10)
Errors           =  80.0%    8   (    10)
REF: [31mగుండె  [0m కింద భాగంలో [31mవీటిని[0m [31mగుర్తించడం[0m అరుదైన విషయమని అన్నారు
HYP: [31mగుండెకీ[0m కింద భాగంలో [31m******[0m [31mవినిపించడం[0m అరుదైన విషయమని అన్నారు
SENTENCE 1871
Correct          =  62.5%    5   (     8)
Errors           =  37.5%    3   (     8)
REF: ఇప్పుడు మరి
HYP: ఇప్పుడు మరి
SENTENCE 1872
Correct          = 100.0%    2   (     2)
Errors           =   0.0%    0   (     2)
REF: [31mబొత్స[0m [31mచేరిక[0m పైన సుజయ కృష్ణ రంగారావు అసంతృప్తితో ఉన్న విషయం తెలిసిందే
HYP: [31mవర్స [0m [31mచేతిక[0m పైన సుజయ కృష్ణ రంగారావు అసంతృప్తితో ఉన్న విషయం తెలిసిందే
SENTENCE 1873
Correct          =  80.0%    8   (    10)
Errors           =  20.0%    2   (    10)
REF: ఈ [31mతెల్ల[0m [31mఏనుగుని[0m జగన్ [31mదొర[0m ఎంత కాలం [31mభుజాన[0m [31mవేసుకుని[0m [31mనడుస్తాడో     [0m [31mఅర్ధం[0m కావడం లేదు
HYP: ఈ [31mతల్లి[0m [31mనుండి  [0m జగన్ [31mతరో[0m ఎంత కాలం [31mభాజన [0m [31mపేరుతో  [0m [31mనడుస్తున్నట్టు[0m [31mఅర్థం[0m కావడం లేదు
SENTENCE 1874
Correct          =  46.2%    6   (    13)
Errors           =  53.8%    7   (    13)
REF: అది
HYP: అది
SENTENCE 1875
Correct          = 100.0%    1   (     1)
Errors           =   0.0%    0   (     1)
REF: [31mగాయాలైన[0m [31mవారిని[0m [31mస్థానిక[0m [31mఆస్పత్రికి[0m [31mతరలించి  [0m [31mచికిత్స      [0m [31mఅందిస్తున్నారు[0m
HYP: [31mగాయపడిన[0m [31mవారి  [0m [31mస్ధానిక[0m [31mఆస్పత్రిలో[0m [31mజట్టులోకి[0m [31mతీసుకురావాలని[0m [31mసిద్ధంగా      [0m
SENTENCE 1876
Correct          =   0.0%    0   (     7)
Errors           = 100.0%    7   (     7)
REF: [31mతనతో [0m చెప్తాను
HYP: [31mదాంతో[0m చెప్తాను
SENTENCE 1877
Correct          =  50.0%    1   (     2)
Errors           =  50.0%    1   (     2)
REF: ఈ నేపథ్యంలో విజయవాడ [31mనగర[0m [31mపరిసరాల్లో[0m [31mనదీ      [0m [31mపరీవాహక[0m [31mప్రాంతంలో[0m ఆరు [31mకిలో[0m [31mమీటర్ల    [0m [31mమేర   [0m [31mరూ       [0m
HYP: ఈ నేపథ్యంలో విజయవాడ [31m***[0m [31m**********[0m [31mనగజీవివిధ[0m [31mరాహుల్ [0m [31mగాంధీని  [0m ఆరు [31m****[0m [31mగ్రామానికి[0m [31mరుణమైన[0m [31mక్రిమాహర్[0m
SENTENCE 1878
Correct          =  30.8%    4   (    13)
Errors           =  69.2%    9   (    13)
REF: నిబంధనల ప్రకారం [31m*[0m [31m*******[0m [31m****[0m [31mఏడాదిలోపు[0m [31mరుణం  [0m [31mచెల్లించకపోతే[0m [31mవడ్డీ [0m [31mరాయితీని[0m [31mకోల్పోవాల్సి[0m వస్తుంది ఉంటుంది
HYP: నిబంధనల ప్రకారం [31mఏ[0m [31mదగ్గరకు[0m [31mపోరు[0m [31mనుంచి    [0m [31mచెబితే[0m [31mపొత్తబడి     [0m [31mరైతుని[0m [31mకోర్టు  [0m [31mపోలీసు      [0m వస్తుంది ఉంటుంది
SENTENCE 1879
Correct          =  40.0%    4   (    10)
Errors           =  90.0%    9   (    10)
REF: మా [31mనాన్న[0m [31mగారు     [0m రాజు
HYP: మా [31m*****[0m [31mనాన్నగారు[0m రాజు
SENTENCE 1880
Correct          =  50.0%    2   (     4)
Errors           =  50.0%    2   (     4)
REF: ఇంకా
HYP: ఇంకా
SENTENCE 1881
Correct          = 100.0%    1   (     1)
Errors           =   0.0%    0   (     1)
REF: ఈ సందర్భంగా వారి ప్రత్యేకత హోదా ఏర్పాటు
HYP: ఈ సందర్భంగా వారి ప్రత్యేకత హోదా ఏర్పాటు
SENTENCE 1882
Correct          = 100.0%    6   (     6)
Errors           =   0.0%    0   (     6)
REF: [31m*[0m ఒక [31mప్రమాదం[0m జరిగిందండి [31m****[0m [31m***[0m [31mదీపావళి[0m సామాన్ల వల్ల
HYP: [31mఆ[0m ఒక [31mప్రాంతం[0m జరిగిందండి [31mనేను[0m [31mఏది[0m [31mవాడియా [0m సామాన్ల వల్ల
SENTENCE 1883
Correct          =  66.7%    4   (     6)
Errors           =  83.3%    5   (     6)
REF: ఏదన్నా [31mవీధిలో[0m [31mఉండిపోయాం [0m
HYP: ఏదన్నా [31mవిధులు[0m [31mఉండిపోయాయ్[0m
SENTENCE 1884
Correct          =  33.3%    1   (     3)
Errors           =  66.7%    2   (     3)
REF: తీవ్ర గాయాలపాలైన [31mబాధితులను  [0m [31mస్థానికులు[0m [31mసమీపంలోని[0m [31mఆస్పత్రికి[0m తీసుకెళ్లారు
HYP: తీవ్ర గాయాలపాలైన [31mవారిద్దర్ను[0m [31mసాయంత్రం  [0m [31mసమీపంలో  [0m [31mమాసపడి    [0m తీసుకెళ్లారు
SENTENCE 1885
Correct          =  42.9%    3   (     7)
Errors           =  57.1%    4   (     7)
REF: [31mఇంకా[0m [31mఆ    [0m సినిమా ఎలా [31mతీసారు  [0m అంటే
HYP: [31m****[0m [31mఇక్కడ[0m సినిమా ఎలా [31mతిరిగారు[0m అంటే
SENTENCE 1886
Correct          =  50.0%    3   (     6)
Errors           =  50.0%    3   (     6)
REF: అవును
HYP: అవును
SENTENCE 1887
Correct          = 100.0%    1   (     1)
Errors           =   0.0%    0   (     1)
REF: అక్కడ [31mఎలా[0m ఉంది
HYP: అక్కడ [31m***[0m ఉంది
SENTENCE 1888
Correct          =  66.7%    2   (     3)
Errors           =  33.3%    1   (     3)
REF: అలాగా
HYP: అలాగా
SENTENCE 1889
Correct          = 100.0%    1   (     1)
Errors           =   0.0%    0   (     1)
REF: ఈ [31mసందర్భంగా[0m [31mవరంగల్ [0m [31mఉప          [0m [31mఎన్నిక[0m అంశంపై [31mవారు  [0m [31mచర్చించారు[0m
HYP: ఈ [31mసందర్బంగా[0m [31mవర్గాలు[0m [31mప్రయత్నించగా[0m [31mఆ     [0m అంశంపై [31mవారిని[0m [31mచూశారు    [0m
SENTENCE 1890
Correct          =  25.0%    2   (     8)
Errors           =  75.0%    6   (     8)
REF: వేగవంతం చేయాలని వారు కోరారు
HYP: వేగవంతం చేయాలని వారు కోరారు
SENTENCE 1891
Correct          = 100.0%    4   (     4)
Errors           =   0.0%    0   (     4)
REF: అందుకు
HYP: అందుకు
SENTENCE 1892
Correct          = 100.0%    1   (     1)
Errors           =   0.0%    0   (     1)
REF: ఆసియా దేశాల [31m***[0m [31m****[0m [31mశిఖరాగ్ర[0m [31mసదస్సు  [0m [31mఉగ్రవాదం[0m [31mఅరికట్టడానికి[0m [31mతీసుకోవాల్సిన [0m పలు [31mచర్యల     [0m పైన [31mసదస్సులో[0m [31mచర్చించారు [0m
HYP: ఆసియా దేశాల [31mశాఖ[0m [31mరాఘవ[0m [31mఫలస్థుల [0m [31mఉద్వాహిత[0m [31mవారి    [0m [31mకట్టడానికి   [0m [31mతీసుకువస్తున్న[0m పలు [31mజాగ్రత్తలు[0m పైన [31mసదస్సులు[0m [31mసెచ్చించారు[0m
SENTENCE 1893
Correct          =  33.3%    4   (    12)
Errors           =  83.3%   10   (    12)
REF: అలా ఆలోచించడం వల్ల [31mఅమ్మా[0m [31mనాన్లకి[0m [31mమంచి[0m [31mపేరు [0m [31mతెస్తుంది[0m [31mఇటు   [0m [31mకట్టు      [0m [31mకున్న[0m [31mభర్తకి    [0m [31mకూడా   [0m [31mమంచి[0m [31mపేరు  [0m [31mతెస్తుంది[0m
HYP: అలా ఆలోచించడం వల్ల [31mఇది  [0m [31mఉ      [0m [31mఅమ్మ[0m [31mనాన్న[0m [31mఅందుకే   [0m [31mమంచిదే[0m [31mతెలుస్తుంది[0m [31mఇటు  [0m [31mకట్టుకున్న[0m [31mవార్తలు[0m [31mకూడా[0m [31mమంచివి[0m [31mవేస్తుంది[0m
SENTENCE 1894
Correct          =  18.8%    3   (    16)
Errors           =  81.2%   13   (    16)
REF: ఒక
HYP: ఒక
SENTENCE 1895
Correct          = 100.0%    1   (     1)
Errors           =   0.0%    0   (     1)
REF: ఆ [31mఆనందం   [0m మరి
HYP: ఆ [31mఅవునవును[0m మరి
SENTENCE 1896
Correct          =  66.7%    2   (     3)
Errors           =  33.3%    1   (     3)
REF: ఉంటాయి కదా [31mఅవి[0m చూసి [31mవాళ్ళు[0m [31mనేర్చుకొచ్చు [0m
HYP: ఉంటాయి కదా [31mఅది[0m చూసి [31mవాళ్ళ [0m [31mనేర్చుకోవచ్చు[0m
SENTENCE 1897
Correct          =  50.0%    3   (     6)
Errors           =  50.0%    3   (     6)
REF: పర్వాలేదు
HYP: పర్వాలేదు
SENTENCE 1898
Correct          = 100.0%    1   (     1)
Errors           =   0.0%    0   (     1)
REF: ఆయన వచ్చి [31mచూడగా  [0m రెండు గదుల్లోని
HYP: ఆయన వచ్చి [31mచూడగానే[0m రెండు గదుల్లోని
SENTENCE 1899
Correct          =  80.0%    4   (     5)
Errors           =  20.0%    1   (     5)
REF: ఈ సందర్భంగా స్థానిక [31m*******[0m [31mబొమ్మన     [0m [31mరామచంద్రరావు[0m [31mకళ్యాణ[0m [31mమండపంలో[0m జరిగిన [31m*****[0m [31mసభలో   [0m [31mఉమామహేశ్వరరావు[0m మాట్లాడారు
HYP: ఈ సందర్భంగా స్థానిక [31mబొమ్మలు[0m [31mరామచంద్రారా[0m [31mకళ్యాణ్     [0m [31mమండపం [0m [31mలో     [0m జరిగిన [31mసంఘటన[0m [31mఉమ్మాని[0m [31mహీరోడ్        [0m మాట్లాడారు
SENTENCE 1900
Correct          =  45.5%    5   (    11)
Errors           =  72.7%    8   (    11)
REF: విభజన [31mచట్టంలోని[0m అంశాల అమలుపై సమీక్షించాలని [31mనీతి[0m [31mఆయోగ్    [0m [31mఉపాధ్యక్షుడు[0m [31mఅరవింద్  [0m [31mపనగారియాకు[0m ప్రధాని మోడీ చెప్పారని తెలిపారు
HYP: విభజన [31mచట్టంలో  [0m అంశాల అమలుపై సమీక్షించాలని [31mనీటి[0m [31mఏర్పాటుకు[0m [31mఉపాధ్యాయ    [0m [31mకార్యాలయం[0m [31mవరకూ      [0m ప్రధాని మోడీ చెప్పారని తెలిపారు
SENTENCE 1901
Correct          =  57.1%    8   (    14)
Errors           =  42.9%    6   (    14)
REF: అంటే చాలా [31mవరుకు[0m చెప్పాలంటే
HYP: అంటే చాలా [31mవరకు [0m చెప్పాలంటే
SENTENCE 1902
Correct          =  75.0%    3   (     4)
Errors           =  25.0%    1   (     4)
REF: [31m****[0m [31m*****[0m [31mమృతదేహాన్ని[0m [31mపరిశీలించిన[0m [31mరైతు       [0m [31mసంఘం           [0m [31mజిల్లా[0m [31mకార్యదర్శి[0m [31mవై  [0m
HYP: [31mహోదా[0m [31mమొదటి[0m [31mస్వార్థాలు [0m [31mప్రజలు     [0m [31mపరీక్షించిన[0m [31mనిష్టానమూర్తిలో[0m [31mఖర్చు [0m [31mచేసి      [0m [31mవాయి[0m
SENTENCE 1903
Correct          =   0.0%    0   (     7)
Errors           = 128.6%    9   (     7)
REF: అటువంటి వారికి [31mతాను[0m [31mభయపడే[0m [31mరకం          [0m [31mకాదని[0m [31mమరోసారి  [0m [31mతేల్చి  [0m చెప్పారు
HYP: అటువంటి వారికి [31m****[0m [31mతనకు [0m [31mఎప్పటికప్పుడు[0m [31mరకాల [0m [31mఅనుమానాలు[0m [31mసాగిస్తూ[0m చెప్పారు
SENTENCE 1904
Correct          =  33.3%    3   (     9)
Errors           =  66.7%    6   (     9)
REF: అవును
HYP: అవును
SENTENCE 1905
Correct          = 100.0%    1   (     1)
Errors           =   0.0%    0   (     1)
REF: అవును
HYP: అవును
SENTENCE 1906
Correct          = 100.0%    1   (     1)
Errors           =   0.0%    0   (     1)
REF: కానీ [31m******[0m [31mపూర్వ[0m [31mకాలంలో[0m అలా కాదు కదా వాళ్ళు
HYP: కానీ [31mపోరాడు[0m [31mకాదు [0m [31mఅలా   [0m అలా కాదు కదా వాళ్ళు
SENTENCE 1907
Correct          =  71.4%    5   (     7)
Errors           =  42.9%    3   (     7)
REF: తాము [31m**********[0m [31mవిద్యార్థులమని[0m చదువుకోవాలని అనుకుంటున్నామని మోడీ [31mచేయాల్సిన[0m [31mపని    [0m [31mచేస్తే[0m తాము [31mఅదే[0m [31mపని[0m [31mచేస్తామని       [0m ఆయన అన్నారు
HYP: తాము [31mవిద్యార్థి[0m [31mపనులు         [0m చదువుకోవాలని అనుకుంటున్నామని మోడీ [31mచాలా     [0m [31mసెప్టని[0m [31mచేసి  [0m తాము [31m***[0m [31m***[0m [31mఅలీపాదిచెస్తామని[0m ఆయన అన్నారు
SENTENCE 1908
Correct          =  50.0%    7   (    14)
Errors           =  57.1%    8   (    14)
REF: అలాంటివి [31mకూడా[0m చేస్తారా
HYP: అలాంటివి [31m****[0m చేస్తారా
SENTENCE 1909
Correct          =  66.7%    2   (     3)
Errors           =  33.3%    1   (     3)
REF: ప్రస్తుతానికి
HYP: ప్రస్తుతానికి
SENTENCE 1910
Correct          = 100.0%    1   (     1)
Errors           =   0.0%    0   (     1)
REF: ఎందుకంటే [31mఇప్పటికే[0m [31mవీళ్ళు[0m మన [31m***[0m [31m*****[0m [31m******[0m [31mనెత్తిమీదకు[0m [31mఎక్కేసారు[0m అని వ్యాఖ్యానించారు
HYP: ఎందుకంటే [31mఇప్పటికీ[0m [31mవీలు  [0m మన [31mనేత[0m [31mవేదిక[0m [31mయుద్ధం[0m [31mఇచ్చే      [0m [31mఅవుతారా  [0m అని వ్యాఖ్యానించారు
SENTENCE 1911
Correct          =  50.0%    4   (     8)
Errors           =  87.5%    7   (     8)
REF: అంటే [31mఇపుడు  [0m
HYP: అంటే [31mఇప్పుడు[0m
SENTENCE 1912
Correct          =  50.0%    1   (     2)
Errors           =  50.0%    1   (     2)
REF: [31m*********[0m [31mకాలర్  [0m [31mఐడీ  [0m [31mకుంభకోణాల్లో[0m [31mభాగంగా[0m గుర్తు [31mతెలియాలని[0m [31mనెంబర్ల[0m నుంచి [31mమీకు[0m [31mఫోన్       [0m [31mకాలర్స్ [0m వస్తున్నాయి
HYP: [31mకాలరాయిడి[0m [31mకుమకుంబ[0m [31mకున్న[0m [31mభవనాల       [0m [31mబాగా  [0m గుర్తు [31mతెలియాలనే[0m [31mఅంబారు [0m నుంచి [31m****[0m [31mమిగిలిపోవడం[0m [31mకోవాల్సి[0m వస్తున్నాయి
SENTENCE 1913
Correct          =  25.0%    3   (    12)
Errors           =  83.3%   10   (    12)
REF: [31mమీ[0m పేరు
HYP: [31mనీ[0m పేరు
SENTENCE 1914
Correct          =  50.0%    1   (     2)
Errors           =  50.0%    1   (     2)
REF: కదా
HYP: కదా
SENTENCE 1915
Correct          = 100.0%    1   (     1)
Errors           =   0.0%    0   (     1)
REF: మరో [31m***[0m [31mపదిమంది[0m మంత్రులు ఈ [31mనెలాఖరు  [0m [31mలోపలే    [0m [31mవిజయవాడకు[0m [31mమకాం[0m [31mమార్చనున్నారు [0m
HYP: మరో [31mపది[0m [31mమంది   [0m మంత్రులు ఈ [31mనెలకొల్పే[0m [31mవిజయవాడకు[0m [31mమొత్తం   [0m [31mఆ   [0m [31mమార్చుకున్నారు[0m
SENTENCE 1916
Correct          =  33.3%    3   (     9)
Errors           =  77.8%    7   (     9)
REF: [31m****[0m [31mకథలు[0m
HYP: [31mకాదు[0m [31mకదా [0m
SENTENCE 1917
Correct          =   0.0%    0   (     1)
Errors           = 200.0%    2   (     1)
REF: [31m***[0m [31mఅనుకుంటున్నాను[0m అలాగే
HYP: [31mఅని[0m [31mకొన్నా        [0m అలాగే
SENTENCE 1918
Correct          =  50.0%    1   (     2)
Errors           = 100.0%    2   (     2)
REF: [31mఎందుకలా[0m [31mబానిసలూ[0m అవుతున్నారు అంటే వాళ్ళకి డబ్బు లేకపోవడం [31mవల్లో[0m
HYP: [31mఎందుకనా[0m [31mమనిషిలో[0m అవుతున్నారు అంటే వాళ్ళకి డబ్బు లేకపోవడం [31mవల్ల [0m
SENTENCE 1919
Correct          =  62.5%    5   (     8)
Errors           =  37.5%    3   (     8)
REF: [31mభూపాల్[0m
HYP: [31mభూపాలి[0m
SENTENCE 1920
Correct          =   0.0%    0   (     1)
Errors           = 100.0%    1   (     1)
REF: అయితే అందుకు తగిన [31mకార్యాచరణ  [0m [31mఏమీ [0m [31mకనిపించ[0m లేదు
HYP: అయితే అందుకు తగిన [31mకార్యాచరణన్[0m [31mయేని[0m [31mకనీసం  [0m లేదు
SENTENCE 1921
Correct          =  57.1%    4   (     7)
Errors           =  42.9%    3   (     7)
REF: [31mధోనీ[0m నాయకత్వంలోని [31mయువ[0m [31mజట్టు[0m [31mతపనకు  [0m [31mకఠోర   [0m [31mపరిశ్రమకు[0m [31mనిబద్ధతకు[0m [31mకూడా  [0m [31mతార్కాణం[0m
HYP: [31mధోని[0m నాయకత్వంలోని [31m***[0m [31m*****[0m [31mయువతిని[0m [31mతొమ్మడి[0m [31mకుట్రలను [0m [31mపరిశ్రమ  [0m [31mకురియి[0m [31mబతకడం   [0m
SENTENCE 1922
Correct          =  10.0%    1   (    10)
Errors           =  90.0%    9   (    10)
REF: తీసుకోలేదు ఇప్పుడు
HYP: తీసుకోలేదు ఇప్పుడు
SENTENCE 1923
Correct          = 100.0%    2   (     2)
Errors           =   0.0%    0   (     2)
REF: ఇంకేంటి
HYP: ఇంకేంటి
SENTENCE 1924
Correct          = 100.0%    1   (     1)
Errors           =   0.0%    0   (     1)
REF: ముఖ్యమంత్రి చంద్రబాబుకు వ్యతిరేకంగా నినాదాలు
HYP: ముఖ్యమంత్రి చంద్రబాబుకు వ్యతిరేకంగా నినాదాలు
SENTENCE 1925
Correct          = 100.0%    4   (     4)
Errors           =   0.0%    0   (     4)
REF: రాస్తే
HYP: రాస్తే
SENTENCE 1926
Correct          = 100.0%    1   (     1)
Errors           =   0.0%    0   (     1)
REF: ఇక కేంద్రంలో రాష్ట్ర ప్రభుత్వ [31mప్రతినిధిగా [0m [31mఉమ్మారెడ్డి[0m [31mవెంకటేశ్వర్లుకు[0m పదవి దక్కే [31mఅవకాశాలున్నాయనే[0m ప్రచారం సాగుతోంది
HYP: ఇక కేంద్రంలో రాష్ట్ర ప్రభుత్వ [31mప్రత్యర్థిగా[0m [31mముమ్మరిటీ  [0m [31mవెంకటేశ్వరరావు [0m పదవి దక్కే [31mఅవకాశాలున్నాయని[0m ప్రచారం సాగుతోంది
SENTENCE 1927
Correct          =  66.7%    8   (    12)
Errors           =  33.3%    4   (    12)
REF: ఏం చెప్పారు
HYP: ఏం చెప్పారు
SENTENCE 1928
Correct          = 100.0%    2   (     2)
Errors           =   0.0%    0   (     2)
REF: వాళ్ళు [31mఅంతే[0m మరి అట్లాగే ఉన్నారు
HYP: వాళ్ళు [31mఅంటే[0m మరి అట్లాగే ఉన్నారు
SENTENCE 1929
Correct          =  80.0%    4   (     5)
Errors           =  20.0%    1   (     5)
REF: అవునా
HYP: అవునా
SENTENCE 1930
Correct          = 100.0%    1   (     1)
Errors           =   0.0%    0   (     1)
REF: తమ [31mఇంటి  [0m ముందు [31m***[0m [31mపదిలక్షల[0m [31mఎలా     [0m [31mవచ్చాయో[0m [31mతెలియదని[0m [31mఅన్నారు [0m
HYP: తమ [31mఇంటికీ[0m ముందు [31mపది[0m [31mలక్షల   [0m [31mదూపాయాలు[0m [31mఎలా    [0m [31mవచ్చాయని[0m [31mతెలిపారు[0m
SENTENCE 1931
Correct          =  25.0%    2   (     8)
Errors           =  87.5%    7   (     8)
REF: [31m**********[0m [31mభారత  [0m [31mదేశ   [0m [31mసార్వభౌమ్యాధికారంగా[0m [31mభంగం    [0m [31mవాటిల్లితే[0m [31mసమర్థంగా[0m [31mతిప్పికొడతామని [0m సైనికులు [31mనిరూపించానున్నారు[0m
HYP: [31mభారతదేశాలు[0m [31mబహుమతి[0m [31mకర్నూల[0m [31mభాగంగా             [0m [31mమాట్లాడే[0m [31mదెక్స్    [0m [31mసంబంధిం [0m [31mకల్పించకపోతామనే[0m సైనికులు [31mనిరూపించనున్నారు [0m
SENTENCE 1932
Correct          =  11.1%    1   (     9)
Errors           = 100.0%    9   (     9)
REF: ఎన్నికల రాజకీయాలు [31m*******[0m [31mతెలియనివారు[0m చాలా మంది [31mచిరంజీవి[0m [31mచుట్టూ[0m [31mఅప్పట్లో    [0m ఉన్నారు
HYP: ఎన్నికల రాజకీయాలు [31mతెలియని[0m [31mవారు       [0m చాలా మంది [31mచర్చించి[0m [31mచిట్టి[0m [31mప్రాప్టుల్లో[0m ఉన్నారు
SENTENCE 1933
Correct          =  55.6%    5   (     9)
Errors           =  55.6%    5   (     9)
REF: ఏం జరగలేదు
HYP: ఏం జరగలేదు
SENTENCE 1934
Correct          = 100.0%    2   (     2)
Errors           =   0.0%    0   (     2)
REF: అంటే [31mఅక్కడనే   [0m కాదు చాలా చోట్ల ఉంది కదా
HYP: అంటే [31mఅక్కర్లేని[0m కాదు చాలా చోట్ల ఉంది కదా
SENTENCE 1935
Correct          =  85.7%    6   (     7)
Errors           =  14.3%    1   (     7)
REF: అంటే నేను [31mవచ్చేసి[0m ఇప్పుడు నేను [31mచదువుతున్నది[0m [31mవచ్చేసి[0m
HYP: అంటే నేను [31mచేసి   [0m ఇప్పుడు నేను [31mచదవటం       [0m [31mచేసి   [0m
SENTENCE 1936
Correct          =  57.1%    4   (     7)
Errors           =  42.9%    3   (     7)
REF: అవునా
HYP: అవునా
SENTENCE 1937
Correct          = 100.0%    1   (     1)
Errors           =   0.0%    0   (     1)
REF: మరోవైపు రెండు రోజుల క్రితమే సారిక ఇంటికి [31mవచ్చినట్లు  [0m తెలుస్తోంది
HYP: మరోవైపు రెండు రోజుల క్రితమే సారిక ఇంటికి [31mవచ్చినప్పుడు[0m తెలుస్తోంది
SENTENCE 1938
Correct          =  87.5%    7   (     8)
Errors           =  12.5%    1   (     8)
REF: అవి కూడా
HYP: అవి కూడా
SENTENCE 1939
Correct          = 100.0%    2   (     2)
Errors           =   0.0%    0   (     2)
REF: అప్పుడు [31mబావుంటాయ్[0m
HYP: అప్పుడు [31mబాగుంటాయి[0m
SENTENCE 1940
Correct          =  50.0%    1   (     2)
Errors           =  50.0%    1   (     2)
REF: అదే
HYP: అదే
SENTENCE 1941
Correct          = 100.0%    1   (     1)
Errors           =   0.0%    0   (     1)
REF: దేవుడి పేరు మీద [31mబాలించి  [0m
HYP: దేవుడి పేరు మీద [31mపెరిగించి[0m
SENTENCE 1942
Correct          =  75.0%    3   (     4)
Errors           =  25.0%    1   (     4)
REF: అవును
HYP: అవును
SENTENCE 1943
Correct          = 100.0%    1   (     1)
Errors           =   0.0%    0   (     1)
REF: [31mఇంకా[0m [31mమేము [0m [31mఉన్న  [0m [31mలేకపోయినా[0m [31mఒకటే     [0m
HYP: [31mఇంక [0m [31mమున్న[0m [31mవాళ్ళు[0m [31mఉన్నారా  [0m [31mపొంగకుండి[0m
SENTENCE 1944
Correct          =   0.0%    0   (     5)
Errors           = 100.0%    5   (     5)
REF: [31mచంద్రశేఖరరావు[0m [31mఓ   [0m [31mనియంత   [0m [31mఅని [0m [31mకాంగ్రెస్[0m [31mసీనియర్[0m [31mనేత [0m [31mఎంపీ[0m [31mవి  [0m
HYP: [31mచంద్రశేఖర    [0m [31mరావు[0m [31mఓదేన్నర్[0m [31mతాను[0m [31mకేంద్రం  [0m [31mసినీ   [0m [31mనటతా[0m [31mఏమి [0m [31mపీడీ[0m
SENTENCE 1945
Correct          =   0.0%    0   (     9)
Errors           = 100.0%    9   (     9)
REF: ఈ ఘటనపై ఎవరికైనా చెబితే [31mచంపేస్తామని[0m బెదిరించి [31m*[0m [31m******[0m [31mపరారయ్యారు[0m
HYP: ఈ ఘటనపై ఎవరికైనా చెబితే [31mచంపేస్తానని[0m బెదిరించి [31mఆ[0m [31mతర్వాత[0m [31mఅయ్యారు   [0m
SENTENCE 1946
Correct          =  71.4%    5   (     7)
Errors           =  57.1%    4   (     7)
REF: అవునా
HYP: అవునా
SENTENCE 1947
Correct          = 100.0%    1   (     1)
Errors           =   0.0%    0   (     1)
REF: తాజాగా తూర్పు గోదావరి జిల్లా [31m*********[0m [31mరామచంద్రాపురంలో [0m మరో దొంగతనంచేసి చిక్కాడు
HYP: తాజాగా తూర్పు గోదావరి జిల్లా [31mరామచంద్రా[0m [31mప్రపంచవ్యాప్రంలో[0m మరో దొంగతనంచేసి చిక్కాడు
SENTENCE 1948
Correct          =  87.5%    7   (     8)
Errors           =  25.0%    2   (     8)
REF: ఇంకా
HYP: ఇంకా
SENTENCE 1949
Correct          = 100.0%    1   (     1)
Errors           =   0.0%    0   (     1)
REF: ఓటుకు నోటు వ్యవహారంలో [31mకథ[0m [31mస్క్రీన్[0m [31mప్లే     [0m దర్శకత్వం [31mచంద్రబాబుదే  [0m అన్నారు
HYP: ఓటుకు నోటు వ్యవహారంలో [31m**[0m [31mకాదా    [0m [31mస్పందింపు[0m దర్శకత్వం [31mచంద్రబాబుదయ్య[0m అన్నారు
SENTENCE 1950
Correct          =  55.6%    5   (     9)
Errors           =  44.4%    4   (     9)
REF: [31mవాళ్ళకి[0m [31mఇష్టం      [0m [31mవచ్చిన[0m [31mరీతిలో [0m మారిపోతున్నారు
HYP: [31mనాలుగు [0m [31mనెస్తున్నాం[0m [31mచిన్న [0m [31mపిల్లలు[0m మారిపోతున్నారు
SENTENCE 1951
Correct          =  20.0%    1   (     5)
Errors           =  80.0%    4   (     5)
REF: ఇంకా ఆయన గురించి [31mమీకేం[0m తెలుసు
HYP: ఇంకా ఆయన గురించి [31mనీకేం[0m తెలుసు
SENTENCE 1952
Correct          =  80.0%    4   (     5)
Errors           =  20.0%    1   (     5)
REF: అవును
HYP: అవును
SENTENCE 1953
Correct          = 100.0%    1   (     1)
Errors           =   0.0%    0   (     1)
REF: చాలా [31m*********[0m [31mసరదాగా[0m [31mఉండేది[0m
HYP: చాలా [31mసందర్బంలో[0m [31mఉంది  [0m [31mఅది   [0m
SENTENCE 1954
Correct          =  33.3%    1   (     3)
Errors           = 100.0%    3   (     3)
REF: ఇంకా
HYP: ఇంకా
SENTENCE 1955
Correct          = 100.0%    1   (     1)
Errors           =   0.0%    0   (     1)
REF: నేనే [31m****[0m [31mనేనయితే[0m చేస్తాను
HYP: నేనే [31mనేను[0m [31mఅయితే  [0m చేస్తాను
SENTENCE 1956
Correct          =  66.7%    2   (     3)
Errors           =  66.7%    2   (     3)
REF: అయితే ఈ చట్టం [31mఎప్పటికి[0m నుంచి [31mమామూలు[0m [31mచేస్తాం[0m [31mఅనేది     [0m ప్రభుత్వం [31mకచ్చితంగా[0m చెప్పలేదు
HYP: అయితే ఈ చట్టం [31mఎప్పటికీ[0m నుంచి [31m******[0m [31mభావించే[0m [31mస్థానాన్ని[0m ప్రభుత్వం [31mకఠినంగా  [0m చెప్పలేదు
SENTENCE 1957
Correct          =  54.5%    6   (    11)
Errors           =  45.5%    5   (    11)
REF: [31m********[0m [31mమధ్యతరగతి[0m వర్గాలు ఈ [31mధర   [0m కొంత [31m********[0m [31mభారమేనని[0m చెప్పారు
HYP: [31mమధ్యాహ్న[0m [31mవ్యతిరేక [0m వర్గాలు ఈ [31mదారుల[0m కొంత [31mభారాన్ని[0m [31mనేనని   [0m చెప్పారు
SENTENCE 1958
Correct          =  57.1%    4   (     7)
Errors           =  71.4%    5   (     7)
REF: [31m****[0m [31mనీకెలా[0m [31mతెలిసింది  [0m [31mఇదంతా[0m
HYP: [31mనీకు[0m [31mఎలా   [0m [31mతెలుస్తుంది[0m [31mదాని [0m
SENTENCE 1959
Correct          =   0.0%    0   (     3)
Errors           = 133.3%    4   (     3)
REF: చాలా
HYP: చాలా
SENTENCE 1960
Correct          = 100.0%    1   (     1)
Errors           =   0.0%    0   (     1)
REF: సరే
HYP: సరే
SENTENCE 1961
Correct          = 100.0%    1   (     1)
Errors           =   0.0%    0   (     1)
REF: బాగుంటుంది
HYP: బాగుంటుంది
SENTENCE 1962
Correct          = 100.0%    1   (     1)
Errors           =   0.0%    0   (     1)
REF: [31mఅర్థం [0m [31mచేసుకుంటరు [0m గాని [31m***[0m [31m*******[0m [31m*****[0m [31mఅర్థం[0m [31mచేసుకునేలా[0m [31mచెప్పాలి    [0m [31mమనం [0m
HYP: [31mఅబ్దాం[0m [31mచేసుకుంటారు[0m గాని [31mఅది[0m [31mఅప్పుడు[0m [31mనుంచి[0m [31mవీరు [0m [31mకొన్ని    [0m [31mకోల్చేప్పులు[0m [31mమనము[0m
SENTENCE 1963
Correct          =  14.3%    1   (     7)
Errors           = 128.6%    9   (     7)
REF: [31m*****[0m [31m*****[0m [31m****[0m [31mజగ్గారెడ్డికి[0m [31mతెలంగాణ[0m ప్రదేశ్ [31mకాంగ్రెస్[0m కమిటీ అధ్యక్షులు [31mఉత్తమ్[0m [31mకండువా[0m [31mకప్పి[0m [31mపార్టీలోకి[0m [31mఆహ్వానించారు[0m
HYP: [31mనిధుల[0m [31mరెండు[0m [31mనెలల[0m [31mక్రితం       [0m [31mనాలుగు [0m ప్రదేశ్ [31mకాంగ్రెసు[0m కమిటీ అధ్యక్షులు [31m******[0m [31m******[0m [31mతమ   [0m [31mకబుర్లు   [0m [31mసహకరించారు  [0m
SENTENCE 1964
Correct          =  27.3%    3   (    11)
Errors           = 100.0%   11   (    11)
REF: అవును
HYP: అవును
SENTENCE 1965
Correct          = 100.0%    1   (     1)
Errors           =   0.0%    0   (     1)
REF: ప్రకాశం జిల్లా అధికారుల నుంచి వారిని వదిలేయమని [31mఒత్తిళ్లు[0m వచ్చాయి
HYP: ప్రకాశం జిల్లా అధికారుల నుంచి వారిని వదిలేయమని [31mవదిలి    [0m వచ్చాయి
SENTENCE 1966
Correct          =  87.5%    7   (     8)
Errors           =  12.5%    1   (     8)
REF: అవునా
HYP: అవునా
SENTENCE 1967
Correct          = 100.0%    1   (     1)
Errors           =   0.0%    0   (     1)
REF: రెండు రోజుల క్రితం [31mకర్నూలు[0m [31mవెళ్లిన[0m [31mమహిళను [0m [31mఇద్దరు[0m [31mవ్యక్తులు[0m అడ్డుకుని అత్యాచారానికి పాల్పడ్డారు
HYP: రెండు రోజుల క్రితం [31m*******[0m [31mగనుల   [0m [31mవిలువైన[0m [31mవైద్య [0m [31mరెడ్డితో [0m అడ్డుకుని అత్యాచారానికి పాల్పడ్డారు
SENTENCE 1968
Correct          =  54.5%    6   (    11)
Errors           =  45.5%    5   (    11)
REF: [31mకళలు[0m
HYP: [31mకలలు[0m
SENTENCE 1969
Correct          =   0.0%    0   (     1)
Errors           = 100.0%    1   (     1)
REF: మనం చాలా [31mవరకూ[0m [31mచెయ్యొచ్చు[0m
HYP: మనం చాలా [31mవరకు[0m [31mచేయించి   [0m
SENTENCE 1970
Correct          =  50.0%    2   (     4)
Errors           =  50.0%    2   (     4)
REF: పైగా రైతులను [31m****[0m [31mచీడపురుగుల్లు[0m చూస్తున్నారని [31mసమస్యలు[0m [31mచెబితే[0m [31mఈసడించుకుంటునట్లు     [0m [31mఅని[0m [31mఆవేదన  [0m వ్యక్తం చేస్తూ బయటకు వెళ్లిపోయారు
HYP: పైగా రైతులను [31mచీలు[0m [31mపొల్లువులు   [0m చూస్తున్నారని [31mఈ      [0m [31mసమస్య [0m [31mనిశ్చయించుకుంటున్నట్లు[0m [31mఅనే[0m [31mహామీలను[0m వ్యక్తం చేస్తూ బయటకు వెళ్లిపోయారు
SENTENCE 1971
Correct          =  53.8%    7   (    13)
Errors           =  53.8%    7   (    13)
REF: ఈ [31m***[0m [31mనేపథ్యంలో[0m [31mకెసిఆర్[0m [31mకూడా [0m [31mవిజయవాడకు[0m [31mవెళ్లి[0m [31mఆయనకు[0m [31mఆహ్వానం[0m [31mపలకాలని[0m [31mనిర్ణయించుకున్నారు[0m
HYP: ఈ [31mలేప[0m [31mజల్లు    [0m [31mచేసే   [0m [31mకుట్ర[0m [31mవిజయవాడ  [0m [31mకేల్  [0m [31mఆయనను[0m [31mఒక     [0m [31mపదకొండు[0m [31mనిమిషాల           [0m
SENTENCE 1972
Correct          =  10.0%    1   (    10)
Errors           = 100.0%   10   (    10)
REF: ఇంకేంటి
HYP: ఇంకేంటి
SENTENCE 1973
Correct          = 100.0%    1   (     1)
Errors           =   0.0%    0   (     1)
REF: మీరు
HYP: మీరు
SENTENCE 1974
Correct          = 100.0%    1   (     1)
Errors           =   0.0%    0   (     1)
REF: [31mఇద్దరి[0m [31mగురించి[0m మనం [31mకా     [0m [31mఖచ్చితంగా[0m [31mచెప్పుకోవాలి [0m
HYP: [31mఇద్దరు[0m [31mనుంచి  [0m మనం [31mకాకినాడ[0m [31mకచ్చితంగా[0m [31mచూపించుకోవాలి[0m
SENTENCE 1975
Correct          =  16.7%    1   (     6)
Errors           =  83.3%    5   (     6)
REF: అవునా
HYP: అవునా
SENTENCE 1976
Correct          = 100.0%    1   (     1)
Errors           =   0.0%    0   (     1)
REF: న్యాయ విచారణకు [31m*******[0m [31mఆదేశించి[0m [31mచాలా [0m [31mరోజులు[0m [31mఅయిన    [0m [31mనేపథ్యంలో[0m [31mఅధికారుల       [0m ఉత్తర్వులు జారీ [31mచేయాల్సి[0m ఉంది
HYP: న్యాయ విచారణకు [31mఆదేశాలు[0m [31mజారు    [0m [31mచేసిన[0m [31mచాలా  [0m [31mరోజులుగా[0m [31mఎన్నో    [0m [31mనియోజకవర్గాల్లో[0m ఉత్తర్వులు జారీ [31mచేసి    [0m ఉంది
SENTENCE 1977
Correct          =  41.7%    5   (    12)
Errors           =  66.7%    8   (    12)
REF: కార్యక్రమంలో [31mరైతు  [0m సంఘం రాష్ట్రం పాల్గొన్నారు
HYP: కార్యక్రమంలో [31mరైతులు[0m సంఘం రాష్ట్రం పాల్గొన్నారు
SENTENCE 1978
Correct          =  80.0%    4   (     5)
Errors           =  20.0%    1   (     5)
REF: అవునా
HYP: అవునా
SENTENCE 1979
Correct          = 100.0%    1   (     1)
Errors           =   0.0%    0   (     1)
REF: [31mమళ్ళీ[0m [31mమొత్తానికి[0m మొత్తం [31mమళ్ళీ[0m [31mఈరా[0m
HYP: [31mమల్లి[0m [31mమతానికి   [0m మొత్తం [31mమల్లి[0m [31mఇలా[0m
SENTENCE 1980
Correct          =  20.0%    1   (     5)
Errors           =  80.0%    4   (     5)
REF: అవును
HYP: అవును
SENTENCE 1981
Correct          = 100.0%    1   (     1)
Errors           =   0.0%    0   (     1)
REF: ఆ అవును [31mపొట్టిగా[0m ఉంటుంది [31mతనే[0m కదా
HYP: ఆ అవును [31mపుట్టిగా[0m ఉంటుంది [31mతన [0m కదా
SENTENCE 1982
Correct          =  66.7%    4   (     6)
Errors           =  33.3%    2   (     6)
REF: ఆంధ్రప్రదేశ్ ముఖ్యమంత్రి నారా చంద్రబాబు నాయుడు సోమవారం ఈ విషయాన్ని ప్రకటించారు
HYP: ఆంధ్రప్రదేశ్ ముఖ్యమంత్రి నారా చంద్రబాబు నాయుడు సోమవారం ఈ విషయాన్ని ప్రకటించారు
SENTENCE 1983
Correct          = 100.0%    9   (     9)
Errors           =   0.0%    0   (     9)
REF: [31mరెండోది[0m [31mఏటంటే   [0m ఈ [31mగుళ్ళ [0m దగ్గర కూడా
HYP: [31m*******[0m [31mఎండాలంటే[0m ఈ [31mకొన్ని[0m దగ్గర కూడా
SENTENCE 1984
Correct          =  50.0%    3   (     6)
Errors           =  50.0%    3   (     6)
REF: [31mఆయన  [0m [31mఇచ్చిన [0m [31mవచ్చిన  [0m [31mసూచనలతో  [0m మంగళవారం [31mనురచి[0m [31mఆర్ధిక[0m [31mశాఖ [0m అధికారులు [31mతుది[0m [31mమార్పులపై[0m [31mకసరత్తు  [0m ప్రారంభించారు
HYP: [31mఅయినా[0m [31mచికిత్స[0m [31mనిమిత్రం[0m [31mసమాచారంతో[0m మంగళవారం [31mనుంచి[0m [31mహత్యకు[0m [31mసాగే[0m అధికారులు [31m****[0m [31mదూర్ణ    [0m [31mప్రకర్షకత[0m ప్రారంభించారు
SENTENCE 1985
Correct          =  23.1%    3   (    13)
Errors           =  76.9%   10   (    13)
REF: మొత్తం అక్కడ చేసి మొత్తం [31mగుళ్లో[0m కూడా చాలా [31mరద్దీ[0m [31mగా     [0m [31mఉంటుంది[0m
HYP: మొత్తం అక్కడ చేసి మొత్తం [31mముందు [0m కూడా చాలా [31m*****[0m [31mఅద్దంగా[0m [31mఉండాలి [0m
SENTENCE 1986
Correct          =  60.0%    6   (    10)
Errors           =  40.0%    4   (    10)
REF: ఆమె [31mఅందాలు[0m [31mబయటపడేసరికి[0m [31mప్రేక్షకులు[0m [31mనోరెళ్ల    [0m [31mబెట్టే    [0m పరిస్థితి
HYP: ఆమె [31mఅంతాలు[0m [31mపడిపోవడం   [0m [31mసరికి      [0m [31mప్రేక్షకులు[0m [31mమోర్గబట్టే[0m పరిస్థితి
SENTENCE 1987
Correct          =  28.6%    2   (     7)
Errors           =  71.4%    5   (     7)
REF: [31m*********[0m [31mచంపావతి [0m [31mనదిలో [0m [31mఈతకు[0m [31mవెళ్లిన[0m [31mనలుగురు[0m విద్యార్థులు మృతి చెందారు
HYP: [31mచంద్రబాబు[0m [31mనాయుడితో[0m [31mవీరికి[0m [31mతగు [0m [31mవేతనం  [0m [31mనగదు   [0m విద్యార్థులు మృతి చెందారు
SENTENCE 1988
Correct          =  37.5%    3   (     8)
Errors           =  75.0%    6   (     8)
REF: ఈ నేపథ్యంలో [31mసాంస్కృతిక[0m శాఖ [31m*****[0m [31mసంచాలకులు[0m [31mమామిడి[0m హరికృష్ణకు [31m*[0m [31m******[0m [31m******[0m [31mఆ    [0m [31mబాధ్యతలను[0m [31mఅప్పగించారు[0m
HYP: ఈ నేపథ్యంలో [31mసంస్కృతిక [0m శాఖ [31mసంచలన[0m [31mఅమ్మమ్మ  [0m [31mఅని   [0m హరికృష్ణకు [31mఈ[0m [31mబాధ్యత[0m [31mఅక్కడి[0m [31mనుంచే[0m [31mఅవకాశం   [0m [31mఇచ్చారు    [0m
SENTENCE 1989
Correct          =  40.0%    4   (    10)
Errors           = 100.0%   10   (    10)
REF: [31mయూట్యూబ్[0m [31mలో[0m [31mఈ     [0m [31mవీడియోలను[0m లక్షలాది మంది [31mవీక్షించడం [0m విశేషం
HYP: [31mయువతకు  [0m [31mఏ [0m [31mవిధమైన[0m [31mలక్ష     [0m లక్షలాది మంది [31mవిక్రయించడం[0m విశేషం
SENTENCE 1990
Correct          =  37.5%    3   (     8)
Errors           =  62.5%    5   (     8)
REF: అవును
HYP: అవును
SENTENCE 1991
Correct          = 100.0%    1   (     1)
Errors           =   0.0%    0   (     1)
REF: అయితే [31mఅంతమేర [0m [31mనష్ట  [0m [31mపరిహారాన్ని[0m చెల్లించేందుకు కేంద్రం [31mసుముఖత [0m వ్యక్తం చేసింది
HYP: అయితే [31mఅంతమేరం[0m [31mసుష్టం[0m [31mపరికరాను   [0m చెల్లించేందుకు కేంద్రం [31mసముద్రం[0m వ్యక్తం చేసింది
SENTENCE 1992
Correct          =  55.6%    5   (     9)
Errors           =  44.4%    4   (     9)
REF: [31mకదా[0m మీరు [31mమీ[0m మీ [31mపే [0m [31mఇప్పుడు [0m
HYP: [31mకద [0m మీరు [31m**[0m మీ [31mప్ర[0m [31mయుక్తులు[0m
SENTENCE 1993
Correct          =  33.3%    2   (     6)
Errors           =  66.7%    4   (     6)
REF: అవును
HYP: అవును
SENTENCE 1994
Correct          = 100.0%    1   (     1)
Errors           =   0.0%    0   (     1)
REF: [31mఅందులోనే[0m [31mతరగతి  [0m [31mఅక్కడి  [0m [31mతెలుగు      [0m [31mవిభాగం  [0m
HYP: [31mఅందులోని[0m [31mతర్వాతే[0m [31mఅక్కడికి[0m [31mఅక్కడికెళ్లు[0m [31mవిన్లాగం[0m
SENTENCE 1995
Correct          =   0.0%    0   (     5)
Errors           = 100.0%    5   (     5)
REF: [31mమరీ[0m [31mమీ [0m [31mఅన్నయ్య[0m [31mఏమి[0m చెప్పలేదా
HYP: [31m***[0m [31mమరి[0m [31mఆమె    [0m [31mఅని[0m చెప్పలేదా
SENTENCE 1996
Correct          =  20.0%    1   (     5)
Errors           =  80.0%    4   (     5)
REF: ఇంకేముంది
HYP: ఇంకేముంది
SENTENCE 1997
Correct          = 100.0%    1   (     1)
Errors           =   0.0%    0   (     1)
REF: [31mతెలియక[0m నాకు
HYP: [31mతెలీదా[0m నాకు
SENTENCE 1998
Correct          =  50.0%    1   (     2)
Errors           =  50.0%    1   (     2)
REF: శంకర్ తో [31mపెళ్లి[0m [31mఅయింది   [0m అప్పటికి [31mరూప [0m
HYP: శంకర్ తో [31m******[0m [31mపెళ్ళైంది[0m అప్పటికి [31mరూపా[0m
SENTENCE 1999
Correct          =  50.0%    3   (     6)
Errors           =  50.0%    3   (     6)
REF: వెయ్యి నోట్లు [31mఅయిదు[0m [31mవందల         [0m [31mనోట్లు[0m [31mరద్దు[0m [31mచేశాడు       [0m
HYP: వెయ్యి నోట్లు [31m*****[0m [31mహైదరాబాదులోని[0m [31mరాజధా [0m [31mచేసే [0m [31mప్రయత్నించాడు[0m
SENTENCE 2000
Correct          =  28.6%    2   (     7)
Errors           =  71.4%    5   (     7)
REF: [31m****[0m [31mమనకీ[0m [31mఓపికా    [0m [31mసహనం[0m [31mతోటీ  [0m [31mఇతరులతో[0m [31mమెలగడం[0m
HYP: [31mమనకి[0m [31mఓపిక[0m [31mసామాన్లతో[0m [31mఅంటే[0m [31mఏదన్నా[0m [31mతను    [0m [31mమేకటమా[0m
SENTENCE 2001
Correct          =   0.0%    0   (     6)
Errors           = 116.7%    7   (     6)
REF: ఇంకా
HYP: ఇంకా
SENTENCE 2002
Correct          = 100.0%    1   (     1)
Errors           =   0.0%    0   (     1)
REF: ఈ విషయానికి వస్తే చాలా మంది రాజకీయ నాయకుల కన్నా [31mఎన్టీ  [0m [31mరామారావు[0m [31mఏదో [0m [31mమేరకు[0m [31mప్రజలు     [0m ప్రజల [31mమేలు  [0m గురించి ఆలోచన ఎక్కువగా [31mచేసినవారే[0m
HYP: ఈ విషయానికి వస్తే చాలా మంది రాజకీయ నాయకుల కన్నా [31mఎనిమిదో[0m [31mమమ      [0m [31mరావు[0m [31mఏదో  [0m [31mమెరుగుపర్చే[0m ప్రజల [31mమెల్లు[0m గురించి ఆలోచన ఎక్కువగా [31mచేసినవారి[0m
SENTENCE 2003
Correct          =  63.2%   12   (    19)
Errors           =  36.8%    7   (    19)
REF: ఆ తెలుసు
HYP: ఆ తెలుసు
SENTENCE 2004
Correct          = 100.0%    2   (     2)
Errors           =   0.0%    0   (     2)
REF: ఉపయోగం లేకుండా పోయింది
HYP: ఉపయోగం లేకుండా పోయింది
SENTENCE 2005
Correct          = 100.0%    3   (     3)
Errors           =   0.0%    0   (     3)
REF: అలాగే
HYP: అలాగే
SENTENCE 2006
Correct          = 100.0%    1   (     1)
Errors           =   0.0%    0   (     1)
REF: ఇంకా వచ్చి
HYP: ఇంకా వచ్చి
SENTENCE 2007
Correct          = 100.0%    2   (     2)
Errors           =   0.0%    0   (     2)
REF: [31mతెలిదు[0m [31mఅండి   [0m [31mమనకు[0m [31mవాళ్ల[0m [31mఅర్హత[0m ఎంత [31mవరుకు[0m [31mఉంది[0m [31mఅనేది  [0m సామాన్య ప్రజలు [31mతెలుసుకున్న[0m
HYP: [31m******[0m [31mతెలియడం[0m [31mమాకు[0m [31mవాళ్ళ[0m [31mఅరపై [0m ఎంత [31m*****[0m [31mవరకు[0m [31mఉందనేది[0m సామాన్య ప్రజలు [31mతెలుసుకొని [0m
SENTENCE 2008
Correct          =  25.0%    3   (    12)
Errors           =  75.0%    9   (    12)
REF: చాలా బాగా వచ్చింది
HYP: చాలా బాగా వచ్చింది
SENTENCE 2009
Correct          = 100.0%    3   (     3)
Errors           =   0.0%    0   (     3)
REF: విషయం తెలిసిన [31mఅమెరికా[0m [31mఅధ్యక్షుడు[0m [31mబరాక్[0m [31mఒబామా    [0m [31mఈ       [0m [31mఅబ్బాయిని[0m [31mఅభినందిస్తూ[0m [31mలేఖ[0m [31mరాశాడు         [0m
HYP: విషయం తెలిసిన [31m*******[0m [31m**********[0m [31m*****[0m [31mఅంతరాత్రి[0m [31mశోభారాణ్[0m [31mకడప      [0m [31mమరణించారని [0m [31mఆయన[0m [31mప్రదర్శిస్తోంది[0m
SENTENCE 2010
Correct          =  18.2%    2   (    11)
Errors           =  81.8%    9   (    11)
REF: తెలంగాణ రాష్ట్ర వ్యాప్తంగా ఆదివారం దాదాపు పదమూడు మంది రైతులు [31mమరణించారు[0m
HYP: తెలంగాణ రాష్ట్ర వ్యాప్తంగా ఆదివారం దాదాపు పదమూడు మంది రైతులు [31mమార్చారు [0m
SENTENCE 2011
Correct          =  88.9%    8   (     9)
Errors           =  11.1%    1   (     9)
REF: చాలా [31mబాధగా[0m ఉంది [31m**[0m [31m**[0m నా [31m*****[0m [31m****[0m [31mప్రాణం  [0m [31mఏక్కడో[0m [31mఇక్కడే    [0m [31mవదిలేసినట్టుంది[0m
HYP: చాలా [31mబాగా [0m ఉంది [31mమన[0m [31mమా[0m నా [31mఅక్కడ[0m [31mనేను[0m [31mఎక్కడికి[0m [31mవెళ్తే[0m [31mవిరుద్ధంగా[0m [31mఅంటుంది        [0m
SENTENCE 2012
Correct          =  37.5%    3   (     8)
Errors           = 112.5%    9   (     8)
REF: [31m***[0m చేయడం వల్ల మనకి
HYP: [31mదాం[0m చేయడం వల్ల మనకి
SENTENCE 2013
Correct          = 100.0%    3   (     3)
Errors           =  33.3%    1   (     3)
REF: [31mఆనంద్[0m [31mనగర్[0m
HYP: [31mఅవునా[0m [31mనీరు[0m
SENTENCE 2014
Correct          =   0.0%    0   (     2)
Errors           = 100.0%    2   (     2)
REF: తర్వాత
HYP: తర్వాత
SENTENCE 2015
Correct          = 100.0%    1   (     1)
Errors           =   0.0%    0   (     1)
REF: [31m***[0m [31mఇదే[0m [31mపని[0m [31mఅయిపోతది  [0m
HYP: [31mఇది[0m [31mఏ  [0m [31mపనై[0m [31mఅయిపోతుంది[0m
SENTENCE 2016
Correct          =   0.0%    0   (     3)
Errors           = 133.3%    4   (     3)
REF: అవునవును
HYP: అవునవును
SENTENCE 2017
Correct          = 100.0%    1   (     1)
Errors           =   0.0%    0   (     1)
REF: ఇంకా
HYP: ఇంకా
SENTENCE 2018
Correct          = 100.0%    1   (     1)
Errors           =   0.0%    0   (     1)
REF: [31m****[0m [31mఇద్దరు[0m [31mపిల్లలు[0m
HYP: [31mఇంటి[0m [31mదెగ్గర[0m [31mజరగదు  [0m
SENTENCE 2019
Correct          =   0.0%    0   (     2)
Errors           = 150.0%    3   (     2)
REF: అందరికి [31mచెప్పాడు[0m
HYP: అందరికి [31mచెప్పారు[0m
SENTENCE 2020
Correct          =  50.0%    1   (     2)
Errors           =  50.0%    1   (     2)
REF: శుక్రవారం ఏర్పాటు చేసిన విలేకరుల సమావేశంలో నిందితులను [31mప్రవేశ[0m [31mపెట్టారు      [0m
HYP: శుక్రవారం ఏర్పాటు చేసిన విలేకరుల సమావేశంలో నిందితులను [31m******[0m [31mప్రవేశపెట్టారు[0m
SENTENCE 2021
Correct          =  75.0%    6   (     8)
Errors           =  25.0%    2   (     8)
REF: భోజనం చేసారా అని [31mఅడిగారు[0m [31mఅందరినిని[0m
HYP: భోజనం చేసారా అని [31mఅడిగేది[0m [31mఅందర్నీ  [0m
SENTENCE 2022
Correct          =  60.0%    3   (     5)
Errors           =  40.0%    2   (     5)
REF: అధికారంలో ఉన్నా లేకున్నా తమ [31mమాటే  [0m తమ మాటే నెల్లూరులో చెల్లుతుందన్నారు
HYP: అధికారంలో ఉన్నా లేకున్నా తమ [31mమాటేనే[0m తమ మాటే నెల్లూరులో చెల్లుతుందన్నారు
SENTENCE 2023
Correct          =  88.9%    8   (     9)
Errors           =  11.1%    1   (     9)
REF: చెప్పండి
HYP: చెప్పండి
SENTENCE 2024
Correct          = 100.0%    1   (     1)
Errors           =   0.0%    0   (     1)
REF: అంటే
HYP: అంటే
SENTENCE 2025
Correct          = 100.0%    1   (     1)
Errors           =   0.0%    0   (     1)
REF: ఈ మనం
HYP: ఈ మనం
SENTENCE 2026
Correct          = 100.0%    2   (     2)
Errors           =   0.0%    0   (     2)
REF: అని చెప్పి ఇంకా
HYP: అని చెప్పి ఇంకా
SENTENCE 2027
Correct          = 100.0%    3   (     3)
Errors           =   0.0%    0   (     3)
REF: [31mబతికే   [0m [31mవున్నారు[0m
HYP: [31mప్రత్యేక[0m [31mఉన్నారు [0m
SENTENCE 2028
Correct          =   0.0%    0   (     2)
Errors           = 100.0%    2   (     2)
REF: [31mబాగుందమ్మా[0m [31mఅలాగే[0m [31mఉంచు   [0m
HYP: [31mబాగుందా   [0m [31mమళ్ళీ[0m [31mగురించో[0m
SENTENCE 2029
Correct          =   0.0%    0   (     3)
Errors           = 100.0%    3   (     3)
REF: [31mబావున్నాను[0m [31mమీరెలా[0m [31mవున్నారు[0m
HYP: [31mబాగున్నాను[0m [31mమీరే  [0m [31mఅన్నారు [0m
SENTENCE 2030
Correct          =   0.0%    0   (     3)
Errors           = 100.0%    3   (     3)
REF: భారీ వర్షాలకు తమిళనాడులో [31mగల్లంతయ్యారు[0m
HYP: భారీ వర్షాలకు తమిళనాడులో [31mగల్లంతయ్యారో[0m
SENTENCE 2031
Correct          =  75.0%    3   (     4)
Errors           =  25.0%    1   (     4)
REF: వారి సలహాల మేరకు వారి సూచనల మేరకు వారి [31mపర్యవేక్షణలో[0m ప్రస్తుతం [31m*[0m [31mఆస్పత్రిలో[0m చికిత్స తీసుకుంటున్నట్లు పేర్కొన్నారు
HYP: వారి సలహాల మేరకు వారి సూచనల మేరకు వారి [31mపర్యటనల     [0m ప్రస్తుతం [31mఆ[0m [31mపత్రికలో  [0m చికిత్స తీసుకుంటున్నట్లు పేర్కొన్నారు
SENTENCE 2032
Correct          =  84.6%   11   (    13)
Errors           =  23.1%    3   (    13)
REF: [31mల[0m [31mపొడవున్న[0m [31mఎలుకలు      [0m ఎక్కువగా [31mసంచరిస్తున్నాయని [0m చెబుతున్నారు
HYP: [31m*[0m [31mలాభపడ్  [0m [31mనెలకొల్పాలని[0m ఎక్కువగా [31mస్పందిస్తున్నాయని[0m చెబుతున్నారు
SENTENCE 2033
Correct          =  33.3%    2   (     6)
Errors           =  66.7%    4   (     6)
REF: [31m*******[0m [31mఎప్పుడూ[0m [31mవినలేదు[0m చూడలేదు [31mక్రాంతి[0m
HYP: [31mఎప్పుడు[0m [31mవినడే  [0m [31mలేదు   [0m చూడలేదు [31mకానీ   [0m
SENTENCE 2034
Correct          =  25.0%    1   (     4)
Errors           = 100.0%    4   (     4)
REF: రెండిటికి [31mవేరేవేరే[0m [31mఉండటం [0m [31mవల్ల [0m మనకి
HYP: రెండిటికి [31mవేరే    [0m [31mవిధంగా[0m [31mవాళ్ళ[0m మనకి
SENTENCE 2035
Correct          =  40.0%    2   (     5)
Errors           =  60.0%    3   (     5)
REF: [31mఅమెకాలో  [0m [31mఉద్యోగాలు[0m [31mఇవ్వడం[0m కోసం [31mఇక్కడ[0m [31mఉన్న [0m [31mలక్షలాది[0m [31mమంది      [0m [31mజీవితాను [0m [31mబలిచేస్తున్నారు  [0m
HYP: [31mఅమెరికాలో[0m [31mఉద్యాగాలు[0m [31mలేవడం [0m కోసం [31m*****[0m [31mకడుపు[0m [31mనా      [0m [31mలక్ష్యాలను[0m [31mనిందితుడు[0m [31mవిమర్శిస్తున్నారు[0m
SENTENCE 2036
Correct          =  10.0%    1   (    10)
Errors           =  90.0%    9   (    10)
REF: అన్ని దేవాలయాల వద్ద ఆదివారం ఉదయం పది [31m****[0m [31mగంటలనుంచే[0m భక్తులు అమ్మవారికి బోనాలు [31mతొట్టెలు [0m [31mసమర్పించటం[0m ప్రారంభించారు
HYP: అన్ని దేవాలయాల వద్ద ఆదివారం ఉదయం పది [31mగంటల[0m [31mనుంచే    [0m భక్తులు అమ్మవారికి బోనాలు [31mతొట్టిసామ[0m [31mపెంచినట్లు[0m ప్రారంభించారు
SENTENCE 2037
Correct          =  76.9%   10   (    13)
Errors           =  30.8%    4   (    13)
REF: [31m***[0m [31mపేరం[0m [31mనాగిరెడ్డి[0m అంటే తనకు ఎంతో [31mఅభిమానం  [0m [31mఉందన్నారు   [0m
HYP: [31mపేద[0m [31mమరి [0m [31mఇది       [0m అంటే తనకు ఎంతో [31mఅభిమానులు[0m [31mఉంటుందన్నారు[0m
SENTENCE 2038
Correct          =  42.9%    3   (     7)
Errors           =  71.4%    5   (     7)
REF: సమాచారం అందుకున్న అధికారులు [31mసంఘటనా[0m స్థలానికి [31mచేరుకుని[0m చర్యలు తీసుకున్నారు
HYP: సమాచారం అందుకున్న అధికారులు [31mసరైన  [0m స్థలానికి [31mచేరుకొని[0m చర్యలు తీసుకున్నారు
SENTENCE 2039
Correct          =  75.0%    6   (     8)
Errors           =  25.0%    2   (     8)
REF: అదే సమయంలో ఇప్పుడు పవన్ కళ్యాణ్ ప్రత్యేక [31mహోదా[0m [31mపైన    [0m [31mబీజేపీ[0m [31mకాంగ్రెస్[0m పార్టీలకు [31mహెచ్చరిక[0m చేశారు
HYP: అదే సమయంలో ఇప్పుడు పవన్ కళ్యాణ్ ప్రత్యేక [31m****[0m [31mహోదాపైన[0m [31mభీజేపీ[0m [31mకాంగ్రెసు[0m పార్టీలకు [31mనీచారు  [0m చేశారు
SENTENCE 2040
Correct          =  61.5%    8   (    13)
Errors           =  38.5%    5   (    13)
REF: [31mఅన్ని[0m [31mపెంపు[0m [31mపెంపు[0m [31mపెంపు  [0m [31mచేయడం [0m కూడా
HYP: [31m*****[0m [31mపేద  [0m [31mఅన్ని[0m [31mపెంపును[0m [31mపెంచడం[0m కూడా
SENTENCE 2041
Correct          =  16.7%    1   (     6)
Errors           =  83.3%    5   (     6)
REF: ఇలాంటి సమయంలో పంచాయతీ [31mఎన్నికలు  [0m నిర్వహించాల్సి [31m*****[0m [31m*****[0m [31mఉన్నప్పటికీ[0m [31mజగన్ [0m [31mభయంతో[0m ముఖ్యమంత్రి వెనక్కి తగ్గినట్లుగా [31mకనిపిస్తోంది[0m
HYP: ఇలాంటి సమయంలో పంచాయతీ [31mఎన్నికల్లో[0m నిర్వహించాల్సి [31mఉందని[0m [31mప్రతి[0m [31mజిల్లా     [0m [31mకిరణ్[0m [31mబయంతో[0m ముఖ్యమంత్రి వెనక్కి తగ్గినట్లుగా [31mకనిపిస్తోరది[0m
SENTENCE 2042
Correct          =  58.3%    7   (    12)
Errors           =  58.3%    7   (    12)
REF: [31mమా[0m [31mనాన్న[0m [31mమాత్రం[0m
HYP: [31m**[0m [31mమన   [0m [31mఅనమాట [0m
SENTENCE 2043
Correct          =   0.0%    0   (     3)
Errors           = 100.0%    3   (     3)
REF: [31mఒప్పందం[0m [31mప్రకారం   [0m మరో ఆరు నెలల [31mతర్వాత[0m ఆయన దిగిపోవాలి
HYP: [31m*******[0m [31mఉపయోగపడారు[0m మరో ఆరు నెలల [31mతరవాత [0m ఆయన దిగిపోవాలి
SENTENCE 2044
Correct          =  62.5%    5   (     8)
Errors           =  37.5%    3   (     8)
REF: అదే
HYP: అదే
SENTENCE 2045
Correct          = 100.0%    1   (     1)
Errors           =   0.0%    0   (     1)
REF: ఈ క్రమంలో రెండు నెలల క్రితం [31m*****[0m [31m********[0m [31mభార్యాభర్తలిద్దరూ[0m [31mమంచుకొండలో[0m ఓ [31mగది   [0m [31mగదిని[0m [31mఅద్దెకు[0m [31mతీసుకొని[0m [31mఉంటున్నట్లు[0m చెప్పారు
HYP: ఈ క్రమంలో రెండు నెలల క్రితం [31mభార్య[0m [31mభవిత్తుల[0m [31mమంచుకు           [0m [31mకొండల్లో  [0m ఓ [31mకొద్ది[0m [31mకదిరి[0m [31mదత్తా  [0m [31mతీసుకుని[0m [31mఉన్నట్టు   [0m చెప్పారు
SENTENCE 2046
Correct          =  50.0%    7   (    14)
Errors           =  64.3%    9   (    14)
REF: [31mఅందరూ  [0m చదువుకోలేని వాళ్ళు [31mఉంటారు[0m
HYP: [31mఅమరావతి[0m చదువుకోలేని వాళ్ళు [31mఅంటారు[0m
SENTENCE 2047
Correct          =  50.0%    2   (     4)
Errors           =  50.0%    2   (     4)
REF: నాకు [31mతెలీదండి [0m
HYP: నాకు [31mతెలియదండి[0m
SENTENCE 2048
Correct          =  50.0%    1   (     2)
Errors           =  50.0%    1   (     2)
REF: [31mఖాళిగా[0m ఉన్న సమయంలో [31mమ్యూజిక్[0m [31mవింటాను[0m
HYP: [31mఖాలిగా[0m ఉన్న సమయంలో [31mముజీ    [0m [31mకట్టాను[0m
SENTENCE 2049
Correct          =  40.0%    2   (     5)
Errors           =  60.0%    3   (     5)
REF: [31m****[0m [31mక్రీడా[0m [31mక్రీడలంటే[0m చాలా ఇష్టం
HYP: [31mకిడా[0m [31mకి    [0m [31mలేదంటే   [0m చాలా ఇష్టం
SENTENCE 2050
Correct          =  50.0%    2   (     4)
Errors           =  75.0%    3   (     4)
REF: [31mసీతమ్మ  [0m [31mవాకిట్లో[0m [31mసిరిమల్లె[0m [31mచెట్టు[0m [31mఅంటే[0m [31mఇష్టం      [0m
HYP: [31mచేద్దాము[0m [31mమాకు    [0m [31mఅసలు     [0m [31mఈ     [0m [31mమనసు[0m [31mప్రేక్షించు[0m
SENTENCE 2051
Correct          =   0.0%    0   (     6)
Errors           = 100.0%    6   (     6)
REF: రెండు వేల కోట్ల [31mవరకూ[0m [31mనిధులు [0m ఆమె వ్యాఖ్యానించారు
HYP: రెండు వేల కోట్ల [31mవరకు[0m [31mనిందుుు[0m ఆమె వ్యాఖ్యానించారు
SENTENCE 2052
Correct          =  71.4%    5   (     7)
Errors           =  28.6%    2   (     7)
REF: కేవలం నల్లధనాన్ని [31mతెల్లగా    [0m మార్చుకునేందుకే ఆ నిర్ణయం [31mతీసుకుందన్నారు[0m [31mరాఘవులు[0m
HYP: కేవలం నల్లధనాన్ని [31mతెల్లదారుగా[0m మార్చుకునేందుకే ఆ నిర్ణయం [31mతీసుకుందన్న   [0m [31mరూ     [0m
SENTENCE 2053
Correct          =  62.5%    5   (     8)
Errors           =  37.5%    3   (     8)
REF: అవును
HYP: అవును
SENTENCE 2054
Correct          = 100.0%    1   (     1)
Errors           =   0.0%    0   (     1)
REF: కానీ
HYP: కానీ
SENTENCE 2055
Correct          = 100.0%    1   (     1)
Errors           =   0.0%    0   (     1)
REF: నా పేరు భారతి
HYP: నా పేరు భారతి
SENTENCE 2056
Correct          = 100.0%    3   (     3)
Errors           =   0.0%    0   (     3)
REF: [31m***[0m [31mతనలో[0m [31mతానే[0m చాలా [31m**[0m [31mబాధపడేది[0m
HYP: [31mతను[0m [31mలో  [0m [31mతనకి[0m చాలా [31mబా[0m [31mపడేది   [0m
SENTENCE 2057
Correct          =  25.0%    1   (     4)
Errors           = 125.0%    5   (     4)
REF: [31m***********[0m [31mఆయన      [0m [31mసమస్యల [0m [31mశుక్రవారం[0m [31mసిఎం     [0m [31mక్యాంపు[0m [31mకార్యాలయానికి[0m [31mవెళ్ళారు[0m
HYP: [31mరాజమండ్రిలో[0m [31mశుక్రవారం[0m [31mసీనియర్[0m [31mఅంపీ     [0m [31mకేంద్రంలో[0m [31mకెలంగా [0m [31mనివాళ్లు     [0m [31mఅయ్యారు [0m
SENTENCE 2058
Correct          =   0.0%    0   (     7)
Errors           = 114.3%    8   (     7)
REF: ఆస్వాదిస్తున్నా
HYP: ఆస్వాదిస్తున్నా
SENTENCE 2059
Correct          = 100.0%    1   (     1)
Errors           =   0.0%    0   (     1)
REF: [31mతమున్ని[0m బాగా చూసుకోవడం
HYP: [31mతమ్ముడు[0m బాగా చూసుకోవడం
SENTENCE 2060
Correct          =  66.7%    2   (     3)
Errors           =  33.3%    1   (     3)
REF: [31mఅనుకృతి[0m [31mవ్యాపారుల[0m సంబంధం లేకుండా [31mచేనేత[0m [31mకార్మికులు[0m [31mఉత్పత్తి[0m [31mచేసిన      [0m నాణ్యమైన వస్త్ర ఉత్పత్తులను నేరుగా వినియోగదారులకు అందుబాటులోకి [31m******[0m [31mతీసుకొస్తున్నామని[0m చెప్పారు
HYP: [31mఅనుకుని[0m [31mవ్యాపారాల[0m సంబంధం లేకుండా [31m*****[0m [31mచేయిన     [0m [31mతార్మిక [0m [31mవ్యతిరేశంగా[0m నాణ్యమైన వస్త్ర ఉత్పత్తులను నేరుగా వినియోగదారులకు అందుబాటులోకి [31mతీసుకు[0m [31mవస్తామని         [0m చెప్పారు
SENTENCE 2061
Correct          =  56.2%    9   (    16)
Errors           =  50.0%    8   (    16)
REF: ఇద్దరు పిల్లలు ఇద్దరు
HYP: ఇద్దరు పిల్లలు ఇద్దరు
SENTENCE 2062
Correct          = 100.0%    3   (     3)
Errors           =   0.0%    0   (     3)
REF: గాయపడిన [31mకార్మికులకు[0m [31mమెరుగైన[0m [31mవైద్యం[0m అందించాలని విజ్ఞప్తి చేశారు
HYP: గాయపడిన [31mకార్మికులు [0m [31mప్రకటన [0m [31mవిత్తన[0m అందించాలని విజ్ఞప్తి చేశారు
SENTENCE 2063
Correct          =  57.1%    4   (     7)
Errors           =  42.9%    3   (     7)
REF: విశాఖ [31m****[0m [31mజివిఎంసి[0m [31mగాంధీ [0m [31mవిగ్రహం[0m [31mవద్ద  [0m బంగారం [31mవర్తకుల[0m నిరసన [31m****[0m [31mకొనసాగుతోంది[0m
HYP: విశాఖ [31mజియా[0m [31mజియాం   [0m [31mసికాన్[0m [31mదేవిగా [0m [31mమద్దతు[0m బంగారం [31mతక్కువ [0m నిరసన [31mకోసం[0m [31mసాగుతోంది   [0m
SENTENCE 2064
Correct          =  33.3%    3   (     9)
Errors           =  88.9%    8   (     9)
REF: అంటే [31m***[0m [31mరకరకాల[0m [31mదారిలో[0m [31mప్రయత్నించి[0m [31mవారు[0m [31mసమాజాన్ని  [0m కూడా
HYP: అంటే [31mనగర[0m [31mగల్లా [0m [31mదూరపు [0m [31mఎక్కించి   [0m [31mవాటి[0m [31mసమాధానాన్ని[0m కూడా
SENTENCE 2065
Correct          =  28.6%    2   (     7)
Errors           =  85.7%    6   (     7)
REF: [31mఒక్క[0m
HYP: [31mఒక  [0m
SENTENCE 2066
Correct          =   0.0%    0   (     1)
Errors           = 100.0%    1   (     1)
REF: తప్పు
HYP: తప్పు
SENTENCE 2067
Correct          = 100.0%    1   (     1)
Errors           =   0.0%    0   (     1)
REF: మల్లేశ్వరి
HYP: మల్లేశ్వరి
SENTENCE 2068
Correct          = 100.0%    1   (     1)
Errors           =   0.0%    0   (     1)
REF: [31mసాయం [0m [31mచేసే     [0m [31mగుణం  [0m [31mఅనేది[0m ప్రతి [31mఒక్కలకి [0m ఉండాలి
HYP: [31mసహాయం[0m [31mచేసుకున్న[0m [31mవొళ్ళు[0m [31mఅయితే[0m ప్రతి [31mఒక్కరికి[0m ఉండాలి
SENTENCE 2069
Correct          =  28.6%    2   (     7)
Errors           =  71.4%    5   (     7)
REF: కానీ
HYP: కానీ
SENTENCE 2070
Correct          = 100.0%    1   (     1)
Errors           =   0.0%    0   (     1)
REF: [31mపాపారావు[0m [31mగారు  [0m
HYP: [31mపాప     [0m [31mబాలేవు[0m
SENTENCE 2071
Correct          =   0.0%    0   (     2)
Errors           = 100.0%    2   (     2)
REF: అవునండి
HYP: అవునండి
SENTENCE 2072
Correct          = 100.0%    1   (     1)
Errors           =   0.0%    0   (     1)
REF: త్వరలో [31mగుండె[0m మార్పిడి [31m***********[0m [31mశస్త్రచికిత్సను[0m కర్నూలు ప్రభుత్వ [31m****[0m [31m***[0m [31mసర్వజన[0m [31mవైద్యశాలలోనే[0m నిర్వహిస్తామని ప్రకటించారు
HYP: త్వరలో [31mఉన్న [0m మార్పిడి [31mశశాస్త్రికి[0m [31mఇచ్చితల్లో     [0m కర్నూలు ప్రభుత్వ [31mసదరు[0m [31mబజల[0m [31mవైద్య [0m [31mశాలలోనే     [0m నిర్వహిస్తామని ప్రకటించారు
SENTENCE 2073
Correct          =  60.0%    6   (    10)
Errors           =  70.0%    7   (    10)
REF: అవునా
HYP: అవునా
SENTENCE 2074
Correct          = 100.0%    1   (     1)
Errors           =   0.0%    0   (     1)
REF: [31mసామాజిక[0m [31mశక్తి[0m [31mస్వామాజిక[0m [31mస్వభావం[0m [31mఇలా[0m [31mరూపొందుతూ[0m ఉంటుంది
HYP: [31mసమాజ   [0m [31mసిటీ [0m [31mసంబంధించి[0m [31mప్రభావం[0m [31mమీద[0m [31mరోపొందుతూ[0m ఉంటుంది
SENTENCE 2075
Correct          =  14.3%    1   (     7)
Errors           =  85.7%    6   (     7)
REF: [31m***[0m [31mఅదే [0m [31mకుక్కపిల్ల[0m
HYP: [31mఅది[0m [31mఒక్క[0m [31mమే        [0m
SENTENCE 2076
Correct          =   0.0%    0   (     2)
Errors           = 150.0%    3   (     2)
REF: దీంతో [31mఇది[0m [31mవరకు[0m [31mపని     [0m [31mచే   [0m [31mపని             [0m [31mచేస్తున్న  [0m [31mకార్మికులకు[0m [31mరోజంతా[0m [31mపని[0m [31mదొరకడం[0m [31mగగనంగా[0m మారింది
HYP: దీంతో [31m***[0m [31m****[0m [31mఇవ్వాలని[0m [31mపనిచే[0m [31mట్రంపించేస్తున్న[0m [31mకార్మికులకు[0m [31mరోజా       [0m [31mదొరకడం[0m [31mకదా[0m [31mరెండు [0m [31mగంటల  [0m మారింది
SENTENCE 2077
Correct          =  15.4%    2   (    13)
Errors           =  84.6%   11   (    13)
REF: వచ్చే [31mఐదేళ్లలో  [0m పేదలకు లక్ష [31mఇండ్లు[0m [31mనిర్మించి[0m ఇస్తామన్నారు
HYP: వచ్చే [31mఅయిదేళ్లలో[0m పేదలకు లక్ష [31mఇంట్లో[0m [31mనుంచి    [0m ఇస్తామన్నారు
SENTENCE 2078
Correct          =  57.1%    4   (     7)
Errors           =  42.9%    3   (     7)
REF: అంత [31mకూడా[0m
HYP: అంత [31mగొడవ[0m
SENTENCE 2079
Correct          =  50.0%    1   (     2)
Errors           =  50.0%    1   (     2)
REF: ఇంకా
HYP: ఇంకా
SENTENCE 2080
Correct          = 100.0%    1   (     1)
Errors           =   0.0%    0   (     1)
REF: కొత్త [31mవిద్యార్థులను[0m [31mచేర్చితే[0m [31mపీజులో[0m [31mరాయితీ[0m [31mఇస్తామని[0m [31mఆశ               [0m [31mచూపి        [0m [31mవారితోనూ[0m [31mవిద్యార్థులను[0m [31mచేర్పించుకుంటున్నారు   [0m
HYP: కొత్త [31mవిద్యార్ధులు [0m [31mచర్చితీ [0m [31mబీజులు[0m [31mరైతులు[0m [31mసమ్మెను [0m [31mఆశ్రయించుకేవాలన్న[0m [31mవిద్యార్థులు[0m [31mదొంగ    [0m [31mవిధాత్రగా    [0m [31mపుడ్గట్టాలనుకుంటున్నారు[0m
SENTENCE 2081
Correct          =   9.1%    1   (    11)
Errors           =  90.9%   10   (    11)
REF: [31mహేలనలతో[0m [31mనానాటికి [0m [31mవిసుగెత్తి[0m [31mపోతున్నారని      [0m ఏ మాత్రం [31mమర్యాద   [0m [31mలభించడం  [0m [31mలేదని   [0m ఆవేదన వ్యక్తం చేశారు
HYP: [31m*******[0m [31mఎల్లొద్దు[0m [31mనాటికి    [0m [31mవిసిగిపోతున్నారని[0m ఏ మాత్రం [31mమహేదారులు[0m [31mఅభివృద్ధి[0m [31mజరగలేదని[0m ఆవేదన వ్యక్తం చేశారు
SENTENCE 2082
Correct          =  41.7%    5   (    12)
Errors           =  58.3%    7   (    12)
REF: ఈ నేపథ్యంలో [31m*[0m [31mఅధునాతన[0m సౌకర్యాలతో ఈ భవనాలను [31mనిర్మించనున్నారు[0m
HYP: ఈ నేపథ్యంలో [31mఆ[0m [31mజిల్లా [0m సౌకర్యాలతో ఈ భవనాలను [31mనిర్మించారు     [0m
SENTENCE 2083
Correct          =  71.4%    5   (     7)
Errors           =  42.9%    3   (     7)
REF: [31m********[0m [31mఎందుకు      [0m [31mకష్టపడుతున్నారో[0m [31mఅర్ధంకాదు[0m చాలా [31mకష్టపడుతున్నారు[0m
HYP: [31mఎందుకంటే[0m [31mకష్టపడుతున్న[0m [31mరాత్రి         [0m [31mఉండక్కడ  [0m చాలా [31mకష్టపడుతాడు    [0m
SENTENCE 2084
Correct          =  20.0%    1   (     5)
Errors           = 100.0%    5   (     5)
REF: అని [31mచెప్పాను[0m చూస్తాను అన్నాడు
HYP: అని [31mచెప్పినా[0m చూస్తాను అన్నాడు
SENTENCE 2085
Correct          =  75.0%    3   (     4)
Errors           =  25.0%    1   (     4)
REF: అది చాలా మంచి పరిణామం [31mకదండి[0m
HYP: అది చాలా మంచి పరిణామం [31mకదండీ[0m
SENTENCE 2086
Correct          =  80.0%    4   (     5)
Errors           =  20.0%    1   (     5)
REF: [31m**[0m [31m******[0m [31mదీంతో [0m [31mద్రవలేశ్వరం[0m
HYP: [31mమీ[0m [31mఇంట్లో[0m [31mఎవ్వరే[0m [31mఇష్టం      [0m
SENTENCE 2087
Correct          =   0.0%    0   (     2)
Errors           = 200.0%    4   (     2)
REF: ఇప్పుడు [31mప్రజలో  [0m ఇలా [31mచైతన్యం[0m [31mకలిగి    [0m ఇలా [31mచెట్టులు[0m ఎక్కువ [31mనాటాలి[0m [31mఅనడానికి[0m [31mమీరు[0m [31mఏమియన[0m [31mచెప్పగలరా[0m [31mమీ            [0m [31mఉద్దేశం[0m [31mప్రకారం  [0m
HYP: ఇప్పుడు [31mప్రజల్లో[0m ఇలా [31m*******[0m [31mచేయొద్దని[0m ఇలా [31mచెప్పి  [0m ఎక్కువ [31m******[0m [31m********[0m [31m****[0m [31m*****[0m [31mనా       [0m [31mతల్లిదండ్రులకి[0m [31mవిధానం [0m [31mచెప్పగలనం[0m
SENTENCE 2088
Correct          =  25.0%    4   (    16)
Errors           =  75.0%   12   (    16)
REF: [31mఎట్టి[0m పరిస్థితుల్లోనూ ప్రత్యేక హోదా రాదని కేంద్రం దీనిపై [31mఇప్పటికే[0m [31mఒక           [0m [31mనిర్ణయం[0m [31mతీసుకురదని [0m అధికారులు అంటున్నారు
HYP: [31mఎటీ  [0m పరిస్థితుల్లోనూ ప్రత్యేక హోదా రాదని కేంద్రం దీనిపై [31m********[0m [31mఎప్పటికప్పుడు[0m [31mఎన్నో  [0m [31mతీసుకోలేదని[0m అధికారులు అంటున్నారు
SENTENCE 2089
Correct          =  61.5%    8   (    13)
Errors           =  38.5%    5   (    13)
REF: [31mరైతులు[0m [31mఈ      [0m కార్యక్రమంలో పాల్గొని [31mవిజయవంతం    [0m చేయాలని [31m*******[0m [31mపిలుపునిచ్చారు[0m
HYP: [31m******[0m [31mరైతులను[0m కార్యక్రమంలో పాల్గొని [31mవిజయముంటాయని[0m చేయాలని [31mనిర్ణయం[0m [31mతీర్చారు      [0m
SENTENCE 2090
Correct          =  42.9%    3   (     7)
Errors           =  71.4%    5   (     7)
REF: కేంద్రం ఈ విషయంలో కొంత [31mచొరవ  [0m తీసుకోవాల్సిన అవసరం ఉందని ఆయన చెప్పారు
HYP: కేంద్రం ఈ విషయంలో కొంత [31mచర్యలు[0m తీసుకోవాల్సిన అవసరం ఉందని ఆయన చెప్పారు
SENTENCE 2091
Correct          =  90.0%    9   (    10)
Errors           =  10.0%    1   (    10)
REF: [31m****[0m [31mబాహుబలి[0m
HYP: [31mమాకు[0m [31mవెళ్లి [0m
SENTENCE 2092
Correct          =   0.0%    0   (     1)
Errors           = 200.0%    2   (     1)
REF: ఈ సందర్భంగా సోమవారం [31m*******[0m [31m******[0m [31mచెన్నకేశ్వర[0m రెడ్డి ఆలయంలో [31mపూజలు[0m [31mచేసేందుకు[0m [31mవస్తున్న  [0m [31mజగన్    [0m
HYP: ఈ సందర్భంగా సోమవారం [31mచెన్నకు[0m [31mచెందిన[0m [31mటీఆర్ఎస్   [0m రెడ్డి ఆలయంలో [31m*****[0m [31mకృషి     [0m [31mచేస్తోందని[0m [31mచెప్పారు[0m
SENTENCE 2093
Correct          =  50.0%    5   (    10)
Errors           =  70.0%    7   (    10)
REF: నాని
HYP: నాని
SENTENCE 2094
Correct          = 100.0%    1   (     1)
Errors           =   0.0%    0   (     1)
REF: తాళి [31mపడ్డాక  [0m ముందు వేరే అమ్మాయి [31mగాని[0m
HYP: తాళి [31mప్రయత్నం[0m ముందు వేరే అమ్మాయి [31mకానీ[0m
SENTENCE 2095
Correct          =  66.7%    4   (     6)
Errors           =  33.3%    2   (     6)
REF: తమ [31mఇరువురి[0m మధ్య సన్నిహిత సంబంధం ఉందని తనను [31mపెళ్లి[0m [31mచేసుకుంటానని  [0m చెప్పి [31mరుబెల్[0m మోసం [31mచేశాడని[0m ఆరోపించింది
HYP: తమ [31mఇళ్లు  [0m మధ్య సన్నిహిత సంబంధం ఉందని తనను [31m******[0m [31mపీకీసుకుంటానని[0m చెప్పి [31mరూప   [0m మోసం [31mచేశారని[0m ఆరోపించింది
SENTENCE 2096
Correct          =  64.3%    9   (    14)
Errors           =  35.7%    5   (    14)
REF: [31mద్రోణులు[0m [31mఉన్నా[0m [31mరాయలసీమ[0m [31mదక్షిణ   [0m [31mకోస్తా[0m [31mజిల్లాల్లో[0m [31mఉష్ణో   [0m [31mగ్రతలు    [0m తగ్గడం లేదు
HYP: [31mదోవులూ  [0m [31mఉన్న [0m [31mనాయకత్వ[0m [31mలక్ష్యంగా[0m [31mదక్షిణ[0m [31mకోసం      [0m [31mజిల్లాలో[0m [31mవస్త్రాలను[0m తగ్గడం లేదు
SENTENCE 2097
Correct          =  20.0%    2   (    10)
Errors           =  80.0%    8   (    10)
REF: అంటే గొడవలు [31mఅవి   [0m [31mఇవీ   [0m ఉన్నాయి అనేసి [31mవిన్నాం [0m కదా
HYP: అంటే గొడవలు [31mవాళ్ళు[0m [31mవీళ్ళు[0m ఉన్నాయి అనేసి [31mవిన్నానా[0m కదా
SENTENCE 2098
Correct          =  62.5%    5   (     8)
Errors           =  37.5%    3   (     8)
REF: అభివృద్ధి కోసం ఎన్నో కార్యక్రమాలు [31mచేస్తా     [0m [31mఉంటారు[0m
HYP: అభివృద్ధి కోసం ఎన్నో కార్యక్రమాలు [31mచేస్తుంటారు[0m [31mఏంటి  [0m
SENTENCE 2099
Correct          =  66.7%    4   (     6)
Errors           =  33.3%    2   (     6)
REF: అందుకు [31mఆ[0m
HYP: అందుకు [31m*[0m
SENTENCE 2100
Correct          =  50.0%    1   (     2)
Errors           =  50.0%    1   (     2)
REF: [31mనీ  [0m పేరు
HYP: [31mనీకు[0m పేరు
SENTENCE 2101
Correct          =  50.0%    1   (     2)
Errors           =  50.0%    1   (     2)
REF: అవునండి అవునండి
HYP: అవునండి అవునండి
SENTENCE 2102
Correct          = 100.0%    2   (     2)
Errors           =   0.0%    0   (     2)
REF: ఆ తర్వాత ఇంకా
HYP: ఆ తర్వాత ఇంకా
SENTENCE 2103
Correct          = 100.0%    3   (     3)
Errors           =   0.0%    0   (     3)
REF: [31mఅబ్బో[0m
HYP: [31mనాకు [0m
SENTENCE 2104
Correct          =   0.0%    0   (     1)
Errors           = 100.0%    1   (     1)
REF: ఎందుకంటే ఒకప్పుడు [31mమన [0m పాత [31m****[0m [31mకాలంలో[0m ఉన్నప్పుడు
HYP: ఎందుకంటే ఒకప్పుడు [31mమనం[0m పాత [31mకాలం[0m [31mలో    [0m ఉన్నప్పుడు
SENTENCE 2105
Correct          =  66.7%    4   (     6)
Errors           =  50.0%    3   (     6)
REF: [31mతెల్ల[0m [31mవారుజామున[0m [31mగుండెపోటు[0m [31mరావడంతో[0m [31mకుటుంబ     [0m [31mసభ్యులు     [0m స్థానిక [31mఅపోలో [0m [31mఆసు       [0m [31mపత్రికి[0m [31mతీసుకెళ్లారు[0m
HYP: [31m*****[0m [31m*********[0m [31mతెల్లవారు[0m [31mజామున  [0m [31mగుండెపాటలతో[0m [31mకుటుంబసభ్యుల[0m స్థానిక [31mభూగాల్[0m [31mఆసుపత్రికి[0m [31mతీసుకు [0m [31mవెళ్లారు    [0m
SENTENCE 2106
Correct          =   9.1%    1   (    11)
Errors           =  90.9%   10   (    11)
REF: [31mరాజమండ్రిలో[0m [31mవిగ్రహాన్ని[0m [31mతయారు        [0m చేయడానికి ఏర్పాట్లు కూడా జరిగాయి
HYP: [31m***********[0m [31mరాజమండ్రికి[0m [31mవిజ్ఞాలయానికి[0m చేయడానికి ఏర్పాట్లు కూడా జరిగాయి
SENTENCE 2107
Correct          =  57.1%    4   (     7)
Errors           =  42.9%    3   (     7)
REF: ఇంకా
HYP: ఇంకా
SENTENCE 2108
Correct          = 100.0%    1   (     1)
Errors           =   0.0%    0   (     1)
REF: ప్రజల కోసం చేపట్టిన దీక్షను భగ్నం చేయడం సరైన పద్ధతి కాదని ఆయన [31m********[0m [31mఅభిప్రాయపడ్డారు[0m
HYP: ప్రజల కోసం చేపట్టిన దీక్షను భగ్నం చేయడం సరైన పద్ధతి కాదని ఆయన [31mఅభిప్రాయ[0m [31mపడ్డారు        [0m
SENTENCE 2109
Correct          =  90.9%   10   (    11)
Errors           =  18.2%    2   (    11)
REF: అప్పుడు [31mఎలాంటివి[0m వాడేవారు
HYP: అప్పుడు [31mఎలాంటియి[0m వాడేవారు
SENTENCE 2110
Correct          =  66.7%    2   (     3)
Errors           =  33.3%    1   (     3)
REF: విజయవాడ [31mప్రభత్వాసుపత్రిలో[0m [31mచికిత్స   [0m [31mపొందుతు[0m [31mవారితొ [0m [31mమరి      [0m [31mకొంత  [0m [31mమంది  [0m [31mపరిస్థితి[0m [31mవిషమంగా    [0m ఉంది
HYP: విజయవాడ [31mప్రభుత్వ         [0m [31mఆస్పత్రిలో[0m [31mచికిత్స[0m [31mపొందుతూ[0m [31mవార్తల్లో[0m [31mమార్పు[0m [31mవల్లని[0m [31mభరిస్తూ  [0m [31mతిరస్కరణలనే[0m ఉంది
SENTENCE 2111
Correct          =  18.2%    2   (    11)
Errors           =  81.8%    9   (    11)
REF: చాలా [31mఇబ్బంది[0m
HYP: చాలా [31mబాగుంది[0m
SENTENCE 2112
Correct          =  50.0%    1   (     2)
Errors           =  50.0%    1   (     2)
REF: ఆహా [31mఅలాగా[0m [31mఅండి  [0m
HYP: ఆహా [31mహా   [0m [31mలేదండి[0m
SENTENCE 2113
Correct          =  33.3%    1   (     3)
Errors           =  66.7%    2   (     3)
REF: ఈ [31mపరిశ్రమలు[0m నిరంతరం
HYP: ఈ [31mపరిశ్రమలో[0m నిరంతరం
SENTENCE 2114
Correct          =  66.7%    2   (     3)
Errors           =  33.3%    1   (     3)
REF: [31mఈ      [0m [31mప్రభుత్వం[0m
HYP: [31mఇప్పుడు[0m [31mమొత్తం   [0m
SENTENCE 2115
Correct          =   0.0%    0   (     2)
Errors           = 100.0%    2   (     2)
REF: [31m*******[0m [31mవొత్తిడికి[0m [31mఇదే        [0m [31mసరైన[0m [31mపరిష్కారం[0m
HYP: [31mఉత్తిని[0m [31mకింది     [0m [31mచెయ్యట్లేదు[0m [31mఅని [0m [31mపరిష్కార [0m
SENTENCE 2116
Correct          =   0.0%    0   (     4)
Errors           = 125.0%    5   (     4)
REF: రాజ్యసభ [31mఎన్నికలు  [0m [31mముగిసే  [0m [31mవరకు     [0m [31mఅందుబాటులో[0m [31mఉండాలని [0m సూచించారు
HYP: రాజ్యసభ [31mఎన్నికల్లో[0m [31mముగ్గురు[0m [31mశవరాత్రకు[0m [31mఅంతుబాటులో[0m [31mఉన్నానని[0m సూచించారు
SENTENCE 2117
Correct          =  28.6%    2   (     7)
Errors           =  71.4%    5   (     7)
REF: చదువుకుంటాను
HYP: చదువుకుంటాను
SENTENCE 2118
Correct          = 100.0%    1   (     1)
Errors           =   0.0%    0   (     1)
REF: ఇంకా
HYP: ఇంకా
SENTENCE 2119
Correct          = 100.0%    1   (     1)
Errors           =   0.0%    0   (     1)
REF: [31m*******[0m [31m*****[0m [31m****[0m [31m***[0m [31m*****[0m [31mఆదుకునేందుకు[0m [31mసాధ్యమైనంత  [0m [31mసాయం    [0m [31mచేస్తామన్నారు[0m
HYP: [31mఆదివారం[0m [31mనుండి[0m [31mభారత[0m [31mజనం[0m [31mనుంచి[0m [31mఆయన         [0m [31mచేస్తామన్నది[0m [31mఆరోగ్యశం[0m [31mఅన్నారు      [0m
SENTENCE 2120
Correct          =   0.0%    0   (     4)
Errors           = 225.0%    9   (     4)
REF: అంటే [31mఅదొక[0m [31mసరదా[0m
HYP: అంటే [31m****[0m [31mసగాన[0m
SENTENCE 2121
Correct          =  33.3%    1   (     3)
Errors           =  66.7%    2   (     3)
REF: [31mఅర్థరాత్రి[0m [31mఇంటికి    [0m [31mచేరుకున్న[0m ఆయన విచారించారు
HYP: [31mఅద్దెల    [0m [31mఅన్నింటికి[0m [31mతీయకుండా [0m ఆయన విచారించారు
SENTENCE 2122
Correct          =  40.0%    2   (     5)
Errors           =  60.0%    3   (     5)
REF: [31mఈలోగా [0m వైయస్ [31mజగన్     [0m [31mవర్గానికి[0m చెందిన శాసనసభ్యులపై స్పీకర్ [31mచర్యలు       [0m [31mతీసుకుంటారని[0m అంటున్నారు
HYP: [31mవీరంగా[0m వైయస్ [31mజగన్మోహన్[0m [31mరెడ్డి   [0m చెందిన శాసనసభ్యులపై స్పీకర్ [31mచెల్లించాల్సి[0m [31mఉంటారని     [0m అంటున్నారు
SENTENCE 2123
Correct          =  50.0%    5   (    10)
Errors           =  50.0%    5   (    10)
REF: [31mకావ్య  [0m [31mమధురి [0m విషయం [31mవదిలై[0m [31mఅండి    [0m [31mనాకు[0m అవసరం లేదు
HYP: [31mకాబట్టి[0m [31mమాధురి[0m విషయం [31m*****[0m [31mవదిలేయటి[0m [31mరకా [0m అవసరం లేదు
SENTENCE 2124
Correct          =  37.5%    3   (     8)
Errors           =  62.5%    5   (     8)
REF: [31m****[0m [31mగాన   [0m [31mకోకిల[0m
HYP: [31mదాని[0m [31mకోట్లు[0m [31mఇలా  [0m
SENTENCE 2125
Correct          =   0.0%    0   (     2)
Errors           = 150.0%    3   (     2)
REF: [31mవర్షాన్ని[0m సైతం లెక్కచేయకుండా [31m*****[0m [31mభక్తులు [0m [31mనిమజ్జన[0m [31mకార్యక్రమంలో[0m [31mహుషారుగా[0m పాల్గొన్నారు
HYP: [31mవర్షాలు  [0m సైతం లెక్కచేయకుండా [31mబతుకు[0m [31mనిమిత్తం[0m [31mకాకినాడ[0m [31mలోకి        [0m [31mచాలా    [0m పాల్గొన్నారు
SENTENCE 2126
Correct          =  37.5%    3   (     8)
Errors           =  75.0%    6   (     8)
REF: [31mపొగాకు[0m రైతులు [31mగిట్టుబాటు[0m [31mధరలు  [0m [31mకల్పించటానికి[0m చర్యలు [31mతీసుకోవాలని[0m రాష్ట్ర [31mరవాణా[0m [31mశాఖ[0m మంత్రి [31mశిద్దా[0m [31mరాఘవరావు[0m పొగాకు బోర్డు అధికారులను ఆదేశించారు
HYP: [31mపోగా  [0m రైతులు [31mదిట్టి    [0m [31mపథకాలు[0m [31mకల్పించడానికి[0m చర్యలు [31mతీసుకోలేని [0m రాష్ట్ర [31m*****[0m [31m***[0m మంత్రి [31mచిద్దా[0m [31mరగద     [0m పొగాకు బోర్డు అధికారులను ఆదేశించారు
SENTENCE 2127
Correct          =  47.1%    8   (    17)
Errors           =  52.9%    9   (    17)
REF: [31mశబ్ధకాలుశ్యం[0m [31mమనకు     [0m బాగా వచ్చి
HYP: [31mచెప్పు      [0m [31mరాజమండ్రి[0m బాగా వచ్చి
SENTENCE 2128
Correct          =  50.0%    2   (     4)
Errors           =  50.0%    2   (     4)
REF: అవును
HYP: అవును
SENTENCE 2129
Correct          = 100.0%    1   (     1)
Errors           =   0.0%    0   (     1)
REF: మెదక్ [31mజిల్లా  [0m [31mరామచంద్రాపురం[0m మండలం [31mకొల్లూరు[0m [31mవద్ద[0m [31mజరిగిన    [0m [31mఘోర   [0m [31mరోడ్డు  [0m ప్రమాదంలో మాజీ మంత్రి కోమటిరెడ్డి వెంకటరెడ్డి [31mకుమారుడు[0m [31mప్రతీక్   [0m [31mరెడ్డి[0m [31mమరణించాడు      [0m
HYP: మెదక్ [31mచిరంజీవి[0m [31mరామచంద్రపురం [0m మండలం [31m********[0m [31m****[0m [31mకొల్లురోజు[0m [31mరెడ్డి[0m [31mకోరారోడు[0m ప్రమాదంలో మాజీ మంత్రి కోమటిరెడ్డి వెంకటరెడ్డి [31m********[0m [31mమాట్లాడుతూ[0m [31mఈ     [0m [31mవ్యాఖ్యానించాడు[0m
SENTENCE 2130
Correct          =  38.9%    7   (    18)
Errors           =  61.1%   11   (    18)
REF: [31m*******[0m [31mమధుమోహం[0m [31mగుండె   [0m [31mజబ్బులతో[0m [31mఅధికశాతం[0m [31mమరణాలు[0m చోటు చేసుకుంటున్నాయన్నారు
HYP: [31mమధుమేహం[0m [31mనుండే  [0m [31mజప్పులతో[0m [31mఅదికాశం [0m [31mద్వారా  [0m [31mనాలు  [0m చోటు చేసుకుంటున్నాయన్నారు
SENTENCE 2131
Correct          =  28.6%    2   (     7)
Errors           =  85.7%    6   (     7)
REF: ప్రజల సొమ్మును అప్పనంగా [31m*****[0m [31mపంచిపెట్టే[0m అధికారం ఈ ప్రభుత్వానికి [31mఎవరిచ్చారని[0m ఆయన నిలదీశారు
HYP: ప్రజల సొమ్మును అప్పనంగా [31mపెంచి[0m [31mపెట్టే    [0m అధికారం ఈ ప్రభుత్వానికి [31mఎవరించారని [0m ఆయన నిలదీశారు
SENTENCE 2132
Correct          =  80.0%    8   (    10)
Errors           =  30.0%    3   (    10)
REF: [31mకరెంటు [0m [31mనీరు[0m భూమి [31m****[0m [31mఅనుమతులు[0m [31mపన్ను [0m [31mరాయితీలు[0m [31mకల్పించినప్పుడు[0m స్థానికులకు ఉద్యోగాలు [31mఇవ్వకపోవడం[0m [31mఅన్యాయమనే    [0m [31mవిషయాన్ని[0m [31mఆయా[0m [31mసంస్థలు[0m [31mగుర్తించాలని[0m అన్నారు
HYP: [31mకర్రెట్[0m [31mనేడు[0m భూమి [31mఆనంద[0m [31mదూపణలో  [0m [31mరైతులు[0m [31mకలిపిన  [0m [31mపుడితే         [0m స్థానికులకు ఉద్యోగాలు [31m**********[0m [31mవకపోవడమనేయమని[0m [31mవిచారణ   [0m [31mఆయన[0m [31mవిచారణ [0m [31mసాగుతుందని  [0m అన్నారు
SENTENCE 2133
Correct          =  25.0%    4   (    16)
Errors           =  81.2%   13   (    16)
REF: మనం [31mచూడలేం [0m కదా
HYP: మనం [31mచూడలేదు[0m కదా
SENTENCE 2134
Correct          =  66.7%    2   (     3)
Errors           =  33.3%    1   (     3)
REF: [31m********[0m [31m******[0m [31mభక్తులు[0m [31mకిటకిటలాడుతున్నాయి[0m
HYP: [31mభక్తులకు[0m [31mతగ్గిన[0m [31mదాడులు [0m [31mఉన్నాయి           [0m
SENTENCE 2135
Correct          =   0.0%    0   (     2)
Errors           = 200.0%    4   (     2)
REF: చాలా
HYP: చాలా
SENTENCE 2136
Correct          = 100.0%    1   (     1)
Errors           =   0.0%    0   (     1)
REF: అవునా
HYP: అవునా
SENTENCE 2137
Correct          = 100.0%    1   (     1)
Errors           =   0.0%    0   (     1)
REF: ఓ మంచిది
HYP: ఓ మంచిది
SENTENCE 2138
Correct          = 100.0%    2   (     2)
Errors           =   0.0%    0   (     2)
REF: [31m******[0m [31m****[0m [31mకుప్పం    [0m [31mశాసనసభా[0m [31mనియోజకవర్గానికి[0m [31mలోకేష్[0m [31mతండ్రి[0m టిడిపి [31mఅధ్యక్షుడు[0m [31mనారా          [0m చంద్రబాబు నాయుడు [31m*******[0m [31mప్రాతినిధ్యం[0m [31mవహిస్తున్న[0m విషయం తెలిసిందే
HYP: [31mకొబ్బర[0m [31mచారా[0m [31mసాకాజాయిని[0m [31mఎవరో   [0m [31mఎన్నికల్లో     [0m [31mపైసా  [0m [31mనుండి [0m టిడిపి [31mఎదుటే     [0m [31mదుర్వినియోగాలు[0m చంద్రబాబు నాయుడు [31mప్రధాని[0m [31mనరేంద్ర     [0m [31mమేస్తున్న [0m విషయం తెలిసిందే
SENTENCE 2139
Correct          =  35.7%    5   (    14)
Errors           =  85.7%   12   (    14)
REF: [31mమహారాష్ట్రతో[0m [31mఒప్పందంతో[0m తెలంగాణ [31m******[0m [31mప్రజల       [0m [31mప్రయోజనాలను[0m ప్రభుత్వం తాకట్టు పెడుతోందని మండిపడ్డారు
HYP: [31mమహరాష్ట్ర   [0m [31mఉప్పన్నతో[0m తెలంగాణ [31mప్రజలు[0m [31mప్రయోగించినా[0m [31mనాలను      [0m ప్రభుత్వం తాకట్టు పెడుతోందని మండిపడ్డారు
SENTENCE 2140
Correct          =  55.6%    5   (     9)
Errors           =  55.6%    5   (     9)
REF: [31mవచ్చిందా[0m [31mరాలేదా[0m
HYP: [31mవచ్చిన  [0m [31mతర్వాత[0m
SENTENCE 2141
Correct          =   0.0%    0   (     2)
Errors           = 100.0%    2   (     2)
REF: ఈ [31mపొడిగిరపు [0m అధికారం కావడం [31mవివిధ[0m [31mశాఖల  [0m అధికారులు [31mఅవాక్కవుతున్నారు[0m
HYP: ఈ [31mపడకపోవడంతో[0m అధికారం కావడం [31m*****[0m [31mవిడుదల[0m అధికారులు [31mఅమ్మకాలున్నారు  [0m
SENTENCE 2142
Correct          =  50.0%    4   (     8)
Errors           =  50.0%    4   (     8)
REF: అబ్బా
HYP: అబ్బా
SENTENCE 2143
Correct          = 100.0%    1   (     1)
Errors           =   0.0%    0   (     1)
REF: [31mఅసెంబ్లీ[0m [31mసమావేశాలు[0m [31mమొదటి     [0m రోజు [31mఅవిశ్వాస  [0m [31mతీర్మానాన్ని[0m [31mఉపసంహరించుకున్నట్టు[0m [31mముఖ్యమంత్రి[0m [31mచేసిన   [0m [31mవ్యాఖ్యలపై[0m వైసిపి [31mసభ్యుల [0m [31mఆందోళనతో[0m [31mఆంధ్రప్రదేశ్[0m [31mశాసనసభ[0m [31mమంగళవారం[0m [31mఉదయానికి[0m [31mవాయిదా  [0m [31mపడింది    [0m
HYP: [31mఅయితే   [0m [31mసమావేశాల [0m [31mమౌతారెడ్డి[0m రోజు [31mఆశీర్వదిని[0m [31mఉపయోగించి   [0m [31mముఖ్యమంత్రి        [0m [31mచెప్పిన    [0m [31mవ్యాఖ్యల[0m [31mపైన       [0m వైసిపి [31mసభ్యులు[0m [31mఆందోళన  [0m [31mకొద్ది      [0m [31mశాసన  [0m [31mసభ      [0m [31mమంగళవారం[0m [31mఉదయంనికి[0m [31mరాయతపడింది[0m
SENTENCE 2144
Correct          =  10.5%    2   (    19)
Errors           =  89.5%   17   (    19)
REF: [31mకాని[0m గత కొన్ని [31m********[0m [31m*********[0m [31mచిత్రాలను[0m [31mపరిశీలిస్తే[0m [31mమన      [0m [31mకథా [0m [31mకధానాయికలు[0m [31mకూడా[0m [31mదైనికైనా[0m [31mసిద్ధమన్నట్టుగా[0m కనిపిస్తున్నారు
HYP: [31mకానీ[0m గత కొన్ని [31mజిత్రాలు[0m [31mపరిస్థితి[0m [31mమాగళా    [0m [31mకథనాలు     [0m [31mఎక్కువగా[0m [31mఅదని[0m [31mకొనాలి    [0m [31mఅనే [0m [31mస్థితిలో[0m [31mఉన్నట్లుగా     [0m కనిపిస్తున్నారు
SENTENCE 2145
Correct          =  25.0%    3   (    12)
Errors           =  91.7%   11   (    12)
REF: [31mఆహార [0m వ్యవసాయ
HYP: [31mఆహారం[0m వ్యవసాయ
SENTENCE 2146
Correct          =  50.0%    1   (     2)
Errors           =  50.0%    1   (     2)
REF: అవును మిత్రమా
HYP: అవును మిత్రమా
SENTENCE 2147
Correct          = 100.0%    2   (     2)
Errors           =   0.0%    0   (     2)
REF: [31mమంచి[0m క్రమశిక్షణ [31m****[0m ఉన్న
HYP: [31mమధ్య[0m క్రమశిక్షణ [31mఉన్న[0m ఉన్న
SENTENCE 2148
Correct          =  66.7%    2   (     3)
Errors           =  66.7%    2   (     3)
REF: [31m*******[0m [31mగుర్తురావట్లేదు[0m [31mగాని   [0m
HYP: [31mగుజరాత్[0m [31mకదా            [0m [31mఅందుకని[0m
SENTENCE 2149
Correct          =   0.0%    0   (     2)
Errors           = 150.0%    3   (     2)
REF: [31m****[0m [31mదిగుమతి[0m [31mచేసుకోకుడుదు[0m
HYP: [31mదీని[0m [31mమీద    [0m [31mచేసుకోకూడదు [0m
SENTENCE 2150
Correct          =   0.0%    0   (     2)
Errors           = 150.0%    3   (     2)
REF: నోట్ల రద్దు అంశంపై చంద్రబాబు [31mపలు[0m [31mసందర్భాల్లో[0m [31mపలు      [0m [31mవిధాలుగా [0m [31mమాట్లాడినట్లుగా[0m వార్తలు వచ్చాయి
HYP: నోట్ల రద్దు అంశంపై చంద్రబాబు [31m***[0m [31mపలువురు    [0m [31mసందర్భాలు[0m [31mపలికారుగా[0m [31mమాట్లాడినట్టు  [0m వార్తలు వచ్చాయి
SENTENCE 2151
Correct          =  54.5%    6   (    11)
Errors           =  45.5%    5   (    11)
REF: వాళ్ళకి [31mఎంత  [0m [31mకావాలో[0m [31mఅన్నట్టు[0m వాళ్ళు పెట్టుకుంటారు
HYP: వాళ్ళకి [31mఎంతగా[0m [31mవాళ్ళు[0m [31mఉన్నట్టు[0m వాళ్ళు పెట్టుకుంటారు
SENTENCE 2152
Correct          =  50.0%    3   (     6)
Errors           =  50.0%    3   (     6)
REF: నేను [31mకొండు[0m [31mవీడు[0m [31mనుంచి[0m [31mవచ్చాను[0m
HYP: నేను [31m*****[0m [31mకొంత[0m [31mమంది [0m [31mచూశాను [0m
SENTENCE 2153
Correct          =  20.0%    1   (     5)
Errors           =  80.0%    4   (     5)
REF: [31mఅదే[0m [31mవిధంగా   [0m శ్రీకాకుళం విజయనగరం [31mజిల్లాల్లో[0m [31mకూడా [0m [31mనవనిర్మాణ[0m [31mదీక్షలు[0m [31mఘనంగా    [0m జరిగాయి
HYP: [31m***[0m [31mఅదేవిధంగా[0m శ్రీకాకుళం విజయనగరం [31mజిల్లాలోని[0m [31mఖడాలు[0m [31mకూడా     [0m [31mనిర్మాణ[0m [31mఅధికారంగా[0m జరిగాయి
SENTENCE 2154
Correct          =  30.0%    3   (    10)
Errors           =  70.0%    7   (    10)
REF: అమ్మాయి [31mపెళ్లి[0m [31mసంగతి  [0m [31mపట్టించుకోరా     [0m [31mఅని[0m [31mనిష్టురమాడినా[0m అమ్మాయి [31mతల్లి   [0m
HYP: అమ్మాయి [31mపేరు  [0m [31mతెలిసిన[0m [31mపట్టించుకోవడాన్ని[0m [31mగా [0m [31mపడిన         [0m అమ్మాయి [31mతెలిపారు[0m
SENTENCE 2155
Correct          =  25.0%    2   (     8)
Errors           =  75.0%    6   (     8)
REF: ఎందుకు
HYP: ఎందుకు
SENTENCE 2156
Correct          = 100.0%    1   (     1)
Errors           =   0.0%    0   (     1)
REF: అప్పుడు [31mతనకి [0m
HYP: అప్పుడు [31mతినకీ[0m
SENTENCE 2157
Correct          =  50.0%    1   (     2)
Errors           =  50.0%    1   (     2)
REF: చెప్పండి
HYP: చెప్పండి
SENTENCE 2158
Correct          = 100.0%    1   (     1)
Errors           =   0.0%    0   (     1)
REF: ప్రజలు [31mఛీ[0m [31mకొడతారనే[0m వారిని కాపాడేందుకు [31mకుటిల [0m ప్రయత్నాలు చేస్తున్నారని విమర్శించారు
HYP: ప్రజలు [31m**[0m [31mచేకూడదనే[0m వారిని కాపాడేందుకు [31mక్రిడా[0m ప్రయత్నాలు చేస్తున్నారని విమర్శించారు
SENTENCE 2159
Correct          =  66.7%    6   (     9)
Errors           =  33.3%    3   (     9)
REF: [31m**[0m [31m*****[0m [31mతర్జనభర్జనల[0m [31mఅనంతరం[0m [31mసభకు  [0m [31mఏనుగు[0m [31mఅధ్యక్షత    [0m [31mవహిస్తే [0m
HYP: [31mతన[0m [31mజనాలు[0m [31mపరిచయం     [0m [31mఆనందాం[0m [31mసబబుకు[0m [31mఎన్నో[0m [31mఅధిష్టానవుతు[0m [31mవిసిరితే[0m
SENTENCE 2160
Correct          =   0.0%    0   (     6)
Errors           = 133.3%    8   (     6)
REF: ఒక మనసు
HYP: ఒక మనసు
SENTENCE 2161
Correct          = 100.0%    2   (     2)
Errors           =   0.0%    0   (     2)
REF: దీనిపై [31m*****[0m [31mబాధిత[0m [31mగ్రామాల    [0m [31mప్రజలు [0m తీవ్ర ఆగ్రహం వ్యక్తం చేస్తున్నారు
HYP: దీనిపై [31mబాలిక[0m [31mఇతర  [0m [31mఅమెరికాలోని[0m [31mప్రజలకు[0m తీవ్ర ఆగ్రహం వ్యక్తం చేస్తున్నారు
SENTENCE 2162
Correct          =  62.5%    5   (     8)
Errors           =  50.0%    4   (     8)
REF: [31mదాన్ని[0m [31mబట్టి  [0m మీ [31mఅబిప్రాయం[0m [31mఏమిటి[0m
HYP: [31mదాని  [0m [31mగురించి[0m మీ [31mఅభిప్రాయం[0m [31mఏంటి [0m
SENTENCE 2163
Correct          =  20.0%    1   (     5)
Errors           =  80.0%    4   (     5)
REF: [31mనగర[0m ప్రజలకు ఎలాంటి ఇబ్బందులు లేకుండా సహాయక చర్యలు [31mచేపట్టాలని[0m [31mఅధికారులను[0m ఆదేశించారు
HYP: [31mగగర[0m ప్రజలకు ఎలాంటి ఇబ్బందులు లేకుండా సహాయక చర్యలు [31mచేపడతానని [0m [31mఅధికారులు [0m ఆదేశించారు
SENTENCE 2164
Correct          =  70.0%    7   (    10)
Errors           =  30.0%    3   (    10)
REF: [31m***[0m [31mడిజిటల్[0m [31mటెక్నాలజీ[0m [31mకోట్లాది[0m మంది ఉపయోగించుకుంటున్నారు
HYP: [31mవేట[0m [31mజరిగిన [0m [31mలేఖ      [0m [31mకోట్లకి [0m మంది ఉపయోగించుకుంటున్నారు
SENTENCE 2165
Correct          =  40.0%    2   (     5)
Errors           =  80.0%    4   (     5)
REF: [31mతను   [0m [31mతినేసి[0m
HYP: [31mతర్వాత[0m [31mతిసేసి[0m
SENTENCE 2166
Correct          =   0.0%    0   (     2)
Errors           = 100.0%    2   (     2)
REF: అక్కడ పేరుకున్న [31mనేతి[0m [31mజిడ్డు[0m [31mనిల్వల[0m కారణంగా మంటలు [31mరాజుకున్నాయి[0m
HYP: అక్కడ పేరుకున్న [31mఅనేక[0m [31mజీడి  [0m [31mవిలువ [0m కారణంగా మంటలు [31mరాస్తున్నాయి[0m
SENTENCE 2167
Correct          =  50.0%    4   (     8)
Errors           =  50.0%    4   (     8)
REF: అది [31mచాల[0m [31mమంచిది[0m [31mఅండి    [0m అసలు
HYP: అది [31m***[0m [31mచాలా  [0m [31mమంచిదండి[0m అసలు
SENTENCE 2168
Correct          =  40.0%    2   (     5)
Errors           =  60.0%    3   (     5)
REF: కొన్ని కొన్ని ఉన్నాయి [31mఅవి[0m [31mఅన్ని [0m ఎవరు అంటే [31mమద్యలో[0m పుట్టిన [31m******[0m [31mవాళ్లు[0m [31mఈళ్ళు[0m [31mచేసినియే[0m
HYP: కొన్ని కొన్ని ఉన్నాయి [31m***[0m [31mఅవన్నీ[0m ఎవరు అంటే [31mమాత్రం[0m పుట్టిన [31mవాళ్ళు[0m [31mఇది   [0m [31mచేసి [0m [31mనీ      [0m
SENTENCE 2169
Correct          =  50.0%    6   (    12)
Errors           =  58.3%    7   (    12)
REF: [31mదళితులపై    [0m [31mదాడులకు[0m వ్యతిరేకంగా ఐక్య [31mఉద్యమం    [0m నిర్వహించాలని [31mఅవసరం[0m [31mఉందని   [0m పలు ప్రజా సంఘాలు తీర్మానించాయి
HYP: [31mదైవినితోపాటు[0m [31mదాడులను[0m వ్యతిరేకంగా ఐక్య [31mఉద్యమానికి[0m నిర్వహించాలని [31m*****[0m [31mఅవసరమైతే[0m పలు ప్రజా సంఘాలు తీర్మానించాయి
SENTENCE 2170
Correct          =  58.3%    7   (    12)
Errors           =  41.7%    5   (    12)
REF: మరోవైపు [31mయీరి [0m దాడి వెనుక పాకిస్తాన్ హస్తం ఉన్నట్లుగా తెలుస్తోంది
HYP: మరోవైపు [31mయువీద[0m దాడి వెనుక పాకిస్తాన్ హస్తం ఉన్నట్లుగా తెలుస్తోంది
SENTENCE 2171
Correct          =  87.5%    7   (     8)
Errors           =  12.5%    1   (     8)
REF: పేద పిల్లలు [31mఅనాధ[0m [31mపిల్లలు  [0m [31mఉండరు [0m అని నా అభిప్రాయం
HYP: పేద పిల్లలు [31m****[0m [31mఆడపిల్లలు[0m [31mఉంటారు[0m అని నా అభిప్రాయం
SENTENCE 2172
Correct          =  62.5%    5   (     8)
Errors           =  37.5%    3   (     8)
REF: [31mకానీ[0m చైనా ఎందుకు [31m****[0m [31m****[0m [31m***[0m [31mభారతదేశం[0m [31mకంటే   [0m [31mముందుకెల్లగలిగింది[0m
HYP: [31mఖాటి[0m చైనా ఎందుకు [31mభారత[0m [31mదేశం[0m [31mకదా[0m [31mముందు   [0m [31mవిలువైన[0m [31mవిధంగా            [0m
SENTENCE 2173
Correct          =  33.3%    2   (     6)
Errors           = 116.7%    7   (     6)
REF: అవునవును
HYP: అవునవును
SENTENCE 2174
Correct          = 100.0%    1   (     1)
Errors           =   0.0%    0   (     1)
REF: [31mరాణా[0m [31mకి    [0m [31mఇంతకీ   [0m [31mపెళ్లి[0m [31mఅవ్వలేదు[0m [31mఆ [0m [31mకుమారుడు[0m కూడా [31mదత్త[0m [31mపుత్రుడు   [0m
HYP: [31mఅలా [0m [31mఅనకంటే[0m [31mఇప్పుడేం[0m [31mలో    [0m [31mఎదో     [0m [31mఒక[0m [31mమనుగు   [0m కూడా [31m****[0m [31mతగ్గుతుంటది[0m
SENTENCE 2175
Correct          =  10.0%    1   (    10)
Errors           =  90.0%    9   (    10)
REF: [31mసాదారణంగా[0m గుడ్డు పెంకులను [31m*****[0m [31mబయట     [0m [31mపారేస్తుంటాం[0m కదా
HYP: [31mసాదరణాల్ [0m గుడ్డు పెంకులను [31mబయటకు[0m [31mపాలేస్తూ[0m [31mఉంటాం       [0m కదా
SENTENCE 2176
Correct          =  50.0%    3   (     6)
Errors           =  66.7%    4   (     6)
REF: [31mనిన్ను[0m [31mకోరి    [0m [31mచూడ్లేదండి[0m [31mనిన్ను [0m [31mకోరి   [0m [31mచూడ్లేదు[0m
HYP: [31mనేను  [0m [31mకొంతమంది[0m [31mలెక్క     [0m [31mనిర్ణయం[0m [31mగురించి[0m [31mలేదు    [0m
SENTENCE 2177
Correct          =   0.0%    0   (     6)
Errors           = 100.0%    6   (     6)
REF: [31mఇంకా[0m మనం చిన్నప్పుడు చాలా చాలా బాగా ఉండేవాళ్ళం కదా
HYP: [31mఇంగా[0m మనం చిన్నప్పుడు చాలా చాలా బాగా ఉండేవాళ్ళం కదా
SENTENCE 2178
Correct          =  87.5%    7   (     8)
Errors           =  12.5%    1   (     8)
REF: ఇప్పుడు [31mమనము[0m రోజు మనం [31mతినే  [0m
HYP: ఇప్పుడు [31mమనం [0m రోజు మనం [31mభిన్ని[0m
SENTENCE 2179
Correct          =  60.0%    3   (     5)
Errors           =  40.0%    2   (     5)
REF: లేదంటే ఇంకా [31m***[0m [31mపనామా[0m ఉంటది
HYP: లేదంటే ఇంకా [31mపని[0m [31mఅని  [0m ఉంటది
SENTENCE 2180
Correct          =  75.0%    3   (     4)
Errors           =  50.0%    2   (     4)
REF: అలాగే [31mమావోయిస్టు  [0m అగ్రనేత [31m******[0m [31mఆర్కే [0m [31mమృతదేహమే[0m [31mఅయి [0m ఉంటుందని కూడా మరో సమాచారం [31mజోరందుకుంది    [0m
HYP: అలాగే [31mమావోయిస్టులు[0m అగ్రనేత [31mఆర్థిక[0m [31mనిధులు[0m [31mతేవడమే  [0m [31mఅయిన[0m ఉంటుందని కూడా మరో సమాచారం [31mజ్రోతికందుకుంది[0m
SENTENCE 2181
Correct          =  54.5%    6   (    11)
Errors           =  54.5%    6   (    11)
REF: అంతే
HYP: అంతే
SENTENCE 2182
Correct          = 100.0%    1   (     1)
Errors           =   0.0%    0   (     1)
REF: [31mకష్టం[0m అవును
HYP: [31mకష్ట [0m అవును
SENTENCE 2183
Correct          =  50.0%    1   (     2)
Errors           =  50.0%    1   (     2)
REF: [31mఅవును[0m అవును అవును
HYP: [31m*****[0m అవును అవును
SENTENCE 2184
Correct          =  66.7%    2   (     3)
Errors           =  33.3%    1   (     3)
REF: అదే
HYP: అదే
SENTENCE 2185
Correct          = 100.0%    1   (     1)
Errors           =   0.0%    0   (     1)
REF: ఒక మంచి [31mనయికులు[0m
HYP: ఒక మంచి [31mనాయకులు[0m
SENTENCE 2186
Correct          =  66.7%    2   (     3)
Errors           =  33.3%    1   (     3)
REF: చనిపోయిన [31mతరువాతా[0m
HYP: చనిపోయిన [31mతర్వాత [0m
SENTENCE 2187
Correct          =  50.0%    1   (     2)
Errors           =  50.0%    1   (     2)
REF: అవునా
HYP: అవునా
SENTENCE 2188
Correct          = 100.0%    1   (     1)
Errors           =   0.0%    0   (     1)
REF: [31m***[0m [31mఆయుర్వేదంలో[0m [31mవేపప్రశస్తిగురించి[0m [31mసుదీర్ఘంగా[0m [31mవున్న    [0m [31mచర్చ [0m గురించి [31mఏ     [0m [31mమాత్రం    [0m [31mతెలియకుండానే[0m [31mలక్షలాది[0m మంది భారతీయులు [31mవేపను[0m [31mతమదైనందిన[0m జీవితంలో [31mవిస్తారంగా [0m ఉపయోగించే విషయం తెలిసిందే
HYP: [31mఆయే[0m [31mవేలంపేను   [0m [31mప్రవేశిస్తున్న    [0m [31mస్థితి    [0m [31mగంగాభవానీ[0m [31mచట్టం[0m గురించి [31mమంత్రం[0m [31mతెలియకుండా[0m [31mఅనేక        [0m [31mరక్షణ   [0m మంది భారతీయులు [31m*****[0m [31mఎప్పుడైనా[0m జీవితంలో [31mవిస్తారాలను[0m ఉపయోగించే విషయం తెలిసిందే
SENTENCE 2189
Correct          =  36.8%    7   (    19)
Errors           =  68.4%   13   (    19)
REF: [31mకతా[0m
HYP: [31mకదా[0m
SENTENCE 2190
Correct          =   0.0%    0   (     1)
Errors           = 100.0%    1   (     1)
REF: ఉంటుంది [31mఅనారోగ్యం    [0m [31mఎక్కువగ [0m గురవుతున్నారు
HYP: ఉంటుంది [31mఅనారోగ్యానికి[0m [31mఎక్కువగా[0m గురవుతున్నారు
SENTENCE 2191
Correct          =  50.0%    2   (     4)
Errors           =  50.0%    2   (     4)
REF: ఈ [31mకేంద్రం[0m [31mసత్ఫలితాలను   [0m [31mఇవ్వగలిగితే[0m [31mఇలాంటి  [0m [31mవాటివే [0m [31mమరిన్ని[0m [31mఏర్పాటు  [0m [31mచేయడానికి[0m [31mఅవకాశం [0m [31mఉంది      [0m
HYP: ఈ [31mఏడాది  [0m [31mతల్లిదండ్రులను[0m [31mవెనక్కి    [0m [31mతింటాయని[0m [31mదాంట్లో[0m [31mవాటిని [0m [31mమరికొందరి[0m [31mపట్టి    [0m [31mనేతలంగా[0m [31mఅవకాశముంది[0m
SENTENCE 2192
Correct          =   9.1%    1   (    11)
Errors           =  90.9%   10   (    11)
REF: రాష్ట్రాల నుండి ఒత్తిడి వస్తూ తప్పించుకోవాలని ప్రయత్నిస్తున్నారని విమర్శించారు
HYP: రాష్ట్రాల నుండి ఒత్తిడి వస్తూ తప్పించుకోవాలని ప్రయత్నిస్తున్నారని విమర్శించారు
SENTENCE 2193
Correct          = 100.0%    7   (     7)
Errors           =   0.0%    0   (     7)
REF: ఇద్దరు [31mఇద్దరు[0m పిల్లలు
HYP: ఇద్దరు [31mఇదే   [0m పిల్లలు
SENTENCE 2194
Correct          =  66.7%    2   (     3)
Errors           =  33.3%    1   (     3)
REF: అది [31mఎక్కడంటే[0m అక్కడ [31m****[0m [31mకాలిస్తే[0m [31mబతుకుతాడేమో[0m [31mఅని [0m
HYP: అది [31mఎక్కడ   [0m అక్కడ [31mకాదు[0m [31mపదో     [0m [31mతరగతి      [0m [31mమొని[0m
SENTENCE 2195
Correct          =  33.3%    2   (     6)
Errors           =  83.3%    5   (     6)
REF: ఏ
HYP: ఏ
SENTENCE 2196
Correct          = 100.0%    1   (     1)
Errors           =   0.0%    0   (     1)
REF: మాట్లాడుతున్నారు అవును
HYP: మాట్లాడుతున్నారు అవును
SENTENCE 2197
Correct          = 100.0%    2   (     2)
Errors           =   0.0%    0   (     2)
REF: [31mసాంప్రదాయం[0m చేసుకోవడం [31mసాంప్రదాయం[0m [31mఅని        [0m
HYP: [31mసాంబారాయం [0m చేసుకోవడం [31m**********[0m [31mసాముద్దామనే[0m
SENTENCE 2198
Correct          =  25.0%    1   (     4)
Errors           =  75.0%    3   (     4)
REF: మరో [31mఇరవై[0m [31mమంది      [0m [31mవైసిపి  [0m [31mఎమ్మెల్యేలు[0m [31mటిడిపిలో[0m [31mచేరడం[0m [31mఖాయమని[0m చెప్పారు
HYP: మరో [31mవైపు[0m [31mమంత్రివేసి[0m [31mవెన్నెలు[0m [31mతీవ్ర      [0m [31mచరణ     [0m [31mకాదని[0m [31mఅని   [0m చెప్పారు
SENTENCE 2199
Correct          =  22.2%    2   (     9)
Errors           =  77.8%    7   (     9)
REF: [31m*****[0m [31mఇక్కడాలేని[0m సంక్షేమ [31m************[0m [31mకార్యక్రమాలను[0m [31mరాజధాని[0m [31mఅమలు[0m చేస్తామని వివరించారు
HYP: [31mఇక్కడ[0m [31mలేని      [0m సంక్షేమ [31mకార్యక్రమాలు[0m [31mరాజీ         [0m [31mతని    [0m [31mఏమి [0m చేస్తామని వివరించారు
SENTENCE 2200
Correct          =  42.9%    3   (     7)
Errors           =  85.7%    6   (     7)
REF: అది ఎప్పుడో [31mకావిడి[0m
HYP: అది ఎప్పుడో [31mకావాలి[0m
SENTENCE 2201
Correct          =  66.7%    2   (     3)
Errors           =  33.3%    1   (     3)
REF: నా దీని ప్రకారం [31mఅయితే[0m [31mఏంటంటే  [0m మన [31mవరుకు[0m మనం [31mఆడాలి   [0m
HYP: నా దీని ప్రకారం [31m*****[0m [31mఎందుకంటే[0m మన [31mవరకు [0m మనం [31mవాడేటాలి[0m
SENTENCE 2202
Correct          =  55.6%    5   (     9)
Errors           =  44.4%    4   (     9)
REF: ఈ మాత్రం [31mకుడా[0m [31mఆలోచించాడు[0m [31mఅంటే        [0m ఒక [31mఆనంద[0m [31mభాష్పాలు[0m [31mవస్తాయి[0m మనం [31mఅనుకుంటాం [0m
HYP: ఈ మాత్రం [31m****[0m [31mకూడా      [0m [31mఆలోచించాలంటే[0m ఒక [31mఆరత [0m [31mబాషకు   [0m [31mవస్తే  [0m మనం [31mఅనుకుంటాను[0m
SENTENCE 2203
Correct          =  36.4%    4   (    11)
Errors           =  63.6%    7   (    11)
REF: చూసుకొని ఇంకా [31mవచ్చేశాను[0m [31mనేను     [0m
HYP: చూసుకొని ఇంకా [31m*********[0m [31mవచ్చేసారు[0m
SENTENCE 2204
Correct          =  50.0%    2   (     4)
Errors           =  50.0%    2   (     4)
REF: [31mచల[0m చాలా [31mసార్లు[0m [31mచూసా       [0m
HYP: [31m**[0m చాలా [31mచాలా  [0m [31mతగ్గిచ్చాలి[0m
SENTENCE 2205
Correct          =  25.0%    1   (     4)
Errors           =  75.0%    3   (     4)
REF: అవి చూస్తున్నారు [31mగాని[0m అంతే
HYP: అవి చూస్తున్నారు [31mకానీ[0m అంతే
SENTENCE 2206
Correct          =  75.0%    3   (     4)
Errors           =  25.0%    1   (     4)
REF: చంద్రబాబును [31m****[0m [31m******[0m [31mచూసి[0m [31mతుఫానే  [0m [31mకాదు    [0m [31mమబ్బులు[0m [31mకూడా[0m [31mపారిపోతున్నాయని[0m [31mఆయన   [0m [31mశనివారం[0m [31mమీడియా[0m [31mప్రతినిధుల [0m [31mసమావేశంలో[0m అన్నారు
HYP: చంద్రబాబును [31mచూసే[0m [31mస్వామి[0m [31mకారు[0m [31mముగ్గురు[0m [31mగొడవపాడు[0m [31mపోయాయని[0m [31mఆ   [0m [31mశివాసీ         [0m [31mవారికి[0m [31mమేలతో  [0m [31mప్రజలు[0m [31mసమర్థవంతమైన[0m [31mఅన్యాయం  [0m అన్నారు
SENTENCE 2207
Correct          =  15.4%    2   (    13)
Errors           = 100.0%   13   (    13)
REF: [31mఆ [0m [31mగుడికి[0m
HYP: [31mమా[0m [31mగురి  [0m
SENTENCE 2208
Correct          =   0.0%    0   (     2)
Errors           = 100.0%    2   (     2)
REF: నేను [31m****[0m [31mనేను[0m [31mమనిషినే[0m [31mతను  [0m [31mమనిషే [0m
HYP: నేను [31mనీకు[0m [31mమంచి[0m [31mమిత్రమా[0m [31mమళ్ళీ[0m [31mచేయాలి[0m
SENTENCE 2209
Correct          =  20.0%    1   (     5)
Errors           = 100.0%    5   (     5)
REF: ఆలోచనతో
HYP: ఆలోచనతో
SENTENCE 2210
Correct          = 100.0%    1   (     1)
Errors           =   0.0%    0   (     1)
REF: మన
HYP: మన
SENTENCE 2211
Correct          = 100.0%    1   (     1)
Errors           =   0.0%    0   (     1)
REF: ఉపయోగిస్తారు
HYP: ఉపయోగిస్తారు
SENTENCE 2212
Correct          = 100.0%    1   (     1)
Errors           =   0.0%    0   (     1)
REF: రాజీనామా చేస్తున్నట్లు చెప్పారు
HYP: రాజీనామా చేస్తున్నట్లు చెప్పారు
SENTENCE 2213
Correct          = 100.0%    3   (     3)
Errors           =   0.0%    0   (     3)
REF: మరి [31mచేస్తావ్[0m
HYP: మరి [31mచేస్తాం [0m
SENTENCE 2214
Correct          =  50.0%    1   (     2)
Errors           =  50.0%    1   (     2)
REF: [31m******[0m [31m******[0m [31m*****[0m [31m********[0m [31mరవీంద్ర [0m [31mభారతి[0m [31mవేదిక[0m [31mకొమ్ముకోయ[0m [31mగుస్సాడి[0m [31mనందికోల[0m [31mయక్షగానం[0m [31mఒగ్గుడోలు[0m [31mగంగిరెద్దుల[0m [31mవిన్యాసాలు[0m ప్రదర్శించారు
HYP: [31mరంగంలో[0m [31mవాటిని[0m [31mవినిక[0m [31mకుమ్మయ్య[0m [31mగుస్తాడి[0m [31mనది  [0m [31mకోలాహ[0m [31mయాత్ర    [0m [31mగానీ    [0m [31mవక్రమం [0m [31mగుంటూరు [0m [31mఈ        [0m [31mరద్దు      [0m [31mవిన్నాసన  [0m ప్రదర్శించారు
SENTENCE 2215
Correct          =   9.1%    1   (    11)
Errors           = 127.3%   14   (    11)
REF: ఉన్నా సరే
HYP: ఉన్నా సరే
SENTENCE 2216
Correct          = 100.0%    2   (     2)
Errors           =   0.0%    0   (     2)
REF: [31m******[0m [31m******[0m [31mనడిచెల్లి[0m [31mవచ్చేవాళ్ళం[0m
HYP: [31mదానికి[0m [31mసిద్దీ[0m [31mవచ్చి    [0m [31mవల్ల       [0m
SENTENCE 2217
Correct          =   0.0%    0   (     2)
Errors           = 200.0%    4   (     2)
REF: మంత్రి [31m****[0m [31m******[0m [31mపదవులు[0m [31mఆశించి[0m [31mభంగపడిన[0m [31mఎమ్మెల్యేలందరినీ[0m ముఖ్యమంత్రి [31mబాగా[0m [31mచూసుకున్నారు[0m
HYP: మంత్రి [31mపదవి[0m [31mద్వారా[0m [31mచిన్న [0m [31mపంటకు [0m [31mవెళ్లి [0m [31mనిరంకరించేందుకు [0m ముఖ్యమంత్రి [31mవారు[0m [31mచూస్తున్నారు[0m
SENTENCE 2218
Correct          =  25.0%    2   (     8)
Errors           = 100.0%    8   (     8)
REF: అవును
HYP: అవును
SENTENCE 2219
Correct          = 100.0%    1   (     1)
Errors           =   0.0%    0   (     1)
REF: [31mఇప్పుడున్న [0m పరిస్థితుల్లో
HYP: [31mఇప్పుడున్నా[0m పరిస్థితుల్లో
SENTENCE 2220
Correct          =  50.0%    1   (     2)
Errors           =  50.0%    1   (     2)
REF: [31mపైగా[0m ప్రస్తుతం
HYP: [31mఅయిన[0m ప్రస్తుతం
SENTENCE 2221
Correct          =  50.0%    1   (     2)
Errors           =  50.0%    1   (     2)
REF: రాజధాని అన్ని రకాలుగా [31mమంచి    [0m [31mజరిగేందుకు[0m తీసుకున్న [31m********[0m [31mచర్యల్లో[0m [31mభాగంగా[0m [31mసంఖ్యాశాస్త్రం[0m ప్రకారం [31mతొమ్మిది  [0m [31mఅక్షరాలతో   [0m [31mఉండేలా[0m [31mదీనిని [0m రాస్తోంది
HYP: రాజధాని అన్ని రకాలుగా [31mమంచినీరు[0m [31mఎందుకు    [0m తీసుకున్న [31mచెల్లెలు[0m [31mబాగనగర్ [0m [31mసంకెత్[0m [31mలాంశాసన       [0m ప్రకారం [31mతుమిల్లుకి[0m [31mచేరాలనుకుంటే[0m [31mఅది   [0m [31mనిందికు[0m రాస్తోంది
SENTENCE 2222
Correct          =  40.0%    6   (    15)
Errors           =  66.7%   10   (    15)
REF: ఎలాంటి [31m*****[0m [31mరుగ్మతకైనా[0m పదేళ్ల పాటు [31m*[0m [31mవాడాల్సిన[0m [31mఅవసరం   [0m లేదని చెప్పింది
HYP: ఎలాంటి [31mరకాత్[0m [31mనెహ్రా    [0m పదేళ్ల పాటు [31mఓ[0m [31mవాడలి    [0m [31mసంవర్సకు[0m లేదని చెప్పింది
SENTENCE 2223
Correct          =  62.5%    5   (     8)
Errors           =  62.5%    5   (     8)
REF: [31mమనకీ[0m [31mవెండి[0m [31mతెర    [0m [31mమీద   [0m [31mమనకీ[0m సినిమా అనేది [31mప్రదర్శించడం[0m జరుగుతుంది
HYP: [31m****[0m [31mమనకి [0m [31mపెట్టిన[0m [31mతర్వాత[0m [31mమనకి[0m సినిమా అనేది [31mప్రదర్శన    [0m జరుగుతుంది
SENTENCE 2224
Correct          =  33.3%    3   (     9)
Errors           =  66.7%    6   (     9)
REF: [31m****[0m [31mబాబుతో[0m పాటు రెండువందల మంది [31mభద్రతా[0m సిబ్బంది [31m****[0m [31mవాలంటీర్లు[0m ఆయా [31mనియోజకవర్గాలలో [0m స్థానికులు కూడా [31mఉంటారట [0m
HYP: [31mబాక్[0m [31mతో    [0m పాటు రెండువందల మంది [31mభర్త  [0m సిబ్బంది [31mవాలం[0m [31mచేతులు    [0m ఆయా [31mనియోజకవర్గాల్లో[0m స్థానికులు కూడా [31mఉంటారంట[0m
SENTENCE 2225
Correct          =  58.3%    7   (    12)
Errors           =  58.3%    7   (    12)
REF: [31mచాల్లే[0m [31mయింక[0m [31mబయల్దేరుదాం[0m అన్నాడు [31mతండ్రి[0m సాయంత్రం [31m*****[0m [31mవరకల్లా[0m [31mఊరు    [0m [31mచేరుకోవాలి[0m [31mకదా   [0m
HYP: [31mసాలియా[0m [31mఇంకా[0m [31mబయల్దేరుతో [0m అన్నాడు [31mసంఘటన [0m సాయంత్రం [31mవరకవు[0m [31mరూ     [0m [31mచర్యలకు[0m [31mఅవగాహన    [0m [31mకావాలి[0m
SENTENCE 2226
Correct          =  20.0%    2   (    10)
Errors           =  90.0%    9   (    10)
REF: [31mమీ[0m జీవితం
HYP: [31mనీ[0m జీవితం
SENTENCE 2227
Correct          =  50.0%    1   (     2)
Errors           =  50.0%    1   (     2)
REF: తిరిగి ఇంట్లోకి వెళ్లి కోడలు [31mజిన్నాను  [0m [31mతుపాకీతో[0m [31mకాల్చి[0m [31mచంపి[0m చంపింది
HYP: తిరిగి ఇంట్లోకి వెళ్లి కోడలు [31mజిల్లాల్లో[0m [31mతుపాకీ  [0m [31mసమస్య [0m [31mపేట [0m చంపింది
SENTENCE 2228
Correct          =  55.6%    5   (     9)
Errors           =  44.4%    4   (     9)
REF: [31mదేవుడు[0m
HYP: [31mమీరు  [0m
SENTENCE 2229
Correct          =   0.0%    0   (     1)
Errors           = 100.0%    1   (     1)
REF: చాలా [31mమటుకు[0m నష్టం జరుగుతుంది అలాగే [31mపేద[0m [31mవారికీ [0m కూడా చాలా మటుకు [31mనష్టం[0m జరుగుతుంది
HYP: చాలా [31mమటు  [0m నష్టం జరుగుతుంది అలాగే [31m***[0m [31mపేదవారి[0m కూడా చాలా మటుకు [31mనాశనం[0m జరుగుతుంది
SENTENCE 2230
Correct          =  66.7%    8   (    12)
Errors           =  33.3%    4   (    12)
REF: కాకినాడ
HYP: కాకినాడ
SENTENCE 2231
Correct          = 100.0%    1   (     1)
Errors           =   0.0%    0   (     1)
REF: మనకు ప్రమాదం పొంచి [31mఉంది[0m అని మాత్రం [31mచెప్పుకోవచ్చు[0m అండి [31mఎంతైనా [0m గాని
HYP: మనకు ప్రమాదం పొంచి [31mఉంటే[0m అని మాత్రం [31mచేసుకోవచ్చు  [0m అండి [31mవింటైనా[0m గాని
SENTENCE 2232
Correct          =  70.0%    7   (    10)
Errors           =  30.0%    3   (    10)
REF: ఈ [31m******[0m [31mవివాదాల[0m [31mకారణంగా[0m కేవలం [31mరెరడు [0m [31mప్రశ్నలతోనే[0m [31mప్రశ్నోత్తరాల[0m సమయం [31mముగిసిపోయిరది[0m
HYP: ఈ [31mవివాదం[0m [31mకాగా   [0m [31mనగరంలో [0m కేవలం [31mరెడ్డి[0m [31mప్రసన్న    [0m [31mత్వరలో       [0m సమయం [31mవసింది       [0m
SENTENCE 2233
Correct          =  33.3%    3   (     9)
Errors           =  77.8%    7   (     9)
REF: [31mమీదా  [0m
HYP: [31mనిజంగా[0m
SENTENCE 2234
Correct          =   0.0%    0   (     1)
Errors           = 100.0%    1   (     1)
REF: [31mవాళ్ళని[0m [31mమించిన[0m [31mవాళ్ళు[0m ఎవరు లేరు కదా ఈ ప్రపంచంలో
HYP: [31mవాళ్ళ  [0m [31mనుంచి [0m [31mమళ్ళీ [0m ఎవరు లేరు కదా ఈ ప్రపంచంలో
SENTENCE 2235
Correct          =  62.5%    5   (     8)
Errors           =  37.5%    3   (     8)
REF: ఎందుకంటే [31mతల్లిదండ్రుల [0m ఒక [31m***[0m [31mభయం    [0m [31mఅనేది     [0m [31mఉండిపోయిందనమాట[0m
HYP: ఎందుకంటే [31mతల్లిదండ్రులు[0m ఒక [31mబయి[0m [31mమనమేంది[0m [31mఉండిపోయినా[0m [31mఅన్నమాట       [0m
SENTENCE 2236
Correct          =  33.3%    2   (     6)
Errors           =  83.3%    5   (     6)
REF: వైజాగ్ [31m**[0m మొత్తం తెలుసా నీకు
HYP: వైజాగ్ [31mను[0m మొత్తం తెలుసా నీకు
SENTENCE 2237
Correct          = 100.0%    4   (     4)
Errors           =  25.0%    1   (     4)
REF: [31m*******[0m [31mఇప్పుడైతే[0m [31mఅట్లాగా[0m ప్రోత్సాహం అనేది మనం [31m*****[0m [31mచూడట్లేదు[0m
HYP: [31mఇప్పుడు[0m [31mఐతే      [0m [31mఅటలా   [0m ప్రోత్సాహం అనేది మనం [31mచూడటం[0m [31mలేదు     [0m
SENTENCE 2238
Correct          =  50.0%    3   (     6)
Errors           =  83.3%    5   (     6)
REF: ఆ చేస్తారు
HYP: ఆ చేస్తారు
SENTENCE 2239
Correct          = 100.0%    2   (     2)
Errors           =   0.0%    0   (     2)
REF: [31mఫలితంగా[0m [31mఅన్ని  [0m [31mరాష్ట్రాల్లోని[0m [31mఅన్నదాతలు[0m [31mపెద్ద [0m [31mసంఖ్యలో    [0m [31mఆత్మహత్యలకు[0m [31mపాల్పడుతున్నారని[0m [31mఆవేదన [0m [31mవ్యక్తం  [0m చేశారు
HYP: [31m*******[0m [31mపెంచనలు[0m [31mరాష్ట్ర       [0m [31mఏర్పాటు  [0m [31mద్వారా[0m [31mతప్పనిసరిగా[0m [31mమాజీ       [0m [31mపార్లమెంటు      [0m [31mపందేలా[0m [31mఆధారిప్పు[0m చేశారు
SENTENCE 2240
Correct          =   9.1%    1   (    11)
Errors           =  90.9%   10   (    11)
REF: చెప్పండి
HYP: చెప్పండి
SENTENCE 2241
Correct          = 100.0%    1   (     1)
Errors           =   0.0%    0   (     1)
REF: సామాజిక [31m*****[0m [31mవర్గానికి[0m [31mఅండగా   [0m [31mఉండేందుకు[0m [31mపద్మశాలీలు[0m [31mఐక్యంగా[0m ముందుకు సాగాలని పిలుపునిచ్చారు
HYP: సామాజిక [31mవర్గం[0m [31mకాగా     [0m [31mవర్మీలకు[0m [31mభరోసా    [0m [31mలేఖ       [0m [31mకినాం  [0m ముందుకు సాగాలని పిలుపునిచ్చారు
SENTENCE 2242
Correct          =  44.4%    4   (     9)
Errors           =  66.7%    6   (     9)
REF: [31mకానీ[0m [31mదాన్ని[0m మనమే మన చేతులతో [31mనాశనం[0m [31mచేసేసుకున్నాము[0m [31mఅండి        [0m
HYP: [31mకాని[0m [31mఅది   [0m మనమే మన చేతులతో [31m*****[0m [31mనష్టం         [0m [31mచేసుకుందామని[0m
SENTENCE 2243
Correct          =  37.5%    3   (     8)
Errors           =  62.5%    5   (     8)
REF: [31m****[0m [31mదక్కుతుంది[0m
HYP: [31mదాని[0m [31mగురుంది   [0m
SENTENCE 2244
Correct          =   0.0%    0   (     1)
Errors           = 200.0%    2   (     1)
REF: [31mఫిదా  [0m సినిమా [31mఒకటీ[0m
HYP: [31mఫిరాసా[0m సినిమా [31mవంటి[0m
SENTENCE 2245
Correct          =  33.3%    1   (     3)
Errors           =  66.7%    2   (     3)
Sentence count: 2245
WER:    58.059% (      7168 /      12346)
WRR:    49.109% (      6063 /      12346)
SER:   100.000% (      2245 /       2245)
